=== MLLL vs HNF Intermediate Bit Size Benchmark ===
Level: 1, Norm bitsize: 127, Iterations: 500
GRAM prealloc (Phase 2 candidate B): OFF
GRAM fp       (Phase 2 candidate C): ON

Generating 500 random ideal lattice pairs (bitsize=127)...
Mode: alg2
  Set 1: 661.38 ms
  Set 2: 696.76 ms
Generation done.

T    |   Inp |  HNFint | MLLLtot   MLLLv   MLLLg |  GRMtot    GRMv    GRMg |  HNFms MLLLms  GRMms
-----+-------+---------+-------------------------+-------------------------+--------------------
0    |   128 |    2152 |    3525     253    3525 |     507     253     507 |    0.1    5.3    2.3
1    |   127 |    2137 |    3505     251    3505 |     503     251     503 |    0.1    5.3    2.3
2    |   128 |    2158 |    3523     253    3523 |     506     253     506 |    0.1    5.4    2.3
3    |   128 |    2157 |    3531     254    3531 |     507     254     507 |    0.1    5.3    2.3
4    |   128 |    2168 |    3542     254    3542 |     507     254     507 |    0.1    5.4    2.3
5    |   128 |    2167 |    3536     254    3536 |     507     254     507 |    0.1    5.3    2.3
6    |   128 |    2154 |    3527     253    3527 |     506     253     506 |    0.1    5.4    2.4
7    |   127 |    2146 |    3519     252    3519 |     505     252     505 |    0.1    5.2    2.3
8    |   126 |    2091 |    2978     251    2978 |     502     251     502 |    0.1    3.9    1.8
9    |   128 |    2155 |    3521     253    3521 |     506     253     506 |    0.1    5.0    2.2
10   |   128 |    2150 |    3522     254    3522 |     507     254     507 |    0.1    5.3    2.3
11   |   128 |    2152 |    3530     253    3530 |     506     253     506 |    0.1    5.1    2.3
12   |   127 |    2142 |    3505     252    3505 |     505     252     505 |    0.1    5.3    2.3
13   |   128 |    2159 |    3532     254    3532 |     507     254     507 |    0.1    5.1    2.2
14   |   128 |    2149 |    3510     252    3510 |     504     252     504 |    0.1    5.4    2.3
15   |   128 |    1782 |    3500     255    3500 |     511     255     511 |    0.1    4.4    2.0
16   |   127 |    2134 |    3509     251    3509 |     504     251     504 |    0.1    5.2    2.3
17   |   128 |    2160 |    3535     254    3535 |     507     254     507 |    0.1    5.1    2.2
18   |   128 |    2158 |    3525     253    3525 |     506     253     506 |    0.1    5.3    2.3
19   |   128 |    2167 |    3536     253    3536 |     508     253     508 |    0.1    5.1    2.2
20   |   128 |    2133 |    3022     252    3022 |     504     252     504 |    0.1    4.2    2.0
21   |   127 |    2139 |    3515     252    3515 |     504     252     504 |    0.1    5.4    2.3
22   |   128 |    2168 |    3529     254    3529 |     508     254     508 |    0.1    5.2    2.2
23   |   127 |    2142 |    3520     253    3520 |     506     253     506 |    0.1    5.1    2.2
24   |   127 |    2139 |    3521     252    3521 |     505     252     505 |    0.1    5.4    2.3
25   |   128 |    2141 |    3496     252    3496 |     504     252     504 |    0.1    5.3    2.3
26   |   128 |    2144 |    3517     252    3517 |     506     252     506 |    0.1    5.0    2.2
27   |   127 |    2140 |    3506     252    3506 |     506     253     506 |    0.1    5.2    2.3
28   |   127 |    2151 |    3520     253    3520 |     506     253     506 |    0.1    5.3    2.3
29   |   128 |    2130 |    3468     252    3468 |     504     252     504 |    0.1    5.0    2.3
30   |   128 |    2162 |    3522     254    3522 |     509     254     509 |    0.1    5.3    2.2
31   |   127 |    2140 |    3497     252    3497 |     505     252     505 |    0.1    5.4    2.3
32   |   128 |    2135 |    3486     252    3486 |     504     252     504 |    0.1    5.1    2.3
33   |   128 |    2133 |    3023     252    3023 |     504     252     504 |    0.1    4.2    2.0
34   |   128 |    2157 |    3516     254    3516 |     507     254     507 |    0.1    5.3    2.2
35   |   128 |    2158 |    3523     254    3523 |     508     254     508 |    0.1    5.2    2.3
36   |   128 |    2148 |    3526     253    3526 |     506     253     506 |    0.1    5.2    2.3
37   |   127 |    2143 |    3513     252    3513 |     504     252     504 |    0.2    5.3    2.4
38   |   127 |    2142 |    3511     253    3511 |     505     253     505 |    0.1    5.4    2.3
39   |   128 |    2145 |    3514     255    3514 |     509     255     509 |    0.1    4.0    1.9
40   |   128 |    2148 |    3514     252    3514 |     504     252     504 |    0.1    5.2    2.2
41   |   128 |    1870 |    3488     253    3488 |     506     253     506 |    0.1    3.9    1.9
42   |   128 |    2138 |    3515     252    3515 |     504     252     504 |    0.1    5.1    2.1
43   |   127 |    2152 |    3516     253    3516 |     506     253     506 |    0.1    5.3    2.2
44   |   128 |    1771 |    3525     253    3525 |     507     253     507 |    0.1    4.2    1.9
45   |   128 |    2142 |    3524     252    3524 |     505     252     505 |    0.1    5.3    2.3
46   |   127 |    1379 |    3515     252    3515 |     505     252     505 |    0.1    5.1    2.2
47   |   128 |    2128 |    3477     252    3477 |     504     252     504 |    0.1    5.2    2.2
48   |   127 |    1611 |    3001     252    3001 |     504     252     504 |    0.1    4.0    1.9
49   |   126 |    2128 |    3011     252    3011 |     503     252     503 |    0.1    3.9    1.9
50   |   128 |    2162 |    3530     254    3530 |     507     254     507 |    0.1    5.3    2.3
51   |   128 |    2147 |    3521     253    3521 |     506     253     506 |    0.1    5.3    2.3
52   |   128 |    2154 |    3505     254    3505 |     509     254     509 |    0.1    4.8    2.1
53   |   128 |    2136 |    3489     254    3489 |     508     254     508 |    0.1    5.1    2.3
54   |   128 |    2155 |    3534     254    3534 |     507     254     507 |    0.1    5.2    2.3
55   |   128 |    2167 |    3538     253    3538 |     507     254     507 |    0.1    5.3    2.2
56   |   128 |    2155 |    3533     253    3533 |     507     253     507 |    0.1    5.4    2.3
57   |   128 |    2161 |    3527     253    3527 |     507     253     507 |    0.1    5.5    2.4
58   |   128 |    2154 |    3510     254    3510 |     508     254     508 |    0.1    5.5    2.3
59   |   128 |    1388 |    3518     253    3518 |     506     253     506 |    0.1    5.1    2.2
60   |   128 |    2158 |    3531     253    3531 |     506     253     506 |    0.1    5.1    2.2
61   |   128 |    2161 |    3518     253    3518 |     507     253     507 |    0.1    5.3    2.3
62   |   128 |    2168 |    3520     255    3520 |     509     255     509 |    0.1    5.2    2.3
63   |   128 |    2159 |    3532     253    3532 |     506     253     506 |    0.1    5.3    2.2
64   |   128 |    2132 |    3017     252    3017 |     504     252     504 |    0.1    3.9    1.9
65   |   127 |    2138 |    3514     252    3514 |     504     252     504 |    0.1    5.0    2.3
66   |   128 |    2161 |    3537     254    3537 |     507     254     507 |    0.1    5.0    2.3
67   |   128 |    2142 |    3521     252    3521 |     505     252     505 |    0.1    5.4    2.2
68   |   128 |    2163 |    3532     254    3532 |     508     254     508 |    0.1    5.2    2.2
69   |   128 |    2123 |    3006     252    3006 |     505     252     505 |    0.1    4.3    2.0
70   |   128 |    2169 |    3536     254    3536 |     508     254     508 |    0.1    5.3    2.3
71   |   127 |    2150 |    3513     252    3513 |     506     252     506 |    0.1    5.4    2.2
72   |   127 |    2132 |    3499     251    3499 |     503     251     503 |    0.1    5.1    2.2
73   |   128 |    2144 |    3520     252    3520 |     505     252     505 |    0.1    5.1    2.3
74   |   128 |    1910 |    3497     256    3497 |     512     256     512 |    0.1    3.9    1.8
75   |   128 |    1383 |    3522     252    3522 |     505     252     505 |    0.1    5.4    2.3
76   |   128 |    1765 |    3511     253    3511 |     506     253     506 |    0.1    4.3    2.0
77   |   128 |    1507 |    3525     253    3525 |     506     253     506 |    0.1    5.3    2.3
78   |   128 |    2153 |    3528     252    3528 |     506     252     506 |    0.1    4.2    2.1
79   |   128 |    2157 |    3521     253    3521 |     507     253     507 |    0.1    5.2    2.2
80   |   128 |    2165 |    3519     254    3519 |     509     254     509 |    0.1    5.3    2.3
81   |   128 |    2148 |    3513     252    3513 |     504     252     504 |    0.1    5.2    2.3
82   |   128 |    2151 |    3516     252    3516 |     504     252     504 |    0.1    5.0    2.1
83   |   128 |    2156 |    3528     253    3528 |     506     253     506 |    0.1    5.3    2.3
84   |   128 |    2153 |    3517     253    3517 |     506     253     506 |    0.1    5.4    2.3
85   |   128 |    2125 |    3012     252    3012 |     505     252     505 |    0.1    4.0    1.9
86   |   128 |    2158 |    3525     253    3525 |     507     253     507 |    0.1    5.5    2.3
87   |   128 |    2155 |    3522     253    3522 |     507     254     507 |    0.1    5.1    2.3
88   |   127 |    2139 |    3512     252    3512 |     504     252     504 |    0.1    5.1    2.3
89   |   127 |    2147 |    3519     252    3519 |     505     252     505 |    0.1    5.0    2.2
90   |   128 |    2156 |    3525     254    3525 |     507     254     507 |    0.1    5.3    2.3
91   |   128 |    2165 |    3532     254    3532 |     507     254     507 |    0.1    5.3    2.2
92   |   128 |    1497 |    3518     252    3518 |     504     252     504 |    0.1    5.3    2.3
93   |   126 |    2131 |    3510     251    3510 |     503     251     503 |    0.1    5.1    2.2
94   |   128 |    2167 |    3526     255    3526 |     509     255     509 |    0.1    5.2    2.3
95   |   128 |    2159 |    3531     253    3531 |     506     253     506 |    0.1    5.6    2.4
96   |   128 |    2163 |    3536     253    3536 |     507     253     507 |    0.1    5.3    2.3
97   |   127 |    2124 |    3009     252    3009 |     503     252     503 |    0.1    4.0    1.9
98   |   128 |    2147 |    3524     253    3524 |     507     253     507 |    0.1    5.1    2.3
99   |   127 |    2118 |    3003     251    3003 |     503     251     503 |    0.1    4.0    1.9
100  |   128 |    2155 |    3524     253    3524 |     506     253     506 |    0.1    5.3    2.3
101  |   128 |    1653 |    3522     253    3522 |     507     253     507 |    0.1    4.2    2.0
102  |   128 |    2153 |    3520     253    3520 |     506     253     506 |    0.1    5.4    2.3
103  |   128 |    2158 |    3524     252    3524 |     505     253     505 |    0.1    5.2    2.3
104  |   128 |    2150 |    3520     252    3520 |     504     252     504 |    0.1    5.2    2.3
105  |   128 |    2152 |    3522     253    3522 |     507     253     507 |    0.1    5.4    2.4
106  |   128 |    2162 |    3533     253    3533 |     507     253     507 |    0.1    5.4    2.3
107  |   127 |    2146 |    3519     252    3519 |     504     252     504 |    0.1    5.4    2.3
108  |   128 |    2161 |    3528     253    3528 |     506     253     506 |    0.1    5.3    2.3
109  |   128 |    2166 |    3539     253    3539 |     507     254     507 |    0.1    5.3    2.3
110  |   128 |    2153 |    3532     253    3532 |     507     253     507 |    0.1    5.5    2.3
111  |   128 |    2146 |    3517     252    3517 |     504     252     504 |    0.1    5.2    2.3
112  |   128 |    2147 |    3505     252    3505 |     505     252     505 |    0.1    5.3    2.4
113  |   125 |    2107 |    2991     251    2991 |     501     251     501 |    0.1    3.9    1.9
114  |   128 |    1384 |    3522     253    3522 |     506     253     506 |    0.1    5.2    2.2
115  |   128 |    2147 |    3517     253    3517 |     506     253     506 |    0.1    5.6    2.3
116  |   127 |    2149 |    3518     253    3518 |     505     253     505 |    0.1    5.2    2.2
117  |   128 |    1788 |    3496     255    3496 |     511     255     511 |    0.1    4.3    2.0
118  |   123 |    2045 |    2923     252    2923 |     504     252     504 |    0.1    3.8    1.8
119  |   127 |    2120 |    3003     252    3003 |     504     252     504 |    0.1    4.0    1.9
120  |   128 |    2148 |    3517     253    3517 |     506     253     506 |    0.1    5.2    2.2
121  |   128 |    2144 |    3518     252    3518 |     505     252     505 |    0.1    5.2    2.5
122  |   128 |    1777 |    3532     253    3532 |     507     253     507 |    0.1    5.2    2.2
123  |   127 |    2134 |    3507     252    3507 |     503     252     503 |    0.1    5.1    2.2
124  |   128 |    2155 |    3513     253    3513 |     507     253     507 |    0.1    5.2    2.2
125  |   128 |    2165 |    3534     253    3534 |     507     253     507 |    0.1    5.0    2.2
126  |   128 |    2163 |    3537     253    3537 |     508     253     508 |    0.1    5.5    2.3
127  |   128 |    2161 |    3523     253    3523 |     507     253     507 |    0.1    5.4    2.3
128  |   127 |    2142 |    3511     252    3511 |     505     252     505 |    0.1    5.3    2.3
129  |   128 |    1615 |    3002     251    3002 |     504     251     504 |    0.1    4.0    1.9
130  |   128 |    2158 |    3523     254    3523 |     507     254     507 |    0.1    5.0    2.3
131  |   128 |    2154 |    3523     253    3523 |     506     253     506 |    0.1    4.9    2.2
132  |   128 |    1638 |    3517     253    3517 |     505     253     505 |    0.1    5.3    2.2
133  |   128 |    2160 |    3527     253    3527 |     507     253     507 |    0.1    5.4    2.3
134  |   128 |    1647 |    3518     254    3518 |     508     254     508 |    0.1    5.2    2.2
135  |   128 |    2161 |    3522     255    3522 |     509     255     509 |    0.1    5.1    2.2
136  |   128 |    2158 |    3523     252    3523 |     505     252     505 |    0.1    5.2    2.2
137  |   128 |    2166 |    3534     254    3534 |     508     254     508 |    0.1    5.3    2.2
138  |   127 |    2132 |    3019     252    3019 |     504     252     504 |    0.1    3.9    1.9
139  |   128 |    2151 |    3520     253    3520 |     506     253     506 |    0.1    5.1    2.3
140  |   128 |    2139 |    3497     251    3497 |     504     251     504 |    0.1    5.4    2.4
141  |   128 |    2148 |    3518     253    3518 |     506     253     506 |    0.1    5.0    2.2
142  |   128 |    2140 |    3489     252    3489 |     504     252     504 |    0.1    5.0    2.3
143  |   128 |    2161 |    3526     254    3526 |     507     254     507 |    0.1    5.2    2.2
144  |   128 |    2159 |    3529     253    3529 |     506     253     506 |    0.1    5.5    2.3
145  |   128 |    1623 |    3495     253    3495 |     506     253     506 |    0.1    4.2    2.0
146  |   128 |    2125 |    3489     253    3489 |     507     253     507 |    0.1    4.2    2.0
147  |   128 |    1500 |    3523     252    3523 |     505     252     505 |    0.1    5.4    2.3
148  |   128 |    2152 |    3506     252    3506 |     505     252     505 |    0.1    5.2    2.3
149  |   128 |    2150 |    3528     253    3528 |     505     253     505 |    0.1    5.7    2.3
150  |   128 |    2142 |    3522     254    3522 |     507     254     507 |    0.1    5.4    2.3
151  |   128 |    2159 |    3526     253    3526 |     505     253     505 |    0.1    5.3    2.3
152  |   128 |    2136 |    3523     252    3523 |     505     252     505 |    0.1    5.4    2.3
153  |   128 |    2143 |    3502     252    3502 |     504     252     504 |    0.1    4.9    2.1
154  |   128 |    2130 |    3023     252    3023 |     504     252     504 |    0.1    3.8    1.9
155  |   128 |    1378 |    3520     253    3520 |     505     253     505 |    0.1    5.5    2.3
156  |   128 |    2160 |    3524     253    3524 |     508     253     508 |    0.1    5.1    2.3
157  |   128 |    2160 |    3524     253    3524 |     505     253     505 |    0.1    5.2    2.2
158  |   128 |    2139 |    3501     254    3501 |     508     254     508 |    0.1    5.2    2.2
159  |   128 |    2167 |    3533     254    3533 |     508     254     508 |    0.1    5.3    2.3
160  |   128 |    2164 |    3521     254    3521 |     508     254     508 |    0.1    5.2    2.2
161  |   128 |    2137 |    3516     252    3516 |     505     252     505 |    0.1    5.4    2.3
162  |   128 |    2150 |    3507     253    3507 |     508     253     508 |    0.1    4.9    2.2
163  |   128 |    2154 |    3521     254    3521 |     508     254     508 |    0.1    4.7    2.1
164  |   128 |    2147 |    3527     253    3527 |     505     253     505 |    0.1    5.1    2.2
165  |   128 |    2146 |    3522     252    3522 |     506     253     506 |    0.1    5.3    2.3
166  |   128 |    2135 |    3016     253    3016 |     506     253     506 |    0.1    4.0    1.9
167  |   128 |    2157 |    3524     253    3524 |     506     253     506 |    0.1    5.4    2.3
168  |   127 |    2147 |    3506     252    3506 |     505     252     505 |    0.1    4.9    2.1
169  |   126 |    1362 |    2990     251    2990 |     502     251     502 |    0.1    3.8    1.8
170  |   126 |    2116 |    2997     251    2997 |     501     251     501 |    0.1    4.0    2.0
171  |   126 |    2126 |    3493     253    3493 |     507     253     507 |    0.1    4.9    2.1
172  |   128 |    2145 |    3502     252    3502 |     505     252     505 |    0.1    5.1    2.2
173  |   128 |    1898 |    3535     254    3535 |     508     254     508 |    0.1    5.3    2.3
174  |   128 |    2167 |    3531     254    3531 |     508     254     508 |    0.1    5.2    2.3
175  |   128 |    2110 |    2994     252    2994 |     504     252     504 |    0.1    4.3    1.9
176  |   127 |    2139 |    3519     252    3519 |     504     252     504 |    0.1    5.0    2.1
177  |   128 |    2142 |    3023     253    3023 |     506     253     506 |    0.1    4.2    2.0
178  |   128 |    2154 |    3520     253    3520 |     507     253     507 |    0.1    5.3    2.2
179  |   128 |    2158 |    3534     253    3534 |     507     253     507 |    0.1    4.3    1.9
180  |   127 |    2129 |    3016     251    3016 |     503     251     503 |    0.1    4.2    2.0
181  |   128 |    2138 |    3516     252    3516 |     505     252     505 |    0.1    5.2    2.3
182  |   128 |    2164 |    3526     254    3526 |     509     254     509 |    0.1    5.3    2.3
183  |   128 |    2157 |    3529     253    3529 |     506     253     506 |    0.1    5.1    2.2
184  |   127 |    1366 |    3002     251    3002 |     504     251     504 |    0.1    4.2    2.0
185  |   127 |    2140 |    3512     253    3512 |     506     253     506 |    0.1    5.2    2.3
186  |   128 |    2161 |    3513     255    3513 |     510     255     510 |    0.1    5.7    2.3
187  |   128 |    2169 |    3535     254    3535 |     508     254     508 |    0.1    5.3    2.3
188  |   126 |    1474 |    2997     251    2997 |     502     251     502 |    0.1    4.0    1.9
189  |   128 |    2152 |    3512     253    3512 |     506     253     506 |    0.1    5.3    2.3
190  |   128 |    1381 |    3520     253    3520 |     505     253     505 |    0.1    5.0    2.3
191  |   128 |    2145 |    3507     252    3507 |     504     252     504 |    0.1    5.0    2.2
192  |   127 |    2139 |    3513     252    3513 |     503     252     503 |    0.1    4.8    2.2
193  |   128 |    1739 |    3007     252    3007 |     505     252     505 |    0.1    4.1    1.9
194  |   128 |    2158 |    3529     253    3529 |     506     253     506 |    0.1    5.2    2.3
195  |   128 |    2148 |    3530     253    3530 |     506     253     506 |    0.1    5.2    2.3
196  |   128 |    2156 |    3527     253    3527 |     507     253     507 |    0.1    4.2    2.0
197  |   128 |    2162 |    3528     254    3528 |     508     254     508 |    0.1    5.2    2.2
198  |   128 |    2143 |    3524     253    3524 |     506     253     506 |    0.1    5.1    2.2
199  |   128 |    2103 |    2988     252    2988 |     505     252     505 |    0.1    3.9    1.9
200  |   128 |    1488 |    3006     252    3006 |     504     252     504 |    0.1    4.0    1.9
201  |   128 |    2156 |    3525     253    3525 |     506     253     506 |    0.1    5.4    2.3
202  |   127 |    2139 |    3501     252    3501 |     504     252     504 |    0.1    4.9    2.2
203  |   128 |    2143 |    3506     252    3506 |     504     252     504 |    0.1    5.3    2.3
204  |   128 |    2152 |    3508     252    3508 |     505     252     505 |    0.1    5.2    2.3
205  |   128 |    1506 |    3533     253    3533 |     507     253     507 |    0.1    5.3    2.3
206  |   128 |    2165 |    3521     254    3521 |     509     254     509 |    0.1    5.2    2.3
207  |   128 |    2146 |    3509     252    3509 |     504     252     504 |    0.1    5.0    2.3
208  |   128 |    2166 |    3535     253    3535 |     507     253     507 |    0.1    5.1    2.3
209  |   128 |    2137 |    3501     251    3501 |     504     251     504 |    0.1    5.4    2.3
210  |   127 |    2117 |    3461     251    3461 |     504     251     504 |    0.1    5.1    2.3
211  |   127 |    2148 |    3521     253    3521 |     506     253     506 |    0.1    5.2    2.3
212  |   127 |    2140 |    3018     252    3018 |     504     252     504 |    0.1    4.2    2.0
213  |   128 |    2139 |    3515     253    3515 |     505     253     505 |    0.1    5.2    2.3
214  |   127 |    1619 |    3517     252    3517 |     505     253     505 |    0.1    4.9    2.2
215  |   127 |    1624 |    3018     252    3018 |     504     252     504 |    0.1    4.2    2.0
216  |   128 |    1609 |    3013     253    3013 |     506     253     506 |    0.1    4.0    1.9
217  |   128 |    2160 |    3525     253    3525 |     507     253     507 |    0.1    5.2    2.3
218  |   127 |    2136 |    3502     252    3502 |     503     252     503 |    0.1    5.2    2.2
219  |   128 |    2147 |    3511     252    3511 |     505     252     505 |    0.1    5.1    2.2
220  |   128 |    2164 |    3535     254    3535 |     507     254     507 |    0.1    4.9    2.2
221  |   128 |    2153 |    3525     254    3525 |     507     254     507 |    0.1    5.1    2.3
222  |   128 |    2164 |    3531     253    3531 |     508     253     508 |    0.1    6.1    2.2
223  |   128 |    2156 |    3514     253    3514 |     507     253     507 |    0.1    5.0    2.3
224  |   128 |    2165 |    3527     254    3527 |     509     254     509 |    0.1    5.5    2.3
225  |   126 |    2115 |    3002     251    3002 |     502     251     502 |    0.1    3.9    1.9
226  |   128 |    2142 |    3512     253    3512 |     507     253     507 |    0.1    4.4    2.1
227  |   128 |    2168 |    3536     253    3536 |     507     253     507 |    0.1    5.4    2.3
228  |   128 |    2153 |    3521     252    3521 |     506     252     506 |    0.1    5.3    2.3
229  |   126 |    2094 |    2982     251    2982 |     502     251     502 |    0.1    3.9    1.9
230  |   128 |    2165 |    3526     254    3526 |     507     254     507 |    0.1    5.4    2.4
231  |   128 |    1650 |    3532     253    3532 |     506     253     506 |    0.1    4.2    2.0
232  |   128 |    2153 |    3515     252    3515 |     504     252     504 |    0.1    5.2    2.3
233  |   128 |    2161 |    3525     253    3525 |     506     253     506 |    0.1    5.2    2.3
234  |   128 |    2164 |    3533     253    3533 |     507     253     507 |    0.1    5.4    2.3
235  |   128 |    1397 |    3535     253    3535 |     508     254     508 |    0.1    5.2    2.3
236  |   127 |    2140 |    3512     252    3512 |     505     252     505 |    0.1    5.1    2.2
237  |   127 |    1757 |    3513     252    3513 |     505     252     505 |    0.1    4.1    1.9
238  |   127 |    1492 |    3495     251    3495 |     505     252     505 |    0.1    5.1    2.1
239  |   128 |    2147 |    3525     253    3525 |     508     253     508 |    0.1    5.0    2.2
240  |   127 |    1754 |    3498     252    3498 |     504     252     504 |    0.1    4.1    1.9
241  |   125 |    1347 |    2969     251    2969 |     501     251     501 |    0.1    3.9    1.9
242  |   127 |    2144 |    3511     252    3511 |     504     252     504 |    0.1    5.1    2.3
243  |   128 |    1379 |    3518     252    3518 |     505     252     505 |    0.1    4.0    1.9
244  |   128 |    2158 |    3530     253    3530 |     507     253     507 |    0.1    5.1    2.3
245  |   128 |    2166 |    3537     254    3537 |     507     254     507 |    0.1    5.5    2.3
246  |   128 |    2127 |    3013     252    3013 |     504     252     504 |    0.1    3.9    1.9
247  |   128 |    2151 |    3517     252    3517 |     504     252     504 |    0.1    5.2    2.3
248  |   128 |    2158 |    3519     253    3519 |     507     253     507 |    0.1    5.4    2.4
249  |   128 |    1880 |    3497     253    3497 |     506     253     506 |    0.1    4.3    2.0
250  |   126 |    2117 |    3002     251    3002 |     501     251     501 |    0.1    3.9    1.9
251  |   128 |    2155 |    3521     253    3521 |     506     253     506 |    0.1    5.1    2.3
252  |   127 |    1488 |    3005     251    3005 |     503     251     503 |    0.1    3.9    1.9
253  |   128 |    2161 |    3534     253    3534 |     508     254     508 |    0.1    5.6    2.3
254  |   128 |    2152 |    3519     255    3519 |     509     255     509 |    0.1    5.1    2.2
255  |   128 |    2138 |    3518     252    3518 |     504     252     504 |    0.1    5.2    2.3
256  |   128 |    2155 |    3529     253    3529 |     506     253     506 |    0.1    5.3    2.3
257  |   128 |    1510 |    3527     254    3527 |     508     254     508 |    0.1    5.0    2.2
258  |   128 |    2158 |    3528     253    3528 |     505     253     505 |    0.1    5.5    2.3
259  |   128 |    2166 |    3533     254    3533 |     507     253     507 |    0.1    5.1    2.2
260  |   128 |    1389 |    3522     254    3522 |     508     254     508 |    0.1    5.0    2.1
261  |   126 |    2118 |    3003     251    3003 |     502     251     502 |    0.1    4.0    1.9
262  |   128 |    2130 |    3018     252    3018 |     504     252     504 |    0.1    3.9    1.9
263  |   127 |    2143 |    3512     252    3512 |     504     252     504 |    0.1    5.1    2.2
264  |   128 |    2163 |    3535     254    3535 |     507     254     507 |    0.1    5.3    2.3
265  |   128 |    2147 |    3517     253    3517 |     506     253     506 |    0.1    5.0    2.2
266  |   128 |    2156 |    3525     253    3525 |     507     253     507 |    0.1    5.4    2.2
267  |   128 |    2137 |    3519     253    3519 |     506     253     506 |    0.1    5.1    2.2
268  |   128 |    2146 |    3518     253    3518 |     506     253     506 |    0.1    5.1    2.2
269  |   128 |    2155 |    3519     252    3519 |     505     252     505 |    0.1    5.1    2.3
270  |   128 |    2158 |    3533     254    3533 |     507     254     507 |    0.1    5.0    2.2
271  |   128 |    2159 |    3525     253    3525 |     507     253     507 |    0.1    5.2    2.2
272  |   128 |    2151 |    3525     253    3525 |     506     253     506 |    0.1    5.4    2.3
273  |   128 |    2161 |    3534     253    3534 |     507     253     507 |    0.1    5.3    2.4
274  |   128 |    2147 |    3508     252    3508 |     504     252     504 |    0.1    5.1    2.2
275  |   128 |    2162 |    3528     254    3528 |     509     254     509 |    0.1    5.3    2.3
276  |   128 |    1506 |    3539     254    3539 |     507     254     507 |    0.1    5.3    2.2
277  |   128 |    2160 |    3538     254    3538 |     507     254     507 |    0.1    5.1    2.3
278  |   127 |    2150 |    3023     253    3023 |     505     253     505 |    0.1    4.2    2.0
279  |   128 |    1508 |    3527     254    3527 |     508     254     508 |    0.1    5.2    2.3
280  |   127 |    1363 |    2991     251    2991 |     504     251     504 |    0.1    4.0    2.0
281  |   128 |    2139 |    3490     252    3490 |     504     252     504 |    0.1    5.3    2.2
282  |   127 |    2148 |    3513     253    3513 |     506     253     506 |    0.1    5.2    2.2
283  |   128 |    2151 |    3520     254    3520 |     508     254     508 |    0.1    5.3    2.2
284  |   127 |    2130 |    3503     252    3503 |     503     251     503 |    0.1    4.9    2.2
285  |   127 |    2126 |    3010     252    3010 |     504     252     504 |    0.1    4.0    2.0
286  |   126 |    2125 |    3503     251    3503 |     502     251     502 |    0.1    5.0    2.2
287  |   128 |    1620 |    3016     252    3016 |     504     252     504 |    0.1    3.7    1.8
288  |   125 |    2106 |    2983     251    2983 |     501     251     501 |    0.1    3.9    1.9
289  |   128 |    2156 |    3522     253    3522 |     506     253     506 |    0.1    5.7    2.5
290  |   128 |    2152 |    3520     253    3520 |     507     253     507 |    0.1    5.0    2.2
291  |   128 |    2150 |    3519     252    3519 |     504     252     504 |    0.1    5.2    2.3
292  |   128 |    2162 |    3528     254    3528 |     507     254     507 |    0.1    5.3    2.2
293  |   128 |    2162 |    3533     253    3533 |     507     254     507 |    0.1    5.3    2.3
294  |   128 |    2160 |    3527     253    3527 |     506     253     506 |    0.1    5.0    2.2
295  |   127 |    2108 |    2993     252    2993 |     504     252     504 |    0.1    4.2    1.9
296  |   128 |    2147 |    3506     252    3506 |     504     252     504 |    0.1    5.2    2.3
297  |   128 |    2104 |    2989     252    2989 |     504     252     504 |    0.1    4.0    1.9
298  |   126 |    2108 |    2979     251    2979 |     502     251     502 |    0.1    3.7    1.9
299  |   127 |    1732 |    2996     252    2996 |     504     252     504 |    0.1    4.0    1.9
300  |   128 |    2167 |    3534     253    3534 |     507     253     507 |    0.1    5.1    2.3
301  |   128 |    2166 |    3528     255    3528 |     509     255     509 |    0.1    5.2    2.3
302  |   127 |    2136 |    3507     251    3507 |     504     252     504 |    0.1    5.2    2.2
303  |   128 |    2169 |    3537     253    3537 |     507     254     507 |    0.1    5.6    2.4
304  |   128 |    2152 |    3528     254    3528 |     507     254     507 |    0.1    5.1    2.1
305  |   128 |    2159 |    3521     253    3521 |     507     253     507 |    0.1    5.1    2.3
306  |   128 |    1625 |    3016     252    3016 |     504     252     504 |    0.1    4.1    2.0
307  |   127 |    1630 |    3500     252    3500 |     506     252     506 |    0.1    4.0    2.0
308  |   127 |    2139 |    3512     252    3512 |     505     252     505 |    0.1    5.3    2.2
309  |   127 |    2151 |    3519     253    3519 |     506     253     506 |    0.1    5.5    2.3
310  |   128 |    2164 |    3537     253    3537 |     507     253     507 |    0.1    5.2    2.2
311  |   128 |    2154 |    3531     253    3531 |     506     253     506 |    0.1    5.1    2.3
312  |   127 |    2122 |    3013     251    3013 |     503     251     503 |    0.1    4.0    1.9
313  |   128 |    2144 |    3509     252    3509 |     504     252     504 |    0.1    5.2    2.3
314  |   127 |    2148 |    3515     253    3515 |     505     253     505 |    0.1    5.3    2.2
315  |   128 |    1772 |    3521     254    3521 |     508     254     508 |    0.1    4.3    1.9
316  |   128 |    2121 |    3007     252    3007 |     506     252     506 |    0.1    3.9    1.9
317  |   128 |    2161 |    3536     253    3536 |     507     253     507 |    0.1    4.4    2.1
318  |   127 |    2148 |    3507     254    3507 |     507     254     507 |    0.1    5.1    2.3
319  |   128 |    2160 |    3526     253    3526 |     506     253     506 |    0.1    5.1    2.2
320  |   128 |    2146 |    3524     253    3524 |     506     253     506 |    0.1    5.0    2.3
321  |   128 |    2147 |    3525     252    3525 |     505     253     505 |    0.1    5.2    2.2
322  |   128 |    2164 |    3527     254    3527 |     508     254     508 |    0.1    5.1    2.2
323  |   128 |    2157 |    3530     253    3530 |     506     253     506 |    0.1    5.2    2.3
324  |   128 |    2156 |    3520     254    3520 |     508     254     508 |    0.1    5.1    2.2
325  |   128 |    1649 |    3517     254    3517 |     509     254     509 |    0.1    4.2    2.0
326  |   128 |    2145 |    3512     253    3512 |     506     253     506 |    0.1    5.1    2.2
327  |   128 |    2166 |    3540     254    3540 |     507     254     507 |    0.1    5.2    2.3
328  |   128 |    1391 |    3525     254    3525 |     507     254     507 |    0.1    5.2    2.3
329  |   128 |    1379 |    3519     252    3519 |     505     252     505 |    0.1    4.9    2.2
330  |   128 |    2123 |    3008     253    3008 |     505     253     505 |    0.1    4.2    2.0
331  |   128 |    2166 |    3531     253    3531 |     507     253     507 |    0.1    5.3    2.3
332  |   128 |    2114 |    3000     252    3000 |     504     252     504 |    0.1    3.9    1.8
333  |   128 |    2154 |    3529     254    3529 |     507     254     507 |    0.1    5.1    2.2
334  |   126 |    1627 |    3495     252    3495 |     504     252     504 |    0.1    4.1    1.9
335  |   128 |    2152 |    3525     253    3525 |     505     253     505 |    0.1    5.2    2.3
336  |   128 |    2160 |    3527     253    3527 |     507     253     507 |    0.1    5.3    2.4
337  |   128 |    1393 |    3532     254    3532 |     508     254     508 |    0.1    5.1    2.2
338  |   128 |    2123 |    3458     252    3458 |     504     252     504 |    0.1    5.1    2.2
339  |   128 |    2160 |    3528     253    3528 |     506     253     506 |    0.1    5.5    2.4
340  |   127 |    2151 |    3520     252    3520 |     506     253     506 |    0.1    5.2    2.2
341  |   127 |    2143 |    3517     252    3517 |     505     252     505 |    0.1    5.2    2.3
342  |   128 |    2157 |    3533     253    3533 |     506     253     506 |    0.1    5.4    2.3
343  |   128 |    2123 |    3479     252    3479 |     505     252     505 |    0.1    5.1    2.2
344  |   128 |    2156 |    3532     253    3532 |     506     253     506 |    0.1    5.2    2.3
345  |   128 |    2154 |    3520     252    3520 |     505     252     505 |    0.1    5.3    2.3
346  |   128 |    2158 |    3523     253    3523 |     507     253     507 |    0.1    5.3    2.3
347  |   127 |    2119 |    3500     252    3500 |     504     252     504 |    0.1    4.0    2.0
348  |   128 |    2159 |    3525     253    3525 |     507     254     507 |    0.1    5.2    2.2
349  |   128 |    2167 |    3534     254    3534 |     508     254     508 |    0.1    4.9    2.2
350  |   128 |    2153 |    3522     254    3522 |     508     254     508 |    0.1    5.1    2.2
351  |   128 |    2028 |    3402     252    3402 |     504     252     504 |    0.1    3.7    1.8
352  |   128 |    2163 |    3533     253    3533 |     507     253     507 |    0.1    5.5    2.4
353  |   128 |    2150 |    3515     253    3515 |     506     253     506 |    0.1    4.9    2.2
354  |   128 |    1501 |    3506     251    3506 |     505     253     505 |    0.1    5.1    2.2
355  |   128 |    2147 |    3508     252    3508 |     504     252     504 |    0.1    5.2    2.3
356  |   128 |    2158 |    3528     254    3528 |     507     254     507 |    0.1    5.0    2.1
357  |   128 |    2150 |    3516     252    3516 |     504     252     504 |    0.1    5.3    2.3
358  |   128 |    2149 |    3514     252    3514 |     504     252     504 |    0.1    5.1    2.3
359  |   127 |    2143 |    3515     252    3515 |     506     252     506 |    0.1    5.2    2.2
360  |   128 |    1644 |    3485     255    3485 |     509     255     509 |    0.1    4.1    1.9
361  |   128 |    2150 |    3527     253    3527 |     506     253     506 |    0.1    5.1    2.3
362  |   128 |    2145 |    3519     253    3519 |     505     253     505 |    0.1    5.4    2.2
363  |   128 |    2168 |    3521     254    3521 |     509     254     509 |    0.1    5.3    2.3
364  |   128 |    1490 |    3502     253    3502 |     506     253     506 |    0.1    5.1    2.2
365  |   126 |    1466 |    2966     251    2966 |     502     251     502 |    0.1    3.7    1.8
366  |   128 |    1498 |    3518     253    3518 |     506     253     506 |    0.1    5.6    2.3
367  |   126 |    2100 |    2986     251    2986 |     502     251     502 |    0.1    3.6    1.7
368  |   127 |    2147 |    3518     253    3518 |     505     253     505 |    0.1    5.4    2.3
369  |   128 |    2161 |    3526     253    3526 |     507     254     507 |    0.1    5.2    2.3
370  |   128 |    2157 |    3537     253    3537 |     507     253     507 |    0.1    5.2    2.3
371  |   128 |    2157 |    3520     254    3520 |     507     254     507 |    0.1    5.1    2.2
372  |   128 |    2150 |    3510     253    3510 |     506     253     506 |    0.1    5.2    2.3
373  |   128 |    2159 |    3518     254    3518 |     507     254     507 |    0.1    5.3    2.3
374  |   128 |    2158 |    3524     253    3524 |     508     253     508 |    0.1    5.2    2.2
375  |   126 |    2130 |    3507     251    3507 |     503     251     503 |    0.1    5.1    2.2
376  |   128 |    2159 |    3531     254    3531 |     507     254     507 |    0.1    5.0    2.1
377  |   128 |    1388 |    3530     253    3530 |     506     253     506 |    0.1    5.2    2.2
378  |   128 |    2143 |    3520     253    3520 |     506     253     506 |    0.1    4.8    2.1
379  |   128 |    2160 |    3532     254    3532 |     507     254     507 |    0.1    4.9    2.2
380  |   128 |    1646 |    3524     254    3524 |     508     254     508 |    0.1    5.3    2.3
381  |   128 |    2160 |    3528     253    3528 |     507     253     507 |    0.1    5.2    2.3
382  |   128 |    2163 |    3538     254    3538 |     507     254     507 |    0.1    5.3    2.2
383  |   127 |    2143 |    3516     252    3516 |     504     252     504 |    0.1    5.0    2.2
384  |   126 |    1726 |    3480     252    3480 |     504     252     504 |    0.1    4.1    1.9
385  |   128 |    2155 |    3524     253    3524 |     505     253     505 |    0.1    5.3    2.3
386  |   128 |    2152 |    3522     252    3522 |     505     252     505 |    0.1    5.1    2.2
387  |   127 |    2137 |    3517     252    3517 |     504     252     504 |    0.1    5.3    2.3
388  |   126 |    2087 |    2975     251    2975 |     502     251     502 |    0.1    4.0    1.9
389  |   128 |    2091 |    2977     252    2977 |     505     252     505 |    0.1    4.0    1.9
390  |   125 |    2077 |    2938     251    2938 |     501     251     501 |    0.1    3.6    1.8
391  |   128 |    2160 |    3520     253    3520 |     507     253     507 |    0.1    4.9    2.2
392  |   128 |    2151 |    3510     253    3510 |     506     253     506 |    0.1    5.1    2.3
393  |   126 |    2133 |    3503     251    3503 |     503     251     503 |    0.1    5.5    2.4
394  |   127 |    2142 |    3509     251    3509 |     505     252     505 |    0.1    5.4    2.3
395  |   128 |    2150 |    3521     252    3521 |     504     252     504 |    0.1    5.1    2.2
396  |   126 |    2129 |    3013     251    3013 |     503     251     503 |    0.1    3.9    2.0
397  |   128 |    1719 |    3428     254    3428 |     508     254     508 |    0.1    4.0    1.9
398  |   128 |    2153 |    3519     253    3519 |     507     253     507 |    0.1    5.1    2.3
399  |   127 |    2137 |    3511     252    3511 |     504     252     504 |    0.1    5.3    2.3
400  |   128 |    2143 |    3521     252    3521 |     505     252     505 |    0.1    5.0    2.2
401  |   127 |    2133 |    3502     251    3502 |     503     251     503 |    0.1    5.2    2.2
402  |   128 |    1387 |    3522     253    3522 |     507     253     507 |    0.1    5.3    2.3
403  |   128 |    2136 |    3489     252    3489 |     504     252     504 |    0.1    5.3    2.3
404  |   128 |    2155 |    3529     253    3529 |     506     253     506 |    0.1    5.2    2.3
405  |   128 |    2156 |    3517     252    3517 |     505     252     505 |    0.1    5.4    2.4
406  |   127 |    1759 |    3022     252    3022 |     505     252     505 |    0.1    4.2    2.1
407  |   128 |    2161 |    3029     253    3029 |     505     253     505 |    0.1    4.3    2.0
408  |   128 |    2147 |    3504     252    3504 |     505     252     505 |    0.1    5.1    2.2
409  |   128 |    2156 |    3476     257    3476 |     514     257     514 |    0.1    4.3    2.0
410  |   128 |    2161 |    3532     253    3532 |     506     253     506 |    0.1    5.1    2.2
411  |   126 |    1754 |    3482     253    3482 |     507     253     507 |    0.1    4.3    1.9
412  |   128 |    1761 |    3526     253    3526 |     506     253     506 |    0.1    5.3    2.2
413  |   128 |    2165 |    3532     254    3532 |     507     254     507 |    0.1    5.0    2.3
414  |   128 |    2151 |    3516     253    3516 |     505     253     505 |    0.1    5.2    2.3
415  |   128 |    2157 |    3517     253    3517 |     506     253     506 |    0.1    4.9    2.2
416  |   126 |    2123 |    3000     251    3000 |     502     251     502 |    0.1    3.9    2.0
417  |   128 |    1390 |    3525     254    3525 |     509     254     509 |    0.1    5.0    2.2
418  |   127 |    2118 |    3004     251    3004 |     503     251     503 |    0.1    4.0    1.9
419  |   128 |    2155 |    3527     253    3527 |     507     253     507 |    0.1    5.5    2.3
420  |   128 |    2154 |    3526     253    3526 |     507     253     507 |    0.1    5.5    2.4
421  |   128 |    2160 |    3535     253    3535 |     507     253     507 |    0.1    5.1    2.1
422  |   128 |    2159 |    3522     253    3522 |     506     253     506 |    0.1    5.5    2.3
423  |   126 |    2121 |    3486     251    3486 |     502     251     502 |    0.1    4.9    2.2
424  |   128 |    2165 |    3530     254    3530 |     507     254     507 |    0.1    5.0    2.3
425  |   128 |    2155 |    3518     253    3518 |     507     253     507 |    0.1    4.9    2.2
426  |   128 |    2156 |    3526     253    3526 |     506     253     506 |    0.1    5.2    2.3
427  |   127 |    2150 |    3524     253    3524 |     506     253     506 |    0.1    5.2    2.2
428  |   128 |    1638 |    3514     252    3514 |     504     252     504 |    0.1    5.5    2.4
429  |   128 |    2143 |    3525     253    3525 |     506     253     506 |    0.1    5.0    2.3
430  |   128 |    2140 |    3524     252    3524 |     505     252     505 |    0.1    5.1    2.3
431  |   127 |    2141 |    3515     252    3515 |     504     252     504 |    0.1    5.3    2.2
432  |   128 |    2159 |    3528     253    3528 |     506     253     506 |    0.1    5.0    2.3
433  |   128 |    2143 |    3518     252    3518 |     505     252     505 |    0.1    5.4    2.3
434  |   128 |    2154 |    3524     254    3524 |     509     254     509 |    0.1    5.1    2.2
435  |   128 |    1627 |    3020     252    3020 |     505     252     505 |    0.1    4.1    2.0
436  |   127 |    2133 |    3507     252    3507 |     503     252     503 |    0.1    5.1    2.2
437  |   125 |    1585 |    2958     251    2958 |     501     251     501 |    0.1    3.9    1.9
438  |   128 |    2165 |    3531     254    3531 |     508     254     508 |    0.1    4.3    2.0
439  |   128 |    2166 |    3536     253    3536 |     507     253     507 |    0.1    5.2    2.3
440  |   128 |    2155 |    3529     253    3529 |     506     253     506 |    0.1    5.1    2.2
441  |   128 |    1498 |    3521     253    3521 |     506     253     506 |    0.1    4.9    2.1
442  |   127 |    1996 |    3496     252    3496 |     505     252     505 |    0.1    3.9    1.9
443  |   128 |    2154 |    3509     254    3509 |     508     254     508 |    0.1    5.3    2.3
444  |   128 |    2160 |    3523     254    3523 |     508     254     508 |    0.1    5.3    2.2
445  |   128 |    2158 |    3517     253    3517 |     506     253     506 |    0.1    5.0    2.2
446  |   128 |    2164 |    3519     254    3519 |     508     254     508 |    0.1    5.1    2.2
447  |   127 |    2148 |    3521     252    3521 |     505     253     505 |    0.1    4.8    2.2
448  |   127 |    1739 |    3001     252    3001 |     503     252     503 |    0.1    4.0    1.9
449  |   128 |    2147 |    3520     253    3520 |     506     253     506 |    0.1    5.3    2.2
450  |   127 |    2128 |    3012     252    3012 |     503     252     503 |    0.1    4.1    2.0
451  |   127 |    2134 |    3498     251    3498 |     503     251     503 |    0.1    5.2    2.2
452  |   128 |    2161 |    3539     253    3539 |     507     253     507 |    0.1    5.4    2.4
453  |   128 |    1890 |    3529     253    3529 |     506     253     506 |    0.1    4.1    2.0
454  |   128 |    1630 |    3529     254    3529 |     507     254     507 |    0.1    5.0    2.3
455  |   128 |    2128 |    3016     252    3016 |     504     252     504 |    0.1    4.0    1.9
456  |   126 |    1475 |    2978     251    2978 |     502     251     502 |    0.1    3.8    1.9
457  |   128 |    2160 |    3525     253    3525 |     505     253     505 |    0.1    5.3    2.3
458  |   127 |    2139 |    3510     252    3510 |     504     252     504 |    0.1    5.1    2.2
459  |   128 |    2151 |    3526     253    3526 |     506     253     506 |    0.1    5.4    2.3
460  |   128 |    2145 |    3516     252    3516 |     504     252     504 |    0.1    5.3    2.3
461  |   128 |    1645 |    3529     253    3529 |     506     253     506 |    0.1    4.2    2.0
462  |   128 |    1761 |    3515     252    3515 |     504     252     504 |    0.1    4.0    1.9
463  |   128 |    1744 |    3020     252    3020 |     504     252     504 |    0.1    4.1    1.9
464  |   128 |    2158 |    3528     253    3528 |     506     253     506 |    0.1    5.3    2.3
465  |   128 |    2154 |    3528     253    3528 |     507     253     507 |    0.1    5.1    2.3
466  |   127 |    2122 |    3501     253    3501 |     507     253     507 |    0.1    4.8    2.1
467  |   128 |    2138 |    3517     252    3517 |     505     252     505 |    0.1    5.0    2.2
468  |   127 |    2148 |    3514     253    3514 |     507     253     507 |    0.1    5.0    2.3
469  |   128 |    1375 |    3011     252    3011 |     505     252     505 |    0.1    4.1    1.9
470  |   128 |    2161 |    3528     252    3528 |     506     253     506 |    0.1    5.4    2.3
471  |   128 |    2142 |    3521     253    3521 |     506     253     506 |    0.1    5.2    2.3
472  |   127 |    1501 |    3515     253    3515 |     506     253     506 |    0.1    5.4    2.4
473  |   128 |    1763 |    3495     254    3495 |     508     254     508 |    0.1    4.1    1.9
474  |   128 |    2156 |    3520     252    3520 |     505     253     505 |    0.1    5.1    2.2
475  |   128 |    2140 |    3522     252    3522 |     505     252     505 |    0.1    5.3    2.2
476  |   128 |    1637 |    3527     253    3527 |     506     253     506 |    0.1    5.1    2.2
477  |   126 |    2128 |    3011     251    3011 |     502     251     502 |    0.1    4.0    2.0
478  |   128 |    2149 |    3507     253    3507 |     507     253     507 |    0.1    5.2    2.3
479  |   128 |    2166 |    3530     254    3530 |     508     254     508 |    0.1    5.2    2.3
480  |   127 |    1498 |    3508     252    3508 |     507     254     507 |    0.1    5.2    2.2
481  |   128 |    2169 |    3533     254    3533 |     508     254     508 |    0.1    5.4    2.4
482  |   127 |    2145 |    3515     253    3515 |     506     253     506 |    0.1    5.1    2.6
483  |   128 |    2153 |    3524     254    3524 |     508     254     508 |    0.1    5.2    2.3
484  |   128 |    1503 |    3528     253    3528 |     506     253     506 |    0.1    5.4    2.3
485  |   128 |    2146 |    3529     253    3529 |     507     253     507 |    0.1    5.1    2.3
486  |   124 |    2095 |    2977     251    2977 |     501     251     501 |    0.1    3.9    1.8
487  |   128 |    1643 |    3532     254    3532 |     507     254     507 |    0.1    5.3    2.3
488  |   128 |    1376 |    3014     252    3014 |     505     252     505 |    0.1    4.4    2.0
489  |   128 |    2157 |    3527     253    3527 |     505     253     505 |    0.1    5.3    2.3
490  |   128 |    2161 |    3516     254    3516 |     508     254     508 |    0.1    5.3    2.3
491  |   128 |    2151 |    3513     253    3513 |     508     253     508 |    0.1    5.0    2.3
492  |   127 |    2142 |    3513     252    3513 |     505     252     505 |    0.1    5.0    2.3
493  |   125 |    2091 |    2962     251    2962 |     501     251     501 |    0.1    3.9    1.9
494  |   128 |    1626 |    3525     253    3525 |     507     253     507 |    0.1    5.2    2.3
495  |   128 |    1386 |    3515     253    3515 |     507     253     507 |    0.1    5.1    2.2
496  |   128 |    2150 |    3520     253    3520 |     506     253     506 |    0.1    4.9    2.2
497  |   128 |    2163 |    3533     254    3533 |     508     254     508 |    0.1    5.4    2.3
498  |   128 |    2144 |    3509     252    3509 |     504     252     504 |    0.1    5.1    2.2
499  |   128 |    2138 |    3514     252    3514 |     505     252     505 |    0.1    5.2    2.1
-----+-------+---------+-------------------------+-------------------------+--------------------

=== Summary ===
HNF  intermediate:  avg=2043  max=2169
MLLL total:         avg=3441  max=3542
MLLL vec coords:    avg=252  max=257  (Lemma 1 bounded)
MLLL GSO coeffs:    avg=3441  max=3542  (integral GSO overhead)
GRAM total:         avg=505  max=514
GRAM vec coords:    avg=252  max=257  (Lemma 1 bounded)
GRAM Gram entries:  avg=505  max=514  (Lemma 3 bound target)
Output bits:        HNF avg=127 max=128  MLLL avg=126 max=128  GRAM avg=126 max=128
Total time:         HNF=53.21ms  MLLL=2474.68ms  GRAM=1092.75ms  (GRAM/MLLL=0.44)
