=== MLLL vs HNF Intermediate Bit Size Benchmark ===
Level: 5, Norm bitsize: 254, Iterations: 500
GRAM prealloc (Phase 2 candidate B): OFF
GRAM fp       (Phase 2 candidate C): ON

Generating 500 random ideal lattice pairs (bitsize=254)...
Mode: alg2
  Set 1: 3912.13 ms
  Set 2: 4378.43 ms
Generation done.

T    |   Inp |  HNFint | MLLLtot   MLLLv   MLLLg |  GRMtot    GRMv    GRMg |  HNFms MLLLms  GRMms
-----+-------+---------+-------------------------+-------------------------+--------------------
0    |   254 |    4306 |    7082     507    7082 |    1014     507    1014 |    0.2   22.8    4.4
1    |   254 |    4297 |    7072     506    7072 |    1013     506    1013 |    0.1   23.7    4.4
2    |   255 |    4297 |    7051     506    7051 |    1013     506    1013 |    0.1   23.2    4.5
3    |   255 |    4303 |    7085     507    7085 |    1015     507    1015 |    0.2   23.6    4.5
4    |   255 |    4327 |    7091     509    7091 |    1017     509    1017 |    0.2   22.2    4.4
5    |   255 |    3802 |    7100     508    7100 |    1016     508    1016 |    0.2   17.2    3.9
6    |   253 |    4282 |    6054     505    6054 |    1010     505    1010 |    0.1   16.8    3.8
7    |   255 |    3293 |    7083     507    7083 |    1016     507    1016 |    0.1   23.7    4.5
8    |   255 |    4310 |    7073     507    7073 |    1015     507    1015 |    0.1   23.3    4.5
9    |   255 |    4320 |    7092     508    7092 |    1016     508    1016 |    0.1   24.3    4.6
10   |   255 |    4320 |    7079     507    7079 |    1015     507    1015 |    0.1   22.7    4.3
11   |   255 |    4319 |    7086     507    7086 |    1015     507    1015 |    0.1   23.2    4.3
12   |   255 |    3020 |    6061     506    6061 |    1012     506    1012 |    0.1   16.8    3.8
13   |   254 |    4304 |    7069     506    7069 |    1014     506    1014 |    0.2   23.3    4.4
14   |   255 |    4317 |    7086     509    7086 |    1016     508    1016 |    0.2   24.3    4.5
15   |   255 |    2772 |    6071     506    6071 |    1013     506    1013 |    0.1   17.7    3.9
16   |   253 |    4288 |    7058     506    7058 |    1011     506    1011 |    0.1   22.4    4.3
17   |   254 |    4278 |    6054     505    6054 |    1012     505    1012 |    0.1   17.2    3.8
18   |   255 |    4302 |    7072     508    7072 |    1017     508    1017 |    0.2   23.2    4.4
19   |   253 |    4272 |    6045     505    6045 |    1010     505    1010 |    0.2   17.6    3.8
20   |   255 |    4311 |    7077     507    7077 |    1015     507    1015 |    0.2   24.2    4.5
21   |   255 |    4291 |    6069     506    6069 |    1012     506    1012 |    0.1   17.5    3.9
22   |   254 |    4295 |    7061     506    7061 |    1012     506    1012 |    0.1   23.7    4.5
23   |   255 |    4325 |    7090     508    7090 |    1016     508    1016 |    0.2   24.3    4.4
24   |   255 |    4315 |    7076     508    7076 |    1015     508    1015 |    0.2   24.5    4.5
25   |   255 |    4320 |    7094     508    7094 |    1015     508    1015 |    0.2   24.2    4.6
26   |   255 |    4322 |    7083     508    7083 |    1017     508    1017 |    0.1   33.8    4.9
27   |   254 |    4275 |    7034     507    7034 |    1015     507    1015 |    0.2   21.8    3.9
28   |   255 |    4302 |    7071     508    7071 |    1015     508    1015 |    0.2   18.8    4.0
29   |   254 |    2771 |    6066     506    6066 |    1012     506    1012 |    0.3   18.2    3.9
30   |   255 |    4327 |    7086     509    7086 |    1018     509    1018 |    0.2   25.1    4.6
31   |   254 |    4301 |    7057     506    7057 |    1013     507    1013 |    0.2   24.1    4.6
32   |   255 |    4304 |    7077     507    7077 |    1016     507    1016 |    0.2   23.8    4.6
33   |   255 |    4295 |    6077     507    6077 |    1013     507    1013 |    0.2   18.1    3.9
34   |   255 |    2762 |    6038     506    6038 |    1013     506    1013 |    0.2   17.4    3.9
35   |   255 |    4312 |    7079     508    7079 |    1015     508    1015 |    0.1   25.4    4.5
36   |   255 |    3297 |    7078     508    7078 |    1016     508    1016 |    0.2   18.6    3.8
37   |   255 |    4319 |    7077     508    7077 |    1017     508    1017 |    0.2   24.4    4.4
38   |   255 |    4298 |    7054     506    7054 |    1013     506    1013 |    0.1   23.6    4.4
39   |   255 |    4311 |    7076     507    7076 |    1015     507    1015 |    0.2   23.9    4.6
40   |   254 |    3786 |    7053     508    7053 |    1016     508    1016 |    0.2   18.0    3.9
41   |   254 |    3241 |    6025     506    6025 |    1012     506    1012 |    0.2   18.1    3.9
42   |   255 |    4319 |    7087     507    7087 |    1016     507    1016 |    0.2   24.0    4.6
43   |   255 |    2776 |    6065     507    6065 |    1014     507    1014 |    0.2   17.8    3.9
44   |   255 |    4310 |    7064     509    7064 |    1019     509    1019 |    0.2   22.6    4.3
45   |   255 |    4320 |    7084     508    7084 |    1017     508    1017 |    0.2   24.0    4.6
46   |   254 |    4294 |    7056     505    7056 |    1012     505    1012 |    0.2   24.4    4.5
47   |   255 |    4323 |    7088     508    7088 |    1015     508    1015 |    0.2   23.5    4.6
48   |   255 |    4324 |    7099     508    7099 |    1016     508    1016 |    0.2   24.5    4.6
49   |   255 |    4319 |    7095     507    7095 |    1015     507    1015 |    0.2   24.6    4.6
50   |   254 |    4278 |    6054     506    6054 |    1012     506    1012 |    0.2   17.5    3.8
51   |   255 |    3247 |    6000     506    6000 |    1013     506    1013 |    0.2   17.0    3.7
52   |   255 |    4310 |    7077     508    7077 |    1015     508    1015 |    0.2   23.6    4.5
53   |   255 |    4320 |    7096     508    7096 |    1015     508    1015 |    0.2   24.1    6.4
54   |   254 |    4299 |    7074     506    7074 |    1012     506    1012 |    0.2   25.6    4.5
55   |   255 |    3022 |    6073     507    6073 |    1013     507    1013 |    0.2   17.4    4.0
56   |   254 |    4296 |    7076     506    7076 |    1012     506    1012 |    0.2   24.0    4.3
57   |   255 |    4317 |    7080     508    7080 |    1016     508    1016 |    0.2   24.0    4.5
58   |   255 |    4329 |    7096     508    7096 |    1017     508    1017 |    0.2   22.9    4.4
59   |   255 |    4319 |    6084     507    6084 |    1015     507    1015 |    0.2   18.1    4.0
60   |   255 |    4311 |    7077     507    7077 |    1015     507    1015 |    0.2   23.8    4.5
61   |   255 |    4303 |    7050     507    7050 |    1016     507    1016 |    0.2   23.2    4.4
62   |   255 |    2764 |    6053     506    6053 |    1012     506    1012 |    0.1   17.2    3.8
63   |   255 |    4312 |    7074     508    7074 |    1017     508    1017 |    0.1   23.5    4.4
64   |   255 |    4308 |    7083     507    7083 |    1014     507    1014 |    0.2   23.5    4.5
65   |   255 |    4323 |    7083     508    7083 |    1017     508    1017 |    0.1   22.8    4.3
66   |   255 |    4312 |    7084     507    7084 |    1014     507    1014 |    0.1   22.7    4.4
67   |   253 |    4279 |    6049     505    6049 |    1010     505    1010 |    0.1   17.4    3.8
68   |   254 |    4270 |    7007     505    7007 |    1012     505    1012 |    0.1   23.0    4.5
69   |   255 |    4315 |    6083     507    6083 |    1015     507    1015 |    0.2   17.5    3.8
70   |   255 |    4317 |    7076     507    7076 |    1015     507    1015 |    0.1   23.2    4.4
71   |   254 |    4300 |    7071     506    7071 |    1012     506    1012 |    0.1   23.4    4.4
72   |   255 |    2771 |    6063     506    6063 |    1013     506    1013 |    0.1   17.0    3.7
73   |   254 |    3016 |    6062     506    6062 |    1012     506    1012 |    0.1   17.2    3.8
74   |   254 |    3014 |    6049     506    6049 |    1012     506    1012 |    0.1   16.8    3.7
75   |   254 |    4254 |    6031     506    6031 |    1012     506    1012 |    0.2   16.7    3.6
76   |   255 |    3032 |    7082     507    7082 |    1016     507    1016 |    0.1   16.7    3.8
77   |   255 |    4327 |    7083     508    7083 |    1017     508    1017 |    0.1   23.2    4.4
78   |   255 |    4300 |    7073     508    7073 |    1016     508    1016 |    0.2   24.0    4.5
79   |   255 |    4316 |    7081     508    7081 |    1016     508    1016 |    0.2   23.7    4.5
80   |   255 |    4320 |    7091     508    7091 |    1015     508    1015 |    0.2   23.5    4.4
81   |   255 |    3556 |    7083     508    7083 |    1017     508    1017 |    0.2   17.4    3.7
82   |   255 |    4298 |    7075     506    7075 |    1013     506    1013 |    0.2   23.5    4.4
83   |   255 |    4318 |    7090     507    7090 |    1015     507    1015 |    0.2   24.3    4.6
84   |   255 |    3263 |    6046     506    6046 |    1013     506    1013 |    0.2   17.9    3.9
85   |   254 |    4308 |    7077     507    7077 |    1014     507    1014 |    0.2   24.9    4.7
86   |   254 |    4290 |    7052     505    7052 |    1012     505    1012 |    0.2   23.8    4.6
87   |   252 |    4266 |    6040     505    6040 |    1010     505    1010 |    0.2   17.0    3.9
88   |   255 |    4310 |    7081     507    7081 |    1015     507    1015 |    0.2   23.7    4.6
89   |   255 |    4312 |    7082     506    7082 |    1014     507    1014 |    0.2   24.6    4.6
90   |   255 |    4305 |    7064     506    7064 |    1013     506    1013 |    0.2   23.3    4.3
91   |   255 |    4321 |    7084     507    7084 |    1015     508    1015 |    0.1   24.0    4.5
92   |   255 |    4298 |    7058     505    7058 |    1012     506    1012 |    0.2   24.2    4.7
93   |   255 |    4314 |    7082     507    7082 |    1014     507    1014 |    0.2   24.4    4.5
94   |   255 |    4320 |    7082     508    7082 |    1017     508    1017 |    0.2   18.1    3.9
95   |   254 |    4300 |    7076     507    7076 |    1014     507    1014 |    0.2   23.8    4.5
96   |   255 |    4320 |    7089     508    7089 |    1016     508    1016 |    0.2   23.7    4.5
97   |   255 |    2791 |    7067     508    7067 |    1017     508    1017 |    0.2   18.3    3.9
98   |   254 |    4305 |    7075     507    7075 |    1014     507    1014 |    0.2   24.4    4.6
99   |   255 |    4295 |    7077     506    7077 |    1013     506    1013 |    0.2   24.2    4.4
100  |   255 |    2769 |    6062     506    6062 |    1013     506    1013 |    0.2   17.5    3.8
101  |   253 |    4271 |    6037     505    6037 |    1011     505    1011 |    0.1   17.1    3.8
102  |   255 |    4320 |    7089     507    7089 |    1015     507    1015 |    0.2   22.6    4.5
103  |   255 |    2778 |    6073     506    6073 |    1013     506    1013 |    0.2   17.7    3.8
104  |   254 |    4224 |    6001     506    6001 |    1012     506    1012 |    0.2   16.9    3.7
105  |   255 |    4310 |    7075     507    7075 |    1014     507    1014 |    0.2   24.0    4.4
106  |   254 |    4306 |    7080     507    7080 |    1013     507    1013 |    0.2   26.8    4.6
107  |   254 |    4296 |    7063     506    7063 |    1014     506    1014 |    0.2   23.9    4.7
108  |   255 |    4320 |    7088     507    7088 |    1016     508    1016 |    0.3   26.9    4.5
109  |   255 |    2778 |    7080     506    7080 |    1014     507    1014 |    0.2   24.1    4.5
110  |   255 |    4315 |    7074     507    7074 |    1014     507    1014 |    0.2   24.4    4.6
111  |   253 |    4290 |    7067     505    7067 |    1012     506    1012 |    0.2   24.3    4.5
112  |   255 |    3296 |    7082     507    7082 |    1014     507    1014 |    0.2   18.0    3.8
113  |   255 |    4322 |    7085     508    7085 |    1016     508    1016 |    0.2   24.0    4.4
114  |   255 |    3278 |    7056     507    7056 |    1015     508    1015 |    0.2   18.3    3.9
115  |   255 |    4277 |    6055     506    6055 |    1013     506    1013 |    0.2   17.1    3.8
116  |   253 |    4291 |    7069     505    7069 |    1012     506    1012 |    0.2   24.5    4.6
117  |   255 |    4280 |    6054     506    6054 |    1013     506    1013 |    0.2   17.6    3.9
118  |   255 |    4328 |    7097     508    7097 |    1016     508    1016 |    0.2   23.7    4.6
119  |   254 |    4310 |    7079     507    7079 |    1014     507    1014 |    0.2   23.3    4.4
120  |   255 |    4317 |    7084     508    7084 |    1016     508    1016 |    0.2   24.0    4.4
121  |   255 |    4304 |    7079     506    7079 |    1014     507    1014 |    0.2   24.0    4.4
122  |   255 |    4308 |    7063     507    7063 |    1014     507    1014 |    0.2   24.0    4.6
123  |   254 |    4294 |    7066     506    7066 |    1011     506    1011 |    0.2   27.8    4.5
124  |   255 |    4318 |    7081     507    7081 |    1015     507    1015 |    0.2   25.6    5.9
125  |   255 |    4321 |    7077     509    7077 |    1018     509    1018 |    0.2   24.6    4.4
126  |   254 |    4296 |    6068     506    6068 |    1012     506    1012 |    0.2   17.1    4.0
127  |   254 |    4270 |    6044     507    6044 |    1014     507    1014 |    0.2   17.3    3.7
128  |   255 |    4315 |    7087     508    7087 |    1015     507    1015 |    0.2   23.4    4.6
129  |   254 |    4303 |    7076     506    7076 |    1012     506    1012 |    0.2   24.4    4.6
130  |   255 |    4307 |    7083     507    7083 |    1014     507    1014 |    0.2   26.1    4.8
131  |   255 |    4304 |    7082     507    7082 |    1014     507    1014 |    0.2   24.3    4.5
132  |   255 |    4309 |    7079     507    7079 |    1015     507    1015 |    0.2   18.4    4.0
133  |   255 |    4316 |    7077     507    7077 |    1014     507    1014 |    0.2   23.7    4.4
134  |   255 |    4317 |    7076     507    7076 |    1014     507    1014 |    0.2   23.9    4.4
135  |   255 |    4319 |    7090     508    7090 |    1016     508    1016 |    0.2   25.7    4.5
136  |   255 |    4317 |    7078     508    7078 |    1016     508    1016 |    0.2   23.4    4.4
137  |   255 |    2781 |    7077     507    7077 |    1014     507    1014 |    0.2   25.1    4.6
138  |   255 |    4319 |    7084     508    7084 |    1015     508    1015 |    0.2   23.4    5.2
139  |   255 |    4310 |    7069     508    7069 |    1015     508    1015 |    0.2   23.9    4.5
140  |   254 |    4296 |    7068     506    7068 |    1013     506    1013 |    0.2   24.0    4.5
141  |   255 |    4310 |    7088     507    7088 |    1014     507    1014 |    0.2   24.4    4.8
142  |   255 |    4323 |    7087     509    7087 |    1018     509    1018 |    0.2   23.6    4.5
143  |   255 |    3023 |    7084     507    7084 |    1014     507    1014 |    0.2   23.4    4.4
144  |   255 |    4321 |    7092     507    7092 |    1016     508    1016 |    0.2   24.4    4.7
145  |   253 |    4291 |    7073     506    7073 |    1013     506    1013 |    0.2   23.4    5.1
146  |   255 |    4313 |    7082     507    7082 |    1015     507    1015 |    0.2   23.7    4.5
147  |   255 |    4262 |    6036     507    6036 |    1014     507    1014 |    0.1   16.4    3.8
148  |   255 |    4327 |    7098     508    7098 |    1016     508    1016 |    0.2   23.6    4.5
149  |   255 |    3022 |    6075     506    6075 |    1013     506    1013 |    0.2   17.0    3.9
150  |   255 |    4314 |    7076     507    7076 |    1013     507    1013 |    0.1   23.1    4.5
151  |   255 |    4321 |    7091     508    7091 |    1016     508    1016 |    0.2   24.1    4.5
152  |   255 |    4223 |    6009     506    6009 |    1013     506    1013 |    0.1   16.5    3.7
153  |   254 |    2787 |    7065     508    7065 |    1016     508    1016 |    0.2   17.6    3.8
154  |   254 |    4291 |    7072     506    7072 |    1012     506    1012 |    0.2   23.1    4.4
155  |   255 |    3541 |    7077     508    7077 |    1016     508    1016 |    0.2   24.6    4.6
156  |   255 |    4324 |    7092     507    7092 |    1016     508    1016 |    0.2   23.3    5.2
157  |   255 |    3540 |    7080     507    7080 |    1015     507    1015 |    0.2   24.2    4.5
158  |   255 |    4305 |    7063     507    7063 |    1015     507    1015 |    0.2   23.1    4.5
159  |   255 |    3271 |    6054     507    6054 |    1013     506    1013 |    0.2   18.0    3.9
160  |   255 |    4296 |    7066     508    7066 |    1016     508    1016 |    0.2   18.2    3.8
161  |   255 |    4318 |    7086     507    7086 |    1015     507    1015 |    0.2   23.0    4.4
162  |   255 |    4263 |    7033     508    7033 |    1015     508    1015 |    0.2   17.5    3.8
163  |   255 |    4319 |    7089     507    7089 |    1015     508    1015 |    0.2   24.0    4.5
164  |   255 |    4323 |    7087     508    7087 |    1017     508    1017 |    0.1   22.9    4.4
165  |   255 |    4295 |    6053     506    6053 |    1012     506    1012 |    0.1   17.6    4.0
166  |   255 |    4304 |    7083     507    7083 |    1014     507    1014 |    0.2   25.4    4.4
167  |   255 |    4323 |    7090     507    7090 |    1016     507    1016 |    0.1   26.1    4.5
168  |   255 |    4322 |    7081     508    7081 |    1017     508    1017 |    0.2   23.2    4.3
169  |   255 |    4309 |    7077     507    7077 |    1014     507    1014 |    0.2   24.1    4.4
170  |   255 |    4322 |    7096     507    7096 |    1015     507    1015 |    0.2   24.4    4.5
171  |   255 |    4309 |    7075     507    7075 |    1014     507    1014 |    0.2   23.7    4.7
172  |   254 |    2774 |    6066     506    6066 |    1013     506    1013 |    0.2   17.2    3.9
173  |   255 |    4314 |    7081     507    7081 |    1015     507    1015 |    0.2   23.0    4.5
174  |   254 |    4296 |    7072     506    7072 |    1013     506    1013 |    0.2   24.5    4.6
175  |   254 |    4300 |    7080     507    7080 |    1013     507    1013 |    0.2   23.2    4.5
176  |   255 |    4321 |    7091     508    7091 |    1016     508    1016 |    0.2   23.1    4.4
177  |   255 |    4310 |    7083     507    7083 |    1014     507    1014 |    0.2   23.7    4.5
178  |   255 |    4293 |    6071     506    6071 |    1013     506    1013 |    0.2   17.2    3.9
179  |   254 |    4306 |    7076     506    7076 |    1013     506    1013 |    0.2   22.7    4.5
180  |   255 |    4315 |    7080     507    7080 |    1014     507    1014 |    0.2   24.6    4.4
181  |   255 |    4320 |    7098     508    7098 |    1015     508    1015 |    0.2   23.6    4.4
182  |   254 |    4310 |    7078     507    7078 |    1014     507    1014 |    0.2   23.4    4.4
183  |   254 |    4311 |    7082     506    7082 |    1013     507    1013 |    0.2   30.1    4.7
184  |   255 |    4304 |    7062     507    7062 |    1013     507    1013 |    0.2   24.4    4.5
185  |   253 |    3242 |    7021     505    7021 |    1010     505    1010 |    0.2   16.3    3.7
186  |   255 |    3533 |    7076     506    7076 |    1013     507    1013 |    0.2   23.5    4.5
187  |   254 |    4299 |    7074     506    7074 |    1014     506    1014 |    0.2   23.5    4.5
188  |   255 |    4324 |    7089     508    7089 |    1016     508    1016 |    0.2   23.9    4.6
189  |   255 |    4300 |    7078     506    7078 |    1013     506    1013 |    0.2   24.1    4.6
190  |   255 |    4303 |    7066     508    7066 |    1016     508    1016 |    0.2   24.7    4.6
191  |   254 |    3017 |    6055     506    6055 |    1012     506    1012 |    0.2   17.8    4.0
192  |   254 |    4294 |    6068     507    6068 |    1013     507    1013 |    0.2   17.6    4.0
193  |   255 |    4309 |    7083     507    7083 |    1014     507    1014 |    0.2   24.4    4.6
194  |   255 |    3518 |    6056     506    6056 |    1013     506    1013 |    0.2   17.6    3.8
195  |   255 |    4327 |    7085     509    7085 |    1017     509    1017 |    0.1   23.8    4.5
196  |   255 |    4326 |    7084     509    7084 |    1019     509    1019 |    0.1   23.5    4.5
197  |   255 |    3028 |    6075     507    6075 |    1014     507    1014 |    0.1   17.5    3.9
198  |   255 |    4311 |    7072     508    7072 |    1015     507    1015 |    0.1   23.8    4.5
199  |   255 |    3021 |    6064     507    6064 |    1013     507    1013 |    0.1   17.4    3.8
200  |   255 |    4322 |    7089     508    7089 |    1015     508    1015 |    0.1   22.2    4.4
201  |   255 |    2782 |    7083     508    7083 |    1016     508    1016 |    0.2   23.3    4.6
202  |   255 |    3014 |    6033     507    6033 |    1014     507    1014 |    0.1   17.3    3.8
203  |   255 |    4299 |    6073     507    6073 |    1014     507    1014 |    0.1   16.9    3.9
204  |   255 |    3557 |    7081     508    7081 |    1017     508    1017 |    0.2   17.6    3.8
205  |   255 |    4274 |    6053     506    6053 |    1013     506    1013 |    0.1   18.2    4.0
206  |   255 |    4316 |    7073     507    7073 |    1014     507    1014 |    0.1   23.0    4.4
207  |   254 |    4302 |    7074     506    7074 |    1013     507    1013 |    0.1   25.1    4.6
208  |   255 |    4307 |    7076     506    7076 |    1012     506    1012 |    0.2   23.9    4.5
209  |   255 |    4318 |    7091     507    7091 |    1015     507    1015 |    0.2   17.8    4.0
210  |   255 |    4313 |    7078     508    7078 |    1015     508    1015 |    0.2   24.6    4.6
211  |   255 |    4323 |    7087     508    7087 |    1016     508    1016 |    0.2   25.2    4.7
212  |   253 |    4253 |    6037     505    6037 |    1011     505    1011 |    0.2   17.3    3.8
213  |   255 |    2793 |    7091     508    7091 |    1017     508    1017 |    0.2   25.1    4.7
214  |   255 |    4314 |    7078     507    7078 |    1015     507    1015 |    0.2   22.5    4.3
215  |   253 |    4281 |    6055     506    6055 |    1011     506    1011 |    0.1   17.4    3.9
216  |   255 |    3291 |    7081     507    7081 |    1016     507    1016 |    0.1   23.1    4.4
217  |   254 |    3522 |    7069     507    7069 |    1015     507    1015 |    0.2   17.0    3.7
218  |   255 |    4312 |    7076     508    7076 |    1016     508    1016 |    0.2   23.3    4.5
219  |   255 |    4320 |    7090     508    7090 |    1016     508    1016 |    0.2   23.6    4.5
220  |   255 |    4299 |    7063     506    7063 |    1013     506    1013 |    0.2   23.1    4.5
221  |   255 |    3013 |    6049     506    6049 |    1013     506    1013 |    0.1   17.2    3.8
222  |   255 |    3010 |    6046     507    6046 |    1015     507    1015 |    0.1   17.7    3.9
223  |   255 |    4316 |    7080     508    7080 |    1016     508    1016 |    0.1   23.8    4.5
224  |   255 |    4302 |    7076     506    7076 |    1015     507    1015 |    0.2   23.9    7.0
225  |   252 |    4272 |    6043     505    6043 |    1010     505    1010 |    0.2   23.8    4.1
226  |   255 |    4325 |    7089     508    7089 |    1016     508    1016 |    0.2   25.1    4.5
227  |   255 |    3024 |    6072     506    6072 |    1013     506    1013 |    0.2   17.8    4.0
228  |   255 |    4320 |    7086     507    7086 |    1014     507    1014 |    0.1   24.1    4.5
229  |   254 |    4298 |    7070     506    7070 |    1013     507    1013 |    0.2   23.8    4.5
230  |   254 |    4309 |    7083     507    7083 |    1014     507    1014 |    0.1   24.0    4.5
231  |   255 |    4306 |    7076     507    7076 |    1014     507    1014 |    0.2   24.0    4.6
232  |   255 |    4295 |    7041     507    7041 |    1015     507    1015 |    0.2   24.4    4.6
233  |   255 |    4304 |    7082     507    7082 |    1014     507    1014 |    0.2   23.4    4.5
234  |   255 |    4322 |    7088     508    7088 |    1015     508    1015 |    0.2   24.4    4.5
235  |   255 |    4320 |    7089     508    7089 |    1015     508    1015 |    0.2   23.5    4.5
236  |   255 |    4313 |    7082     508    7082 |    1016     508    1016 |    0.2   23.4    4.6
237  |   255 |    3280 |    7022     508    7022 |    1016     508    1016 |    0.2   16.9    3.7
238  |   255 |    4325 |    7084     509    7084 |    1018     509    1018 |    0.1   23.7    4.6
239  |   254 |    4307 |    7083     507    7083 |    1014     507    1014 |    0.2   23.8    4.4
240  |   255 |    4291 |    6066     506    6066 |    1013     506    1013 |    0.1   16.8    3.8
241  |   255 |    4301 |    7082     506    7082 |    1014     507    1014 |    0.2   23.4    4.5
242  |   255 |    3274 |    7011     509    7011 |    1018     509    1018 |    0.2   17.8    3.9
243  |   254 |    4303 |    7072     507    7072 |    1013     507    1013 |    0.1   23.6    4.5
244  |   254 |    3779 |    7037     506    7037 |    1013     506    1013 |    0.2   17.8    3.9
245  |   254 |    4300 |    7065     509    7065 |    1018     509    1018 |    0.2   21.9    4.4
246  |   255 |    4314 |    7091     508    7091 |    1015     508    1015 |    0.2   24.4    4.5
247  |   255 |    4326 |    7093     508    7093 |    1015     508    1015 |    0.1   17.0    3.9
248  |   255 |    4322 |    7092     508    7092 |    1016     508    1016 |    0.2   24.3    4.5
249  |   255 |    4307 |    7073     507    7073 |    1014     507    1014 |    0.1   23.1    4.4
250  |   255 |    2774 |    6066     506    6066 |    1013     506    1013 |    0.1   17.0    3.9
251  |   252 |    4267 |    6040     506    6040 |    1011     506    1011 |    0.2   17.4    3.9
252  |   255 |    3036 |    7089     507    7089 |    1015     507    1015 |    0.2   24.3    4.6
253  |   254 |    4300 |    7079     506    7079 |    1014     506    1014 |    0.1   23.3    4.5
254  |   255 |    4306 |    7078     507    7078 |    1014     507    1014 |    0.2   23.6    4.5
255  |   255 |    4315 |    7085     507    7085 |    1013     507    1013 |    0.1   22.3    4.4
256  |   254 |    4295 |    7063     506    7063 |    1012     506    1012 |    0.2   23.4    4.5
257  |   253 |    4283 |    6059     505    6059 |    1011     505    1011 |    0.2   17.8    3.9
258  |   254 |    4290 |    7062     506    7062 |    1011     506    1011 |    0.1   23.7    4.6
259  |   255 |    4320 |    7091     508    7091 |    1015     508    1015 |    0.2   23.9    4.5
260  |   254 |    4297 |    6071     507    6071 |    1014     507    1014 |    0.1   16.7    3.9
261  |   255 |    4320 |    7087     507    7087 |    1014     507    1014 |    0.1   23.9    4.5
262  |   255 |    4316 |    7067     506    7067 |    1017     508    1017 |    0.2   23.1    4.4
263  |   255 |    4312 |    7083     508    7083 |    1016     508    1016 |    0.1   23.4    4.5
264  |   255 |    4293 |    7053     506    7053 |    1013     506    1013 |    0.1   22.1    4.3
265  |   254 |    4296 |    7059     507    7059 |    1015     507    1015 |    0.2   17.2    3.9
266  |   254 |    4306 |    7074     506    7074 |    1013     506    1013 |    0.2   23.3    4.5
267  |   255 |    4275 |    6053     506    6053 |    1013     506    1013 |    0.2   17.7    4.2
268  |   253 |    4280 |    6054     505    6054 |    1011     505    1011 |    0.2   21.2    4.0
269  |   255 |    4310 |    7080     506    7080 |    1013     506    1013 |    0.2   24.7    4.6
270  |   255 |    2782 |    7084     508    7084 |    1015     508    1015 |    0.2   27.4    4.6
271  |   255 |    4317 |    7088     507    7088 |    1014     507    1014 |    0.2   25.2    4.5
272  |   255 |    4305 |    7084     507    7084 |    1015     507    1015 |    0.2   25.5    4.5
273  |   254 |    4267 |    7009     506    7009 |    1014     506    1014 |    0.2   22.8    4.4
274  |   255 |    4329 |    7094     508    7094 |    1017     508    1017 |    0.2   23.3    4.5
275  |   255 |    4325 |    7089     508    7089 |    1017     508    1017 |    0.2   24.3    4.6
276  |   252 |    3256 |    6039     505    6039 |    1010     505    1010 |    0.2   17.1    3.9
277  |   255 |    4287 |    6067     506    6067 |    1013     506    1013 |    0.2   17.7    3.9
278  |   253 |    4291 |    7064     506    7064 |    1011     506    1011 |    0.2   24.4    4.6
279  |   255 |    4315 |    7083     507    7083 |    1014     507    1014 |    0.2   23.9    4.5
280  |   255 |    3032 |    7081     508    7081 |    1016     508    1016 |    0.2   24.8    4.7
281  |   255 |    3293 |    7061     509    7061 |    1018     509    1018 |    0.2   17.6    3.8
282  |   255 |    2788 |    7085     507    7085 |    1015     507    1015 |    0.2   23.6    4.5
283  |   254 |    4298 |    7060     508    7060 |    1017     508    1017 |    0.2   23.7    4.7
284  |   254 |    4308 |    7074     507    7074 |    1014     507    1014 |    0.2   25.0    4.6
285  |   255 |    4322 |    7093     507    7093 |    1015     507    1015 |    0.2   17.8    3.9
286  |   254 |    2785 |    7031     509    7031 |    1018     509    1018 |    0.2   18.7    3.9
287  |   254 |    4300 |    7070     506    7070 |    1012     506    1012 |    0.2   23.3    4.4
288  |   254 |    4292 |    7051     505    7051 |    1012     506    1012 |    0.2   24.6    4.6
289  |   255 |    4317 |    7071     508    7071 |    1016     508    1016 |    0.2   23.3    4.4
290  |   255 |    4302 |    7063     506    7063 |    1013     506    1013 |    0.2   24.5    4.6
291  |   255 |    3305 |    7090     509    7090 |    1018     509    1018 |    0.2   24.9    4.5
292  |   254 |    4288 |    7036     505    7036 |    1013     505    1013 |    0.2   22.5    4.4
293  |   255 |    4311 |    7081     507    7081 |    1014     507    1014 |    0.2   24.5    4.7
294  |   255 |    4323 |    7083     508    7083 |    1017     508    1017 |    0.2   24.1    4.5
295  |   255 |    4320 |    7084     508    7084 |    1016     508    1016 |    0.2   24.4    4.5
296  |   254 |    4306 |    7082     507    7082 |    1014     507    1014 |    0.2   23.6    4.4
297  |   255 |    4310 |    7081     508    7081 |    1015     508    1015 |    0.2   23.6    5.0
298  |   255 |    4311 |    7077     509    7077 |    1017     509    1017 |    0.2   23.1    4.5
299  |   255 |    4306 |    7086     507    7086 |    1015     507    1015 |    0.2   23.9    4.5
300  |   255 |    4322 |    7092     508    7092 |    1016     508    1016 |    0.2   24.0    4.6
301  |   255 |    3303 |    7074     508    7074 |    1017     508    1017 |    0.2   18.0    3.8
302  |   254 |    4310 |    7079     507    7079 |    1014     507    1014 |    0.2   24.0    4.7
303  |   255 |    4279 |    6060     507    6060 |    1013     507    1013 |    0.2   18.0    3.9
304  |   255 |    4324 |    7090     508    7090 |    1015     508    1015 |    0.2   24.2    4.5
305  |   255 |    4278 |    7038     507    7038 |    1015     507    1015 |    0.2   17.9    3.9
306  |   254 |    3284 |    7055     507    7055 |    1015     507    1015 |    0.2   18.1    4.0
307  |   255 |    4320 |    7083     507    7083 |    1015     507    1015 |    0.2   24.2    4.6
308  |   254 |    4299 |    7075     506    7075 |    1013     506    1013 |    0.2   24.5    4.7
309  |   255 |    4290 |    6070     507    6070 |    1015     507    1015 |    0.2   17.8    3.8
310  |   255 |    4310 |    7077     509    7077 |    1018     509    1018 |    0.2   23.4    4.4
311  |   255 |    3298 |    7089     507    7089 |    1014     507    1014 |    0.2   17.7    3.9
312  |   255 |    4296 |    6073     507    6073 |    1013     507    1013 |    0.2   18.0    3.9
313  |   254 |    4286 |    7051     506    7051 |    1014     506    1014 |    0.2   18.6    4.0
314  |   254 |    4276 |    7023     506    7023 |    1012     506    1012 |    0.2   22.8    4.4
315  |   255 |    4325 |    7093     508    7093 |    1016     508    1016 |    0.2   24.0    4.5
316  |   255 |    4315 |    7084     508    7084 |    1016     508    1016 |    0.2   24.4    4.6
317  |   255 |    4315 |    7076     507    7076 |    1015     507    1015 |    0.1   23.4    4.6
318  |   255 |    4318 |    7084     508    7084 |    1015     508    1015 |    0.2   25.1    4.5
319  |   255 |    2775 |    6071     507    6071 |    1014     507    1014 |    0.2   17.3    3.9
320  |   255 |    3291 |    7054     508    7054 |    1015     508    1015 |    0.2   19.0    4.1
321  |   255 |    2783 |    7083     507    7083 |    1014     507    1014 |    0.2   23.7    4.5
322  |   253 |    2761 |    7030     506    7030 |    1012     506    1012 |    0.2   17.8    4.0
323  |   255 |    4315 |    6082     507    6082 |    1014     507    1014 |    0.2   17.8    4.0
324  |   255 |    4325 |    7092     508    7092 |    1016     508    1016 |    0.2   23.8    4.5
325  |   255 |    3292 |    7074     508    7074 |    1017     508    1017 |    0.2   18.7    4.0
326  |   255 |    4320 |    7096     507    7096 |    1015     507    1015 |    0.1   24.4    4.6
327  |   254 |    4283 |    7059     506    7059 |    1014     506    1014 |    0.2   23.5    4.6
328  |   255 |    4316 |    7084     507    7084 |    1014     507    1014 |    0.1   23.8    4.5
329  |   255 |    4317 |    7086     507    7086 |    1015     507    1015 |    0.2   23.5    4.5
330  |   255 |    4312 |    7078     508    7078 |    1015     507    1015 |    0.2   25.1    4.6
331  |   255 |    3310 |    7088     508    7088 |    1017     508    1017 |    0.2   18.4    3.9
332  |   255 |    4309 |    7070     507    7070 |    1014     507    1014 |    0.1   23.4    4.4
333  |   255 |    4322 |    7092     508    7092 |    1015     508    1015 |    0.2   23.7    4.5
334  |   255 |    2788 |    7088     508    7088 |    1016     508    1016 |    0.1   23.7    4.4
335  |   255 |    4320 |    7091     507    7091 |    1014     507    1014 |    0.1   24.3    4.5
336  |   255 |    4320 |    7087     507    7087 |    1014     507    1014 |    0.2   24.1    4.5
337  |   255 |    4317 |    7087     507    7087 |    1014     507    1014 |    0.2   24.1    4.5
338  |   255 |    4306 |    7075     507    7075 |    1015     507    1015 |    0.2   24.0    4.5
339  |   255 |    3279 |    7083     507    7083 |    1014     507    1014 |    0.2   24.3    4.5
340  |   255 |    4312 |    7091     507    7091 |    1014     507    1014 |    0.2   24.1    4.5
341  |   255 |    4317 |    7085     508    7085 |    1016     508    1016 |    0.2   24.4    4.7
342  |   255 |    4313 |    7082     507    7082 |    1014     507    1014 |    0.2   23.8    4.4
343  |   255 |    3288 |    7081     507    7081 |    1014     507    1014 |    0.2   23.2    4.7
344  |   255 |    4305 |    7071     506    7071 |    1012     506    1012 |    0.2   23.4    4.4
345  |   255 |    4307 |    7079     507    7079 |    1015     507    1015 |    0.2   24.1    4.4
346  |   255 |    4317 |    7082     508    7082 |    1015     508    1015 |    0.2   23.8    4.5
347  |   255 |    4314 |    7079     507    7079 |    1014     507    1014 |    0.2   23.8    4.5
348  |   255 |    4311 |    7072     506    7072 |    1013     506    1013 |    0.2   24.2    4.6
349  |   255 |    4314 |    7082     508    7082 |    1015     508    1015 |    0.1   23.8    4.5
350  |   255 |    3028 |    7076     508    7076 |    1015     508    1015 |    0.2   24.2    4.5
351  |   255 |    4317 |    7087     507    7087 |    1014     507    1014 |    0.2   23.1    4.5
352  |   255 |    4287 |    6062     507    6062 |    1013     507    1013 |    0.1   18.0    3.9
353  |   255 |    4320 |    7099     508    7099 |    1015     508    1015 |    0.2   23.6    4.5
354  |   255 |    4305 |    7085     507    7085 |    1014     507    1014 |    0.2   23.6    4.4
355  |   252 |    4268 |    6043     506    6043 |    1012     506    1012 |    0.2   17.6    3.8
356  |   255 |    4321 |    7090     508    7090 |    1015     508    1015 |    0.2   24.0    4.5
357  |   254 |    4295 |    7060     506    7060 |    1012     506    1012 |    0.2   23.3    4.5
358  |   255 |    4314 |    6080     507    6080 |    1014     507    1014 |    0.2   17.3    4.0
359  |   255 |    2769 |    7057     506    7057 |    1013     506    1013 |    0.1   17.1    3.8
360  |   255 |    2777 |    7080     506    7080 |    1014     507    1014 |    0.1   23.6    4.4
361  |   254 |    4276 |    6051     505    6051 |    1012     505    1012 |    0.1   17.2    3.9
362  |   254 |    4290 |    7042     505    7042 |    1012     505    1012 |    0.1   23.8    4.7
363  |   255 |    3553 |    7074     508    7074 |    1016     508    1016 |    0.2   18.2    3.9
364  |   254 |    4309 |    7084     507    7084 |    1013     507    1013 |    0.2   24.2    4.6
365  |   254 |    4290 |    7052     506    7052 |    1012     506    1012 |    0.3   18.4    4.0
366  |   255 |    4329 |    7095     508    7095 |    1016     508    1016 |    0.2   25.4    4.7
367  |   255 |    3542 |    7072     507    7072 |    1014     507    1014 |    0.2   17.8    3.9
368  |   255 |    4319 |    7087     507    7087 |    1015     507    1015 |    0.2   23.1    4.3
369  |   255 |    4328 |    7100     508    7100 |    1016     508    1016 |    0.2   24.5    4.6
370  |   255 |    4312 |    7075     506    7075 |    1013     507    1013 |    0.2   23.8    4.5
371  |   255 |    4316 |    7087     507    7087 |    1015     507    1015 |    0.2   23.7    4.5
372  |   255 |    4319 |    7083     508    7083 |    1015     508    1015 |    0.2   23.5    4.5
373  |   255 |    4324 |    7094     509    7094 |    1017     509    1017 |    0.2   23.4    4.4
374  |   255 |    4315 |    7084     506    7084 |    1014     507    1014 |    0.2   24.6    4.5
375  |   255 |    4325 |    7087     508    7087 |    1017     509    1017 |    0.2   22.8    4.4
376  |   255 |    4315 |    7078     508    7078 |    1016     508    1016 |    0.2   25.6    4.5
377  |   255 |    4312 |    7084     507    7084 |    1014     507    1014 |    0.2   23.5    4.5
378  |   255 |    4305 |    7089     507    7089 |    1015     507    1015 |    0.2   23.8    4.6
379  |   254 |    4304 |    7078     507    7078 |    1014     507    1014 |    0.2   23.8    4.7
380  |   255 |    4320 |    7097     508    7097 |    1015     508    1015 |    0.2   24.3    4.5
381  |   255 |    4318 |    7093     507    7093 |    1015     507    1015 |    0.2   25.0    4.7
382  |   255 |    4311 |    7082     508    7082 |    1015     508    1015 |    0.2   18.0    4.0
383  |   255 |    4294 |    6070     507    6070 |    1013     507    1013 |    0.2   17.3    3.8
384  |   255 |    4326 |    7091     508    7091 |    1017     508    1017 |    0.2   23.8    4.5
385  |   255 |    4310 |    7078     508    7078 |    1015     508    1015 |    0.2   23.2    4.4
386  |   252 |    4264 |    6034     505    6034 |    1010     505    1010 |    0.2   16.2    3.7
387  |   255 |    3292 |    7065     508    7065 |    1017     508    1017 |    0.2   18.1    3.9
388  |   255 |    4309 |    7083     507    7083 |    1014     507    1014 |    0.2   23.6    4.5
389  |   255 |    3300 |    7084     508    7084 |    1016     508    1016 |    0.2   17.8    3.9
390  |   255 |    4315 |    7086     508    7086 |    1015     508    1015 |    0.2   23.8    4.5
391  |   254 |    4301 |    7078     507    7078 |    1013     507    1013 |    0.1   23.7    4.4
392  |   255 |    4311 |    7085     507    7085 |    1014     507    1014 |    0.1   23.8    4.5
393  |   255 |    2785 |    7071     508    7071 |    1017     508    1017 |    0.2   23.8    4.5
394  |   255 |    3555 |    7079     508    7079 |    1016     508    1016 |    0.2   18.9    3.9
395  |   255 |    4323 |    7097     507    7097 |    1015     507    1015 |    0.2   24.7    4.6
396  |   255 |    4311 |    7072     506    7072 |    1013     506    1013 |    0.1   24.3    4.6
397  |   254 |    4290 |    6066     506    6066 |    1012     506    1012 |    0.2   17.4    3.7
398  |   253 |    4282 |    6056     505    6056 |    1011     505    1011 |    0.2   17.5    3.9
399  |   254 |    4288 |    7041     506    7041 |    1014     506    1014 |    0.2   23.5    4.5
400  |   255 |    4322 |    7081     508    7081 |    1017     508    1017 |    0.1   24.6    4.6
401  |   255 |    4306 |    7082     507    7082 |    1014     507    1014 |    0.2   23.2    4.5
402  |   255 |    4299 |    7046     506    7046 |    1014     506    1014 |    0.1   23.6    4.5
403  |   255 |    4325 |    7081     509    7081 |    1017     509    1017 |    0.1   23.7    4.4
404  |   255 |    4314 |    7088     508    7088 |    1015     508    1015 |    0.1   24.0    4.4
405  |   255 |    4311 |    7072     507    7072 |    1014     507    1014 |    0.1   23.4    4.5
406  |   255 |    4323 |    7093     508    7093 |    1016     508    1016 |    0.2   23.1    4.5
407  |   255 |    4314 |    7083     506    7083 |    1013     506    1013 |    0.2   24.2    4.5
408  |   255 |    4323 |    7092     508    7092 |    1016     508    1016 |    0.2   23.9    4.6
409  |   255 |    4298 |    7080     507    7080 |    1013     507    1013 |    0.1   23.6    4.4
410  |   255 |    4322 |    7087     507    7087 |    1015     507    1015 |    0.1   24.5    4.6
411  |   254 |    4306 |    7079     507    7079 |    1013     507    1013 |    0.1   23.6    4.5
412  |   254 |    4301 |    7070     506    7070 |    1012     506    1012 |    0.2   23.4    4.4
413  |   255 |    3298 |    7081     507    7081 |    1014     507    1014 |    0.3   18.3    3.9
414  |   253 |    2991 |    6990     505    6990 |    1011     505    1011 |    0.1   17.4    3.7
415  |   254 |    3287 |    7051     507    7051 |    1014     507    1014 |    0.2   17.7    3.9
416  |   255 |    4327 |    7097     508    7097 |    1016     508    1016 |    0.1   23.8    4.5
417  |   255 |    4321 |    7089     507    7089 |    1015     507    1015 |    0.2   22.6    4.3
418  |   254 |    4284 |    6062     506    6062 |    1012     506    1012 |    0.2   17.4    3.8
419  |   255 |    4314 |    7080     508    7080 |    1016     508    1016 |    0.1   23.5    4.5
420  |   252 |    4265 |    6033     505    6033 |    1010     505    1010 |    0.2   17.4    3.9
421  |   255 |    3032 |    7086     508    7086 |    1015     508    1015 |    0.2   23.4    4.4
422  |   255 |    4303 |    7085     507    7085 |    1014     507    1014 |    0.1   23.1    4.4
423  |   254 |    3017 |    7070     506    7070 |    1012     506    1012 |    0.1   23.3    4.4
424  |   255 |    4313 |    7075     506    7075 |    1013     506    1013 |    0.1   23.3    4.5
425  |   255 |    4311 |    7082     507    7082 |    1015     507    1015 |    0.1   23.7    4.6
426  |   254 |    4306 |    7074     507    7074 |    1014     507    1014 |    0.1   22.3    4.2
427  |   253 |    4294 |    7067     506    7067 |    1012     506    1012 |    0.2   23.3    4.4
428  |   255 |    4315 |    7083     507    7083 |    1014     507    1014 |    0.1   22.7    4.4
429  |   255 |    4313 |    7068     507    7068 |    1014     507    1014 |    0.1   23.3    4.5
430  |   255 |    4300 |    7061     506    7061 |    1013     506    1013 |    0.1   22.2    4.3
431  |   253 |    4285 |    6055     505    6055 |    1011     505    1011 |    0.1   17.3    3.9
432  |   255 |    4319 |    7090     507    7090 |    1015     507    1015 |    0.1   27.0    4.9
433  |   255 |    4324 |    7095     508    7095 |    1015     508    1015 |    0.2   27.8    4.5
434  |   254 |    4299 |    7070     506    7070 |    1012     506    1012 |    0.2   24.1    4.5
435  |   254 |    3520 |    7037     507    7037 |    1014     507    1014 |    0.2   18.2    4.0
436  |   255 |    4309 |    7082     506    7082 |    1013     507    1013 |    0.2   24.2    4.5
437  |   255 |    4327 |    7086     508    7086 |    1016     508    1016 |    0.1   23.7    4.4
438  |   255 |    3288 |    7077     507    7077 |    1015     507    1015 |    0.2   23.9    4.5
439  |   255 |    4317 |    7081     508    7081 |    1015     508    1015 |    0.2   24.2    4.6
440  |   254 |    4299 |    7070     505    7070 |    1013     506    1013 |    0.2   23.9    4.5
441  |   254 |    4283 |    7038     505    7038 |    1012     505    1012 |    0.1   22.6    4.5
442  |   255 |    4304 |    7082     507    7082 |    1014     507    1014 |    0.1   22.9    4.5
443  |   254 |    4306 |    7076     506    7076 |    1013     506    1013 |    0.1   23.9    4.5
444  |   255 |    4296 |    6069     507    6069 |    1015     507    1015 |    0.1   17.2    3.8
445  |   255 |    4300 |    7066     506    7066 |    1012     506    1012 |    0.2   22.8    4.5
446  |   255 |    4321 |    7082     508    7082 |    1015     508    1015 |    0.1   24.4    4.6
447  |   253 |    4273 |    7055     505    7055 |    1011     505    1011 |    0.1   17.6    3.8
448  |   255 |    4299 |    7050     506    7050 |    1013     506    1013 |    0.2   24.0    4.5
449  |   255 |    4311 |    7068     507    7068 |    1014     507    1014 |    0.1   24.1    4.5
450  |   255 |    4316 |    7059     508    7059 |    1015     508    1015 |    0.2   23.2    4.5
451  |   255 |    4312 |    7083     507    7083 |    1015     507    1015 |    0.2   23.9    4.4
452  |   255 |    4300 |    7065     506    7065 |    1013     506    1013 |    0.2   24.5    4.6
453  |   254 |    2777 |    7078     506    7078 |    1013     506    1013 |    0.2   23.4    4.8
454  |   255 |    4317 |    7078     508    7078 |    1016     508    1016 |    0.2   23.1    4.4
455  |   255 |    4300 |    7058     506    7058 |    1013     506    1013 |    0.2   24.1    4.4
456  |   255 |    4276 |    6054     507    6054 |    1014     507    1014 |    0.2   17.6    3.8
457  |   255 |    4326 |    7087     508    7087 |    1016     508    1016 |    0.1   24.4    4.5
458  |   254 |    4300 |    7072     506    7072 |    1012     506    1012 |    0.2   27.3    4.7
459  |   255 |    4297 |    6073     506    6073 |    1013     506    1013 |    0.2   17.9    3.8
460  |   254 |    4289 |    7054     506    7054 |    1012     506    1012 |    0.2   23.2    4.6
461  |   255 |    4322 |    7090     508    7090 |    1016     508    1016 |    0.2   22.8    4.4
462  |   255 |    4315 |    7080     508    7080 |    1015     508    1015 |    0.1   24.2    4.5
463  |   255 |    4306 |    7071     506    7071 |    1013     506    1013 |    0.1   23.6    4.4
464  |   254 |    4298 |    6073     506    6073 |    1013     506    1013 |    0.2   17.5    4.0
465  |   255 |    3514 |    7029     507    7029 |    1015     507    1015 |    0.2   18.0    3.8
466  |   250 |    4223 |    5990     505    5990 |    1010     505    1010 |    0.2   16.6    3.7
467  |   255 |    3285 |    7081     507    7081 |    1015     507    1015 |    0.1   24.1    4.5
468  |   255 |    4312 |    7080     507    7080 |    1014     507    1014 |    0.1   23.2    4.8
469  |   254 |    3268 |    7055     506    7055 |    1012     506    1012 |    0.2   17.6    3.8
470  |   254 |    4298 |    7061     506    7061 |    1012     506    1012 |    0.1   24.6    4.6
471  |   255 |    4320 |    7092     507    7092 |    1015     508    1015 |    0.2   24.0    4.5
472  |   255 |    4311 |    7079     507    7079 |    1015     507    1015 |    0.2   23.9    4.6
473  |   255 |    4316 |    7085     507    7085 |    1014     507    1014 |    0.1   23.5    4.5
474  |   255 |    4302 |    7081     507    7081 |    1014     507    1014 |    0.2   23.6    4.5
475  |   255 |    4314 |    7082     508    7082 |    1015     508    1015 |    0.1   24.6    4.6
476  |   255 |    4315 |    7073     506    7073 |    1016     508    1016 |    0.2   23.3    4.4
477  |   255 |    4320 |    7087     508    7087 |    1016     508    1016 |    0.2   23.9    4.6
478  |   255 |    4317 |    7085     507    7085 |    1015     507    1015 |    0.2   24.1    4.6
479  |   255 |    2778 |    6074     507    6074 |    1014     507    1014 |    0.2   17.9    4.0
480  |   255 |    4317 |    7090     508    7090 |    1015     508    1015 |    0.1   23.8    4.5
481  |   255 |    3520 |    6070     506    6070 |    1013     507    1013 |    0.2   17.7    4.0
482  |   255 |    4324 |    7097     508    7097 |    1016     508    1016 |    0.1   24.6    4.8
483  |   255 |    4297 |    6074     506    6074 |    1013     506    1013 |    0.1   17.7    3.9
484  |   255 |    4301 |    7062     506    7062 |    1012     506    1012 |    0.1   22.9    4.4
485  |   254 |    4285 |    6061     506    6061 |    1012     506    1012 |    0.2   17.9    3.9
486  |   255 |    4316 |    7073     508    7073 |    1015     508    1015 |    0.2   24.7    4.6
487  |   255 |    3029 |    7077     507    7077 |    1015     507    1015 |    0.2   24.5    4.6
488  |   254 |    4305 |    7076     506    7076 |    1013     507    1013 |    0.2   24.3    4.6
489  |   255 |    4321 |    7091     507    7091 |    1015     507    1015 |    0.2   24.5    4.6
490  |   254 |    4301 |    7073     506    7073 |    1014     507    1014 |    0.2   24.1    4.5
491  |   255 |    2775 |    6071     507    6071 |    1013     507    1013 |    0.2   17.8    3.8
492  |   255 |    4307 |    7072     507    7072 |    1013     506    1013 |    0.1   24.1    4.5
493  |   255 |    3548 |    7094     507    7094 |    1016     508    1016 |    0.2   18.0    4.0
494  |   255 |    4301 |    7051     507    7051 |    1013     507    1013 |    0.1   23.4    4.5
495  |   255 |    2774 |    6064     506    6064 |    1013     506    1013 |    0.1   17.8    3.9
496  |   253 |    2763 |    7050     505    7050 |    1011     506    1011 |    0.2   17.7    3.9
497  |   253 |    4282 |    7044     505    7044 |    1011     505    1011 |    0.2   23.0    4.7
498  |   254 |    4300 |    7073     506    7073 |    1012     506    1012 |    0.2   23.7    4.4
499  |   254 |    4295 |    7061     506    7061 |    1012     506    1012 |    0.2   24.0    4.6
-----+-------+---------+-------------------------+-------------------------+--------------------

=== Summary ===
HNF  intermediate:  avg=4071  max=4329
MLLL total:         avg=6894  max=7100
MLLL vec coords:    avg=506  max=509  (Lemma 1 bounded)
MLLL GSO coeffs:    avg=6894  max=7100  (integral GSO overhead)
GRAM total:         avg=1014  max=1019
GRAM vec coords:    avg=507  max=509  (Lemma 1 bounded)
GRAM Gram entries:  avg=1014  max=1019  (Lemma 3 bound target)
Output bits:        HNF avg=254 max=255  MLLL avg=253 max=255  GRAM avg=253 max=255
Total time:         HNF=81.15ms  MLLL=11080.12ms  GRAM=2172.19ms  (GRAM/MLLL=0.20)
