=== MLLL vs HNF Intermediate Bit Size Benchmark ===
Level: 1, Norm bitsize: 127, Iterations: 30
GRAM prealloc (Phase 2 candidate B): ON
GRAM fp       (Phase 2 candidate C): OFF

Generating 30 random ideal lattice pairs (bitsize=127)...
Mode: alg2
  Set 1: 49.89 ms
  Set 2: 37.87 ms
Generation done.

T    |   Inp |  HNFint | MLLLtot   MLLLv   MLLLg |  GRMtot    GRMv    GRMg |  HNFms MLLLms  GRMms
-----+-------+---------+-------------------------+-------------------------+--------------------
0    |   128 |    2165 |    3520     253    3520 |     507     253     507 |    0.1    5.5    0.5
1    |   128 |    2151 |    3526     253    3526 |     506     253     506 |    0.1    5.3    0.5
2    |   128 |    1393 |    3532     253    3532 |     507     253     507 |    0.1    5.3    0.5
3    |   128 |    2156 |    3525     254    3525 |     507     254     507 |    0.1    5.3    0.5
4    |   128 |    2147 |    3512     253    3512 |     506     253     506 |    0.1    5.2    0.5
5    |   128 |    2152 |    3519     253    3519 |     506     253     506 |    0.1    5.0    0.4
6    |   128 |    2158 |    3521     253    3521 |     507     253     507 |    0.1    4.9    0.4
7    |   128 |    2154 |    3531     253    3531 |     507     253     507 |    0.1    5.4    0.4
8    |   127 |    2146 |    3516     253    3516 |     505     253     505 |    0.1    5.3    0.4
9    |   128 |    2150 |    3514     253    3514 |     507     253     507 |    0.1    5.2    0.4
10   |   127 |    2150 |    3524     253    3524 |     506     253     506 |    0.1    5.3    0.5
11   |   128 |    1376 |    3019     252    3019 |     504     252     504 |    0.1    4.1    0.4
12   |   128 |    2157 |    3527     254    3527 |     507     253     507 |    0.1    5.3    0.4
13   |   128 |    2155 |    3526     253    3526 |     506     253     506 |    0.1    5.1    0.4
14   |   128 |    2124 |    3008     253    3008 |     505     253     505 |    0.1    4.0    0.4
15   |   125 |    2098 |    2983     252    2983 |     504     252     504 |    0.1    4.0    0.4
16   |   128 |    2143 |    3520     253    3520 |     505     253     505 |    0.1    5.3    0.4
17   |   127 |    2143 |    3515     252    3515 |     504     252     504 |    0.1    5.1    0.4
18   |   127 |    2134 |    3501     251    3501 |     504     252     504 |    0.1    5.1    0.4
19   |   127 |    2154 |    3524     252    3524 |     505     252     505 |    0.1    5.2    0.5
20   |   127 |    2136 |    3504     251    3504 |     503     251     503 |    0.1    5.2    0.5
21   |   128 |    2158 |    3520     253    3520 |     507     253     507 |    0.1    5.0    0.4
22   |   127 |    2126 |    3490     251    3490 |     503     251     503 |    0.1    5.3    0.5
23   |   127 |    1366 |    2994     252    2994 |     504     252     504 |    0.1    3.9    0.4
24   |   128 |    2138 |    3492     252    3492 |     504     252     504 |    0.1    5.3    0.4
25   |   127 |    2137 |    3509     251    3509 |     503     252     503 |    0.1    5.5    0.5
26   |   128 |    2162 |    3532     253    3532 |     507     254     507 |    0.1    5.3    0.4
27   |   127 |    1500 |    3449     254    3449 |     509     254     509 |    0.1    4.1    0.4
28   |   128 |    2156 |    3522     253    3522 |     506     253     506 |    0.2    5.5    0.5
29   |   128 |    2158 |    3520     253    3520 |     506     253     506 |    0.1    5.3    0.5
-----+-------+---------+-------------------------+-------------------------+--------------------

=== Summary ===
HNF  intermediate:  avg=2048  max=2165
MLLL total:         avg=3446  max=3532
MLLL vec coords:    avg=252  max=254  (Lemma 1 bounded)
MLLL GSO coeffs:    avg=3446  max=3532  (integral GSO overhead)
GRAM total:         avg=505  max=509
GRAM vec coords:    avg=252  max=254  (Lemma 1 bounded)
GRAM Gram entries:  avg=505  max=509  (Lemma 3 bound target)
Output bits:        HNF avg=126 max=128  MLLL avg=125 max=127  GRAM avg=125 max=127
Total time:         HNF=3.29ms  MLLL=151.14ms  GRAM=13.19ms  (GRAM/MLLL=0.09)
