=== MLLL vs HNF Intermediate Bit Size Benchmark ===
Level: 1, Norm bitsize: 127, Iterations: 30
GRAM prealloc (Phase 2 candidate B): OFF
GRAM fp       (Phase 2 candidate C): OFF

Generating 30 random ideal lattice pairs (bitsize=127)...
Mode: alg3
  Set 1: 44.49 ms
Generation done.

T    |   Inp |  HNFint |  GRMtot    GRMv    GRMg |  HNFout  GRMout |  HNFms  GRMms
-----+-------+---------+-------------------------+-----------------+---------------
0    |   124 |     497 |     498     125     498 |     124     124 |    0.0    0.0
1    |   128 |     513 |     513     129     506 |     128     128 |    0.0    0.0
2    |   125 |     502 |     502     126     500 |     125     125 |    0.0    0.0
3    |   128 |     512 |     512     129     505 |     128     128 |    0.0    0.0
4    |   127 |     508 |     508     128     504 |     127     127 |    0.0    0.0
5    |   128 |     513 |     513     129     506 |     128     128 |    0.0    0.0
6    |   128 |     511 |     511     129     505 |     128     128 |    0.0    0.0
7    |   126 |     506 |     506     127     503 |     126     126 |    0.0    0.0
8    |   125 |     501 |     501     126     500 |     125     125 |    0.0    0.0
9    |   127 |     509 |     509     128     504 |     127     127 |    0.0    0.0
10   |   127 |     509 |     509     128     504 |     127     127 |    0.0    0.0
11   |   127 |     509 |     509     128     504 |     127     127 |    0.0    0.0
12   |   128 |     511 |     511     129     505 |     128     128 |    0.0    0.0
13   |   128 |     513 |     513     129     506 |     128     128 |    0.0    0.0
14   |   128 |     512 |     512     129     505 |     128     128 |    0.0    0.0
15   |   128 |     512 |     512     129     506 |     128     128 |    0.0    0.0
16   |   126 |     503 |     503     127     501 |     126     126 |    0.0    0.0
17   |   128 |     514 |     514     129     506 |     128     128 |    0.0    0.0
18   |   128 |     512 |     512     129     506 |     128     128 |    0.0    0.0
19   |   128 |     514 |     514     129     507 |     128     128 |    0.0    0.0
20   |   127 |     507 |     507     128     503 |     127     127 |    0.0    0.0
21   |   123 |     493 |     496     124     496 |     123     123 |    0.0    0.0
22   |   128 |     513 |     513     129     506 |     128     128 |    0.0    0.0
23   |   127 |     508 |     508     128     503 |     127     127 |    0.0    0.0
24   |   126 |     503 |     503     127     501 |     126     126 |    0.0    0.0
25   |   128 |     514 |     514     129     506 |     128     128 |    0.0    0.0
26   |   127 |     509 |     509     128     504 |     127     127 |    0.0    0.0
27   |   124 |     497 |     498     125     498 |     124     124 |    0.0    0.0
28   |   128 |     514 |     514     129     507 |     128     128 |    0.0    0.0
29   |   128 |     514 |     514     129     506 |     128     128 |    0.0    0.0

=== Alg 3 Summary ===
HNF  intermediate:  avg=508  max=514
GRAM total:         avg=508  max=514
GRAM vec coords:    avg=127  max=129  (Lemma 1)
GRAM Gram entries:  avg=503  max=507  (Lemma 3)
Output bits:        HNF avg=126 max=128  GRAM avg=126 max=128
Total time:         HNF=0.52ms  GRAM=0.35ms  (GRAM/HNF=0.67)
