=== MLLL vs HNF Intermediate Bit Size Benchmark ===
Level: 1, Norm bitsize: 127, Iterations: 30
GRAM prealloc (Phase 2 candidate B): OFF
GRAM fp       (Phase 2 candidate C): ON

Generating 30 random ideal lattice pairs (bitsize=127)...
Mode: alg2
  Set 1: 39.21 ms
  Set 2: 40.80 ms
Generation done.

T    |   Inp |  HNFint | MLLLtot   MLLLv   MLLLg |  GRMtot    GRMv    GRMg |  HNFms MLLLms  GRMms
-----+-------+---------+-------------------------+-------------------------+--------------------
0    |   128 |    1896 |    3520     253    3520 |     506     253     506 |    0.1    4.1    1.8
1    |   128 |    1369 |    3013     252    3013 |     505     252     505 |    0.1    3.8    1.8
2    |   128 |    2138 |    3495     252    3495 |     504     252     504 |    0.1    5.2    2.1
3    |   128 |    1641 |    3512     254    3512 |     508     254     508 |    0.1    4.0    1.8
4    |   127 |    2149 |    3520     253    3520 |     505     253     505 |    0.1    5.4    2.1
5    |   128 |    2164 |    3534     254    3534 |     507     254     507 |    0.1    5.2    2.1
6    |   128 |    1656 |    3524     254    3524 |     511     254     511 |    0.1    4.2    1.8
7    |   128 |    2154 |    3522     253    3522 |     506     253     506 |    0.1    5.1    2.1
8    |   128 |    2167 |    3534     254    3534 |     507     254     507 |    0.1    5.3    2.2
9    |   128 |    2146 |    3504     252    3504 |     504     252     504 |    0.1    5.1    2.1
10   |   128 |    2159 |    3531     253    3531 |     506     253     506 |    0.1    5.3    2.1
11   |   128 |    2155 |    3523     254    3523 |     508     254     508 |    0.1    5.3    2.2
12   |   127 |    2130 |    3017     252    3017 |     504     252     504 |    0.1    4.0    1.8
13   |   128 |    2148 |    3501     253    3501 |     505     253     505 |    0.1    4.8    2.0
14   |   127 |    2136 |    3510     251    3510 |     504     251     504 |    0.1    5.0    2.1
15   |   128 |    2150 |    3526     253    3526 |     507     253     507 |    0.1    5.4    2.2
16   |   127 |    2141 |    3511     251    3511 |     503     251     503 |    0.1    5.1    2.5
17   |   128 |    2125 |    2988     251    2988 |     504     251     504 |    0.1    3.8    1.8
18   |   128 |    2165 |    3536     253    3536 |     507     253     507 |    0.1    4.8    1.9
19   |   127 |    1495 |    3508     251    3508 |     504     251     504 |    0.1    5.0    2.0
20   |   125 |    2103 |    2985     251    2985 |     502     251     502 |    0.1    4.0    1.8
21   |   128 |    2147 |    3508     252    3508 |     505     252     505 |    0.1    5.3    2.2
22   |   128 |    1602 |    2984     252    2984 |     504     252     504 |    0.1    3.8    1.7
23   |   128 |    2100 |    3458     254    3458 |     508     254     508 |    0.1    4.0    1.8
24   |   128 |    2148 |    3502     252    3502 |     505     252     505 |    0.1    5.2    2.1
25   |   128 |    2158 |    3532     253    3532 |     507     253     507 |    0.1    5.3    2.2
26   |   128 |    2158 |    3523     254    3523 |     508     254     508 |    0.1    5.2    2.1
27   |   128 |    1642 |    3522     253    3522 |     506     253     506 |    0.1    4.2    1.8
28   |   128 |    2125 |    3469     252    3469 |     503     252     503 |    0.1    4.8    2.0
29   |   127 |    2114 |    3465     251    3465 |     503     251     503 |    0.1    5.1    2.0
-----+-------+---------+-------------------------+-------------------------+--------------------

=== Summary ===
HNF  intermediate:  avg=2019  max=2167
MLLL total:         avg=3425  max=3536
MLLL vec coords:    avg=252  max=254  (Lemma 1 bounded)
MLLL GSO coeffs:    avg=3425  max=3536  (integral GSO overhead)
GRAM total:         avg=505  max=511
GRAM vec coords:    avg=252  max=254  (Lemma 1 bounded)
GRAM Gram entries:  avg=505  max=511  (Lemma 3 bound target)
Output bits:        HNF avg=126 max=128  MLLL avg=125 max=128  GRAM avg=125 max=128
Total time:         HNF=3.22ms  MLLL=142.63ms  GRAM=60.28ms  (GRAM/MLLL=0.42)
