=== MLLL vs HNF Intermediate Bit Size Benchmark ===
Level: 1, Norm bitsize: 127, Iterations: 30
GRAM prealloc (Phase 2 candidate B): OFF
GRAM fp       (Phase 2 candidate C): OFF

Generating 30 random ideal lattice pairs (bitsize=127)...
Mode: alg2
  Set 1: 32.99 ms
  Set 2: 37.88 ms
Generation done.

T    |   Inp |  HNFint | MLLLtot   MLLLv   MLLLg |  GRMtot    GRMv    GRMg |  HNFms MLLLms  GRMms
-----+-------+---------+-------------------------+-------------------------+--------------------
0    |   128 |    2157 |    3528     253    3528 |     506     253     506 |    0.1    5.4    0.5
1    |   128 |    2163 |    3532     253    3532 |     507     253     507 |    0.1    5.4    0.5
2    |   128 |    2164 |    3529     254    3529 |     508     254     508 |    0.1    5.2    0.4
3    |   128 |    1775 |    3539     253    3539 |     507     254     507 |    0.1    5.2    0.5
4    |   128 |    2165 |    3525     253    3525 |     508     253     508 |    0.1    4.7    0.4
5    |   128 |    2151 |    3520     253    3520 |     506     253     506 |    0.1    5.3    0.4
6    |   128 |    2154 |    3529     253    3529 |     506     253     506 |    0.1    4.5    0.4
7    |   128 |    2160 |    3526     252    3526 |     505     252     505 |    0.1    5.2    0.4
8    |   128 |    2158 |    3530     253    3530 |     507     253     507 |    0.1    5.1    0.4
9    |   128 |    2150 |    3524     253    3524 |     506     253     506 |    0.1    5.2    0.5
10   |   128 |    2164 |    3532     254    3532 |     508     254     508 |    0.1    5.3    0.4
11   |   128 |    2152 |    3530     253    3530 |     507     253     507 |    0.1    5.3    0.5
12   |   128 |    2151 |    3521     253    3521 |     505     253     505 |    0.1    5.2    0.4
13   |   126 |    2130 |    3511     252    3511 |     503     252     503 |    0.1    5.1    0.5
14   |   127 |    2138 |    3506     252    3506 |     504     252     504 |    0.1    5.4    0.5
15   |   127 |    2142 |    3505     252    3505 |     504     252     504 |    0.1    5.2    0.4
16   |   128 |    2151 |    3526     253    3526 |     505     253     505 |    0.1    5.5    0.5
17   |   127 |    2131 |    3015     251    3015 |     503     252     503 |    0.1    4.0    0.4
18   |   128 |    1897 |    3527     253    3527 |     506     253     506 |    0.1    4.6    0.4
19   |   128 |    2142 |    3522     253    3522 |     505     253     505 |    0.1    5.1    0.4
20   |   128 |    1377 |    3517     252    3517 |     504     252     504 |    0.1    4.9    0.4
21   |   128 |    2164 |    3525     254    3525 |     508     254     508 |    0.1    5.1    0.4
22   |   128 |    2148 |    3519     252    3519 |     506     253     506 |    0.1    4.9    0.5
23   |   128 |    2146 |    3513     252    3513 |     504     252     504 |    0.1    4.1    0.4
24   |   127 |    2151 |    3518     253    3518 |     506     253     506 |    0.1    5.1    0.4
25   |   128 |    2141 |    3492     252    3492 |     505     252     505 |    0.1    5.1    0.4
26   |   128 |    2143 |    3506     252    3506 |     504     252     504 |    0.1    5.2    0.4
27   |   127 |    2090 |    2980     252    2980 |     504     252     504 |    0.1    3.9    0.4
28   |   128 |    2131 |    3017     252    3017 |     505     252     505 |    0.1    4.0    0.4
29   |   128 |    2144 |    3523     253    3523 |     505     253     505 |    0.1    5.4    0.4
-----+-------+---------+-------------------------+-------------------------+--------------------

=== Summary ===
HNF  intermediate:  avg=2101  max=2165
MLLL total:         avg=3469  max=3539
MLLL vec coords:    avg=252  max=254  (Lemma 1 bounded)
MLLL GSO coeffs:    avg=3469  max=3539  (integral GSO overhead)
GRAM total:         avg=505  max=508
GRAM vec coords:    avg=252  max=254  (Lemma 1 bounded)
GRAM Gram entries:  avg=505  max=508  (Lemma 3 bound target)
Output bits:        HNF avg=127 max=128  MLLL avg=126 max=127  GRAM avg=126 max=127
Total time:         HNF=3.21ms  MLLL=149.75ms  GRAM=12.97ms  (GRAM/MLLL=0.09)
