=== MLLL vs HNF Intermediate Bit Size Benchmark ===
Level: 3, Norm bitsize: 193, Iterations: 30
GRAM prealloc (Phase 2 candidate B): ON
GRAM fp       (Phase 2 candidate C): OFF

Generating 30 random ideal lattice pairs (bitsize=193)...
Mode: alg2
  Set 1: 145.65 ms
  Set 2: 87.21 ms
Generation done.

T    |   Inp |  HNFint | MLLLtot   MLLLv   MLLLg |  GRMtot    GRMv    GRMg |  HNFms MLLLms  GRMms
-----+-------+---------+-------------------------+-------------------------+--------------------
0    |   194 |    3288 |    5376     386    5376 |     771     386     771 |    0.1   13.5    0.7
1    |   194 |    3281 |    5373     385    5373 |     769     385     769 |    0.1   12.6    0.7
2    |   194 |    3276 |    5365     384    5365 |     768     384     768 |    0.1   12.6    0.7
3    |   193 |    3269 |    5368     384    5368 |     769     384     769 |    0.1   12.4    0.7
4    |   193 |    2686 |    5358     385    5358 |     770     385     770 |    0.1    9.7    0.6
5    |   194 |    3287 |    5373     386    5373 |     772     386     772 |    0.1   12.4    0.7
6    |   194 |    2302 |    5374     385    5374 |     771     385     771 |    0.1   12.5    0.7
7    |   194 |    2509 |    5368     385    5368 |     771     385     771 |    0.1   12.3    0.7
8    |   194 |    2090 |    4564     384    4564 |     769     384     769 |    0.1    9.4    0.6
9    |   193 |    3251 |    5359     384    5359 |     768     384     768 |    0.1    9.3    0.6
10   |   194 |    2299 |    5368     385    5368 |     771     385     771 |    0.1   12.7    0.7
11   |   194 |    3255 |    5361     384    5361 |     768     384     768 |    0.1   12.6    0.7
12   |   193 |    3249 |    5343     383    5343 |     766     383     766 |    0.1   12.5    0.7
13   |   194 |    3271 |    5372     384    5372 |     770     384     770 |    0.1   12.3    0.7
14   |   194 |    3284 |    5372     385    5372 |     771     385     771 |    0.1   12.9    0.7
15   |   193 |    2275 |    4571     383    4571 |     767     383     767 |    0.1    9.0    0.6
16   |   194 |    3289 |    5367     386    5367 |     772     386     772 |    0.1   11.7    0.7
17   |   194 |    3289 |    5383     385    5383 |     771     385     771 |    0.1   13.5    0.7
18   |   194 |    3279 |    5376     385    5376 |     769     385     769 |    0.2   13.1    0.7
19   |   193 |    3256 |    5353     384    5353 |     769     384     769 |    0.1   12.8    0.7
20   |   194 |    3241 |    4589     385    4589 |     769     385     769 |    0.1    9.7    0.6
21   |   193 |    2105 |    5367     384    5367 |     769     384     769 |    0.1   12.8    0.7
22   |   194 |    3256 |    5319     384    5319 |     768     384     768 |    0.1   12.0    0.7
23   |   194 |    3281 |    5375     385    5375 |     770     385     770 |    0.1   13.0    0.7
24   |   194 |    3282 |    5371     386    5371 |     773     386     773 |    0.1   13.2    0.7
25   |   194 |    3273 |    5352     385    5352 |     770     385     770 |    0.1   12.2    0.7
26   |   194 |    3283 |    5368     386    5368 |     772     386     772 |    0.1   13.2    0.7
27   |   194 |    3276 |    5363     384    5363 |     768     384     768 |    0.1   12.7    0.7
28   |   192 |    3239 |    5326     384    5326 |     769     384     769 |    0.1    9.9    0.6
29   |   194 |    3278 |    5373     385    5373 |     771     385     771 |    0.1   13.1    0.7
-----+-------+---------+-------------------------+-------------------------+--------------------

=== Summary ===
HNF  intermediate:  avg=3049  max=3289
MLLL total:         avg=5284  max=5383
MLLL vec coords:    avg=384  max=386  (Lemma 1 bounded)
MLLL GSO coeffs:    avg=5284  max=5383  (integral GSO overhead)
GRAM total:         avg=769  max=773
GRAM vec coords:    avg=384  max=386  (Lemma 1 bounded)
GRAM Gram entries:  avg=769  max=773  (Lemma 3 bound target)
Output bits:        HNF avg=193 max=194  MLLL avg=192 max=193  GRAM avg=191 max=193
Total time:         HNF=4.08ms  MLLL=361.41ms  GRAM=19.79ms  (GRAM/MLLL=0.05)
