=== MLLL vs HNF Intermediate Bit Size Benchmark ===
Level: 3, Norm bitsize: 193, Iterations: 30
GRAM prealloc (Phase 2 candidate B): OFF
GRAM fp       (Phase 2 candidate C): OFF

Generating 30 random ideal lattice pairs (bitsize=193)...
Mode: alg2
  Set 1: 110.08 ms
  Set 2: 115.39 ms
Generation done.

T    |   Inp |  HNFint | MLLLtot   MLLLv   MLLLg |  GRMtot    GRMv    GRMg |  HNFms MLLLms  GRMms
-----+-------+---------+-------------------------+-------------------------+--------------------
0    |   194 |    3291 |    5363     387    5363 |     774     387     774 |    0.1   12.5    0.7
1    |   193 |    2097 |    4593     383    4593 |     766     383     766 |    0.1    9.6    0.6
2    |   194 |    3253 |    5345     385    5345 |     770     385     770 |    0.1    9.2    0.6
3    |   194 |    3274 |    5363     385    5363 |     771     385     771 |    0.1   12.9    0.7
4    |   194 |    3285 |    5381     385    5381 |     771     385     771 |    0.1   12.3    0.7
5    |   193 |    2840 |    5265     384    5265 |     767     384     767 |    0.2    8.9    0.6
6    |   191 |    3233 |    4575     383    4575 |     765     383     765 |    0.1    9.2    0.6
7    |   193 |    2105 |    5362     384    5362 |     768     384     768 |    0.1   12.6    0.7
8    |   194 |    3287 |    5378     386    5378 |     771     386     771 |    0.1   13.2    0.7
9    |   194 |    3240 |    4594     383    4594 |     768     384     768 |    0.1    9.5    0.6
10   |   192 |    3245 |    5332     383    5332 |     766     383     766 |    0.1   12.4    0.7
11   |   194 |    2111 |    5363     384    5363 |     771     385     771 |    0.1   12.6    0.7
12   |   194 |    3263 |    5354     384    5354 |     767     384     767 |    0.1    9.6    0.6
13   |   194 |    3287 |    5377     386    5377 |     772     386     772 |    0.1   12.9    0.7
14   |   194 |    3253 |    5361     384    5361 |     768     384     768 |    0.1    9.5    0.6
15   |   192 |    3237 |    4576     383    4576 |     765     383     765 |    0.1    8.9    0.6
16   |   193 |    2680 |    5346     385    5346 |     770     385     770 |    0.1    9.5    0.6
17   |   193 |    3268 |    5353     384    5353 |     768     384     768 |    0.1   12.8    0.7
18   |   193 |    3266 |    5365     384    5365 |     769     384     769 |    0.1   12.7    0.7
19   |   194 |    3247 |    4594     384    4594 |     768     384     768 |    0.1    9.4    0.6
20   |   193 |    3268 |    5368     384    5368 |     769     384     769 |    0.1   12.1    0.7
21   |   194 |    3270 |    4611     385    4611 |     770     385     770 |    0.1    9.5    0.6
22   |   194 |    3286 |    5383     385    5383 |     771     385     771 |    0.2   12.3    0.7
23   |   194 |    3263 |    5363     384    5363 |     768     384     768 |    0.1   12.6    0.7
24   |   193 |    3274 |    5360     385    5360 |     770     385     770 |    0.1   12.5    0.7
25   |   194 |    3284 |    5383     386    5383 |     771     386     771 |    0.1   12.9    0.7
26   |   194 |    2121 |    5379     385    5379 |     771     385     771 |    0.2    9.7    0.6
27   |   194 |    3274 |    5364     384    5364 |     768     384     768 |    0.1   12.4    0.7
28   |   193 |    3257 |    5353     383    5353 |     766     383     766 |    0.1   12.6    0.7
29   |   194 |    3275 |    5353     385    5353 |     769     385     769 |    0.1   12.1    0.7
-----+-------+---------+-------------------------+-------------------------+--------------------

=== Summary ===
HNF  intermediate:  avg=3077  max=3291
MLLL total:         avg=5205  max=5383
MLLL vec coords:    avg=384  max=387  (Lemma 1 bounded)
MLLL GSO coeffs:    avg=5205  max=5383  (integral GSO overhead)
GRAM total:         avg=768  max=774
GRAM vec coords:    avg=384  max=387  (Lemma 1 bounded)
GRAM Gram entries:  avg=768  max=774  (Lemma 3 bound target)
Output bits:        HNF avg=192 max=194  MLLL avg=191 max=193  GRAM avg=191 max=193
Total time:         HNF=4.13ms  MLLL=339.04ms  GRAM=19.53ms  (GRAM/MLLL=0.06)
