=== MLLL vs HNF Intermediate Bit Size Benchmark ===
Level: 3, Norm bitsize: 193, Iterations: 30
GRAM prealloc (Phase 2 candidate B): OFF
GRAM fp       (Phase 2 candidate C): OFF

Generating 30 random ideal lattice pairs (bitsize=193)...
Mode: alg3
  Set 1: 145.00 ms
Generation done.

T    |   Inp |  HNFint |  GRMtot    GRMv    GRMg |  HNFout  GRMout |  HNFms  GRMms
-----+-------+---------+-------------------------+-----------------+---------------
0    |   194 |     778 |     778     195     770 |     194     194 |    0.0    0.0
1    |   192 |     769 |     769     193     766 |     192     192 |    0.0    0.0
2    |   192 |     769 |     769     193     766 |     192     192 |    0.0    0.0
3    |   194 |     778 |     778     195     770 |     194     194 |    0.0    0.0
4    |   194 |     775 |     775     195     769 |     194     194 |    0.0    0.0
5    |   193 |     773 |     773     194     768 |     193     193 |    0.0    0.0
6    |   194 |     778 |     778     195     770 |     194     194 |    0.0    0.0
7    |   194 |     778 |     778     195     770 |     194     194 |    0.0    0.0
8    |   194 |     776 |     776     195     769 |     194     194 |    0.0    0.0
9    |   193 |     772 |     772     194     767 |     193     193 |    0.0    0.0
10   |   190 |     759 |     761     191     761 |     190     190 |    0.0    0.0
11   |   193 |     772 |     772     194     767 |     193     193 |    0.0    0.0
12   |   192 |     769 |     769     193     766 |     192     192 |    0.0    0.0
13   |   194 |     778 |     778     195     770 |     194     194 |    0.0    0.0
14   |   194 |     776 |     776     195     769 |     194     194 |    0.0    0.0
15   |   194 |     776 |     776     195     769 |     194     194 |    0.0    0.0
16   |   194 |     778 |     778     195     770 |     194     194 |    0.0    0.0
17   |   192 |     767 |     767     193     765 |     192     192 |    0.0    0.0
18   |   194 |     777 |     777     195     770 |     194     194 |    0.0    0.0
19   |   194 |     777 |     777     195     770 |     194     194 |    0.0    0.0
20   |   194 |     778 |     778     195     770 |     194     194 |    0.0    0.0
21   |   189 |     755 |     759     190     759 |     189     189 |    0.0    0.0
22   |   194 |     778 |     778     195     770 |     194     194 |    0.0    0.0
23   |   194 |     775 |     775     195     769 |     194     194 |    0.0    0.0
24   |   193 |     773 |     773     194     768 |     193     193 |    0.0    0.0
25   |   194 |     778 |     778     195     770 |     194     194 |    0.0    0.0
26   |   194 |     778 |     778     195     770 |     194     194 |    0.0    0.0
27   |   192 |     770 |     770     193     766 |     192     192 |    0.0    0.0
28   |   194 |     778 |     778     195     770 |     194     194 |    0.0    0.0
29   |   193 |     773 |     773     194     768 |     193     193 |    0.0    0.0

=== Alg 3 Summary ===
HNF  intermediate:  avg=773  max=778
GRAM total:         avg=773  max=778
GRAM vec coords:    avg=194  max=195  (Lemma 1)
GRAM Gram entries:  avg=768  max=770  (Lemma 3)
Output bits:        HNF avg=193 max=194  GRAM avg=193 max=194
Total time:         HNF=0.59ms  GRAM=0.36ms  (GRAM/HNF=0.61)
