=== MLLL vs HNF Intermediate Bit Size Benchmark ===
Level: 3, Norm bitsize: 193, Iterations: 30
GRAM prealloc (Phase 2 candidate B): OFF
GRAM fp       (Phase 2 candidate C): ON

Generating 30 random ideal lattice pairs (bitsize=193)...
Mode: alg2
  Set 1: 139.95 ms
  Set 2: 121.34 ms
Generation done.

T    |   Inp |  HNFint | MLLLtot   MLLLv   MLLLg |  GRMtot    GRMv    GRMg |  HNFms MLLLms  GRMms
-----+-------+---------+-------------------------+-------------------------+--------------------
0    |   192 |    3249 |    5343     383    5343 |     766     383     766 |    0.1   12.6    0.7
1    |   194 |    2443 |    5288     385    5288 |     769     385     769 |    0.1    8.9    0.6
2    |   194 |    3285 |    5384     385    5384 |     771     385     771 |    0.2   12.6    0.7
3    |   193 |    3265 |    5348     384    5348 |     768     384     768 |    0.1   11.9    0.7
4    |   194 |    3154 |    4511     384    4511 |     768     384     768 |    0.1    8.8    0.6
5    |   193 |    3260 |    5345     383    5345 |     768     383     768 |    0.1   12.0    0.7
6    |   193 |    3274 |    4608     385    4608 |     769     385     769 |    0.1    9.5    0.6
7    |   194 |    3275 |    5366     384    5366 |     768     384     768 |    0.1   12.5    0.7
8    |   194 |    2503 |    5375     385    5375 |     771     385     771 |    0.2    9.7    0.6
9    |   193 |    3265 |    5359     384    5359 |     768     384     768 |    0.1   12.4    0.7
10   |   194 |    3271 |    5374     385    5374 |     770     385     770 |    0.1   12.4    0.7
11   |   194 |    3280 |    5370     385    5370 |     770     385     770 |    0.1   12.9    0.7
12   |   194 |    3284 |    5379     386    5379 |     771     386     771 |    0.1   12.9    0.7
13   |   194 |    3288 |    5384     385    5384 |     771     385     771 |    0.1   12.8    0.7
14   |   192 |    3241 |    5340     383    5340 |     765     383     765 |    0.1   12.7    0.7
15   |   194 |    3262 |    5353     383    5353 |     767     383     767 |    0.1   12.4    0.7
16   |   194 |    2502 |    5365     385    5365 |     770     385     770 |    0.1   12.4    0.7
17   |   192 |    3252 |    5347     383    5347 |     766     383     766 |    0.1   12.7    0.7
18   |   194 |    3279 |    5377     385    5377 |     770     385     770 |    0.1   12.1    0.7
19   |   194 |    3286 |    5381     385    5381 |     771     386     771 |    0.1   12.5    0.7
20   |   193 |    2099 |    5351     383    5351 |     767     383     767 |    0.1   12.2    0.7
21   |   194 |    3284 |    5365     385    5365 |     770     385     770 |    0.1   12.4    0.7
22   |   194 |    3270 |    5355     384    5355 |     769     384     769 |    0.1   12.5    0.7
23   |   194 |    3282 |    5370     385    5370 |     771     386     771 |    0.1   12.4    0.7
24   |   194 |    2103 |    4596     383    4596 |     768     384     768 |    0.1    9.3    0.6
25   |   194 |    2097 |    4581     383    4581 |     768     384     768 |    0.1    9.1    0.6
26   |   194 |    3276 |    5366     384    5366 |     769     384     769 |    0.1   12.4    0.7
27   |   192 |    3238 |    4582     383    4582 |     765     383     765 |    0.1    9.5    0.6
28   |   194 |    3267 |    5350     385    5350 |     770     385     770 |    0.1   12.3    0.7
29   |   194 |    3263 |    5362     384    5362 |     769     384     769 |    0.1   12.3    0.7
-----+-------+---------+-------------------------+-------------------------+--------------------

=== Summary ===
HNF  intermediate:  avg=3069  max=3288
MLLL total:         avg=5229  max=5384
MLLL vec coords:    avg=384  max=386  (Lemma 1 bounded)
MLLL GSO coeffs:    avg=5229  max=5384  (integral GSO overhead)
GRAM total:         avg=768  max=771
GRAM vec coords:    avg=384  max=386  (Lemma 1 bounded)
GRAM Gram entries:  avg=768  max=771  (Lemma 3 bound target)
Output bits:        HNF avg=192 max=194  MLLL avg=191 max=193  GRAM avg=191 max=193
Total time:         HNF=4.05ms  MLLL=351.20ms  GRAM=19.78ms  (GRAM/MLLL=0.06)
