=== MLLL vs HNF Intermediate Bit Size Benchmark ===
Level: 5, Norm bitsize: 254, Iterations: 30
GRAM prealloc (Phase 2 candidate B): ON
GRAM fp       (Phase 2 candidate C): OFF

Generating 30 random ideal lattice pairs (bitsize=254)...
Mode: alg2
  Set 1: 252.59 ms
  Set 2: 282.18 ms
Generation done.

T    |   Inp |  HNFint | MLLLtot   MLLLv   MLLLg |  GRMtot    GRMv    GRMg |  HNFms MLLLms  GRMms
-----+-------+---------+-------------------------+-------------------------+--------------------
0    |   254 |    4290 |    7063     506    7063 |    1011     506    1011 |    0.1   22.4    0.9
1    |   255 |    4308 |    7086     507    7086 |    1014     507    1014 |    0.1   23.8    0.9
2    |   254 |    4282 |    6063     506    6063 |    1012     506    1012 |    0.1   17.4    0.8
3    |   255 |    4306 |    7075     506    7075 |    1012     506    1012 |    0.1   23.1    0.9
4    |   255 |    4314 |    7083     508    7083 |    1015     508    1015 |    0.1   23.4    0.9
5    |   255 |    4300 |    7075     506    7075 |    1013     506    1013 |    0.2   23.4    0.9
6    |   255 |    4283 |    6058     506    6058 |    1013     506    1013 |    0.2   17.1    0.8
7    |   255 |    4322 |    7087     508    7087 |    1015     508    1015 |    0.1   23.8    0.9
8    |   255 |    4322 |    7089     508    7089 |    1016     508    1016 |    0.1   24.2    0.9
9    |   254 |    4309 |    7077     507    7077 |    1015     507    1015 |    0.1   23.5    0.9
10   |   255 |    4323 |    7095     508    7095 |    1016     508    1016 |    0.1   23.3    0.9
11   |   255 |    3263 |    6050     506    6050 |    1012     506    1012 |    0.1   17.5    0.8
12   |   255 |    4298 |    6076     507    6076 |    1013     507    1013 |    0.1   17.0    0.8
13   |   255 |    4319 |    7093     508    7093 |    1016     508    1016 |    0.1   24.2    0.9
14   |   255 |    2786 |    7075     506    7075 |    1015     508    1015 |    0.1   22.9    0.9
15   |   255 |    3792 |    7040     508    7040 |    1016     508    1016 |    0.2   16.7    0.8
16   |   255 |    4300 |    7051     506    7051 |    1014     506    1014 |    0.1   23.3    0.9
17   |   254 |    4290 |    6071     506    6071 |    1012     506    1012 |    0.1   17.0    0.8
18   |   255 |    3035 |    7059     507    7059 |    1016     508    1016 |    0.2   17.6    0.8
19   |   255 |    4315 |    7082     507    7082 |    1014     507    1014 |    0.1   24.2    1.0
20   |   255 |    4311 |    7078     507    7078 |    1014     507    1014 |    0.1   24.5    0.9
21   |   255 |    4323 |    7078     509    7078 |    1019     509    1019 |    0.1   23.8    0.9
22   |   254 |    4310 |    7078     507    7078 |    1014     507    1014 |    0.1   24.0    0.9
23   |   255 |    4304 |    7082     507    7082 |    1015     507    1015 |    0.1   23.0    0.9
24   |   255 |    2788 |    7084     507    7084 |    1015     507    1015 |    0.2   23.6    0.9
25   |   255 |    3270 |    7061     507    7061 |    1015     507    1015 |    0.2   17.0    0.8
26   |   255 |    4324 |    7085     509    7085 |    1017     509    1017 |    0.2   23.1    0.9
27   |   255 |    3024 |    7073     507    7073 |    1015     507    1015 |    0.2   23.2    0.9
28   |   255 |    4301 |    7063     506    7063 |    1013     506    1013 |    0.1   24.0    0.9
29   |   254 |    4289 |    7048     506    7048 |    1012     506    1012 |    0.2   17.4    0.8
-----+-------+---------+-------------------------+-------------------------+--------------------

=== Summary ===
HNF  intermediate:  avg=4033  max=4324
MLLL total:         avg=6905  max=7095
MLLL vec coords:    avg=506  max=509  (Lemma 1 bounded)
MLLL GSO coeffs:    avg=6905  max=7095  (integral GSO overhead)
GRAM total:         avg=1014  max=1019
GRAM vec coords:    avg=507  max=509  (Lemma 1 bounded)
GRAM Gram entries:  avg=1014  max=1019  (Lemma 3 bound target)
Output bits:        HNF avg=254 max=255  MLLL avg=253 max=255  GRAM avg=253 max=255
Total time:         HNF=4.51ms  MLLL=649.65ms  GRAM=26.45ms  (GRAM/MLLL=0.04)
