=== MLLL vs HNF Intermediate Bit Size Benchmark ===
Level: 5, Norm bitsize: 254, Iterations: 30
GRAM prealloc (Phase 2 candidate B): OFF
GRAM fp       (Phase 2 candidate C): ON

Generating 30 random ideal lattice pairs (bitsize=254)...
Mode: alg3
  Set 1: 201.75 ms
Generation done.

T    |   Inp |  HNFint |  GRMtot    GRMv    GRMg |  HNFout  GRMout |  HNFms  GRMms
-----+-------+---------+-------------------------+-----------------+---------------
0    |   255 |    1022 |    1022     256    1015 |     255     255 |    0.0    0.0
1    |   252 |    1009 |    1009     253    1008 |     252     252 |    0.0    0.0
2    |   255 |    1020 |    1020     256    1014 |     255     255 |    0.0    0.0
3    |   252 |    1007 |    1008     253    1008 |     252     252 |    0.0    0.0
4    |   250 |    1001 |    1005     251    1005 |     250     250 |    0.0    0.0
5    |   253 |    1013 |    1013     254    1011 |     253     253 |    0.0    0.0
6    |   250 |    1002 |    1005     251    1005 |     250     250 |    0.0    0.0
7    |   255 |    1022 |    1022     256    1015 |     255     255 |    0.0    0.0
8    |   250 |    1002 |    1005     251    1005 |     250     250 |    0.0    0.0
9    |   255 |    1021 |    1021     256    1014 |     255     255 |    0.0    0.0
10   |   255 |    1021 |    1021     256    1014 |     255     255 |    0.0    0.0
11   |   254 |    1016 |    1016     255    1012 |     254     254 |    0.0    0.0
12   |   255 |    1021 |    1021     256    1014 |     255     255 |    0.0    0.0
13   |   254 |    1015 |    1015     255    1012 |     254     254 |    0.0    0.0
14   |   248 |     992 |    1000     249    1000 |     248     248 |    0.0    0.0
15   |   255 |    1021 |    1021     256    1014 |     255     255 |    0.0    0.0
16   |   253 |    1014 |    1014     254    1011 |     253     253 |    0.0    0.0
17   |   254 |    1016 |    1016     255    1012 |     254     254 |    0.0    0.0
18   |   255 |    1019 |    1019     256    1014 |     255     255 |    0.0    0.0
19   |   253 |    1013 |    1013     254    1010 |     253     253 |    0.0    0.0
20   |   255 |    1019 |    1019     256    1013 |     255     255 |    0.0    0.0
21   |   252 |    1010 |    1010     253    1009 |     252     252 |    0.0    0.0
22   |   255 |    1020 |    1020     256    1014 |     255     255 |    0.0    0.0
23   |   254 |    1017 |    1017     255    1012 |     254     254 |    0.0    0.0
24   |   255 |    1019 |    1019     256    1014 |     255     255 |    0.0    0.0
25   |   255 |    1020 |    1020     256    1014 |     255     255 |    0.0    0.0
26   |   255 |    1021 |    1021     256    1014 |     255     255 |    0.0    0.0
27   |   255 |    1019 |    1019     256    1013 |     255     255 |    0.0    0.0
28   |   253 |    1014 |    1014     254    1011 |     253     253 |    0.0    0.0
29   |   255 |    1021 |    1021     256    1015 |     255     255 |    0.0    0.0

=== Alg 3 Summary ===
HNF  intermediate:  avg=1014  max=1022
GRAM total:         avg=1015  max=1022
GRAM vec coords:    avg=254  max=256  (Lemma 1)
GRAM Gram entries:  avg=1011  max=1015  (Lemma 3)
Output bits:        HNF avg=253 max=255  GRAM avg=253 max=255
Total time:         HNF=0.55ms  GRAM=0.36ms  (GRAM/HNF=0.66)
