=== MLLL vs HNF Intermediate Bit Size Benchmark ===
Level: 5, Norm bitsize: 254, Iterations: 30
GRAM prealloc (Phase 2 candidate B): OFF
GRAM fp       (Phase 2 candidate C): OFF

Generating 30 random ideal lattice pairs (bitsize=254)...
Mode: alg2
  Set 1: 297.34 ms
  Set 2: 251.11 ms
Generation done.

T    |   Inp |  HNFint | MLLLtot   MLLLv   MLLLg |  GRMtot    GRMv    GRMg |  HNFms MLLLms  GRMms
-----+-------+---------+-------------------------+-------------------------+--------------------
0    |   255 |    2766 |    6039     506    6039 |    1013     506    1013 |    0.1   17.5    0.8
1    |   255 |    4292 |    7042     506    7042 |    1013     506    1013 |    0.2   23.1    0.9
2    |   254 |    3001 |    6038     505    6038 |    1011     505    1011 |    0.1   17.3    0.8
3    |   255 |    4324 |    7089     508    7089 |    1016     508    1016 |    0.1   23.8    0.9
4    |   255 |    3019 |    6066     506    6066 |    1013     506    1013 |    0.1   17.4    0.7
5    |   255 |    4316 |    7085     507    7085 |    1014     507    1014 |    0.1   24.1    0.9
6    |   255 |    4314 |    7090     508    7090 |    1016     508    1016 |    0.2   23.4    0.9
7    |   253 |    2757 |    6036     505    6036 |    1011     505    1011 |    0.1   16.9    0.8
8    |   254 |    4292 |    7066     505    7066 |    1012     506    1012 |    0.1   24.1    0.9
9    |   255 |    4319 |    7086     507    7086 |    1014     507    1014 |    0.1   22.7    0.9
10   |   255 |    4323 |    7091     507    7091 |    1015     507    1015 |    0.1   23.5    0.9
11   |   255 |    2766 |    6039     506    6039 |    1013     506    1013 |    0.1   16.5    0.8
12   |   254 |    4292 |    7046     505    7046 |    1013     505    1013 |    0.1   23.6    0.9
13   |   255 |    4292 |    6066     507    6066 |    1013     507    1013 |    0.1   17.4    0.8
14   |   254 |    4294 |    6069     506    6069 |    1012     506    1012 |    0.2   16.9    0.8
15   |   255 |    4304 |    7056     506    7056 |    1013     506    1013 |    0.1   22.5    0.9
16   |   254 |    4276 |    6052     506    6052 |    1012     506    1012 |    0.1   17.1    0.8
17   |   254 |    4307 |    7070     507    7070 |    1013     507    1013 |    0.1   22.5    0.9
18   |   255 |    4327 |    7095     508    7095 |    1016     508    1016 |    0.1   23.0    0.9
19   |   255 |    4318 |    7080     508    7080 |    1016     508    1016 |    0.1   23.6    0.9
20   |   254 |    4299 |    7069     506    7069 |    1012     506    1012 |    0.1   23.2    0.9
21   |   254 |    4293 |    7058     506    7058 |    1012     506    1012 |    0.1   23.4    0.9
22   |   254 |    4296 |    7057     506    7057 |    1012     506    1012 |    0.1   23.5    0.9
23   |   255 |    4307 |    7090     507    7090 |    1014     507    1014 |    0.2   23.1    0.9
24   |   255 |    2763 |    6045     506    6045 |    1013     507    1013 |    0.1   17.3    0.8
25   |   254 |    4289 |    6046     505    6046 |    1012     505    1012 |    0.1   17.5    0.8
26   |   255 |    3551 |    7096     508    7096 |    1015     508    1015 |    0.2   18.2    0.8
27   |   255 |    4329 |    7092     508    7092 |    1017     509    1017 |    0.2   23.1    0.9
28   |   254 |    4306 |    7073     507    7073 |    1013     507    1013 |    0.1   24.5    0.9
29   |   255 |    4307 |    7080     507    7080 |    1013     507    1013 |    0.1   24.1    0.9
-----+-------+---------+-------------------------+-------------------------+--------------------

=== Summary ===
HNF  intermediate:  avg=3987  max=4329
MLLL total:         avg=6733  max=7096
MLLL vec coords:    avg=506  max=508  (Lemma 1 bounded)
MLLL GSO coeffs:    avg=6733  max=7096  (integral GSO overhead)
GRAM total:         avg=1013  max=1017
GRAM vec coords:    avg=506  max=509  (Lemma 1 bounded)
GRAM Gram entries:  avg=1013  max=1017  (Lemma 3 bound target)
Output bits:        HNF avg=253 max=255  MLLL avg=252 max=254  GRAM avg=252 max=254
Total time:         HNF=4.45ms  MLLL=635.08ms  GRAM=25.90ms  (GRAM/MLLL=0.04)
