=== L1_alg2_1000_baseline ===
=== MLLL vs HNF Intermediate Bit Size Benchmark ===
Level: 1, Norm bitsize: 127, Iterations: 1000
GRAM prealloc (Phase 2 candidate B): OFF

Generating 1000 random ideal lattice pairs (bitsize=127)...
Mode: alg2
  Set 1: 1367.29 ms
  Set 2: 1352.99 ms
Generation done.

T    |   Inp |  HNFint | MLLLtot   MLLLv   MLLLg |  GRMtot    GRMv    GRMg |  HNFms MLLLms  GRMms
-----+-------+---------+-------------------------+-------------------------+--------------------
0    |   128 |    2152 |    3516     252    3516 |     505     252     505 |    0.1    5.2    0.5
1    |   128 |    2164 |    3525     254    3525 |     508     254     508 |    0.1    5.1    0.5
2    |   126 |    2122 |    3495     251    3495 |     502     251     502 |    0.1    5.4    0.5
3    |   128 |    2145 |    3511     252    3511 |     504     252     504 |    0.1    5.1    0.4
4    |   127 |    2144 |    3519     253    3519 |     505     253     505 |    0.1    5.3    0.4
5    |   127 |    2118 |    3474     251    3474 |     503     251     503 |    0.1    4.9    0.4
6    |   127 |    2136 |    3499     251    3499 |     503     251     503 |    0.1    5.6    0.5
7    |   128 |    2161 |    3535     253    3535 |     506     253     506 |    0.1    5.1    0.4
8    |   128 |    2149 |    3522     253    3522 |     506     253     506 |    0.1    4.9    0.4
9    |   128 |    2152 |    3518     255    3518 |     509     255     509 |    0.1    5.0    0.4
10   |   127 |    2131 |    3507     251    3507 |     503     251     503 |    0.1    5.3    0.4
11   |   128 |    2154 |    3526     253    3526 |     506     253     506 |    0.1    5.3    0.5
12   |   126 |    1468 |    2966     251    2966 |     502     251     502 |    0.1    3.9    0.4
13   |   128 |    2165 |    3520     254    3520 |     509     254     509 |    0.1    5.2    0.4
14   |   126 |    2103 |    2988     251    2988 |     501     251     501 |    0.1    3.9    0.4
15   |   128 |    2160 |    3530     253    3530 |     506     253     506 |    0.1    5.3    0.4
16   |   128 |    1484 |    3516     252    3516 |     504     252     504 |    0.1    4.1    0.4
17   |   128 |    2160 |    3534     253    3534 |     508     253     508 |    0.1    5.3    0.5
18   |   127 |    2093 |    2979     251    2979 |     503     251     503 |    0.1    3.8    0.4
19   |   128 |    2158 |    3536     253    3536 |     507     254     507 |    0.1    5.3    0.5
20   |   127 |    2146 |    3517     252    3517 |     505     252     505 |    0.1    5.1    0.4
21   |   128 |    2170 |    3539     254    3539 |     507     254     507 |    0.1    5.4    0.5
22   |   128 |    1490 |    3014     252    3014 |     504     252     504 |    0.1    4.0    0.4
23   |   128 |    2119 |    3004     253    3004 |     506     253     506 |    0.1    4.1    0.4
24   |   128 |    2160 |    3525     253    3525 |     507     253     507 |    0.1    5.4    0.4
25   |   128 |    2144 |    3505     252    3505 |     504     252     504 |    0.1    4.9    0.5
26   |   128 |    2170 |    3519     255    3519 |     511     255     511 |    0.1    5.3    0.5
27   |   126 |    2116 |    3001     251    3001 |     502     251     502 |    0.1    3.7    0.4
28   |   128 |    1486 |    2975     252    2975 |     505     252     505 |    0.1    3.9    0.4
29   |   128 |    1772 |    3531     253    3531 |     506     253     506 |    0.1    4.1    0.4
30   |   128 |    2135 |    3486     252    3486 |     504     252     504 |    0.1    5.1    0.4
31   |   128 |    2152 |    3520     254    3520 |     508     254     508 |    0.1    4.9    0.4
32   |   128 |    2156 |    3521     253    3521 |     505     253     505 |    0.1    5.2    0.5
33   |   128 |    2166 |    3521     254    3521 |     509     254     509 |    0.1    5.2    0.4
34   |   128 |    2153 |    3522     253    3522 |     506     253     506 |    0.1    5.2    0.4
35   |   128 |    2158 |    3517     253    3517 |     507     253     507 |    0.1    5.3    0.4
36   |   128 |    2158 |    3033     253    3033 |     507     253     507 |    0.1    4.2    0.4
37   |   128 |    2169 |    3536     254    3536 |     507     254     507 |    0.1    5.1    0.4
38   |   128 |    2155 |    3522     252    3522 |     505     252     505 |    0.1    5.2    0.5
39   |   126 |    1380 |    3506     251    3506 |     504     252     504 |    0.1    5.0    0.4
40   |   128 |    2156 |    3521     252    3521 |     506     252     506 |    0.1    5.2    0.4
41   |   128 |    2162 |    3531     253    3531 |     506     253     506 |    0.1    5.4    0.4
42   |   128 |    2169 |    3541     253    3541 |     507     253     507 |    0.1    5.5    0.5
43   |   127 |    2135 |    3495     251    3495 |     504     251     504 |    0.1    5.1    0.4
44   |   128 |    2162 |    3525     254    3525 |     507     254     507 |    0.1    5.2    0.4
45   |   126 |    1475 |    2978     251    2978 |     502     251     502 |    0.1    4.1    0.4
46   |   128 |    2160 |    3526     253    3526 |     505     253     505 |    0.1    5.2    0.4
47   |   128 |    2143 |    3506     252    3506 |     504     252     504 |    0.1    4.9    0.4
48   |   127 |    2147 |    3514     253    3514 |     506     253     506 |    0.1    5.3    0.5
49   |   128 |    2147 |    3528     252    3528 |     505     252     505 |    0.1    5.1    0.4
50   |   127 |    2138 |    3506     251    3506 |     503     252     503 |    0.1    5.3    0.4
51   |   128 |    1393 |    3526     254    3526 |     509     254     509 |    0.1    5.2    0.4
52   |   128 |    2159 |    3523     253    3523 |     507     253     507 |    0.1    5.4    0.4
53   |   128 |    2149 |    3514     254    3514 |     507     254     507 |    0.1    5.6    0.5
54   |   128 |    1655 |    3538     254    3538 |     508     254     508 |    0.1    4.2    0.4
55   |   128 |    2140 |    3516     252    3516 |     504     252     504 |    0.1    5.1    0.4
56   |   125 |    2099 |    2970     251    2970 |     502     251     502 |    0.1    3.9    0.4
57   |   128 |    2157 |    3527     252    3527 |     505     253     505 |    0.1    4.9    0.4
58   |   128 |    2151 |    3515     252    3515 |     505     252     505 |    0.1    5.3    0.4
59   |   128 |    2167 |    3540     253    3540 |     507     254     507 |    0.1    5.7    0.5
60   |   127 |    2144 |    3511     252    3511 |     504     252     504 |    0.1    5.1    0.4
61   |   128 |    2151 |    3515     252    3515 |     504     252     504 |    0.1    5.2    0.4
62   |   128 |    2165 |    3533     253    3533 |     507     253     507 |    0.1    5.3    0.4
63   |   127 |    2139 |    3507     252    3507 |     504     252     504 |    0.1    5.3    0.4
64   |   128 |    2149 |    3517     254    3517 |     507     254     507 |    0.1    5.2    0.4
65   |   128 |    1582 |    2963     252    2963 |     504     252     504 |    0.1    4.1    0.4
66   |   128 |    2130 |    3016     252    3016 |     504     252     504 |    0.1    4.0    0.4
67   |   128 |    2146 |    3499     252    3499 |     505     252     505 |    0.1    5.1    0.4
68   |   127 |    2144 |    3522     252    3522 |     505     252     505 |    0.1    5.3    0.4
69   |   125 |    2109 |    2992     251    2992 |     501     251     501 |    0.1    4.0    0.4
70   |   127 |    2108 |    2994     251    2994 |     503     251     503 |    0.1    3.8    0.4
71   |   125 |    2090 |    2968     251    2968 |     501     251     501 |    0.1    3.9    0.4
72   |   128 |    2148 |    3503     255    3503 |     511     255     511 |    0.1    5.0    0.4
73   |   128 |    2150 |    3520     252    3520 |     506     253     506 |    0.1    5.0    0.4
74   |   127 |    2136 |    3511     252    3511 |     504     252     504 |    0.1    5.3    0.4
75   |   128 |    2156 |    3529     253    3529 |     507     253     507 |    0.1    5.4    0.4
76   |   128 |    1392 |    3528     254    3528 |     508     254     508 |    0.1    5.1    0.4
77   |   128 |    2166 |    3536     253    3536 |     507     253     507 |    0.1    5.6    0.4
78   |   128 |    1649 |    3529     253    3529 |     507     253     507 |    0.1    5.2    0.4
79   |   128 |    2163 |    3536     254    3536 |     508     254     508 |    0.1    5.7    0.5
80   |   127 |    1632 |    3511     253    3511 |     506     253     506 |    0.1    4.3    0.4
81   |   123 |    1323 |    2902     251    2902 |     501     251     501 |    0.1    3.6    0.4
82   |   127 |    1367 |    3003     251    3003 |     503     251     503 |    0.1    4.1    0.4
83   |   128 |    1494 |    3520     253    3520 |     507     253     507 |    0.1    4.4    0.4
84   |   126 |    2121 |    3491     251    3491 |     502     251     502 |    0.1    5.1    0.4
85   |   128 |    2164 |    3524     254    3524 |     509     254     509 |    0.1    5.1    0.5
86   |   128 |    2156 |    3526     253    3526 |     507     253     507 |    0.1    5.3    0.4
87   |   127 |    2130 |    3500     253    3500 |     507     253     507 |    0.1    5.1    0.5
88   |   128 |    2167 |    3529     254    3529 |     509     254     509 |    0.1    5.2    0.4
89   |   127 |    1483 |    2991     251    2991 |     503     251     503 |    0.1    3.9    0.4
90   |   127 |    2141 |    3515     252    3515 |     504     252     504 |    0.1    5.1    0.4
91   |   127 |    2144 |    3518     252    3518 |     505     252     505 |    0.1    5.3    0.4
92   |   128 |    2146 |    3524     253    3524 |     506     253     506 |    0.1    5.2    0.4
93   |   125 |    2105 |    2988     251    2988 |     502     251     502 |    0.1    4.0    0.4
94   |   128 |    2147 |    3520     252    3520 |     504     252     504 |    0.1    5.1    0.5
95   |   128 |    1656 |    3504     255    3504 |     512     255     512 |    0.1    4.4    0.4
96   |   128 |    2162 |    3526     253    3526 |     507     253     507 |    0.1    5.1    0.4
97   |   128 |    2132 |    3017     252    3017 |     506     252     506 |    0.1    4.1    0.4
98   |   128 |    1400 |    3527     255    3527 |     510     255     510 |    0.1    5.4    0.4
99   |   128 |    2156 |    3526     253    3526 |     507     254     507 |    0.1    5.0    0.4
100  |   128 |    2146 |    3513     253    3513 |     505     253     505 |    0.1    5.4    0.4
101  |   128 |    2143 |    3511     252    3511 |     504     252     504 |    0.1    5.1    0.4
102  |   128 |    2155 |    3529     254    3529 |     507     254     507 |    0.1    5.1    0.4
103  |   128 |    1388 |    3527     253    3527 |     507     253     507 |    0.1    5.3    0.4
104  |   128 |    1641 |    3516     253    3516 |     506     253     506 |    0.1    4.0    0.4
105  |   128 |    1644 |    3534     253    3534 |     507     253     507 |    0.1    5.8    0.5
106  |   128 |    2154 |    3028     253    3028 |     506     253     506 |    0.1    4.4    0.4
107  |   128 |    2139 |    3499     251    3499 |     504     251     504 |    0.1    5.3    0.4
108  |   128 |    2160 |    3531     253    3531 |     506     253     506 |    0.1    5.6    0.5
109  |   127 |    2144 |    3514     253    3514 |     505     253     505 |    0.1    5.3    0.4
110  |   128 |    2154 |    3527     253    3527 |     506     253     506 |    0.1    5.4    0.4
111  |   128 |    2149 |    3507     252    3507 |     505     252     505 |    0.1    5.2    0.4
112  |   128 |    2143 |    3517     252    3517 |     505     252     505 |    0.1    5.2    0.4
113  |   126 |    2123 |    3492     253    3492 |     507     253     507 |    0.1    5.0    0.4
114  |   128 |    2140 |    3517     252    3517 |     505     252     505 |    0.1    5.3    0.5
115  |   128 |    2152 |    3521     253    3521 |     505     253     505 |    0.1    5.1    0.4
116  |   127 |    2149 |    3512     253    3512 |     507     253     507 |    0.1    4.8    0.4
117  |   126 |    2115 |    3483     251    3483 |     502     251     502 |    0.1    5.1    0.4
118  |   127 |    1610 |    3000     252    3000 |     503     251     503 |    0.1    4.0    0.4
119  |   127 |    2151 |    3516     252    3516 |     505     252     505 |    0.1    5.1    0.4
120  |   125 |    2098 |    2969     251    2969 |     501     251     501 |    0.1    4.1    0.4
121  |   128 |    2160 |    3531     253    3531 |     506     253     506 |    0.1    5.5    0.5
122  |   128 |    2160 |    3522     253    3522 |     507     253     507 |    0.1    5.3    0.4
123  |   128 |    1396 |    3511     254    3511 |     508     254     508 |    0.1    4.3    0.4
124  |   128 |    2167 |    3529     254    3529 |     508     254     508 |    0.1    5.2    0.4
125  |   128 |    2143 |    3502     252    3502 |     504     252     504 |    0.1    5.3    0.5
126  |   128 |    1375 |    3020     252    3020 |     505     252     505 |    0.1    4.1    0.4
127  |   128 |    2141 |    3012     252    3012 |     503     252     503 |    0.1    4.0    0.4
128  |   128 |    2143 |    3514     252    3514 |     504     252     504 |    0.1    5.2    0.4
129  |   128 |    2153 |    3523     252    3523 |     505     252     505 |    0.1    5.4    0.5
130  |   128 |    1372 |    3010     252    3010 |     504     252     504 |    0.1    4.0    0.4
131  |   127 |    2131 |    3016     252    3016 |     504     252     504 |    0.1    4.3    0.4
132  |   128 |    2163 |    3533     253    3533 |     507     253     507 |    0.1    5.2    0.4
133  |   128 |    2163 |    3530     254    3530 |     507     254     507 |    0.1    5.0    0.4
134  |   128 |    1615 |    3011     252    3011 |     504     252     504 |    0.1    4.2    0.4
135  |   128 |    2155 |    3514     253    3514 |     506     253     506 |    0.1    5.5    0.4
136  |   128 |    2167 |    3537     253    3537 |     507     253     507 |    0.1    5.4    0.5
137  |   127 |    2139 |    3518     252    3518 |     504     252     504 |    0.1    5.4    0.5
138  |   127 |    2147 |    3519     253    3519 |     505     253     505 |    0.1    4.9    0.4
139  |   127 |    2148 |    3522     252    3522 |     505     252     505 |    0.1    5.2    0.4
140  |   128 |    2092 |    2984     252    2984 |     504     252     504 |    0.1    3.8    0.4
141  |   128 |    2157 |    3525     253    3525 |     506     253     506 |    0.1    5.3    0.5
142  |   128 |    2154 |    3506     258    3506 |     516     258     516 |    0.1    5.1    0.5
143  |   128 |    2159 |    3531     253    3531 |     506     253     506 |    0.1    4.9    0.4
144  |   128 |    2119 |    3004     252    3004 |     505     252     505 |    0.1    4.3    0.4
145  |   128 |    1651 |    3524     252    3524 |     505     252     505 |    0.1    5.5    0.5
146  |   128 |    2138 |    3485     252    3485 |     504     252     504 |    0.1    5.3    0.5
147  |   128 |    2109 |    3479     253    3479 |     506     253     506 |    0.1    4.1    0.4
148  |   128 |    2161 |    3525     253    3525 |     507     253     507 |    0.1    5.4    0.5
149  |   127 |    2120 |    3497     251    3497 |     503     251     503 |    0.1    4.0    0.4
150  |   128 |    2152 |    3032     253    3032 |     506     253     506 |    0.1    4.1    0.4
151  |   127 |    2145 |    3514     252    3514 |     504     252     504 |    0.1    5.2    0.5
152  |   128 |    2161 |    3517     254    3517 |     508     254     508 |    0.1    5.1    0.4
153  |   128 |    1368 |    3006     252    3006 |     504     252     504 |    0.1    3.9    0.4
154  |   128 |    1373 |    3018     252    3018 |     505     252     505 |    0.1    4.1    0.4
155  |   128 |    1498 |    3008     252    3008 |     504     252     504 |    0.1    3.9    0.4
156  |   128 |    2165 |    3534     253    3534 |     507     253     507 |    0.1    5.2    0.5
157  |   128 |    2152 |    3518     252    3518 |     504     252     504 |    0.1    5.2    0.4
158  |   128 |    2166 |    3527     254    3527 |     507     254     507 |    0.1    5.0    0.4
159  |   128 |    1903 |    3529     255    3529 |     509     255     509 |    0.1    4.2    0.4
160  |   128 |    1357 |    2979     251    2979 |     503     251     503 |    0.1    4.0    0.4
161  |   128 |    2156 |    3522     253    3522 |     507     253     507 |    0.1    5.3    0.5
162  |   128 |    1501 |    3493     253    3493 |     506     253     506 |    0.1    4.1    0.4
163  |   125 |    2104 |    2985     251    2985 |     501     251     501 |    0.1    4.0    0.4
164  |   127 |    1379 |    3518     253    3518 |     505     253     505 |    0.1    4.9    0.4
165  |   126 |    2125 |    3489     251    3489 |     503     251     503 |    0.1    5.2    0.4
166  |   128 |    2149 |    3513     253    3513 |     505     253     505 |    0.1    5.2    0.4
167  |   128 |    1502 |    3535     253    3535 |     507     253     507 |    0.1    5.3    0.4
168  |   128 |    2159 |    3533     253    3533 |     506     253     506 |    0.1    5.5    0.5
169  |   128 |    1490 |    2993     252    2993 |     504     252     504 |    0.1    3.8    0.4
170  |   128 |    2150 |    3527     253    3527 |     506     253     506 |    0.1    5.1    0.4
171  |   128 |    2159 |    3535     253    3535 |     506     253     506 |    0.1    5.2    0.4
172  |   128 |    2165 |    3530     253    3530 |     507     254     507 |    0.1    5.2    0.4
173  |   128 |    2134 |    3018     252    3018 |     505     252     505 |    0.1    4.0    0.4
174  |   128 |    2147 |    3517     253    3517 |     506     253     506 |    0.1    5.2    0.4
175  |   128 |    2149 |    3507     253    3507 |     505     253     505 |    0.1    5.2    0.4
176  |   128 |    2152 |    3524     252    3524 |     505     252     505 |    0.1    5.2    0.4
177  |   128 |    1598 |    2991     252    2991 |     504     252     504 |    0.1    3.6    0.3
178  |   128 |    2162 |    3538     253    3538 |     507     253     507 |    0.1    5.3    0.4
179  |   127 |    2144 |    3516     252    3516 |     504     252     504 |    0.1    5.3    0.4
180  |   128 |    1622 |    3011     252    3011 |     504     252     504 |    0.1    4.1    0.4
181  |   128 |    2151 |    3514     252    3514 |     504     252     504 |    0.1    5.1    0.4
182  |   128 |    1712 |    2961     253    2961 |     505     253     505 |    0.1    3.7    0.4
183  |   128 |    2164 |    3531     253    3531 |     507     253     507 |    0.1    5.0    0.4
184  |   128 |    1392 |    3034     253    3034 |     506     253     506 |    0.1    3.7    0.4
185  |   128 |    2130 |    3018     252    3018 |     505     252     505 |    0.1    4.0    0.4
186  |   128 |    2161 |    3538     253    3538 |     507     254     507 |    0.1    5.3    0.5
187  |   127 |    1630 |    3507     252    3507 |     504     252     504 |    0.1    4.2    0.4
188  |   128 |    2163 |    3530     253    3530 |     507     253     507 |    0.1    5.3    0.4
189  |   128 |    2155 |    3520     253    3520 |     505     253     505 |    0.1    5.1    0.4
190  |   128 |    1499 |    3030     254    3030 |     508     254     508 |    0.1    4.1    0.4
191  |   128 |    2157 |    3519     253    3519 |     506     253     506 |    0.1    5.2    0.4
192  |   127 |    2149 |    3511     253    3511 |     505     253     505 |    0.1    5.1    0.4
193  |   128 |    1521 |    3507     254    3507 |     508     254     508 |    0.1    4.0    0.4
194  |   128 |    2143 |    3518     252    3518 |     505     252     505 |    0.1    5.1    0.4
195  |   128 |    2136 |    3021     253    3021 |     505     253     505 |    0.1    4.0    0.4
196  |   128 |    2165 |    3532     253    3532 |     507     253     507 |    0.1    5.2    0.4
197  |   128 |    2157 |    3530     254    3530 |     507     254     507 |    0.1    5.2    0.4
198  |   128 |    2154 |    3526     253    3526 |     506     253     506 |    0.1    4.9    0.4
199  |   128 |    2159 |    3525     253    3525 |     508     254     508 |    0.1    5.0    0.4
200  |   128 |    1357 |    2977     252    2977 |     504     252     504 |    0.1    4.0    0.4
201  |   127 |    2141 |    3510     252    3510 |     505     252     505 |    0.1    5.3    0.5
202  |   128 |    2131 |    3015     253    3015 |     505     253     505 |    0.1    4.1    0.4
203  |   128 |    2158 |    3530     253    3530 |     507     253     507 |    0.1    5.1    0.4
204  |   128 |    1627 |    3019     252    3019 |     505     252     505 |    0.1    3.8    0.4
205  |   128 |    2160 |    3526     254    3526 |     507     254     507 |    0.1    5.2    0.5
206  |   128 |    2154 |    3514     252    3514 |     505     252     505 |    0.1    5.3    0.4
207  |   126 |    2122 |    3489     252    3489 |     505     252     505 |    0.1    4.9    0.4
208  |   127 |    2133 |    3016     252    3016 |     503     252     503 |    0.1    4.0    0.4
209  |   128 |    2162 |    3529     253    3529 |     507     253     507 |    0.1    5.7    0.5
210  |   128 |    2155 |    3529     253    3529 |     507     253     507 |    0.1    5.1    0.4
211  |   128 |    2151 |    3524     253    3524 |     506     253     506 |    0.1    5.3    0.5
212  |   128 |    2141 |    3514     252    3514 |     505     252     505 |    0.1    5.1    0.4
213  |   128 |    1509 |    3531     254    3531 |     508     254     508 |    0.1    5.2    0.5
214  |   128 |    2158 |    3525     253    3525 |     507     253     507 |    0.1    5.2    0.4
215  |   127 |    2133 |    3500     251    3500 |     503     251     503 |    0.1    5.0    0.4
216  |   127 |    2140 |    3518     252    3518 |     505     252     505 |    0.1    5.2    0.4
217  |   128 |    1781 |    3533     254    3533 |     508     254     508 |    0.1    4.2    0.4
218  |   128 |    2149 |    3516     252    3516 |     505     252     505 |    0.1    5.4    0.5
219  |   128 |    2146 |    3504     253    3504 |     505     253     505 |    0.1    5.1    0.5
220  |   128 |    2147 |    3507     252    3507 |     504     252     504 |    0.1    5.0    0.4
221  |   128 |    2148 |    3510     253    3510 |     506     253     506 |    0.1    5.0    0.4
222  |   128 |    2154 |    3524     253    3524 |     506     253     506 |    0.1    5.5    0.4
223  |   128 |    2155 |    3530     253    3530 |     506     253     506 |    0.1    5.4    0.4
224  |   127 |    2121 |    3003     251    3003 |     504     251     504 |    0.1    3.9    0.4
225  |   128 |    2130 |    3488     254    3488 |     509     254     509 |    0.1    3.9    0.4
226  |   128 |    2154 |    3516     252    3516 |     504     252     504 |    0.1    5.2    0.4
227  |   128 |    2158 |    3516     254    3516 |     508     254     508 |    0.1    5.1    0.4
228  |   128 |    2143 |    3523     253    3523 |     507     253     507 |    0.1    5.3    0.4
229  |   128 |    2131 |    3020     252    3020 |     505     253     505 |    0.1    4.0    0.4
230  |   128 |    2159 |    3529     253    3529 |     506     253     506 |    0.1    5.2    0.4
231  |   128 |    2152 |    3524     254    3524 |     507     254     507 |    0.1    5.2    0.4
232  |   128 |    2157 |    3527     253    3527 |     507     254     507 |    0.1    5.2    0.4
233  |   128 |    2157 |    3518     253    3518 |     506     253     506 |    0.1    5.2    0.4
234  |   127 |    2147 |    3521     253    3521 |     505     253     505 |    0.1    5.1    0.4
235  |   126 |    1367 |    3004     251    3004 |     502     251     502 |    0.1    3.9    0.4
236  |   124 |    1820 |    2963     251    2963 |     501     251     501 |    0.1    3.7    0.4
237  |   128 |    2156 |    3520     254    3520 |     507     254     507 |    0.1    5.5    0.5
238  |   128 |    2149 |    3496     253    3496 |     506     253     506 |    0.1    5.2    0.4
239  |   128 |    2148 |    3527     253    3527 |     506     253     506 |    0.1    5.2    0.5
240  |   128 |    1378 |    3515     252    3515 |     505     252     505 |    0.1    5.3    0.5
241  |   128 |    2155 |    3528     253    3528 |     506     253     506 |    0.1    5.0    0.4
242  |   128 |    2147 |    3517     253    3517 |     508     254     508 |    0.1    5.1    0.4
243  |   128 |    2164 |    3536     253    3536 |     507     253     507 |    0.1    5.3    0.4
244  |   128 |    2132 |    3469     252    3469 |     504     252     504 |    0.1    5.1    0.4
245  |   128 |    2127 |    3016     252    3016 |     504     252     504 |    0.1    4.4    0.4
246  |   128 |    2150 |    3515     253    3515 |     506     253     506 |    0.1    5.2    0.4
247  |   128 |    2162 |    3529     254    3529 |     507     254     507 |    0.1    5.3    0.5
248  |   128 |    2135 |    3023     252    3023 |     504     252     504 |    0.1    4.2    0.4
249  |   128 |    2152 |    3514     252    3514 |     504     252     504 |    0.1    5.3    0.4
250  |   128 |    2139 |    3515     252    3515 |     505     252     505 |    0.1    4.9    0.4
251  |   127 |    2135 |    3502     251    3502 |     503     251     503 |    0.1    5.3    0.4
252  |   128 |    2150 |    3518     252    3518 |     505     252     505 |    0.1    5.5    0.5
253  |   128 |    2169 |    3536     254    3536 |     508     254     508 |    0.1    5.3    0.4
254  |   128 |    2115 |    3003     252    3003 |     504     252     504 |    0.1    3.8    0.4
255  |   128 |    2160 |    3530     253    3530 |     506     253     506 |    0.1    5.3    0.4
256  |   128 |    2163 |    3536     254    3536 |     507     254     507 |    0.1    5.3    0.4
257  |   128 |    2159 |    3533     254    3533 |     507     254     507 |    0.1    5.1    0.4
258  |   128 |    2166 |    3539     253    3539 |     508     254     508 |    0.1    5.5    0.4
259  |   128 |    1384 |    3524     253    3524 |     506     253     506 |    0.1    5.1    0.4
260  |   128 |    2164 |    3537     254    3537 |     508     254     508 |    0.1    4.8    0.4
261  |   128 |    2153 |    3517     253    3517 |     507     253     507 |    0.1    5.4    0.5
262  |   128 |    2161 |    3520     253    3520 |     507     253     507 |    0.1    5.1    0.4
263  |   128 |    2139 |    3023     252    3023 |     506     253     506 |    0.1    3.9    0.4
264  |   128 |    2163 |    3539     253    3539 |     507     254     507 |    0.1    5.1    0.4
265  |   127 |    2148 |    3520     252    3520 |     504     252     504 |    0.1    5.2    0.4
266  |   127 |    2137 |    3514     252    3514 |     504     252     504 |    0.1    5.0    0.4
267  |   128 |    1653 |    3538     254    3538 |     507     254     507 |    0.1    5.5    0.5
268  |   127 |    2123 |    3007     252    3007 |     503     252     503 |    0.1    3.9    0.4
269  |   126 |    2119 |    3486     251    3486 |     502     251     502 |    0.1    4.9    0.4
270  |   128 |    2168 |    3535     253    3535 |     507     254     507 |    0.1    5.0    0.4
271  |   128 |    2154 |    3518     253    3518 |     506     253     506 |    0.1    5.2    0.5
272  |   128 |    1399 |    3537     254    3537 |     508     254     508 |    0.1    5.2    0.4
273  |   128 |    2151 |    3528     253    3528 |     506     253     506 |    0.1    5.2    0.4
274  |   128 |    2151 |    3503     253    3503 |     506     253     506 |    0.1    5.2    0.4
275  |   128 |    1890 |    3528     253    3528 |     506     253     506 |    0.1    4.2    0.4
276  |   128 |    2130 |    3018     252    3018 |     504     252     504 |    0.1    4.2    0.4
277  |   128 |    2151 |    3519     253    3519 |     506     253     506 |    0.1    5.3    0.5
278  |   127 |    2142 |    3516     252    3516 |     505     253     505 |    0.1    5.4    0.4
279  |   128 |    1816 |    3400     253    3400 |     507     253     507 |    0.1    3.7    0.4
280  |   128 |    2167 |    3532     253    3532 |     508     253     508 |    0.1    5.2    0.4
281  |   128 |    2147 |    3507     252    3507 |     505     252     505 |    0.1    5.2    0.4
282  |   128 |    2152 |    3504     254    3504 |     508     253     508 |    0.1    4.4    0.4
283  |   128 |    2144 |    3520     252    3520 |     505     253     505 |    0.1    5.3    0.5
284  |   128 |    2147 |    3514     252    3514 |     504     252     504 |    0.1    4.3    0.4
285  |   127 |    1633 |    3509     253    3509 |     507     253     507 |    0.1    4.1    0.4
286  |   126 |    2128 |    3506     251    3506 |     502     251     502 |    0.1    4.1    0.4
287  |   128 |    2157 |    3035     253    3035 |     507     253     507 |    0.1    4.1    0.4
288  |   127 |    2151 |    3519     253    3519 |     506     253     506 |    0.1    5.2    0.4
289  |   128 |    2160 |    3510     254    3510 |     509     254     509 |    0.1    5.3    0.4
290  |   128 |    2156 |    3522     253    3522 |     505     253     505 |    0.1    5.2    0.4
291  |   126 |    2127 |    3499     253    3499 |     506     253     506 |    0.1    5.6    0.5
292  |   128 |    1916 |    3493     255    3493 |     512     255     512 |    0.1    4.2    0.4
293  |   128 |    2160 |    3525     253    3525 |     506     253     506 |    0.1    5.0    0.4
294  |   128 |    2167 |    3529     254    3529 |     508     254     508 |    0.1    5.2    0.4
295  |   128 |    1395 |    3530     253    3530 |     506     253     506 |    0.1    4.3    0.4
296  |   128 |    1755 |    3501     254    3501 |     510     254     510 |    0.1    5.0    0.4
297  |   128 |    2150 |    3524     252    3524 |     504     252     504 |    0.1    5.3    0.4
298  |   128 |    2130 |    3487     251    3487 |     503     251     503 |    0.1    5.4    0.5
299  |   128 |    2160 |    3523     253    3523 |     506     253     506 |    0.1    5.4    0.4
300  |   128 |    1765 |    3521     253    3521 |     506     253     506 |    0.1    4.4    0.4
301  |   127 |    2132 |    3509     251    3509 |     504     252     504 |    0.1    5.1    0.4
302  |   128 |    2153 |    3514     253    3514 |     506     253     506 |    0.1    5.0    0.4
303  |   128 |    2158 |    3528     253    3528 |     508     254     508 |    0.1    5.3    0.4
304  |   127 |    2148 |    3522     252    3522 |     505     252     505 |    0.1    5.2    0.4
305  |   128 |    2152 |    3526     253    3526 |     507     253     507 |    0.1    5.1    0.5
306  |   128 |    2159 |    3524     253    3524 |     506     253     506 |    0.1    5.4    0.5
307  |   128 |    2153 |    3031     253    3031 |     506     253     506 |    0.1    4.0    0.4
308  |   128 |    2155 |    3519     253    3519 |     506     253     506 |    0.1    4.9    0.4
309  |   128 |    2125 |    3007     252    3007 |     506     253     506 |    0.1    4.1    0.4
310  |   127 |    1895 |    3516     253    3516 |     506     253     506 |    0.1    4.2    0.4
311  |   128 |    2160 |    3523     253    3523 |     507     254     507 |    0.1    5.3    0.5
312  |   128 |    2147 |    3524     253    3524 |     507     253     507 |    0.1    5.3    0.5
313  |   127 |    2141 |    3494     253    3494 |     507     253     507 |    0.1    4.1    0.4
314  |   127 |    2119 |    3003     252    3003 |     504     252     504 |    0.1    4.1    0.4
315  |   128 |    2161 |    3527     254    3527 |     507     254     507 |    0.1    5.3    0.5
316  |   128 |    1488 |    3492     252    3492 |     504     252     504 |    0.1    4.0    0.4
317  |   128 |    2150 |    3524     253    3524 |     506     253     506 |    0.1    5.0    0.4
318  |   128 |    2151 |    3530     253    3530 |     506     253     506 |    0.1    5.3    0.4
319  |   128 |    2152 |    3027     253    3027 |     505     253     505 |    0.1    4.0    0.4
320  |   128 |    2163 |    3527     255    3527 |     509     255     509 |    0.1    5.1    0.5
321  |   128 |    2154 |    3524     253    3524 |     506     253     506 |    0.1    5.2    0.4
322  |   128 |    2157 |    3516     254    3516 |     508     254     508 |    0.1    5.1    0.4
323  |   128 |    1393 |    3518     253    3518 |     507     253     507 |    0.1    4.2    0.4
324  |   127 |    2137 |    3515     252    3515 |     504     252     504 |    0.1    5.3    0.5
325  |   128 |    2168 |    3535     253    3535 |     507     253     507 |    0.1    5.2    0.4
326  |   128 |    2152 |    3524     254    3524 |     507     254     507 |    0.1    5.1    0.4
327  |   128 |    2153 |    3525     254    3525 |     508     254     508 |    0.1    5.4    0.4
328  |   128 |    2166 |    3536     253    3536 |     507     253     507 |    0.1    5.1    0.4
329  |   128 |    1383 |    3523     253    3523 |     506     253     506 |    0.1    5.3    0.4
330  |   128 |    1386 |    3525     253    3525 |     505     253     505 |    0.1    5.2    0.4
331  |   127 |    2141 |    3512     252    3512 |     504     252     504 |    0.1    4.9    0.4
332  |   128 |    2162 |    3531     253    3531 |     507     253     507 |    0.1    5.3    0.4
333  |   128 |    2166 |    3532     253    3532 |     507     253     507 |    0.1    5.2    0.5
334  |   128 |    1478 |    2985     251    2985 |     504     251     504 |    0.1    3.8    0.4
335  |   128 |    2155 |    3527     254    3527 |     508     254     508 |    0.1    5.4    0.4
336  |   128 |    1492 |    3011     252    3011 |     504     252     504 |    0.1    4.0    0.4
337  |   128 |    2122 |    3469     255    3469 |     511     256     511 |    0.1    3.9    0.4
338  |   127 |    2135 |    3506     251    3506 |     504     251     504 |    0.1    5.1    0.4
339  |   128 |    1649 |    3507     254    3507 |     509     254     509 |    0.1    4.1    0.4
340  |   127 |    2139 |    3501     255    3501 |     509     255     509 |    0.1    3.9    0.4
341  |   126 |    2122 |    3488     251    3488 |     502     251     502 |    0.1    5.0    0.4
342  |   127 |    2107 |    3491     251    3491 |     503     251     503 |    0.1    4.0    0.4
343  |   128 |    1760 |    3032     254    3032 |     507     254     507 |    0.1    4.3    0.4
344  |   126 |    2116 |    3001     251    3001 |     502     251     502 |    0.1    4.2    0.4
345  |   128 |    2150 |    3522     253    3522 |     506     253     506 |    0.1    5.2    0.4
346  |   128 |    2158 |    3525     253    3525 |     507     254     507 |    0.1    5.3    0.4
347  |   128 |    2162 |    3530     253    3530 |     507     253     507 |    0.1    5.4    0.4
348  |   128 |    1375 |    3023     252    3023 |     504     252     504 |    0.1    4.1    0.4
349  |   128 |    2145 |    3522     252    3522 |     505     252     505 |    0.1    5.2    0.4
350  |   127 |    2139 |    3014     251    3014 |     503     251     503 |    0.1    4.1    0.4
351  |   128 |    1600 |    2986     252    2986 |     504     252     504 |    0.1    3.8    0.4
352  |   128 |    2162 |    3534     254    3534 |     508     254     508 |    0.1    5.2    0.4
353  |   128 |    1630 |    3495     253    3495 |     507     253     507 |    0.1    4.3    0.4
354  |   128 |    2151 |    3527     253    3527 |     507     253     507 |    0.1    5.3    0.4
355  |   128 |    2165 |    3536     254    3536 |     507     254     507 |    0.1    5.3    0.5
356  |   128 |    2149 |    3514     252    3514 |     504     252     504 |    0.1    5.1    0.4
357  |   128 |    2161 |    3531     253    3531 |     506     253     506 |    0.1    5.2    0.4
358  |   128 |    2165 |    3520     254    3520 |     509     254     509 |    0.1    5.2    0.4
359  |   127 |    2128 |    3489     251    3489 |     503     251     503 |    0.1    5.0    0.5
360  |   128 |    2158 |    3524     253    3524 |     508     253     508 |    0.1    5.4    0.4
361  |   127 |    2141 |    3508     251    3508 |     504     251     504 |    0.1    4.9    0.4
362  |   128 |    1643 |    3513     256    3513 |     511     256     511 |    0.1    5.2    0.5
363  |   127 |    2139 |    3514     251    3514 |     504     251     504 |    0.1    4.9    0.4
364  |   126 |    2109 |    2993     251    2993 |     502     251     502 |    0.1    3.9    0.4
365  |   127 |    1619 |    3015     252    3015 |     503     252     503 |    0.1    4.0    0.4
366  |   128 |    2159 |    3523     254    3523 |     508     254     508 |    0.1    5.1    0.4
367  |   127 |    2143 |    3518     253    3518 |     505     253     505 |    0.1    5.3    0.4
368  |   127 |    2142 |    3509     252    3509 |     504     252     504 |    0.1    5.0    0.4
369  |   127 |    1373 |    3010     252    3010 |     504     251     504 |    0.1    4.0    0.4
370  |   128 |    2154 |    3514     253    3514 |     506     253     506 |    0.1    5.1    0.4
371  |   128 |    2164 |    3524     254    3524 |     509     254     509 |    0.1    5.3    0.4
372  |   128 |    2154 |    3531     253    3531 |     506     253     506 |    0.1    5.1    0.4
373  |   127 |    2129 |    3502     252    3502 |     504     252     504 |    0.1    5.1    0.4
374  |   127 |    1382 |    3511     252    3511 |     505     252     505 |    0.1    4.3    0.4
375  |   128 |    2140 |    3517     254    3517 |     508     254     508 |    0.1    5.2    0.5
376  |   128 |    2155 |    3523     253    3523 |     506     253     506 |    0.1    5.2    0.4
377  |   127 |    2135 |    3512     252    3512 |     504     252     504 |    0.1    5.1    0.4
378  |   128 |    2169 |    3533     253    3533 |     507     254     507 |    0.1    5.4    0.4
379  |   128 |    1507 |    3524     253    3524 |     506     253     506 |    0.1    4.9    0.4
380  |   126 |    2127 |    3503     251    3503 |     503     251     503 |    0.1    5.3    0.4
381  |   128 |    2156 |    3533     253    3533 |     506     253     506 |    0.1    5.4    0.4
382  |   128 |    2167 |    3541     254    3541 |     507     254     507 |    0.1    5.0    0.4
383  |   128 |    2140 |    3007     252    3007 |     504     252     504 |    0.1    4.1    0.4
384  |   128 |    2144 |    3028     252    3028 |     505     253     505 |    0.1    4.1    0.4
385  |   128 |    1382 |    3515     253    3515 |     505     253     505 |    0.1    5.3    0.4
386  |   127 |    2148 |    3510     253    3510 |     507     253     507 |    0.1    5.0    0.4
387  |   128 |    2164 |    3532     253    3532 |     507     253     507 |    0.1    5.2    0.5
388  |   128 |    2136 |    3022     252    3022 |     504     252     504 |    0.1    3.9    0.4
389  |   128 |    1650 |    3528     253    3528 |     506     253     506 |    0.1    5.4    0.4
390  |   128 |    2133 |    3018     252    3018 |     505     252     505 |    0.1    3.9    0.4
391  |   128 |    2156 |    3528     253    3528 |     507     253     507 |    0.1    5.0    0.4
392  |   126 |    2103 |    2978     251    2978 |     501     251     501 |    0.1    4.1    0.4
393  |   128 |    2161 |    3523     253    3523 |     507     253     507 |    0.1    5.1    0.4
394  |   127 |    2133 |    3501     252    3501 |     506     252     506 |    0.1    4.2    0.4
395  |   128 |    2069 |    2956     252    2956 |     506     252     506 |    0.1    3.8    0.4
396  |   127 |    2092 |    3411     251    3411 |     503     251     503 |    0.1    4.7    0.4
397  |   128 |    2161 |    3522     254    3522 |     508     254     508 |    0.1    5.3    0.4
398  |   128 |    2160 |    3528     254    3528 |     507     254     507 |    0.1    4.1    0.4
399  |   128 |    2140 |    3516     253    3516 |     506     253     506 |    0.1    5.2    0.5
400  |   127 |    2148 |    3511     252    3511 |     505     252     505 |    0.1    5.4    0.4
401  |   128 |    2153 |    3515     254    3515 |     509     254     509 |    0.1    5.1    0.4
402  |   127 |    1741 |    3017     252    3017 |     504     252     504 |    0.1    4.1    0.4
403  |   128 |    2158 |    3532     253    3532 |     506     253     506 |    0.1    5.2    0.4
404  |   128 |    1378 |    3519     252    3519 |     505     252     505 |    0.1    5.2    0.4
405  |   125 |    2110 |    2992     251    2992 |     502     251     502 |    0.1    3.9    0.4
406  |   128 |    2155 |    3518     253    3518 |     506     253     506 |    0.1    4.9    0.4
407  |   128 |    2149 |    3516     253    3516 |     506     253     506 |    0.1    5.1    0.4
408  |   127 |    2135 |    3497     251    3497 |     504     251     504 |    0.1    4.8    0.4
409  |   128 |    2141 |    3520     252    3520 |     505     252     505 |    0.1    5.4    0.4
410  |   128 |    2158 |    3527     253    3527 |     507     253     507 |    0.1    5.0    0.4
411  |   128 |    2167 |    3532     254    3532 |     508     254     508 |    0.1    5.3    0.4
412  |   128 |    2135 |    3515     252    3515 |     504     252     504 |    0.1    5.2    0.4
413  |   128 |    2152 |    3028     253    3028 |     506     253     506 |    0.1    4.0    0.4
414  |   126 |    2117 |    3482     252    3482 |     504     252     504 |    0.3    4.3    0.4
415  |   128 |    2161 |    3530     253    3530 |     507     253     507 |    0.1    5.2    0.4
416  |   128 |    2160 |    3528     253    3528 |     507     253     507 |    0.1    5.3    0.4
417  |   128 |    1369 |    2992     252    2992 |     504     252     504 |    0.1    3.8    0.4
418  |   128 |    2113 |    3494     252    3494 |     504     252     504 |    0.1    4.1    0.4
419  |   128 |    2160 |    3535     253    3535 |     506     253     506 |    0.1    5.2    0.4
420  |   126 |    2125 |    3490     251    3490 |     503     251     503 |    0.1    5.3    0.4
421  |   128 |    2150 |    3516     254    3516 |     507     254     507 |    0.1    5.2    0.4
422  |   128 |    2153 |    3505     254    3505 |     507     253     507 |    0.1    5.4    0.4
423  |   128 |    1380 |    3518     253    3518 |     506     253     506 |    0.1    5.2    0.5
424  |   128 |    2155 |    3528     253    3528 |     507     254     507 |    0.1    5.2    0.5
425  |   128 |    2149 |    3516     253    3516 |     506     253     506 |    0.1    5.3    0.5
426  |   128 |    2164 |    3528     253    3528 |     508     254     508 |    0.1    5.2    0.4
427  |   128 |    2169 |    3539     254    3539 |     507     254     507 |    0.1    5.3    0.4
428  |   127 |    2131 |    3510     251    3510 |     503     251     503 |    0.1    5.4    0.5
429  |   128 |    2166 |    3535     253    3535 |     507     253     507 |    0.1    5.2    0.4
430  |   128 |    2148 |    3519     252    3519 |     505     252     505 |    0.1    5.3    0.4
431  |   127 |    2138 |    3517     252    3517 |     504     252     504 |    0.1    5.2    0.4
432  |   128 |    2147 |    3525     253    3525 |     506     253     506 |    0.1    5.2    0.4
433  |   128 |    2139 |    3487     252    3487 |     504     252     504 |    0.1    5.1    0.5
434  |   128 |    2161 |    3531     253    3531 |     507     253     507 |    0.1    5.3    0.4
435  |   127 |    2128 |    3496     251    3496 |     502     251     502 |    0.1    5.1    0.4
436  |   128 |    2163 |    3532     253    3532 |     506     253     506 |    0.1    5.1    0.4
437  |   128 |    2142 |    3525     252    3525 |     505     252     505 |    0.1    5.2    0.4
438  |   127 |    2134 |    3517     252    3517 |     504     252     504 |    0.1    5.4    0.5
439  |   128 |    2166 |    3522     254    3522 |     508     254     508 |    0.1    5.2    0.5
440  |   128 |    2162 |    3533     253    3533 |     506     253     506 |    0.1    5.4    0.4
441  |   128 |    2152 |    3519     252    3519 |     504     252     504 |    0.1    5.3    0.5
442  |   126 |    2109 |    2995     251    2995 |     502     251     502 |    0.1    3.9    0.4
443  |   128 |    2117 |    3004     252    3004 |     505     252     505 |    0.1    3.9    0.4
444  |   128 |    2164 |    3533     253    3533 |     507     254     507 |    0.1    5.0    0.4
445  |   128 |    2166 |    3540     253    3540 |     507     253     507 |    0.1    4.0    0.4
446  |   128 |    2162 |    3523     255    3523 |     511     255     511 |    0.1    5.0    0.4
447  |   128 |    2156 |    3521     254    3521 |     507     254     507 |    0.1    5.3    0.4
448  |   128 |    2147 |    3519     253    3519 |     506     253     506 |    0.1    5.2    0.5
449  |   128 |    1513 |    3529     254    3529 |     508     254     508 |    0.1    4.9    0.4
450  |   128 |    1639 |    3516     252    3516 |     505     252     505 |    0.1    4.2    0.4
451  |   128 |    1508 |    3536     254    3536 |     508     254     508 |    0.1    5.1    0.5
452  |   128 |    2166 |    3538     254    3538 |     507     254     507 |    0.1    5.4    0.5
453  |   127 |    2148 |    3521     252    3521 |     506     252     506 |    0.1    5.1    0.4
454  |   127 |    2141 |    3505     251    3505 |     505     252     505 |    0.1    5.1    0.4
455  |   128 |    2169 |    3535     254    3535 |     507     254     507 |    0.1    5.0    0.4
456  |   128 |    2163 |    3536     253    3536 |     507     253     507 |    0.1    5.3    0.5
457  |   128 |    2150 |    3517     252    3517 |     505     253     505 |    0.1    5.2    0.4
458  |   127 |    1381 |    3510     253    3510 |     506     253     506 |    0.1    5.3    0.4
459  |   128 |    1627 |    3485     253    3485 |     505     253     505 |    0.1    3.9    0.4
460  |   128 |    2154 |    3527     252    3527 |     506     253     506 |    0.1    4.2    0.4
461  |   128 |    2168 |    3537     254    3537 |     507     254     507 |    0.1    5.1    0.5
462  |   128 |    2126 |    3012     253    3012 |     506     253     506 |    0.1    3.9    0.4
463  |   125 |    2111 |    2994     251    2994 |     501     251     501 |    0.1    3.7    0.4
464  |   128 |    1644 |    3522     254    3522 |     507     254     507 |    0.1    4.9    0.4
465  |   127 |    2145 |    3516     252    3516 |     504     252     504 |    0.1    4.9    0.4
466  |   128 |    2161 |    3526     254    3526 |     507     254     507 |    0.1    5.1    0.4
467  |   128 |    2135 |    3503     252    3503 |     507     253     507 |    0.1    3.9    0.4
468  |   128 |    2151 |    3521     252    3521 |     504     252     504 |    0.1    5.5    0.5
469  |   126 |    1366 |    3004     251    3004 |     502     251     502 |    0.1    4.1    0.4
470  |   127 |    1632 |    3504     252    3504 |     506     252     506 |    0.1    4.0    0.4
471  |   127 |    2148 |    3521     253    3521 |     505     253     505 |    0.1    5.1    0.4
472  |   128 |    2162 |    3528     253    3528 |     507     253     507 |    0.1    5.3    0.4
473  |   128 |    2141 |    3517     252    3517 |     505     252     505 |    0.1    5.1    0.4
474  |   128 |    1370 |    3011     252    3011 |     504     252     504 |    0.1    4.0    0.4
475  |   128 |    1379 |    3522     252    3522 |     505     252     505 |    0.1    5.1    0.4
476  |   128 |    2158 |    3526     253    3526 |     507     253     507 |    0.1    5.3    0.5
477  |   128 |    2160 |    3525     254    3525 |     507     254     507 |    0.1    5.1    0.4
478  |   127 |    2142 |    3507     252    3507 |     505     252     505 |    0.1    5.3    0.4
479  |   127 |    2145 |    3517     253    3517 |     506     253     506 |    0.1    5.1    0.4
480  |   128 |    1772 |    3521     254    3521 |     507     254     507 |    0.1    4.2    0.4
481  |   128 |    2137 |    3516     252    3516 |     505     252     505 |    0.1    5.1    0.4
482  |   126 |    1368 |    3004     251    3004 |     503     251     503 |    0.1    4.0    0.4
483  |   126 |    2123 |    3501     251    3501 |     502     251     502 |    0.1    5.0    0.4
484  |   128 |    2157 |    3523     254    3523 |     508     254     508 |    0.1    5.3    0.4
485  |   128 |    2157 |    3530     253    3530 |     506     253     506 |    0.1    5.5    0.5
486  |   127 |    1498 |    3517     253    3517 |     505     253     505 |    0.1    5.2    0.4
487  |   128 |    2156 |    3520     254    3520 |     508     254     508 |    0.1    5.4    0.4
488  |   128 |    1765 |    3525     253    3525 |     505     253     505 |    0.1    4.0    0.4
489  |   128 |    1386 |    3529     253    3529 |     505     253     505 |    0.1    5.4    0.4
490  |   128 |    1646 |    3523     253    3523 |     506     253     506 |    0.1    4.3    0.4
491  |   128 |    1756 |    3523     253    3523 |     506     253     506 |    0.1    4.9    0.4
492  |   127 |    2143 |    3522     252    3522 |     505     252     505 |    0.1    5.6    0.5
493  |   128 |    2100 |    3479     252    3479 |     504     252     504 |    0.1    4.0    0.4
494  |   128 |    2158 |    3532     253    3532 |     507     253     507 |    0.1    5.1    0.4
495  |   128 |    2155 |    3515     255    3515 |     511     255     511 |    0.1    4.9    0.4
496  |   128 |    2150 |    3523     253    3523 |     506     253     506 |    0.1    5.1    0.4
497  |   128 |    1502 |    3517     253    3517 |     505     252     505 |    0.1    4.9    0.4
498  |   128 |    2162 |    3523     253    3523 |     506     253     506 |    0.1    5.2    0.4
499  |   124 |    2096 |    2976     251    2976 |     501     251     501 |    0.1    3.9    0.4
500  |   128 |    2166 |    3531     254    3531 |     509     254     509 |    0.1    5.3    0.4
501  |   127 |    2146 |    3517     252    3517 |     504     252     504 |    0.1    5.2    0.4
502  |   128 |    1640 |    3523     253    3523 |     506     253     506 |    0.1    4.1    0.4
503  |   123 |    2063 |    2931     251    2931 |     501     251     501 |    0.1    3.6    0.4
504  |   126 |    2122 |    3499     251    3499 |     502     251     502 |    0.1    4.9    0.4
505  |   127 |    2148 |    3514     253    3514 |     507     253     507 |    0.1    5.2    0.4
506  |   126 |    1623 |    3499     252    3499 |     505     253     505 |    0.1    4.1    0.4
507  |   126 |    2105 |    2978     251    2978 |     501     251     501 |    0.1    3.7    0.4
508  |   128 |    2065 |    2963     252    2963 |     505     252     505 |    0.1    3.7    0.4
509  |   128 |    2150 |    3523     253    3523 |     507     253     507 |    0.1    4.2    0.4
510  |   128 |    1388 |    3517     252    3517 |     505     252     505 |    0.1    5.1    0.4
511  |   128 |    2166 |    3535     253    3535 |     507     253     507 |    0.1    5.3    0.5
512  |   128 |    2157 |    3529     254    3529 |     507     254     507 |    0.1    5.3    0.5
513  |   128 |    2137 |    3515     253    3515 |     506     253     506 |    0.1    5.0    0.4
514  |   127 |    2135 |    3509     252    3509 |     504     252     504 |    0.1    5.1    0.4
515  |   128 |    2149 |    3515     252    3515 |     505     252     505 |    0.1    5.5    0.4
516  |   128 |    2158 |    3531     253    3531 |     506     253     506 |    0.1    5.2    0.4
517  |   128 |    2155 |    3533     253    3533 |     507     253     507 |    0.1    5.4    0.5
518  |   128 |    2121 |    3009     252    3009 |     504     252     504 |    0.1    3.8    0.4
519  |   128 |    2163 |    3528     253    3528 |     506     253     506 |    0.1    5.5    0.4
520  |   128 |    2160 |    3527     254    3527 |     508     254     508 |    0.1    5.1    0.4
521  |   128 |    2155 |    3033     253    3033 |     507     253     507 |    0.1    4.2    0.4
522  |   127 |    2144 |    3510     252    3510 |     504     252     504 |    0.1    5.2    0.4
523  |   128 |    2154 |    3528     253    3528 |     505     253     505 |    0.1    5.4    0.4
524  |   128 |    2098 |    2984     252    2984 |     505     252     505 |    0.1    4.1    0.4
525  |   128 |    2156 |    3522     253    3522 |     508     253     508 |    0.1    5.0    0.4
526  |   127 |    2135 |    3514     252    3514 |     504     252     504 |    0.1    5.2    0.4
527  |   128 |    1644 |    3525     254    3525 |     508     254     508 |    0.1    5.4    0.4
528  |   128 |    2156 |    3531     253    3531 |     507     253     507 |    0.1    5.5    0.4
529  |   128 |    2155 |    3525     253    3525 |     506     253     506 |    0.1    5.0    0.4
530  |   128 |    2151 |    3514     253    3514 |     505     253     505 |    0.1    5.0    0.4
531  |   128 |    2161 |    3528     253    3528 |     506     253     506 |    0.1    5.3    0.4
532  |   126 |    2129 |    3504     252    3504 |     503     252     503 |    0.1    5.1    0.4
533  |   128 |    1638 |    3524     253    3524 |     506     253     506 |    0.1    4.4    0.4
534  |   128 |    2134 |    3487     253    3487 |     506     253     506 |    0.1    4.8    0.4
535  |   128 |    2137 |    3023     252    3023 |     504     252     504 |    0.1    3.9    0.4
536  |   128 |    1893 |    3499     252    3499 |     504     252     504 |    0.1    5.1    0.4
537  |   128 |    2160 |    3534     253    3534 |     507     253     507 |    0.1    5.2    0.4
538  |   127 |    2146 |    3514     252    3514 |     505     252     505 |    0.1    5.0    0.4
539  |   128 |    2163 |    3531     253    3531 |     506     253     506 |    0.1    5.4    0.5
540  |   128 |    2130 |    3021     252    3021 |     504     252     504 |    0.1    3.9    0.4
541  |   128 |    1379 |    3518     252    3518 |     505     252     505 |    0.1    5.0    0.4
542  |   128 |    2161 |    3528     253    3528 |     507     253     507 |    0.1    5.2    0.5
543  |   128 |    1502 |    3525     253    3525 |     506     253     506 |    0.1    5.2    0.4
544  |   126 |    2106 |    2979     251    2979 |     501     251     501 |    0.1    4.0    0.4
545  |   128 |    2154 |    3529     253    3529 |     506     253     506 |    0.1    5.1    0.4
546  |   128 |    2144 |    3523     253    3523 |     506     253     506 |    0.1    5.3    0.4
547  |   127 |    1369 |    3009     251    3009 |     503     251     503 |    0.1    3.9    0.4
548  |   126 |    1877 |    3491     252    3491 |     503     252     503 |    0.1    3.8    0.4
549  |   127 |    2130 |    3498     251    3498 |     503     251     503 |    0.1    5.0    0.4
550  |   128 |    2158 |    3033     254    3033 |     508     254     508 |    0.1    4.0    0.4
551  |   127 |    2144 |    3516     253    3516 |     505     253     505 |    0.1    5.5    0.5
552  |   128 |    2153 |    3521     252    3521 |     506     252     506 |    0.1    5.2    0.4
553  |   128 |    2148 |    3527     253    3527 |     506     253     506 |    0.1    5.2    0.4
554  |   128 |    2162 |    3514     254    3514 |     509     254     509 |    0.1    5.1    0.4
555  |   126 |    2128 |    3507     251    3507 |     502     251     502 |    0.1    5.4    0.4
556  |   128 |    2156 |    3518     254    3518 |     509     254     509 |    0.1    4.3    0.4
557  |   128 |    2163 |    3519     254    3519 |     510     254     510 |    0.1    5.0    0.4
558  |   128 |    2159 |    3518     253    3518 |     506     253     506 |    0.1    4.9    0.5
559  |   128 |    1632 |    3529     253    3529 |     507     254     507 |    0.1    4.2    0.4
560  |   127 |    2145 |    3514     252    3514 |     504     252     504 |    0.1    5.1    0.5
561  |   128 |    1488 |    3017     252    3017 |     504     252     504 |    0.1    4.1    0.4
562  |   128 |    1651 |    3538     254    3538 |     508     254     508 |    0.1    5.4    0.5
563  |   128 |    1375 |    3517     252    3517 |     504     252     504 |    0.1    4.2    0.4
564  |   128 |    2165 |    3517     254    3517 |     509     254     509 |    0.1    5.3    0.5
565  |   125 |    2104 |    2982     251    2982 |     501     251     501 |    0.1    4.0    0.4
566  |   127 |    2106 |    2989     251    2989 |     504     251     504 |    0.1    3.7    0.4
567  |   128 |    1638 |    3525     253    3525 |     506     253     506 |    0.1    5.2    0.5
568  |   127 |    2151 |    3518     252    3518 |     505     253     505 |    0.1    5.2    0.4
569  |   128 |    2132 |    3018     252    3018 |     505     252     505 |    0.1    4.0    0.4
570  |   128 |    2163 |    3535     253    3535 |     507     253     507 |    0.1    5.1    0.5
571  |   128 |    2165 |    3523     254    3523 |     508     254     508 |    0.1    5.0    0.4
572  |   128 |    1747 |    3012     252    3012 |     505     252     505 |    0.1    4.1    0.4
573  |   128 |    2164 |    3530     254    3530 |     508     254     508 |    0.1    5.2    0.4
574  |   128 |    2151 |    3513     252    3513 |     506     253     506 |    0.1    5.2    0.5
575  |   128 |    2159 |    3525     254    3525 |     507     254     507 |    0.1    5.0    0.4
576  |   127 |    2138 |    3504     252    3504 |     505     253     505 |    0.1    4.9    0.4
577  |   128 |    2160 |    3532     253    3532 |     506     253     506 |    0.1    5.2    0.4
578  |   127 |    2134 |    3501     251    3501 |     504     251     504 |    0.1    5.0    0.5
579  |   127 |    2126 |    3486     251    3486 |     503     251     503 |    0.1    5.2    0.5
580  |   128 |    2166 |    3534     254    3534 |     508     254     508 |    0.1    5.3    0.5
581  |   128 |    2148 |    3527     253    3527 |     505     253     505 |    0.1    5.1    0.4
582  |   128 |    2163 |    3529     254    3529 |     508     254     508 |    0.1    5.3    0.4
583  |   127 |    2140 |    3021     252    3021 |     505     252     505 |    0.1    3.9    0.4
584  |   128 |    2163 |    3529     253    3529 |     508     254     508 |    0.1    5.1    0.4
585  |   128 |    2159 |    3528     254    3528 |     507     253     507 |    0.1    5.3    0.5
586  |   128 |    2152 |    3511     253    3511 |     506     253     506 |    0.1    5.6    0.5
587  |   128 |    1483 |    3014     252    3014 |     504     252     504 |    0.1    4.0    0.4
588  |   127 |    2136 |    3504     251    3504 |     503     251     503 |    0.1    5.3    0.5
589  |   128 |    2158 |    3524     253    3524 |     506     253     506 |    0.1    5.3    0.4
590  |   128 |    2142 |    3507     253    3507 |     506     253     506 |    0.1    5.2    0.4
591  |   128 |    1366 |    3000     252    3000 |     504     252     504 |    0.1    4.0    0.4
592  |   128 |    2143 |    3520     252    3520 |     505     252     505 |    0.1    5.4    0.5
593  |   128 |    2095 |    2987     252    2987 |     504     252     504 |    0.1    3.9    0.4
594  |   128 |    2161 |    3523     254    3523 |     508     254     508 |    0.1    5.0    0.5
595  |   128 |    2153 |    3516     253    3516 |     505     253     505 |    0.1    5.1    0.4
596  |   128 |    2136 |    3515     252    3515 |     504     252     504 |    0.1    5.1    0.4
597  |   128 |    1388 |    3511     253    3511 |     506     253     506 |    0.1    5.3    0.4
598  |   128 |    2147 |    3523     253    3523 |     506     253     506 |    0.1    5.0    0.4
599  |   128 |    2150 |    3528     253    3528 |     506     253     506 |    0.1    5.3    0.4
600  |   128 |    1696 |    2938     252    2938 |     504     252     504 |    0.1    3.6    0.3
601  |   126 |    1726 |    2988     251    2988 |     502     251     502 |    0.1    4.1    0.4
602  |   128 |    1621 |    3014     252    3014 |     504     252     504 |    0.1    4.0    0.4
603  |   128 |    1633 |    3512     253    3512 |     506     253     506 |    0.1    4.0    0.4
604  |   128 |    2161 |    3524     253    3524 |     508     254     508 |    0.1    5.6    0.5
605  |   128 |    1485 |    2993     252    2993 |     504     252     504 |    0.1    4.2    0.4
606  |   127 |    2126 |    3015     252    3015 |     504     252     504 |    0.1    4.1    0.4
607  |   127 |    1747 |    3011     252    3011 |     505     252     505 |    0.1    4.0    0.4
608  |   127 |    2131 |    3491     251    3491 |     504     251     504 |    0.1    5.2    0.4
609  |   128 |    2158 |    3523     253    3523 |     506     253     506 |    0.1    5.5    0.5
610  |   128 |    2161 |    3529     253    3529 |     506     253     506 |    0.1    5.4    0.4
611  |   127 |    2127 |    3499     251    3499 |     502     251     502 |    0.1    5.2    0.4
612  |   128 |    2143 |    3503     252    3503 |     504     252     504 |    0.1    5.3    0.4
613  |   128 |    1729 |    2990     252    2990 |     505     252     505 |    0.1    4.2    0.4
614  |   128 |    2167 |    3532     255    3532 |     509     255     509 |    0.1    5.2    0.4
615  |   128 |    2144 |    3509     252    3509 |     504     252     504 |    0.1    5.2    0.4
616  |   128 |    2147 |    3498     252    3498 |     505     252     505 |    0.1    5.1    0.4
617  |   127 |    2149 |    3518     253    3518 |     505     253     505 |    0.1    5.3    0.4
618  |   128 |    2160 |    3531     253    3531 |     506     253     506 |    0.1    5.5    0.4
619  |   128 |    2155 |    3529     253    3529 |     506     253     506 |    0.1    5.1    0.5
620  |   128 |    2161 |    3519     254    3519 |     509     254     509 |    0.1    5.1    0.4
621  |   128 |    1390 |    3520     253    3520 |     507     253     507 |    0.1    5.2    0.4
622  |   128 |    2167 |    3521     253    3521 |     508     254     508 |    0.1    5.1    0.5
623  |   128 |    2157 |    3520     254    3520 |     508     254     508 |    0.1    4.9    0.4
624  |   128 |    2165 |    3521     254    3521 |     508     254     508 |    0.1    5.1    0.4
625  |   127 |    2117 |    3001     251    3001 |     504     251     504 |    0.1    4.1    0.4
626  |   128 |    2117 |    3002     252    3002 |     505     252     505 |    0.1    3.8    0.4
627  |   128 |    1385 |    3521     253    3521 |     507     253     507 |    0.1    5.4    0.5
628  |   128 |    2082 |    3468     251    3468 |     504     252     504 |    0.1    3.9    0.4
629  |   128 |    2143 |    3522     252    3522 |     505     252     505 |    0.1    5.2    0.4
630  |   128 |    2168 |    3539     254    3539 |     507     254     507 |    0.1    5.3    0.5
631  |   128 |    2159 |    3523     253    3523 |     506     253     506 |    0.1    5.2    0.4
632  |   128 |    2147 |    3500     252    3500 |     505     252     505 |    0.1    5.2    0.4
633  |   126 |    2115 |    3002     251    3002 |     503     251     503 |    0.1    3.9    0.4
634  |   128 |    1636 |    3519     253    3519 |     505     253     505 |    0.1    5.2    0.4
635  |   128 |    2167 |    3529     253    3529 |     507     253     507 |    0.1    5.2    0.4
636  |   128 |    2154 |    3519     253    3519 |     506     253     506 |    0.1    5.4    0.4
637  |   128 |    2160 |    3528     253    3528 |     507     253     507 |    0.1    5.1    0.4
638  |   128 |    2143 |    3491     253    3491 |     505     253     505 |    0.1    5.0    0.4
639  |   128 |    2123 |    3015     252    3015 |     504     252     504 |    0.1    4.0    0.4
640  |   128 |    2166 |    3535     254    3535 |     508     254     508 |    0.1    5.1    0.4
641  |   127 |    2144 |    3514     252    3514 |     504     252     504 |    0.1    5.2    0.5
642  |   128 |    2154 |    3532     253    3532 |     506     253     506 |    0.1    5.5    0.4
643  |   128 |    2163 |    3533     253    3533 |     508     254     508 |    0.1    5.3    0.5
644  |   128 |    2160 |    3527     254    3527 |     507     254     507 |    0.1    5.4    0.5
645  |   127 |    2150 |    3524     253    3524 |     505     253     505 |    0.1    5.4    0.5
646  |   127 |    2148 |    3517     252    3517 |     505     252     505 |    0.1    4.3    0.4
647  |   127 |    2121 |    3005     251    3005 |     502     251     502 |    0.1    3.8    0.4
648  |   126 |    2126 |    3506     251    3506 |     502     251     502 |    0.1    5.1    0.4
649  |   128 |    2164 |    3538     253    3538 |     507     253     507 |    0.1    5.3    0.4
650  |   127 |    2139 |    3506     252    3506 |     504     252     504 |    0.1    5.3    0.4
651  |   128 |    2159 |    3534     253    3534 |     507     253     507 |    0.1    5.4    0.5
652  |   128 |    2155 |    3030     253    3030 |     506     253     506 |    0.1    4.0    0.4
653  |   128 |    2157 |    3525     253    3525 |     507     253     507 |    0.1    5.5    0.4
654  |   128 |    1386 |    3516     253    3516 |     507     253     507 |    0.1    5.4    0.4
655  |   128 |    2151 |    3509     252    3509 |     504     252     504 |    0.1    5.2    0.4
656  |   128 |    2126 |    3466     252    3466 |     505     252     505 |    0.1    5.1    0.5
657  |   127 |    2130 |    3481     251    3481 |     505     251     505 |    0.1    4.9    0.4
658  |   128 |    2159 |    3525     253    3525 |     505     253     505 |    0.1    5.3    0.4
659  |   128 |    2149 |    3520     254    3520 |     507     254     507 |    0.1    5.2    0.4
660  |   128 |    2152 |    3512     254    3512 |     508     254     508 |    0.1    5.1    0.4
661  |   127 |    2114 |    3000     252    3000 |     504     252     504 |    0.1    3.8    0.4
662  |   127 |    2138 |    3516     252    3516 |     505     252     505 |    0.1    5.2    0.4
663  |   128 |    1633 |    3019     253    3019 |     506     253     506 |    0.1    3.9    0.4
664  |   128 |    2145 |    3525     253    3525 |     506     253     506 |    0.1    5.3    0.4
665  |   128 |    2145 |    3529     252    3529 |     505     253     505 |    0.1    5.1    0.4
666  |   128 |    2159 |    3520     255    3520 |     509     255     509 |    0.1    4.1    0.4
667  |   128 |    2137 |    3522     252    3522 |     505     252     505 |    0.1    5.2    0.5
668  |   128 |    2152 |    3521     252    3521 |     506     253     506 |    0.1    5.2    0.4
669  |   127 |    2131 |    2997     252    2997 |     504     252     504 |    0.1    3.9    0.4
670  |   128 |    1393 |    3521     254    3521 |     508     254     508 |    0.1    5.1    0.4
671  |   127 |    2136 |    3512     252    3512 |     504     252     504 |    0.1    5.0    0.4
672  |   127 |    2140 |    3519     252    3519 |     505     252     505 |    0.1    5.0    0.4
673  |   128 |    2150 |    3529     253    3529 |     506     253     506 |    0.1    5.2    0.5
674  |   128 |    2163 |    3520     254    3520 |     509     254     509 |    0.1    4.5    0.4
675  |   128 |    2163 |    3525     254    3525 |     508     254     508 |    0.1    5.4    0.4
676  |   128 |    2132 |    3017     252    3017 |     504     252     504 |    0.1    4.2    0.4
677  |   128 |    2155 |    3522     253    3522 |     507     253     507 |    0.1    5.1    0.4
678  |   128 |    2163 |    3534     253    3534 |     506     253     506 |    0.1    4.9    0.4
679  |   128 |    2144 |    3519     252    3519 |     505     252     505 |    0.1    5.1    0.4
680  |   128 |    2154 |    3528     253    3528 |     507     253     507 |    0.1    5.3    0.4
681  |   128 |    2153 |    3518     253    3518 |     507     253     507 |    0.1    5.3    0.4
682  |   127 |    2150 |    3515     253    3515 |     506     253     506 |    0.1    4.8    0.4
683  |   128 |    2150 |    3516     254    3516 |     508     254     508 |    0.1    5.2    0.4
684  |   127 |    2114 |    3005     251    3005 |     503     251     503 |    0.1    4.0    0.4
685  |   128 |    2155 |    3529     253    3529 |     506     253     506 |    0.1    4.0    0.4
686  |   128 |    2165 |    3530     254    3530 |     508     254     508 |    0.1    5.2    0.5
687  |   128 |    2143 |    3521     252    3521 |     505     252     505 |    0.1    5.0    0.4
688  |   128 |    2155 |    3529     253    3529 |     506     253     506 |    0.1    5.2    0.4
689  |   128 |    2165 |    3532     254    3532 |     508     254     508 |    0.1    5.1    0.4
690  |   128 |    2158 |    3530     253    3530 |     506     253     506 |    0.1    5.3    0.4
691  |   126 |    2122 |    3005     251    3005 |     502     251     502 |    0.1    4.0    0.4
692  |   127 |    2122 |    3474     252    3474 |     506     252     506 |    0.1    5.0    0.4
693  |   127 |    2133 |    3511     252    3511 |     504     252     504 |    0.1    5.3    0.4
694  |   128 |    2164 |    3525     253    3525 |     507     253     507 |    0.1    5.1    0.4
695  |   126 |    2080 |    2940     251    2940 |     502     251     502 |    0.1    3.8    0.4
696  |   128 |    2151 |    3522     253    3522 |     506     253     506 |    0.1    5.5    0.4
697  |   128 |    2165 |    3517     255    3517 |     510     255     510 |    0.1    5.0    0.4
698  |   128 |    2164 |    3536     254    3536 |     508     254     508 |    0.1    5.0    0.4
699  |   127 |    2094 |    2980     251    2980 |     503     251     503 |    0.1    4.1    0.4
700  |   128 |    1514 |    3534     254    3534 |     508     254     508 |    0.1    5.3    0.5
701  |   128 |    2140 |    3517     252    3517 |     505     252     505 |    0.1    4.9    0.4
702  |   128 |    2147 |    3523     252    3523 |     505     252     505 |    0.1    5.3    0.4
703  |   128 |    2141 |    3503     252    3503 |     504     252     504 |    0.1    5.2    0.4
704  |   128 |    2163 |    3532     254    3532 |     507     254     507 |    0.1    5.3    0.4
705  |   127 |    2147 |    3510     253    3510 |     507     253     507 |    0.1    5.1    0.4
706  |   127 |    2140 |    3503     252    3503 |     504     252     504 |    0.1    5.2    0.5
707  |   128 |    2165 |    3525     253    3525 |     507     254     507 |    0.1    5.1    0.4
708  |   127 |    2132 |    3505     251    3505 |     503     251     503 |    0.1    5.1    0.4
709  |   128 |    2158 |    3528     254    3528 |     508     254     508 |    0.1    5.5    0.5
710  |   128 |    2141 |    3519     252    3519 |     505     252     505 |    0.1    4.9    0.4
711  |   128 |    2158 |    3525     252    3525 |     505     253     505 |    0.1    5.0    0.4
712  |   128 |    2151 |    3527     253    3527 |     506     253     506 |    0.1    5.1    0.4
713  |   127 |    2148 |    3516     252    3516 |     505     252     505 |    0.1    5.4    0.4
714  |   128 |    2144 |    3523     253    3523 |     506     253     506 |    0.1    5.1    0.4
715  |   127 |    2142 |    3509     252    3509 |     505     252     505 |    0.1    5.4    0.5
716  |   128 |    2139 |    3502     252    3502 |     504     252     504 |    0.1    4.9    0.4
717  |   128 |    2158 |    3530     254    3530 |     507     254     507 |    0.1    5.1    0.4
718  |   127 |    2101 |    2983     251    2983 |     504     251     504 |    0.1    4.0    0.4
719  |   128 |    2153 |    3522     253    3522 |     506     253     506 |    0.1    5.1    0.4
720  |   128 |    2143 |    3017     252    3017 |     504     252     504 |    0.1    4.2    0.4
721  |   128 |    2157 |    3519     253    3519 |     507     253     507 |    0.1    5.1    0.4
722  |   128 |    2162 |    3529     253    3529 |     506     253     506 |    0.1    5.4    0.4
723  |   128 |    2166 |    3535     254    3535 |     507     254     507 |    0.1    5.4    0.5
724  |   128 |    2157 |    3529     253    3529 |     506     253     506 |    0.1    5.3    0.4
725  |   128 |    2155 |    3519     253    3519 |     507     253     507 |    0.1    5.4    0.5
726  |   126 |    2104 |    3459     251    3459 |     502     251     502 |    0.1    5.0    0.5
727  |   128 |    2151 |    3514     253    3514 |     506     253     506 |    0.1    5.2    0.4
728  |   128 |    2155 |    3530     253    3530 |     505     253     505 |    0.1    5.0    0.4
729  |   128 |    2153 |    3518     254    3518 |     508     254     508 |    0.1    5.2    0.4
730  |   127 |    1380 |    3505     251    3505 |     506     253     506 |    0.1    4.9    0.4
731  |   128 |    2146 |    3509     252    3509 |     504     252     504 |    0.1    5.2    0.5
732  |   128 |    2153 |    3525     253    3525 |     506     253     506 |    0.1    5.2    0.4
733  |   128 |    2157 |    3526     253    3526 |     507     253     507 |    0.1    5.1    0.4
734  |   127 |    2132 |    3501     251    3501 |     503     251     503 |    0.1    5.1    0.4
735  |   127 |    2145 |    3514     253    3514 |     506     253     506 |    0.1    5.5    0.4
736  |   127 |    1381 |    3510     253    3510 |     506     253     506 |    0.1    5.0    0.4
737  |   128 |    2167 |    3513     255    3513 |     510     255     510 |    0.1    4.4    0.4
738  |   128 |    2166 |    3524     254    3524 |     508     254     508 |    0.1    5.4    0.5
739  |   128 |    2160 |    3518     254    3518 |     507     254     507 |    0.1    5.2    0.5
740  |   128 |    2128 |    3012     252    3012 |     505     252     505 |    0.1    4.1    0.4
741  |   128 |    2159 |    3532     254    3532 |     508     254     508 |    0.1    5.4    0.5
742  |   128 |    2162 |    3539     253    3539 |     507     253     507 |    0.1    5.1    0.4
743  |   128 |    2144 |    3509     252    3509 |     504     252     504 |    0.1    5.4    0.5
744  |   128 |    1375 |    3020     252    3020 |     504     252     504 |    0.1    4.1    0.4
745  |   128 |    1391 |    3520     253    3520 |     507     253     507 |    0.1    5.2    0.4
746  |   127 |    2124 |    3013     252    3013 |     503     252     503 |    0.1    4.2    0.4
747  |   128 |    2139 |    3495     253    3495 |     507     253     507 |    0.1    5.1    0.4
748  |   128 |    2154 |    3524     253    3524 |     507     253     507 |    0.1    5.5    0.4
749  |   128 |    1642 |    3529     253    3529 |     506     253     506 |    0.1    5.2    0.4
750  |   127 |    2141 |    3509     253    3509 |     506     252     506 |    0.1    4.1    0.4
751  |   128 |    2154 |    3509     253    3509 |     507     253     507 |    0.1    5.1    0.4
752  |   128 |    2167 |    3533     254    3533 |     508     254     508 |    0.1    5.1    0.4
753  |   128 |    2150 |    3522     253    3522 |     506     253     506 |    0.1    4.9    0.5
754  |   128 |    2150 |    3516     252    3516 |     504     252     504 |    0.1    5.2    0.4
755  |   128 |    1375 |    3016     252    3016 |     505     253     505 |    0.1    4.1    0.4
756  |   128 |    2150 |    3518     253    3518 |     507     253     507 |    0.1    5.3    0.5
757  |   128 |    2159 |    3529     254    3529 |     507     254     507 |    0.1    5.2    0.4
758  |   128 |    2156 |    3528     253    3528 |     506     253     506 |    0.1    4.9    0.5
759  |   128 |    1389 |    3529     253    3529 |     507     253     507 |    0.1    5.1    0.4
760  |   128 |    2160 |    3518     254    3518 |     507     254     507 |    0.1    5.1    0.4
761  |   128 |    2154 |    3515     252    3515 |     505     252     505 |    0.1    5.4    0.4
762  |   128 |    2162 |    3528     254    3528 |     508     254     508 |    0.1    5.3    0.5
763  |   128 |    2161 |    3531     254    3531 |     508     254     508 |    0.1    5.2    0.4
764  |   127 |    2142 |    3512     252    3512 |     504     252     504 |    0.1    5.4    0.4
765  |   128 |    1502 |    3531     253    3531 |     507     253     507 |    0.1    5.1    0.5
766  |   128 |    2152 |    3527     253    3527 |     505     253     505 |    0.1    5.3    0.5
767  |   127 |    2119 |    3003     251    3003 |     503     251     503 |    0.1    3.8    0.4
768  |   126 |    2135 |    3511     252    3511 |     504     252     504 |    0.1    5.4    0.5
769  |   128 |    2160 |    3530     253    3530 |     506     253     506 |    0.1    5.4    0.5
770  |   128 |    2149 |    3516     252    3516 |     505     252     505 |    0.1    5.6    0.5
771  |   128 |    2132 |    3018     252    3018 |     504     252     504 |    0.1    3.8    0.4
772  |   127 |    2124 |    3493     251    3493 |     503     251     503 |    0.1    5.0    0.5
773  |   128 |    1345 |    3429     252    3429 |     504     252     504 |    0.1    3.9    0.4
774  |   128 |    2154 |    3523     253    3523 |     507     253     507 |    0.1    5.2    0.4
775  |   128 |    2156 |    3520     253    3520 |     505     253     505 |    0.1    4.8    0.4
776  |   127 |    2139 |    3502     254    3502 |     510     254     510 |    0.1    4.9    0.4
777  |   128 |    2148 |    3520     253    3520 |     506     253     506 |    0.1    5.2    0.4
778  |   128 |    2161 |    3535     253    3535 |     506     253     506 |    0.1    5.4    0.5
779  |   127 |    1381 |    3516     252    3516 |     505     252     505 |    0.1    5.3    0.5
780  |   128 |    1373 |    3497     252    3497 |     504     252     504 |    0.1    4.0    0.4
781  |   128 |    2152 |    3530     253    3530 |     506     253     506 |    0.1    5.3    0.5
782  |   128 |    1893 |    3536     253    3536 |     507     253     507 |    0.1    4.0    0.4
783  |   128 |    2155 |    3524     253    3524 |     506     253     506 |    0.1    5.5    0.5
784  |   128 |    2159 |    3517     254    3517 |     508     254     508 |    0.1    5.1    0.4
785  |   128 |    2165 |    3534     253    3534 |     507     253     507 |    0.1    5.5    0.5
786  |   128 |    1489 |    3025     253    3025 |     505     253     505 |    0.1    4.2    0.4
787  |   127 |    2141 |    3515     252    3515 |     504     252     504 |    0.1    5.3    0.4
788  |   128 |    2171 |    3537     254    3537 |     508     254     508 |    0.1    5.2    0.4
789  |   128 |    1512 |    3535     253    3535 |     507     253     507 |    0.1    5.2    0.4
790  |   128 |    2110 |    3475     253    3475 |     506     253     506 |    0.1    4.1    0.4
791  |   128 |    2157 |    3525     253    3525 |     506     253     506 |    0.1    5.3    0.4
792  |   128 |    2158 |    3525     253    3525 |     507     253     507 |    0.1    5.0    0.4
793  |   127 |    2147 |    3520     252    3520 |     504     252     504 |    0.1    4.9    0.4
794  |   128 |    2116 |    3455     253    3455 |     506     253     506 |    0.1    4.7    0.4
795  |   128 |    2158 |    3519     254    3519 |     508     254     508 |    0.1    5.2    0.4
796  |   128 |    2147 |    3508     253    3508 |     507     253     507 |    0.1    5.3    0.5
797  |   128 |    2147 |    3509     252    3509 |     505     252     505 |    0.1    5.3    0.4
798  |   126 |    2113 |    2995     252    2995 |     504     252     504 |    0.1    4.0    0.4
799  |   128 |    2155 |    3525     253    3525 |     507     253     507 |    0.1    5.0    0.4
800  |   127 |    2136 |    3497     251    3497 |     504     251     504 |    0.1    5.1    0.4
801  |   128 |    2164 |    3524     254    3524 |     508     254     508 |    0.1    5.2    0.4
802  |   128 |    2145 |    3528     252    3528 |     506     253     506 |    0.1    5.2    0.4
803  |   128 |    1754 |    3484     254    3484 |     508     254     508 |    0.1    4.2    0.4
804  |   128 |    1646 |    3531     254    3531 |     508     254     508 |    0.1    5.3    0.5
805  |   128 |    2169 |    3539     254    3539 |     507     254     507 |    0.1    5.4    0.4
806  |   128 |    2163 |    3538     254    3538 |     507     254     507 |    0.1    5.1    0.4
807  |   128 |    2113 |    3003     252    3003 |     504     252     504 |    0.1    4.1    0.4
808  |   128 |    1484 |    2982     252    2982 |     505     252     505 |    0.1    3.8    0.4
809  |   128 |    1650 |    3534     253    3534 |     507     254     507 |    0.1    5.3    0.5
810  |   128 |    1489 |    3011     252    3011 |     504     252     504 |    0.1    3.7    0.4
811  |   128 |    2119 |    3006     252    3006 |     505     252     505 |    0.1    4.0    0.4
812  |   128 |    1760 |    3505     253    3505 |     507     253     507 |    0.1    4.1    0.4
813  |   128 |    2160 |    3527     254    3527 |     507     254     507 |    0.1    5.4    0.4
814  |   127 |    2137 |    3501     251    3501 |     503     251     503 |    0.1    5.3    0.4
815  |   128 |    2153 |    3516     252    3516 |     505     252     505 |    0.1    5.2    0.5
816  |   128 |    2157 |    3530     253    3530 |     506     253     506 |    0.1    5.4    0.5
817  |   128 |    1379 |    3522     253    3522 |     505     253     505 |    0.1    5.3    0.5
818  |   127 |    2114 |    2997     251    2997 |     503     251     503 |    0.1    3.9    0.4
819  |   128 |    2151 |    3519     252    3519 |     504     252     504 |    0.1    5.3    0.4
820  |   128 |    2145 |    3516     252    3516 |     504     252     504 |    0.1    4.3    0.4
821  |   127 |    2124 |    3008     251    3008 |     503     251     503 |    0.1    3.8    0.4
822  |   125 |    2110 |    2990     251    2990 |     502     251     502 |    0.1    3.8    0.4
823  |   128 |    1502 |    3521     252    3521 |     506     253     506 |    0.1    5.2    0.4
824  |   125 |    2107 |    2990     251    2990 |     501     251     501 |    0.1    4.0    0.4
825  |   128 |    2159 |    3533     253    3533 |     507     253     507 |    0.1    5.3    0.4
826  |   128 |    2162 |    3533     253    3533 |     507     254     507 |    0.1    5.4    0.5
827  |   128 |    2165 |    3535     253    3535 |     507     253     507 |    0.1    5.8    0.4
828  |   128 |    2159 |    3526     253    3526 |     506     253     506 |    0.1    5.3    0.5
829  |   128 |    2170 |    3536     254    3536 |     507     254     507 |    0.1    5.2    0.4
830  |   128 |    1366 |    2996     252    2996 |     504     252     504 |    0.1    4.1    0.4
831  |   128 |    1387 |    3522     253    3522 |     507     253     507 |    0.1    4.9    0.4
832  |   128 |    2139 |    3494     252    3494 |     504     252     504 |    0.2    5.4    0.4
833  |   128 |    2147 |    3519     252    3519 |     505     252     505 |    0.1    5.3    0.4
834  |   128 |    2159 |    3524     253    3524 |     506     253     506 |    0.1    5.0    0.4
835  |   128 |    2134 |    3491     252    3491 |     504     252     504 |    0.1    5.0    0.4
836  |   128 |    1641 |    3511     254    3511 |     509     254     509 |    0.1    4.1    0.4
837  |   128 |    2156 |    3531     253    3531 |     506     253     506 |    0.1    5.0    0.4
838  |   127 |    2144 |    3515     253    3515 |     506     253     506 |    0.1    5.4    0.4
839  |   127 |    2140 |    3516     252    3516 |     505     252     505 |    0.1    4.9    0.4
840  |   128 |    2111 |    3435     252    3435 |     504     252     504 |    0.1    4.8    0.4
841  |   127 |    2136 |    3506     252    3506 |     504     252     504 |    0.1    5.3    0.4
842  |   128 |    2156 |    3533     253    3533 |     506     253     506 |    0.1    5.1    0.4
843  |   128 |    2152 |    3512     252    3512 |     504     252     504 |    0.1    5.0    0.4
844  |   128 |    2147 |    3506     252    3506 |     504     252     504 |    0.1    5.2    0.5
845  |   128 |    1639 |    3491     253    3491 |     506     253     506 |    0.1    4.3    0.4
846  |   128 |    2159 |    3526     253    3526 |     507     253     507 |    0.1    5.2    0.4
847  |   126 |    2083 |    2966     251    2966 |     501     251     501 |    0.1    3.8    0.4
848  |   128 |    2154 |    3522     253    3522 |     506     253     506 |    0.1    5.2    0.4
849  |   128 |    2132 |    3016     252    3016 |     505     252     505 |    0.1    4.2    0.4
850  |   127 |    2142 |    3513     252    3513 |     505     252     505 |    0.1    5.2    0.4
851  |   128 |    2152 |    3521     254    3521 |     508     254     508 |    0.1    4.2    0.4
852  |   128 |    2168 |    3535     254    3535 |     508     254     508 |    0.1    5.5    0.5
853  |   128 |    2164 |    3531     254    3531 |     508     254     508 |    0.1    5.1    0.4
854  |   128 |    2157 |    3527     253    3527 |     506     253     506 |    0.1    5.0    0.4
855  |   128 |    2161 |    3539     253    3539 |     506     253     506 |    0.1    5.1    0.4
856  |   128 |    2137 |    3490     253    3490 |     507     253     507 |    0.1    4.9    0.4
857  |   128 |    2143 |    3505     251    3505 |     504     251     504 |    0.1    5.2    0.5
858  |   128 |    2165 |    3531     254    3531 |     507     254     507 |    0.1    5.1    0.4
859  |   125 |    1537 |    2899     251    2899 |     501     251     501 |    0.1    3.6    0.4
860  |   128 |    2165 |    3537     253    3537 |     507     253     507 |    0.1    5.4    0.4
861  |   128 |    1520 |    3533     254    3533 |     508     254     508 |    0.1    5.1    0.4
862  |   127 |    2148 |    3516     253    3516 |     505     253     505 |    0.1    5.2    0.4
863  |   128 |    2156 |    3530     254    3530 |     508     254     508 |    0.1    5.3    0.5
864  |   128 |    1766 |    3536     253    3536 |     507     253     507 |    0.1    5.2    0.5
865  |   128 |    2155 |    3523     253    3523 |     505     253     505 |    0.1    5.3    0.5
866  |   128 |    1513 |    3520     253    3520 |     508     254     508 |    0.1    5.2    0.4
867  |   128 |    2157 |    3527     253    3527 |     506     253     506 |    0.1    5.2    0.4
868  |   128 |    2131 |    3015     253    3015 |     506     253     506 |    0.1    4.1    0.4
869  |   128 |    2128 |    3511     252    3511 |     504     252     504 |    0.1    4.0    0.4
870  |   128 |    2162 |    3528     253    3528 |     507     253     507 |    0.1    5.5    0.5
871  |   127 |    2149 |    3521     252    3521 |     505     252     505 |    0.1    5.2    0.5
872  |   128 |    2150 |    3523     253    3523 |     506     253     506 |    0.1    5.2    0.5
873  |   128 |    2167 |    3532     253    3532 |     507     253     507 |    0.1    5.2    0.5
874  |   128 |    2145 |    3527     253    3527 |     506     253     506 |    0.1    5.2    0.4
875  |   128 |    2153 |    3532     253    3532 |     507     253     507 |    0.1    5.5    0.5
876  |   128 |    2164 |    3542     254    3542 |     507     254     507 |    0.1    5.5    0.5
877  |   128 |    2155 |    3515     253    3515 |     507     254     507 |    0.1    5.1    0.4
878  |   127 |    2132 |    3496     251    3496 |     503     251     503 |    0.1    5.1    0.4
879  |   128 |    1389 |    3521     254    3521 |     508     254     508 |    0.1    5.0    0.4
880  |   128 |    1730 |    2991     252    2991 |     504     252     504 |    0.1    4.1    0.4
881  |   128 |    1642 |    3512     253    3512 |     506     253     506 |    0.1    5.1    0.4
882  |   128 |    2150 |    3525     253    3525 |     506     253     506 |    0.1    5.1    0.4
883  |   128 |    1392 |    3534     253    3534 |     506     253     506 |    0.1    5.4    0.4
884  |   128 |    2167 |    3535     253    3535 |     507     253     507 |    0.1    5.3    0.4
885  |   128 |    2162 |    3523     254    3523 |     508     254     508 |    0.1    5.3    0.5
886  |   128 |    2164 |    3522     254    3522 |     508     254     508 |    0.1    5.4    0.5
887  |   128 |    2164 |    3529     254    3529 |     508     254     508 |    0.1    5.2    0.4
888  |   128 |    2154 |    3523     253    3523 |     507     253     507 |    0.1    5.2    0.4
889  |   128 |    2156 |    3525     253    3525 |     506     253     506 |    0.1    5.4    0.5
890  |   128 |    2165 |    3531     254    3531 |     507     254     507 |    0.1    5.3    0.4
891  |   126 |    2121 |    3492     251    3492 |     502     251     502 |    0.1    5.0    0.4
892  |   128 |    2155 |    3520     253    3520 |     506     253     506 |    0.1    5.1    0.4
893  |   128 |    1506 |    3504     253    3504 |     507     253     507 |    0.1    4.2    0.4
894  |   128 |    2158 |    3531     253    3531 |     506     253     506 |    0.1    5.2    0.4
895  |   128 |    2150 |    3526     253    3526 |     505     253     505 |    0.1    4.9    0.4
896  |   128 |    2153 |    3520     252    3520 |     505     252     505 |    0.1    4.9    0.4
897  |   128 |    2153 |    3531     253    3531 |     506     253     506 |    0.1    5.1    0.5
898  |   128 |    1370 |    3015     252    3015 |     505     252     505 |    0.1    3.9    0.4
899  |   128 |    2151 |    3507     252    3507 |     505     252     505 |    0.1    5.1    0.4
900  |   128 |    1500 |    3008     252    3008 |     504     252     504 |    0.1    3.9    0.4
901  |   128 |    2156 |    3521     254    3521 |     507     254     507 |    0.1    5.5    0.5
902  |   125 |    2099 |    3449     252    3449 |     503     252     503 |    0.1    3.9    0.4
903  |   128 |    2160 |    3519     254    3519 |     507     254     507 |    0.1    5.4    0.5
904  |   128 |    2158 |    3526     252    3526 |     505     253     505 |    0.1    5.3    0.5
905  |   127 |    2138 |    3505     252    3505 |     504     252     504 |    0.1    5.3    0.5
906  |   128 |    2154 |    3525     254    3525 |     507     254     507 |    0.1    5.3    0.4
907  |   128 |    2155 |    3532     253    3532 |     507     253     507 |    0.1    5.6    0.5
908  |   127 |    2137 |    3506     252    3506 |     504     252     504 |    0.1    5.3    0.5
909  |   127 |    2141 |    3513     252    3513 |     505     252     505 |    0.1    5.0    0.4
910  |   127 |    1626 |    3016     252    3016 |     504     252     504 |    0.1    4.1    0.4
911  |   128 |    2168 |    3531     253    3531 |     507     253     507 |    0.1    5.2    0.5
912  |   127 |    2140 |    3021     252    3021 |     505     252     505 |    0.1    3.9    0.4
913  |   128 |    2163 |    3536     254    3536 |     507     254     507 |    0.1    5.0    0.4
914  |   128 |    2147 |    3523     253    3523 |     506     253     506 |    0.1    5.1    0.4
915  |   128 |    2150 |    3035     254    3035 |     507     254     507 |    0.1    4.1    0.4
916  |   127 |    2143 |    3512     252    3512 |     504     252     504 |    0.1    5.3    0.4
917  |   128 |    2153 |    3521     253    3521 |     505     253     505 |    0.1    5.2    0.4
918  |   128 |    2143 |    3513     252    3513 |     504     252     504 |    0.1    5.1    0.4
919  |   127 |    2142 |    3515     253    3515 |     505     253     505 |    0.1    5.3    0.4
920  |   127 |    2142 |    3510     254    3510 |     508     254     508 |    0.1    5.2    0.4
921  |   128 |    2164 |    3525     253    3525 |     506     253     506 |    0.1    5.2    0.4
922  |   128 |    1394 |    3521     255    3521 |     509     255     509 |    0.1    4.9    0.4
923  |   127 |    2147 |    3515     252    3515 |     504     252     504 |    0.1    5.5    0.5
924  |   127 |    2138 |    3516     252    3516 |     504     252     504 |    0.1    5.2    0.4
925  |   128 |    2157 |    3533     253    3533 |     507     254     507 |    0.1    5.3    0.5
926  |   127 |    1635 |    3505     252    3505 |     504     252     504 |    0.1    4.1    0.4
927  |   127 |    1627 |    3017     252    3017 |     503     252     503 |    0.1    4.2    0.4
928  |   128 |    2135 |    3493     252    3493 |     504     252     504 |    0.1    5.2    0.4
929  |   127 |    2143 |    3518     252    3518 |     504     252     504 |    0.1    5.3    0.4
930  |   127 |    2138 |    3516     253    3516 |     507     253     507 |    0.1    4.9    0.4
931  |   128 |    2155 |    3527     253    3527 |     506     253     506 |    0.1    5.3    0.5
932  |   128 |    2163 |    3511     253    3511 |     508     254     508 |    0.1    5.1    0.5
933  |   127 |    1390 |    3492     253    3492 |     507     253     507 |    0.1    4.5    0.4
934  |   128 |    1488 |    3005     252    3005 |     505     252     505 |    0.1    4.3    0.4
935  |   127 |    2101 |    2987     251    2987 |     504     251     504 |    0.1    3.8    0.4
936  |   128 |    2163 |    3528     253    3528 |     506     253     506 |    0.1    5.3    0.5
937  |   128 |    2160 |    3531     253    3531 |     506     253     506 |    0.1    5.0    0.4
938  |   128 |    2145 |    3514     252    3514 |     504     252     504 |    0.1    5.2    0.5
939  |   128 |    2140 |    3517     252    3517 |     505     253     505 |    0.1    5.1    0.4
940  |   127 |    2140 |    3501     254    3501 |     509     254     509 |    0.1    4.8    0.4
941  |   128 |    2166 |    3531     253    3531 |     508     254     508 |    0.1    5.1    0.5
942  |   128 |    1750 |    3523     253    3523 |     505     253     505 |    0.1    5.3    0.5
943  |   128 |    2142 |    3523     252    3523 |     505     252     505 |    0.1    5.3    0.4
944  |   128 |    2144 |    3506     252    3506 |     504     252     504 |    0.1    5.1    0.4
945  |   128 |    1366 |    2992     252    2992 |     505     251     505 |    0.1    3.9    0.4
946  |   126 |    2129 |    3508     251    3508 |     502     251     502 |    0.1    5.2    0.4
947  |   128 |    2160 |    3524     253    3524 |     508     253     508 |    0.1    5.4    0.4
948  |   128 |    2155 |    3522     253    3522 |     507     253     507 |    0.1    5.0    0.4
949  |   128 |    1545 |    2914     252    2914 |     504     252     504 |    0.1    3.6    0.4
950  |   128 |    2147 |    3520     253    3520 |     506     253     506 |    0.1    5.1    0.4
951  |   128 |    2145 |    3523     253    3523 |     505     253     505 |    0.1    5.1    0.4
952  |   128 |    1769 |    3531     253    3531 |     506     253     506 |    0.1    4.3    0.4
953  |   128 |    2165 |    3034     253    3034 |     506     253     506 |    0.1    3.8    0.4
954  |   128 |    2155 |    3532     253    3532 |     507     253     507 |    0.1    5.0    0.4
955  |   127 |    2130 |    3505     252    3505 |     503     252     503 |    0.1    4.0    0.4
956  |   128 |    2167 |    3533     254    3533 |     508     254     508 |    0.1    5.3    0.5
957  |   128 |    2141 |    3511     252    3511 |     504     252     504 |    0.1    5.5    0.5
958  |   126 |    2123 |    3489     251    3489 |     502     251     502 |    0.1    5.3    0.5
959  |   128 |    1625 |    3017     252    3017 |     505     252     505 |    0.1    4.0    0.4
960  |   128 |    2146 |    3519     253    3519 |     506     253     506 |    0.1    5.3    0.5
961  |   128 |    2161 |    3524     253    3524 |     507     253     507 |    0.1    5.0    0.4
962  |   128 |    2154 |    3518     252    3518 |     505     252     505 |    0.1    5.3    0.4
963  |   128 |    2140 |    3497     251    3497 |     504     251     504 |    0.1    5.2    0.5
964  |   128 |    2151 |    3527     253    3527 |     506     253     506 |    0.1    5.2    0.4
965  |   128 |    2150 |    3524     253    3524 |     505     253     505 |    0.1    5.1    0.4
966  |   128 |    2134 |    3517     252    3517 |     504     252     504 |    0.1    5.5    0.4
967  |   128 |    2150 |    3519     252    3519 |     504     252     504 |    0.1    4.9    0.4
968  |   127 |    1495 |    3512     252    3512 |     505     253     505 |    0.1    5.2    0.5
969  |   128 |    2149 |    3508     252    3508 |     505     252     505 |    0.1    5.2    0.4
970  |   127 |    2118 |    3008     252    3008 |     504     252     504 |    0.1    4.0    0.4
971  |   128 |    2156 |    3520     252    3520 |     505     252     505 |    0.1    5.1    0.4
972  |   128 |    2138 |    3480     252    3480 |     505     252     505 |    0.1    5.2    0.4
973  |   128 |    1498 |    3015     252    3015 |     505     252     505 |    0.1    4.0    0.4
974  |   128 |    2164 |    3534     254    3534 |     508     254     508 |    0.1    5.3    0.5
975  |   128 |    2160 |    3526     252    3526 |     505     252     505 |    0.1    5.2    0.4
976  |   128 |    2156 |    3525     253    3525 |     506     253     506 |    0.1    5.2    0.5
977  |   128 |    2146 |    3521     253    3521 |     505     253     505 |    0.1    4.9    0.4
978  |   127 |    2148 |    3516     253    3516 |     507     253     507 |    0.1    5.0    0.4
979  |   128 |    2158 |    3528     253    3528 |     506     253     506 |    0.1    5.0    0.4
980  |   128 |    2148 |    3517     254    3517 |     508     254     508 |    0.1    5.4    0.5
981  |   128 |    1783 |    3497     256    3497 |     511     256     511 |    0.1    4.2    0.4
982  |   128 |    2159 |    3523     253    3523 |     506     253     506 |    0.1    5.2    0.4
983  |   128 |    2154 |    3520     253    3520 |     507     253     507 |    0.2    5.3    0.5
984  |   128 |    2158 |    3517     254    3517 |     508     254     508 |    0.1    5.2    0.5
985  |   128 |    2150 |    3514     253    3514 |     507     253     507 |    0.1    5.2    0.5
986  |   128 |    2168 |    3533     254    3533 |     507     254     507 |    0.1    5.2    0.4
987  |   128 |    2158 |    3531     253    3531 |     506     253     506 |    0.1    5.3    0.5
988  |   128 |    2113 |    2998     252    2998 |     504     252     504 |    0.1    3.9    0.4
989  |   128 |    2163 |    3520     254    3520 |     507     254     507 |    0.1    5.1    0.4
990  |   127 |    2140 |    3509     252    3509 |     504     252     504 |    0.1    5.3    0.5
991  |   128 |    2163 |    3528     253    3528 |     507     253     507 |    0.1    5.4    0.4
992  |   128 |    2123 |    3007     252    3007 |     504     252     504 |    0.1    4.1    0.4
993  |   127 |    2145 |    3511     253    3511 |     507     253     507 |    0.1    5.3    0.4
994  |   127 |    2125 |    3502     251    3502 |     503     251     503 |    0.1    4.9    0.4
995  |   128 |    1506 |    3522     254    3522 |     507     254     507 |    0.1    4.7    0.4
996  |   128 |    2148 |    3526     252    3526 |     505     253     505 |    0.1    5.1    0.4
997  |   128 |    2129 |    3017     252    3017 |     505     252     505 |    0.1    4.0    0.4
998  |   128 |    2157 |    3526     252    3526 |     505     252     505 |    0.1    5.3    0.5
999  |   127 |    1636 |    3513     253    3513 |     506     253     506 |    0.1    4.2    0.4
-----+-------+---------+-------------------------+-------------------------+--------------------

=== Summary ===
HNF  intermediate:  avg=2032  max=2171
MLLL total:         avg=3428  max=3542
MLLL vec coords:    avg=252  max=258  (Lemma 1 bounded)
MLLL GSO coeffs:    avg=3428  max=3542  (integral GSO overhead)
GRAM total:         avg=505  max=516
GRAM vec coords:    avg=252  max=258  (Lemma 1 bounded)
GRAM Gram entries:  avg=505  max=516  (Lemma 3 bound target)
Output bits:        HNF avg=127 max=128  MLLL avg=126 max=128  GRAM avg=126 max=128
Total time:         HNF=105.18ms  MLLL=4896.22ms  GRAM=426.37ms  (GRAM/MLLL=0.09)
	Command being timed: "./src/quaternion/ref/generic/test/sqisign_bm_mlll --level=1 --iterations=1000 --mode=alg2"
	User time (seconds): 7.95
	System time (seconds): 0.19
	Percent of CPU this job got: 99%
	Elapsed (wall clock) time (h:mm:ss or m:ss): 0:08.18
	Average shared text size (kbytes): 0
	Average unshared data size (kbytes): 0
	Average stack size (kbytes): 0
	Average total size (kbytes): 0
	Maximum resident set size (kbytes): 5744
	Average resident set size (kbytes): 0
	Major (requiring I/O) page faults: 6
	Minor (reclaiming a frame) page faults: 992
	Voluntary context switches: 82
	Involuntary context switches: 7
	Swaps: 0
	File system inputs: 456
	File system outputs: 0
	Socket messages sent: 0
	Socket messages received: 0
	Signals delivered: 0
	Page size (bytes): 4096
	Exit status: 0
