=== L1_alg2_1000_prealloc ===
=== MLLL vs HNF Intermediate Bit Size Benchmark ===
Level: 1, Norm bitsize: 127, Iterations: 1000
GRAM prealloc (Phase 2 candidate B): ON

Generating 1000 random ideal lattice pairs (bitsize=127)...
Mode: alg2
  Set 1: 1329.15 ms
  Set 2: 1275.68 ms
Generation done.

T    |   Inp |  HNFint | MLLLtot   MLLLv   MLLLg |  GRMtot    GRMv    GRMg |  HNFms MLLLms  GRMms
-----+-------+---------+-------------------------+-------------------------+--------------------
0    |   128 |    2160 |    3523     254    3523 |     508     254     508 |    0.1    5.1    0.5
1    |   128 |    1622 |    3008     253    3008 |     507     253     507 |    0.1    4.1    0.4
2    |   127 |    2143 |    3520     253    3520 |     505     253     505 |    0.1    4.9    0.4
3    |   128 |    2168 |    3537     254    3537 |     507     254     507 |    0.1    5.0    0.4
4    |   128 |    2166 |    3537     254    3537 |     508     254     508 |    0.1    5.3    0.5
5    |   127 |    2141 |    3518     253    3518 |     505     253     505 |    0.1    5.3    0.4
6    |   128 |    2165 |    3536     254    3536 |     508     254     508 |    0.1    5.2    0.4
7    |   128 |    2148 |    3522     253    3522 |     505     253     505 |    0.1    5.4    0.4
8    |   128 |    2163 |    3536     254    3536 |     507     254     507 |    0.1    5.5    0.5
9    |   128 |    2149 |    3508     253    3508 |     506     253     506 |    0.1    5.5    0.5
10   |   128 |    1652 |    3538     254    3538 |     508     254     508 |    0.1    3.9    0.4
11   |   128 |    2165 |    3531     254    3531 |     508     254     508 |    0.1    5.5    0.5
12   |   128 |    2157 |    3526     253    3526 |     506     253     506 |    0.1    5.2    0.4
13   |   128 |    2159 |    3537     253    3537 |     506     253     506 |    0.1    5.3    0.5
14   |   127 |    1765 |    3512     252    3512 |     506     253     506 |    0.1    4.2    0.4
15   |   126 |    2130 |    3506     251    3506 |     503     252     503 |    0.1    5.2    0.5
16   |   128 |    1505 |    3530     253    3530 |     506     253     506 |    0.1    5.3    0.4
17   |   128 |    2160 |    3536     253    3536 |     507     253     507 |    0.1    5.3    0.5
18   |   128 |    2143 |    3505     252    3505 |     504     252     504 |    0.1    5.3    0.4
19   |   128 |    2109 |    3491     252    3491 |     504     252     504 |    0.1    4.1    0.4
20   |   128 |    2157 |    3516     254    3516 |     508     254     508 |    0.1    5.2    0.4
21   |   128 |    2156 |    3522     254    3522 |     507     254     507 |    0.1    5.0    0.4
22   |   127 |    1621 |    3014     251    3014 |     503     251     503 |    0.1    4.0    0.4
23   |   128 |    2158 |    3524     254    3524 |     508     254     508 |    0.1    5.2    0.5
24   |   128 |    1500 |    3534     253    3534 |     506     253     506 |    0.1    5.2    0.5
25   |   127 |    2140 |    3515     252    3515 |     505     252     505 |    0.1    5.1    0.4
26   |   128 |    1768 |    3530     253    3530 |     506     253     506 |    0.1    4.0    0.4
27   |   128 |    2162 |    3532     254    3532 |     508     254     508 |    0.1    5.2    0.4
28   |   128 |    2162 |    3535     253    3535 |     507     253     507 |    0.1    5.1    0.5
29   |   128 |    2147 |    3518     253    3518 |     506     253     506 |    0.1    5.4    0.4
30   |   128 |    2160 |    3523     254    3523 |     507     254     507 |    0.1    5.0    0.4
31   |   128 |    2143 |    3502     252    3502 |     504     252     504 |    0.1    5.3    0.5
32   |   128 |    1387 |    3497     253    3497 |     506     253     506 |    0.1    5.0    0.4
33   |   128 |    2156 |    3529     253    3529 |     506     253     506 |    0.1    4.9    0.4
34   |   128 |    2168 |    3533     254    3533 |     508     254     508 |    0.1    5.3    0.5
35   |   128 |    1374 |    3007     252    3007 |     504     252     504 |    0.1    3.9    0.4
36   |   128 |    2121 |    3007     251    3007 |     504     252     504 |    0.1    4.0    0.4
37   |   128 |    2145 |    3016     252    3016 |     503     252     503 |    0.1    3.9    0.4
38   |   128 |    2158 |    3531     253    3531 |     507     253     507 |    0.1    5.6    0.5
39   |   128 |    2161 |    3521     254    3521 |     509     254     509 |    0.1    5.0    0.5
40   |   128 |    2140 |    3493     252    3493 |     507     252     507 |    0.1    5.1    0.5
41   |   128 |    2152 |    3521     253    3521 |     506     253     506 |    0.1    5.3    0.4
42   |   128 |    2148 |    3520     253    3520 |     506     253     506 |    0.1    5.0    0.4
43   |   128 |    2158 |    3526     253    3526 |     506     253     506 |    0.1    5.0    0.4
44   |   128 |    2147 |    3514     252    3514 |     505     252     505 |    0.1    5.5    0.5
45   |   127 |    2127 |    3011     252    3011 |     504     252     504 |    0.1    4.1    0.4
46   |   128 |    2150 |    3521     253    3521 |     507     253     507 |    0.1    5.5    0.4
47   |   127 |    2108 |    2993     251    2993 |     503     251     503 |    0.1    4.0    0.4
48   |   128 |    2167 |    3538     253    3538 |     507     253     507 |    0.1    5.4    0.4
49   |   128 |    1780 |    3515     254    3515 |     508     254     508 |    0.1    4.5    0.4
50   |   128 |    1757 |    3525     253    3525 |     505     253     505 |    0.1    5.4    0.4
51   |   128 |    2154 |    3525     253    3525 |     506     253     506 |    0.1    5.3    0.4
52   |   128 |    2149 |    3028     253    3028 |     507     253     507 |    0.1    4.3    0.4
53   |   127 |    1372 |    3512     252    3512 |     504     252     504 |    0.1    5.0    0.4
54   |   127 |    2140 |    3507     251    3507 |     505     252     505 |    0.1    5.3    0.4
55   |   128 |    2151 |    3526     253    3526 |     507     253     507 |    0.1    5.3    0.4
56   |   128 |    2170 |    3543     254    3543 |     509     254     509 |    0.1    5.5    0.5
57   |   128 |    2143 |    3505     253    3505 |     509     253     509 |    0.1    5.2    0.4
58   |   128 |    2138 |    3500     252    3500 |     504     252     504 |    0.1    5.5    0.5
59   |   128 |    2166 |    3532     254    3532 |     507     254     507 |    0.1    5.3    0.4
60   |   128 |    2164 |    3530     253    3530 |     507     253     507 |    0.1    5.3    0.4
61   |   128 |    1504 |    3527     253    3527 |     505     253     505 |    0.1    5.0    0.4
62   |   128 |    2153 |    3525     254    3525 |     507     254     507 |    0.1    5.3    0.4
63   |   128 |    2163 |    3528     254    3528 |     508     254     508 |    0.1    5.1    0.5
64   |   128 |    1386 |    3522     254    3522 |     508     254     508 |    0.1    5.2    0.5
65   |   128 |    2153 |    3515     253    3515 |     506     253     506 |    0.1    5.2    0.5
66   |   126 |    2102 |    2974     251    2974 |     501     251     501 |    0.1    3.8    0.4
67   |   128 |    2144 |    3510     252    3510 |     504     252     504 |    0.1    3.9    0.4
68   |   128 |    1383 |    3520     252    3520 |     506     253     506 |    0.1    5.4    0.4
69   |   128 |    2153 |    3528     253    3528 |     505     253     505 |    0.1    5.3    0.4
70   |   127 |    2138 |    3518     252    3518 |     504     252     504 |    0.1    5.1    0.4
71   |   127 |    1739 |    3006     251    3006 |     503     251     503 |    0.1    4.1    0.4
72   |   128 |    1626 |    3012     252    3012 |     505     252     505 |    0.1    3.9    0.4
73   |   127 |    2140 |    3519     252    3519 |     504     252     504 |    0.1    5.3    0.4
74   |   128 |    2152 |    3520     252    3520 |     504     252     504 |    0.1    5.2    0.5
75   |   126 |    2125 |    3494     252    3494 |     505     252     505 |    0.1    5.0    0.4
76   |   128 |    2151 |    3528     253    3528 |     507     253     507 |    0.1    5.3    0.5
77   |   128 |    2160 |    3526     253    3526 |     507     253     507 |    0.1    5.5    0.5
78   |   128 |    2162 |    3529     253    3529 |     507     253     507 |    0.1    5.4    0.5
79   |   128 |    2162 |    3518     254    3518 |     507     254     507 |    0.2    5.4    0.5
80   |   127 |    2140 |    3507     252    3507 |     506     252     506 |    0.1    5.0    0.4
81   |   128 |    2137 |    3483     252    3483 |     504     252     504 |    0.1    4.9    0.4
82   |   128 |    2155 |    3529     253    3529 |     506     253     506 |    0.1    5.2    0.4
83   |   128 |    2153 |    3522     253    3522 |     506     253     506 |    0.1    5.1    0.4
84   |   128 |    1766 |    3520     253    3520 |     506     253     506 |    0.1    4.3    0.4
85   |   127 |    2134 |    3503     251    3503 |     503     251     503 |    0.1    5.2    0.4
86   |   128 |    2155 |    3529     254    3529 |     507     254     507 |    0.1    5.3    0.4
87   |   128 |    2137 |    3519     252    3519 |     505     252     505 |    0.1    5.2    0.4
88   |   126 |    2120 |    3487     252    3487 |     505     252     505 |    0.1    5.2    0.4
89   |   128 |    2131 |    3022     252    3022 |     504     252     504 |    0.1    4.0    0.4
90   |   128 |    2156 |    3028     253    3028 |     506     253     506 |    0.1    4.2    0.4
91   |   128 |    2161 |    3524     253    3524 |     507     253     507 |    0.1    5.3    0.4
92   |   128 |    2149 |    3518     253    3518 |     506     253     506 |    0.1    5.3    0.5
93   |   128 |    2114 |    3002     252    3002 |     504     252     504 |    0.1    4.0    0.4
94   |   127 |    2138 |    3505     251    3505 |     503     251     503 |    0.1    5.2    0.4
95   |   128 |    2144 |    3509     252    3509 |     504     252     504 |    0.1    5.3    0.4
96   |   128 |    1373 |    3013     252    3013 |     505     252     505 |    0.1    4.3    0.4
97   |   128 |    2137 |    3493     252    3493 |     504     252     504 |    0.1    5.2    0.5
98   |   127 |    2136 |    3517     252    3517 |     504     252     504 |    0.1    5.0    0.4
99   |   128 |    2127 |    3013     252    3013 |     504     252     504 |    0.1    4.0    0.4
100  |   128 |    2161 |    3529     254    3529 |     507     254     507 |    0.1    5.1    0.4
101  |   128 |    2161 |    3530     253    3530 |     506     253     506 |    0.1    5.3    0.4
102  |   127 |    2132 |    3493     252    3493 |     506     252     506 |    0.1    5.0    0.4
103  |   128 |    2162 |    3033     254    3033 |     507     254     507 |    0.1    4.1    0.4
104  |   128 |    2152 |    3521     253    3521 |     505     253     505 |    0.1    5.2    0.5
105  |   128 |    2167 |    3539     254    3539 |     508     254     508 |    0.1    4.8    0.4
106  |   128 |    2161 |    3533     253    3533 |     507     253     507 |    0.1    5.5    0.5
107  |   128 |    2146 |    3511     253    3511 |     507     253     507 |    0.1    5.1    0.5
108  |   127 |    2149 |    3516     253    3516 |     506     253     506 |    0.1    5.3    0.5
109  |   128 |    2158 |    3526     253    3526 |     506     253     506 |    0.1    5.1    0.4
110  |   128 |    2163 |    3539     254    3539 |     507     254     507 |    0.1    5.2    0.4
111  |   127 |    2127 |    3011     252    3011 |     504     252     504 |    0.1    4.0    0.4
112  |   128 |    2151 |    3522     253    3522 |     506     253     506 |    0.1    5.0    0.4
113  |   128 |    1392 |    3528     254    3528 |     507     254     507 |    0.1    5.2    0.4
114  |   128 |    2139 |    3522     253    3522 |     505     253     505 |    0.1    5.2    0.4
115  |   128 |    1651 |    3533     254    3533 |     507     254     507 |    0.1    5.5    0.5
116  |   128 |    1389 |    3519     254    3519 |     508     254     508 |    0.1    5.1    0.4
117  |   127 |    2136 |    3498     251    3498 |     504     251     504 |    0.1    4.8    0.4
118  |   128 |    2159 |    3531     253    3531 |     506     253     506 |    0.1    5.1    0.4
119  |   128 |    2163 |    3525     254    3525 |     509     254     509 |    0.1    5.4    0.4
120  |   127 |    2142 |    3518     252    3518 |     504     252     504 |    0.1    5.3    0.4
121  |   128 |    2164 |    3531     254    3531 |     508     254     508 |    0.1    5.2    0.5
122  |   128 |    2159 |    3529     253    3529 |     507     253     507 |    0.1    5.4    0.5
123  |   128 |    2168 |    3529     254    3529 |     508     254     508 |    0.1    5.2    0.4
124  |   125 |    1714 |    3446     252    3446 |     504     252     504 |    0.1    3.9    0.4
125  |   124 |    2091 |    2964     251    2964 |     501     251     501 |    0.1    3.8    0.4
126  |   128 |    2157 |    3524     254    3524 |     507     254     507 |    0.1    5.3    0.5
127  |   128 |    2161 |    3536     253    3536 |     507     254     507 |    0.1    5.2    0.4
128  |   128 |    2159 |    3532     253    3532 |     506     253     506 |    0.1    5.1    0.5
129  |   127 |    2119 |    3008     252    3008 |     504     252     504 |    0.1    4.0    0.4
130  |   128 |    2162 |    3535     254    3535 |     507     254     507 |    0.1    5.1    0.4
131  |   128 |    2160 |    3537     253    3537 |     507     253     507 |    0.1    5.2    0.4
132  |   128 |    2156 |    3527     253    3527 |     507     253     507 |    0.1    5.2    0.4
133  |   128 |    2145 |    3515     253    3515 |     506     253     506 |    0.1    5.1    0.4
134  |   127 |    2132 |    3494     254    3494 |     510     254     510 |    0.1    4.8    0.4
135  |   128 |    2154 |    3529     253    3529 |     506     253     506 |    0.1    5.3    0.5
136  |   128 |    2141 |    3515     252    3515 |     505     252     505 |    0.1    4.9    0.4
137  |   128 |    2159 |    3526     253    3526 |     507     254     507 |    0.1    5.1    0.4
138  |   127 |    2136 |    3510     251    3510 |     504     251     504 |    0.1    5.4    0.4
139  |   128 |    1381 |    3016     253    3016 |     506     253     506 |    0.1    4.0    0.4
140  |   128 |    2165 |    3534     253    3534 |     507     253     507 |    0.1    5.3    0.4
141  |   128 |    1495 |    3506     253    3506 |     507     253     507 |    0.1    5.0    0.4
142  |   128 |    2164 |    3531     253    3531 |     507     253     507 |    0.1    5.3    0.4
143  |   128 |    2154 |    3522     254    3522 |     507     254     507 |    0.1    5.0    0.4
144  |   128 |    1383 |    3523     253    3523 |     506     253     506 |    0.1    5.3    0.5
145  |   128 |    1393 |    3529     253    3529 |     507     253     507 |    0.1    5.2    0.5
146  |   128 |    2163 |    3531     253    3531 |     507     253     507 |    0.1    5.0    0.4
147  |   128 |    2154 |    3525     253    3525 |     506     253     506 |    0.1    5.2    0.4
148  |   127 |    2134 |    3511     252    3511 |     504     252     504 |    0.1    5.0    0.4
149  |   128 |    2166 |    3530     253    3530 |     508     254     508 |    0.1    5.1    0.4
150  |   126 |    1608 |    3444     253    3444 |     505     253     505 |    0.1    3.9    0.4
151  |   128 |    1752 |    3501     253    3501 |     507     253     507 |    0.1    4.1    0.4
152  |   126 |    2117 |    3482     251    3482 |     502     251     502 |    0.1    5.1    0.4
153  |   128 |    1750 |    3515     252    3515 |     504     252     504 |    0.1    4.1    0.4
154  |   126 |    2126 |    3011     251    3011 |     502     251     502 |    0.1    4.1    0.4
155  |   128 |    2162 |    3523     253    3523 |     507     253     507 |    0.1    5.3    0.5
156  |   127 |    2138 |    3504     252    3504 |     504     252     504 |    0.1    4.2    0.4
157  |   128 |    2155 |    3508     251    3508 |     508     254     508 |    0.1    5.1    0.4
158  |   128 |    2134 |    3516     252    3516 |     504     252     504 |    0.1    3.9    0.4
159  |   128 |    2146 |    3492     253    3492 |     508     253     508 |    0.1    5.4    0.4
160  |   128 |    2122 |    3466     251    3466 |     505     251     505 |    0.1    5.1    0.5
161  |   128 |    1391 |    3517     252    3517 |     504     252     504 |    0.1    4.2    0.4
162  |   127 |    2131 |    3485     252    3485 |     508     252     508 |    0.1    5.1    0.4
163  |   128 |    2157 |    3032     253    3032 |     506     253     506 |    0.1    4.1    0.4
164  |   126 |    2121 |    3007     251    3007 |     502     251     502 |    0.1    4.1    0.4
165  |   128 |    1387 |    3524     253    3524 |     506     253     506 |    0.1    5.3    0.5
166  |   126 |    2124 |    3500     252    3500 |     503     252     503 |    0.1    5.0    0.4
167  |   128 |    2155 |    3522     254    3522 |     508     254     508 |    0.1    5.3    0.4
168  |   128 |    2164 |    3524     254    3524 |     508     254     508 |    0.1    5.2    0.4
169  |   127 |    2148 |    3521     252    3521 |     505     252     505 |    0.1    5.3    0.5
170  |   128 |    2121 |    3008     252    3008 |     504     252     504 |    0.1    4.1    0.4
171  |   128 |    2155 |    3521     253    3521 |     507     253     507 |    0.1    4.2    0.4
172  |   127 |    2134 |    3502     251    3502 |     503     251     503 |    0.1    5.2    0.4
173  |   128 |    2166 |    3530     254    3530 |     507     254     507 |    0.1    5.6    0.5
174  |   127 |    2143 |    3512     252    3512 |     505     252     505 |    0.1    5.3    0.5
175  |   128 |    1494 |    3009     252    3009 |     504     252     504 |    0.1    4.2    0.4
176  |   128 |    2137 |    3501     253    3501 |     508     253     508 |    0.1    3.9    0.4
177  |   126 |    1700 |    2968     251    2968 |     502     251     502 |    0.1    3.7    0.4
178  |   128 |    2156 |    3527     253    3527 |     506     253     506 |    0.1    5.3    0.5
179  |   128 |    1644 |    3522     253    3522 |     507     253     507 |    0.1    4.2    0.4
180  |   128 |    2167 |    3536     253    3536 |     506     253     506 |    0.1    5.3    0.4
181  |   128 |    2159 |    3516     253    3516 |     507     253     507 |    0.1    5.2    0.5
182  |   128 |    2160 |    3528     253    3528 |     506     253     506 |    0.1    4.9    0.4
183  |   128 |    1877 |    3498     253    3498 |     507     253     507 |    0.1    4.1    0.4
184  |   127 |    2143 |    3516     253    3516 |     506     253     506 |    0.1    5.1    0.5
185  |   127 |    2141 |    3512     252    3512 |     504     252     504 |    0.1    5.2    0.4
186  |   127 |    2146 |    3519     252    3519 |     505     252     505 |    0.1    5.1    0.4
187  |   127 |    2141 |    3520     252    3520 |     505     252     505 |    0.1    5.1    0.4
188  |   128 |    2153 |    3517     252    3517 |     504     252     504 |    0.1    5.1    0.4
189  |   126 |    2127 |    3506     251    3506 |     503     252     503 |    0.1    5.0    0.5
190  |   128 |    2166 |    3534     253    3534 |     507     253     507 |    0.1    5.4    0.5
191  |   128 |    2162 |    3529     253    3529 |     506     253     506 |    0.1    5.3    0.5
192  |   128 |    1496 |    3024     253    3024 |     506     253     506 |    0.1    4.2    0.4
193  |   127 |    2136 |    3508     253    3508 |     505     253     505 |    0.1    5.1    0.4
194  |   128 |    1886 |    3520     253    3520 |     506     253     506 |    0.1    4.2    0.4
195  |   128 |    2147 |    3527     252    3527 |     505     253     505 |    0.1    5.2    0.4
196  |   127 |    1481 |    3001     252    3001 |     503     252     503 |    0.1    4.0    0.4
197  |   128 |    2159 |    3520     253    3520 |     506     253     506 |    0.1    5.1    0.4
198  |   127 |    2114 |    3457     251    3457 |     504     251     504 |    0.1    4.9    0.4
199  |   128 |    2100 |    3416     252    3416 |     504     252     504 |    0.1    4.8    0.4
200  |   127 |    1361 |    2990     252    2990 |     503     251     503 |    0.1    3.9    0.4
201  |   128 |    2152 |    3509     254    3509 |     508     254     508 |    0.1    5.2    0.4
202  |   128 |    1508 |    3528     253    3528 |     507     253     507 |    0.1    5.2    0.4
203  |   128 |    2164 |    3527     254    3527 |     509     254     509 |    0.1    5.2    0.4
204  |   127 |    2118 |    3478     251    3478 |     502     251     502 |    0.1    5.2    0.4
205  |   128 |    2157 |    3526     253    3526 |     506     253     506 |    0.1    5.0    0.5
206  |   127 |    1384 |    3513     252    3513 |     505     252     505 |    0.1    5.3    0.5
207  |   128 |    2125 |    3468     252    3468 |     504     252     504 |    0.1    5.0    0.4
208  |   128 |    1386 |    3531     253    3531 |     507     253     507 |    0.1    5.3    0.4
209  |   127 |    2115 |    3463     252    3463 |     503     252     503 |    0.1    4.0    0.4
210  |   128 |    2160 |    3523     253    3523 |     506     253     506 |    0.1    5.2    0.4
211  |   128 |    2130 |    3016     252    3016 |     504     252     504 |    0.1    4.2    0.4
212  |   127 |    2148 |    3523     253    3523 |     505     253     505 |    0.1    5.4    0.5
213  |   128 |    2170 |    3540     254    3540 |     508     254     508 |    0.1    5.1    0.4
214  |   128 |    2162 |    3533     253    3533 |     507     254     507 |    0.1    5.4    0.5
215  |   128 |    1747 |    3019     252    3019 |     504     252     504 |    0.1    4.2    0.4
216  |   126 |    2121 |    3003     251    3003 |     502     251     502 |    0.1    4.0    0.4
217  |   127 |    2135 |    3495     252    3495 |     504     252     504 |    0.1    5.5    0.5
218  |   128 |    1649 |    3518     254    3518 |     507     254     507 |    0.1    4.2    0.4
219  |   128 |    2138 |    3501     252    3501 |     504     252     504 |    0.1    5.3    0.5
220  |   125 |    1469 |    2967     251    2967 |     501     251     501 |    0.1    3.8    0.4
221  |   128 |    2168 |    3520     255    3520 |     510     255     510 |    0.2    5.1    0.4
222  |   127 |    1377 |    3519     252    3519 |     505     252     505 |    0.1    5.3    0.5
223  |   128 |    1504 |    3532     253    3532 |     507     253     507 |    0.1    5.1    0.4
224  |   128 |    2160 |    3518     254    3518 |     508     254     508 |    0.1    5.3    0.4
225  |   128 |    1888 |    3515     253    3515 |     507     253     507 |    0.1    3.9    0.4
226  |   128 |    2136 |    3494     252    3494 |     504     252     504 |    0.1    5.1    0.5
227  |   127 |    1373 |    3016     251    3016 |     503     252     503 |    0.1    4.1    0.4
228  |   128 |    2160 |    3537     254    3537 |     507     254     507 |    0.1    4.2    0.4
229  |   128 |    2155 |    3523     253    3523 |     505     253     505 |    0.1    5.1    0.4
230  |   128 |    2158 |    3517     254    3517 |     508     254     508 |    0.1    4.8    0.4
231  |   128 |    2152 |    3517     252    3517 |     505     252     505 |    0.1    5.1    0.4
232  |   126 |    2125 |    3497     251    3497 |     502     251     502 |    0.1    5.5    0.4
233  |   128 |    2160 |    3530     254    3530 |     508     254     508 |    0.1    5.0    0.5
234  |   127 |    2144 |    3515     252    3515 |     504     252     504 |    0.1    5.2    0.4
235  |   128 |    2156 |    3522     254    3522 |     508     254     508 |    0.1    5.2    0.4
236  |   126 |    2130 |    3505     251    3505 |     503     252     503 |    0.1    5.0    0.4
237  |   128 |    1615 |    2999     252    2999 |     504     252     504 |    0.1    3.9    0.4
238  |   128 |    1390 |    3524     253    3524 |     507     253     507 |    0.1    5.2    0.4
239  |   128 |    2120 |    2983     252    2983 |     503     252     503 |    0.1    4.0    0.4
240  |   128 |    2152 |    3530     253    3530 |     506     253     506 |    0.1    5.0    0.4
241  |   127 |    2133 |    3512     252    3512 |     504     252     504 |    0.1    4.1    0.4
242  |   128 |    2168 |    3524     254    3524 |     509     255     509 |    0.1    5.1    0.4
243  |   128 |    2160 |    3516     254    3516 |     508     254     508 |    0.1    5.4    0.4
244  |   128 |    2137 |    3510     252    3510 |     505     252     505 |    0.1    5.2    0.4
245  |   127 |    1490 |    3518     253    3518 |     505     253     505 |    0.1    5.2    0.4
246  |   128 |    2163 |    3533     253    3533 |     507     253     507 |    0.1    5.3    0.4
247  |   128 |    2102 |    2990     252    2990 |     504     252     504 |    0.1    4.0    0.4
248  |   128 |    2145 |    3526     252    3526 |     505     253     505 |    0.1    5.2    0.5
249  |   127 |    1470 |    2959     251    2959 |     503     251     503 |    0.1    4.1    0.4
250  |   126 |    2127 |    3497     251    3497 |     502     251     502 |    0.1    5.3    0.4
251  |   127 |    2128 |    2995     251    2995 |     503     251     503 |    0.1    4.0    0.4
252  |   128 |    2152 |    3519     253    3519 |     506     253     506 |    0.1    5.0    0.4
253  |   127 |    2134 |    3514     252    3514 |     504     252     504 |    0.1    5.3    0.5
254  |   128 |    1638 |    3528     254    3528 |     507     254     507 |    0.1    5.3    0.4
255  |   128 |    1494 |    3013     252    3013 |     505     252     505 |    0.1    4.0    0.4
256  |   128 |    2163 |    3530     253    3530 |     507     253     507 |    0.1    5.4    0.5
257  |   128 |    2156 |    3518     253    3518 |     506     253     506 |    0.1    5.4    0.5
258  |   128 |    2150 |    3522     252    3522 |     505     252     505 |    0.1    5.3    0.5
259  |   128 |    2161 |    3524     253    3524 |     506     253     506 |    0.1    5.6    0.5
260  |   128 |    1384 |    3522     252    3522 |     505     252     505 |    0.1    5.4    0.5
261  |   128 |    2157 |    3530     253    3530 |     506     253     506 |    0.1    5.1    0.4
262  |   128 |    1489 |    3015     252    3015 |     505     252     505 |    0.1    3.8    0.4
263  |   128 |    2168 |    3539     254    3539 |     507     254     507 |    0.1    5.2    0.4
264  |   128 |    2140 |    3490     252    3490 |     505     252     505 |    0.1    5.0    0.4
265  |   127 |    2124 |    3008     251    3008 |     503     251     503 |    0.1    3.9    0.4
266  |   125 |    2107 |    2984     251    2984 |     501     251     501 |    0.1    3.7    0.4
267  |   128 |    2160 |    3528     254    3528 |     507     254     507 |    0.1    5.4    0.5
268  |   128 |    2158 |    3517     254    3517 |     508     254     508 |    0.1    5.2    0.5
269  |   127 |    1376 |    3508     251    3508 |     504     252     504 |    0.1    5.2    0.4
270  |   127 |    2150 |    3522     253    3522 |     506     253     506 |    0.1    5.3    0.5
271  |   128 |    2151 |    3518     253    3518 |     506     253     506 |    0.1    5.2    0.4
272  |   128 |    2149 |    3508     254    3508 |     509     254     509 |    0.1    5.3    0.5
273  |   127 |    1486 |    3014     251    3014 |     503     251     503 |    0.1    4.1    0.4
274  |   128 |    1362 |    3008     252    3008 |     505     252     505 |    0.1    4.2    0.4
275  |   128 |    2167 |    3529     254    3529 |     508     254     508 |    0.1    5.3    0.5
276  |   128 |    2145 |    3520     252    3520 |     506     253     506 |    0.1    5.1    0.4
277  |   126 |    2113 |    2994     251    2994 |     501     251     501 |    0.1    4.1    0.4
278  |   128 |    2154 |    3514     253    3514 |     505     253     505 |    0.1    5.5    0.5
279  |   128 |    1506 |    3504     253    3504 |     507     254     507 |    0.1    4.1    0.4
280  |   127 |    2122 |    3490     251    3490 |     502     251     502 |    0.1    5.0    0.5
281  |   128 |    2141 |    3522     252    3522 |     505     253     505 |    0.1    5.2    0.5
282  |   128 |    2150 |    3522     253    3522 |     506     253     506 |    0.1    5.5    0.4
283  |   126 |    2124 |    3501     251    3501 |     502     251     502 |    0.1    4.0    0.4
284  |   128 |    1627 |    3021     252    3021 |     504     252     504 |    0.1    4.2    0.4
285  |   128 |    2160 |    3524     253    3524 |     507     253     507 |    0.1    5.2    0.5
286  |   128 |    2160 |    3520     253    3520 |     507     253     507 |    0.1    5.3    0.5
287  |   128 |    2168 |    3529     254    3529 |     508     254     508 |    0.1    5.4    0.4
288  |   128 |    2160 |    3530     253    3530 |     506     253     506 |    0.2    5.4    0.5
289  |   128 |    2157 |    3518     253    3518 |     507     253     507 |    0.1    5.3    0.5
290  |   128 |    1389 |    3526     254    3526 |     509     254     509 |    0.1    4.3    0.4
291  |   128 |    1505 |    3524     253    3524 |     507     253     507 |    0.1    5.0    0.4
292  |   128 |    2158 |    3526     253    3526 |     506     253     506 |    0.1    5.0    0.4
293  |   128 |    1643 |    3507     254    3507 |     507     254     507 |    0.1    4.1    0.4
294  |   128 |    2160 |    3524     253    3524 |     506     253     506 |    0.1    5.2    0.5
295  |   128 |    2154 |    3525     253    3525 |     506     253     506 |    0.1    5.1    0.5
296  |   127 |    2135 |    3016     252    3016 |     505     252     505 |    0.1    4.0    0.4
297  |   128 |    2159 |    3531     253    3531 |     506     253     506 |    0.1    5.3    0.5
298  |   128 |    2159 |    3039     253    3039 |     507     253     507 |    0.1    3.8    0.4
299  |   128 |    2154 |    3513     252    3513 |     505     252     505 |    0.1    5.3    0.5
300  |   128 |    1646 |    3522     253    3522 |     507     253     507 |    0.1    4.9    0.4
301  |   127 |    1869 |    3486     252    3486 |     504     252     504 |    0.1    4.1    0.4
302  |   128 |    1619 |    3522     253    3522 |     506     253     506 |    0.1    5.1    0.5
303  |   128 |    2147 |    3512     253    3512 |     505     253     505 |    0.1    5.2    0.5
304  |   127 |    1494 |    3015     251    3015 |     503     251     503 |    0.1    3.8    0.4
305  |   128 |    2151 |    3521     253    3521 |     506     253     506 |    0.1    5.1    0.5
306  |   128 |    2159 |    3531     253    3531 |     508     253     508 |    0.1    4.9    0.4
307  |   128 |    1637 |    3527     253    3527 |     505     253     505 |    0.1    5.3    0.4
308  |   128 |    2128 |    3016     252    3016 |     504     252     504 |    0.1    4.0    0.4
309  |   128 |    2161 |    3521     255    3521 |     509     255     509 |    0.1    5.1    0.4
310  |   128 |    1776 |    3533     254    3533 |     508     254     508 |    0.1    4.1    0.4
311  |   128 |    2146 |    3516     252    3516 |     504     252     504 |    0.1    5.3    0.5
312  |   128 |    2146 |    3515     253    3515 |     508     253     508 |    0.1    5.3    0.4
313  |   128 |    2137 |    3507     256    3507 |     511     256     511 |    0.1    5.2    0.4
314  |   127 |    2142 |    3510     252    3510 |     505     252     505 |    0.1    5.3    0.4
315  |   128 |    2123 |    3007     252    3007 |     504     252     504 |    0.1    4.1    0.4
316  |   128 |    2153 |    3529     253    3529 |     508     253     508 |    0.1    5.4    0.5
317  |   128 |    2153 |    3529     253    3529 |     506     253     506 |    0.1    4.2    0.4
318  |   127 |    2127 |    3016     252    3016 |     504     252     504 |    0.1    4.0    0.4
319  |   128 |    2154 |    3513     253    3513 |     507     253     507 |    0.1    4.9    0.4
320  |   127 |    2117 |    3005     251    3005 |     503     251     503 |    0.1    4.0    0.4
321  |   128 |    2153 |    3520     253    3520 |     507     253     507 |    0.1    5.5    0.4
322  |   128 |    2145 |    3523     252    3523 |     506     253     506 |    0.1    5.0    0.5
323  |   127 |    1501 |    3509     252    3509 |     505     252     505 |    0.1    4.9    0.4
324  |   128 |    2160 |    3533     253    3533 |     507     253     507 |    0.1    5.2    0.4
325  |   128 |    2162 |    3529     253    3529 |     506     253     506 |    0.1    5.0    0.4
326  |   128 |    2153 |    3522     252    3522 |     505     252     505 |    0.1    5.3    0.4
327  |   128 |    2167 |    3532     254    3532 |     509     254     509 |    0.1    5.3    0.5
328  |   127 |    2116 |    3002     252    3002 |     504     252     504 |    0.1    4.1    0.4
329  |   128 |    2149 |    3516     252    3516 |     504     252     504 |    0.1    5.3    0.4
330  |   128 |    2164 |    3539     253    3539 |     507     253     507 |    0.1    5.3    0.5
331  |   127 |    1383 |    3520     253    3520 |     505     253     505 |    0.1    5.3    0.4
332  |   128 |    1389 |    3531     253    3531 |     507     253     507 |    0.1    5.3    0.4
333  |   128 |    2133 |    3486     251    3486 |     504     251     504 |    0.1    5.0    0.4
334  |   127 |    2141 |    3514     252    3514 |     505     252     505 |    0.1    5.1    0.4
335  |   128 |    2163 |    3535     254    3535 |     508     254     508 |    0.1    4.9    0.4
336  |   128 |    1730 |    3475     254    3475 |     508     254     508 |    0.1    3.7    0.4
337  |   126 |    2117 |    3475     253    3475 |     507     253     507 |    0.1    5.0    0.4
338  |   127 |    2133 |    3502     252    3502 |     504     252     504 |    0.1    5.2    0.4
339  |   128 |    2166 |    3532     254    3532 |     508     254     508 |    0.1    5.2    0.4
340  |   128 |    2161 |    3531     253    3531 |     507     254     507 |    0.1    5.1    0.4
341  |   128 |    2139 |    3024     253    3024 |     506     253     506 |    0.1    4.1    0.4
342  |   128 |    2158 |    3521     253    3521 |     507     253     507 |    0.1    5.0    0.5
343  |   128 |    1749 |    3010     253    3010 |     507     253     507 |    0.1    4.0    0.4
344  |   128 |    1648 |    3529     254    3529 |     507     254     507 |    0.1    4.2    0.4
345  |   128 |    1764 |    3510     256    3510 |     513     256     513 |    0.1    4.0    0.4
346  |   128 |    2153 |    3524     253    3524 |     507     253     507 |    0.1    4.1    0.4
347  |   128 |    2139 |    3517     252    3517 |     505     252     505 |    0.1    5.1    0.4
348  |   128 |    2157 |    3033     253    3033 |     507     253     507 |    0.1    4.0    0.4
349  |   128 |    2149 |    3523     253    3523 |     505     253     505 |    0.1    5.0    0.4
350  |   128 |    2145 |    3521     253    3521 |     505     253     505 |    0.1    5.2    0.4
351  |   128 |    2168 |    3536     254    3536 |     508     254     508 |    0.1    5.4    0.4
352  |   128 |    2161 |    3530     253    3530 |     507     253     507 |    0.1    5.1    0.4
353  |   128 |    2162 |    3529     254    3529 |     507     254     507 |    0.1    5.3    0.4
354  |   127 |    1762 |    3495     253    3495 |     506     253     506 |    0.1    4.0    0.4
355  |   128 |    2161 |    3529     252    3529 |     505     253     505 |    0.1    5.3    0.4
356  |   128 |    2139 |    3507     253    3507 |     507     253     507 |    0.1    4.1    0.4
357  |   128 |    2139 |    3518     253    3518 |     507     254     507 |    0.1    5.0    0.4
358  |   128 |    2148 |    3522     252    3522 |     505     252     505 |    0.1    5.3    0.4
359  |   126 |    2127 |    3494     251    3494 |     503     251     503 |    0.1    5.0    0.5
360  |   128 |    2152 |    3025     253    3025 |     505     253     505 |    0.1    4.0    0.4
361  |   128 |    2162 |    3533     254    3533 |     507     254     507 |    0.1    5.3    0.5
362  |   128 |    2157 |    3518     253    3518 |     506     253     506 |    0.1    5.5    0.5
363  |   124 |    2084 |    2959     251    2959 |     501     251     501 |    0.1    4.0    0.4
364  |   128 |    2169 |    3530     254    3530 |     508     254     508 |    0.1    5.0    0.4
365  |   128 |    2155 |    3519     254    3519 |     507     254     507 |    0.1    5.2    0.5
366  |   126 |    2106 |    3461     251    3461 |     502     251     502 |    0.1    4.7    0.4
367  |   123 |    2069 |    2944     252    2944 |     504     252     504 |    0.1    3.8    0.4
368  |   128 |    1396 |    3530     253    3530 |     506     253     506 |    0.1    4.1    0.4
369  |   127 |    2135 |    3509     252    3509 |     504     251     504 |    0.1    5.2    0.4
370  |   128 |    2150 |    3526     253    3526 |     506     253     506 |    0.1    5.0    0.4
371  |   128 |    2162 |    3529     254    3529 |     508     254     508 |    0.1    5.0    0.4
372  |   128 |    1646 |    3499     255    3499 |     511     255     511 |    0.1    4.4    0.4
373  |   128 |    2154 |    3531     253    3531 |     506     253     506 |    0.1    5.2    0.4
374  |   128 |    2151 |    3517     253    3517 |     507     253     507 |    0.1    5.4    0.4
375  |   128 |    2162 |    3526     254    3526 |     508     254     508 |    0.1    5.3    0.4
376  |   126 |    2125 |    3497     251    3497 |     503     251     503 |    0.1    4.8    0.5
377  |   128 |    2161 |    3532     253    3532 |     507     253     507 |    0.1    5.2    0.4
378  |   127 |    2149 |    3515     253    3515 |     505     253     505 |    0.1    5.0    0.4
379  |   127 |    1890 |    3479     254    3479 |     508     254     508 |    0.1    4.2    0.4
380  |   128 |    2160 |    3522     253    3522 |     506     253     506 |    0.1    4.9    0.4
381  |   128 |    2139 |    3471     252    3471 |     506     252     506 |    0.1    5.2    0.4
382  |   128 |    1385 |    3527     253    3527 |     507     253     507 |    0.1    5.2    0.4
383  |   128 |    1648 |    3529     254    3529 |     508     254     508 |    0.1    4.3    0.4
384  |   128 |    2141 |    3519     252    3519 |     505     252     505 |    0.1    5.0    0.4
385  |   128 |    2153 |    3531     253    3531 |     507     253     507 |    0.1    5.5    0.5
386  |   125 |    1475 |    3443     252    3443 |     504     252     504 |    0.1    3.9    0.4
387  |   126 |    2117 |    3002     251    3002 |     502     251     502 |    0.1    3.9    0.4
388  |   127 |    2145 |    3516     252    3516 |     505     252     505 |    0.1    4.5    0.4
389  |   128 |    2134 |    3521     252    3521 |     505     252     505 |    0.1    5.2    0.4
390  |   127 |    2136 |    3508     251    3508 |     503     251     503 |    0.1    5.1    0.4
391  |   128 |    2168 |    3540     254    3540 |     507     254     507 |    0.1    5.1    0.5
392  |   128 |    2167 |    3529     254    3529 |     508     254     508 |    0.1    5.2    0.5
393  |   128 |    2158 |    3529     253    3529 |     506     253     506 |    0.1    5.2    0.4
394  |   128 |    2170 |    3538     253    3538 |     507     253     507 |    0.1    5.0    0.4
395  |   126 |    2121 |    3004     251    3004 |     502     251     502 |    0.1    4.0    0.4
396  |   128 |    2140 |    3502     254    3502 |     509     254     509 |    0.1    4.1    0.4
397  |   128 |    2155 |    3513     256    3513 |     512     256     512 |    0.1    4.2    0.4
398  |   126 |    2121 |    3480     251    3480 |     502     251     502 |    0.1    5.2    0.4
399  |   127 |    2145 |    3519     252    3519 |     504     252     504 |    0.1    5.4    0.4
400  |   128 |    2160 |    3534     254    3534 |     508     254     508 |    0.1    5.0    0.4
401  |   128 |    1398 |    3524     253    3524 |     506     253     506 |    0.1    5.4    0.5
402  |   127 |    2146 |    3515     252    3515 |     504     252     504 |    0.1    5.1    0.4
403  |   128 |    2168 |    3538     253    3538 |     507     253     507 |    0.1    5.5    0.5
404  |   128 |    2154 |    3519     253    3519 |     506     253     506 |    0.1    5.5    0.5
405  |   128 |    2153 |    3523     253    3523 |     507     253     507 |    0.1    5.2    0.4
406  |   128 |    2162 |    3531     253    3531 |     508     253     508 |    0.1    5.3    0.5
407  |   128 |    1387 |    3523     254    3523 |     507     254     507 |    0.1    5.1    0.4
408  |   128 |    2146 |    3511     251    3511 |     504     251     504 |    0.1    5.0    0.4
409  |   128 |    2151 |    3524     253    3524 |     505     253     505 |    0.1    4.2    0.4
410  |   126 |    2133 |    3509     252    3509 |     504     252     504 |    0.1    5.1    0.4
411  |   128 |    2152 |    3522     252    3522 |     505     252     505 |    0.1    5.4    0.4
412  |   128 |    2158 |    3531     253    3531 |     507     253     507 |    0.1    5.2    0.4
413  |   128 |    2155 |    3530     253    3530 |     506     253     506 |    0.1    5.1    0.5
414  |   128 |    2137 |    3519     253    3519 |     505     253     505 |    0.1    5.3    0.5
415  |   128 |    2167 |    3534     253    3534 |     507     253     507 |    0.1    5.8    0.5
416  |   126 |    2131 |    3015     252    3015 |     503     252     503 |    0.1    3.9    0.4
417  |   128 |    2154 |    3530     252    3530 |     506     253     506 |    0.1    5.3    0.4
418  |   127 |    2136 |    3509     252    3509 |     503     252     503 |    0.1    4.9    0.4
419  |   128 |    2161 |    3525     254    3525 |     508     254     508 |    0.1    5.2    0.4
420  |   128 |    2159 |    3526     254    3526 |     508     254     508 |    0.1    5.1    0.4
421  |   128 |    2161 |    3531     253    3531 |     507     253     507 |    0.1    5.2    0.5
422  |   128 |    2164 |    3538     254    3538 |     507     254     507 |    0.1    5.3    0.4
423  |   128 |    2151 |    3521     253    3521 |     506     253     506 |    0.1    5.4    0.5
424  |   127 |    2138 |    3510     252    3510 |     504     252     504 |    0.1    5.1    0.4
425  |   126 |    2115 |    2993     251    2993 |     502     251     502 |    0.1    4.0    0.4
426  |   128 |    2163 |    3518     254    3518 |     509     254     509 |    0.1    5.5    0.5
427  |   126 |    1374 |    3502     251    3502 |     503     251     503 |    0.1    5.2    0.4
428  |   128 |    2143 |    3504     252    3504 |     504     252     504 |    0.1    5.1    0.4
429  |   128 |    2164 |    3531     254    3531 |     507     254     507 |    0.1    5.2    0.5
430  |   128 |    2154 |    3517     254    3517 |     509     254     509 |    0.1    4.7    0.4
431  |   128 |    2148 |    3525     253    3525 |     506     253     506 |    0.1    5.2    0.5
432  |   127 |    2135 |    3501     251    3501 |     503     251     503 |    0.1    5.1    0.4
433  |   128 |    2139 |    3490     252    3490 |     504     252     504 |    0.1    5.3    0.4
434  |   128 |    1768 |    3032     254    3032 |     508     254     508 |    0.1    4.0    0.4
435  |   128 |    1885 |    3524     254    3524 |     508     254     508 |    0.1    5.1    0.4
436  |   128 |    2150 |    3516     252    3516 |     505     252     505 |    0.1    5.2    0.5
437  |   128 |    2155 |    3526     253    3526 |     507     253     507 |    0.1    5.3    0.4
438  |   128 |    2151 |    3532     253    3532 |     506     253     506 |    0.1    5.1    0.5
439  |   128 |    2162 |    3524     253    3524 |     507     254     507 |    0.1    5.1    0.4
440  |   127 |    2150 |    3513     253    3513 |     506     253     506 |    0.1    5.3    0.4
441  |   127 |    2140 |    3512     251    3512 |     503     251     503 |    0.1    5.4    0.4
442  |   128 |    2151 |    3509     252    3509 |     505     252     505 |    0.1    5.1    0.4
443  |   128 |    2163 |    3537     253    3537 |     507     254     507 |    0.1    5.2    0.4
444  |   128 |    2152 |    3523     253    3523 |     506     253     506 |    0.1    5.2    0.4
445  |   128 |    2129 |    3018     253    3018 |     505     253     505 |    0.1    4.1    0.4
446  |   128 |    1758 |    3517     252    3517 |     504     252     504 |    0.1    4.2    0.4
447  |   128 |    2160 |    3518     253    3518 |     507     253     507 |    0.1    5.3    0.5
448  |   128 |    2157 |    3525     253    3525 |     507     253     507 |    0.1    4.0    0.4
449  |   126 |    2124 |    3006     251    3006 |     502     251     502 |    0.1    4.0    0.4
450  |   128 |    2162 |    3537     254    3537 |     507     254     507 |    0.1    5.5    0.4
451  |   128 |    2154 |    3517     252    3517 |     505     252     505 |    0.1    4.9    0.4
452  |   127 |    2143 |    3518     252    3518 |     505     252     505 |    0.1    5.7    0.5
453  |   128 |    2161 |    3533     253    3533 |     506     253     506 |    0.1    5.0    0.4
454  |   128 |    2155 |    3521     254    3521 |     508     254     508 |    0.1    5.2    0.4
455  |   128 |    1641 |    3495     253    3495 |     507     253     507 |    0.1    4.1    0.4
456  |   128 |    2158 |    3534     253    3534 |     506     253     506 |    0.1    5.6    0.5
457  |   128 |    2142 |    3522     252    3522 |     505     252     505 |    0.1    5.3    0.5
458  |   128 |    2143 |    3503     252    3503 |     504     252     504 |    0.1    5.3    0.5
459  |   128 |    1650 |    3533     253    3533 |     506     253     506 |    0.1    4.2    0.4
460  |   128 |    1647 |    3522     254    3522 |     508     254     508 |    0.1    4.2    0.4
461  |   127 |    2139 |    3511     253    3511 |     505     253     505 |    0.1    5.2    0.4
462  |   128 |    1645 |    3532     253    3532 |     507     253     507 |    0.1    4.3    0.4
463  |   128 |    2148 |    3520     252    3520 |     505     252     505 |    0.1    5.2    0.4
464  |   127 |    2138 |    3512     252    3512 |     504     252     504 |    0.1    5.2    0.4
465  |   128 |    2161 |    3530     253    3530 |     507     253     507 |    0.1    5.1    0.4
466  |   128 |    2160 |    3527     254    3527 |     508     254     508 |    0.1    5.3    0.5
467  |   126 |    2060 |    2952     251    2952 |     503     251     503 |    0.1    3.8    0.4
468  |   128 |    2166 |    3541     254    3541 |     507     254     507 |    0.1    5.0    0.4
469  |   128 |    2162 |    3525     254    3525 |     507     254     507 |    0.1    5.2    0.5
470  |   128 |    2157 |    3523     253    3523 |     506     253     506 |    0.1    5.0    0.4
471  |   127 |    1509 |    3507     253    3507 |     506     253     506 |    0.1    4.2    0.4
472  |   128 |    2161 |    3530     253    3530 |     507     253     507 |    0.1    5.1    0.4
473  |   128 |    2164 |    3537     253    3537 |     507     253     507 |    0.1    5.2    0.5
474  |   128 |    2166 |    3536     253    3536 |     508     254     508 |    0.1    5.3    0.5
475  |   127 |    2143 |    3023     252    3023 |     505     252     505 |    0.1    4.1    0.4
476  |   126 |    2122 |    3003     251    3003 |     502     251     502 |    0.1    4.0    0.4
477  |   126 |    2125 |    3492     253    3492 |     506     253     506 |    0.1    5.0    0.4
478  |   128 |    2166 |    3536     254    3536 |     508     254     508 |    0.1    4.2    0.4
479  |   128 |    2140 |    3513     252    3513 |     504     252     504 |    0.1    5.1    0.4
480  |   128 |    2155 |    3521     253    3521 |     505     253     505 |    0.1    5.1    0.4
481  |   128 |    2153 |    3517     253    3517 |     505     252     505 |    0.1    5.1    0.5
482  |   128 |    1382 |    3520     253    3520 |     507     253     507 |    0.1    5.2    0.5
483  |   128 |    1386 |    3521     253    3521 |     506     253     506 |    0.1    5.0    0.4
484  |   127 |    2138 |    3514     252    3514 |     504     252     504 |    0.1    5.0    0.4
485  |   128 |    2134 |    3020     252    3020 |     504     252     504 |    0.1    3.9    0.4
486  |   128 |    1397 |    3524     254    3524 |     508     254     508 |    0.1    4.8    0.4
487  |   128 |    2116 |    3001     251    3001 |     504     251     504 |    0.1    3.9    0.4
488  |   128 |    2150 |    3023     252    3023 |     504     252     504 |    0.1    3.9    0.4
489  |   128 |    2150 |    3521     253    3521 |     505     253     505 |    0.1    5.1    0.4
490  |   128 |    2155 |    3536     254    3536 |     507     254     507 |    0.1    5.2    0.4
491  |   128 |    1908 |    3525     253    3525 |     506     253     506 |    0.1    5.2    0.4
492  |   128 |    1778 |    3509     255    3509 |     510     255     510 |    0.1    4.3    0.4
493  |   128 |    2151 |    3503     254    3503 |     508     254     508 |    0.1    5.0    0.4
494  |   127 |    2117 |    3469     252    3469 |     505     252     505 |    0.1    4.7    0.4
495  |   128 |    2146 |    3512     252    3512 |     505     252     505 |    0.1    5.0    0.4
496  |   128 |    1744 |    3004     252    3004 |     505     252     505 |    0.1    4.0    0.4
497  |   128 |    2166 |    3531     254    3531 |     508     254     508 |    0.1    5.2    0.5
498  |   128 |    1749 |    3016     252    3016 |     504     252     504 |    0.1    3.9    0.4
499  |   128 |    2166 |    3538     253    3538 |     507     253     507 |    0.1    5.5    0.5
500  |   128 |    2160 |    3519     254    3519 |     508     254     508 |    0.1    5.0    0.4
501  |   128 |    2167 |    3533     254    3533 |     509     254     509 |    0.1    5.3    0.4
502  |   127 |    2148 |    3516     252    3516 |     504     252     504 |    0.1    5.4    0.4
503  |   128 |    2141 |    3519     253    3519 |     505     253     505 |    0.1    5.3    0.4
504  |   128 |    1647 |    3518     254    3518 |     508     254     508 |    0.1    4.0    0.4
505  |   128 |    2121 |    3504     251    3504 |     503     251     503 |    0.1    4.3    0.4
506  |   128 |    2153 |    3530     253    3530 |     506     253     506 |    0.1    5.4    0.5
507  |   126 |    2125 |    3011     251    3011 |     503     251     503 |    0.1    4.2    0.4
508  |   128 |    2144 |    3523     253    3523 |     505     253     505 |    0.1    5.3    0.5
509  |   128 |    2134 |    3515     252    3515 |     506     252     506 |    0.1    5.0    0.5
510  |   128 |    2163 |    3032     253    3032 |     506     253     506 |    0.1    4.0    0.4
511  |   128 |    2169 |    3535     254    3535 |     508     254     508 |    0.1    5.7    0.5
512  |   128 |    1506 |    3524     253    3524 |     506     253     506 |    0.1    5.2    0.4
513  |   128 |    2147 |    3517     253    3517 |     505     253     505 |    0.1    5.2    0.5
514  |   128 |    2151 |    3513     253    3513 |     507     253     507 |    0.1    4.4    0.4
515  |   126 |    2118 |    3498     251    3498 |     502     251     502 |    0.1    4.1    0.4
516  |   128 |    2139 |    3514     251    3514 |     504     251     504 |    0.1    5.5    0.5
517  |   128 |    2164 |    3530     253    3530 |     507     253     507 |    0.1    5.4    0.5
518  |   128 |    2149 |    3520     253    3520 |     506     253     506 |    0.1    5.3    0.4
519  |   128 |    2154 |    3516     252    3516 |     505     252     505 |    0.1    5.4    0.5
520  |   126 |    2127 |    3502     251    3502 |     502     251     502 |    0.1    5.1    0.4
521  |   128 |    2169 |    3533     254    3533 |     508     254     508 |    0.1    5.1    0.4
522  |   128 |    2154 |    3520     252    3520 |     504     252     504 |    0.1    5.0    0.4
523  |   128 |    2156 |    3515     254    3515 |     507     254     507 |    0.1    5.3    0.5
524  |   128 |    2160 |    3522     253    3522 |     506     253     506 |    0.1    5.2    0.5
525  |   128 |    2151 |    3518     253    3518 |     505     252     505 |    0.1    5.3    0.4
526  |   127 |    2137 |    3518     252    3518 |     505     252     505 |    0.1    5.4    0.5
527  |   128 |    2153 |    3521     253    3521 |     506     253     506 |    0.1    5.2    0.4
528  |   128 |    2119 |    3495     252    3495 |     504     252     504 |    0.1    4.0    0.4
529  |   128 |    2151 |    3517     253    3517 |     507     253     507 |    0.1    5.0    0.4
530  |   125 |    2115 |    2998     251    2998 |     501     251     501 |    0.1    4.0    0.4
531  |   128 |    2144 |    3504     252    3504 |     504     252     504 |    0.1    4.8    0.4
532  |   127 |    2147 |    3517     252    3517 |     504     252     504 |    0.1    4.9    0.4
533  |   128 |    2147 |    3520     253    3520 |     505     253     505 |    0.1    5.1    0.4
534  |   128 |    2169 |    3535     254    3535 |     508     254     508 |    0.1    5.0    0.4
535  |   128 |    2156 |    3034     254    3034 |     507     254     507 |    0.1    4.2    0.4
536  |   127 |    2136 |    3517     252    3517 |     504     252     504 |    0.1    5.2    0.4
537  |   128 |    2148 |    3503     253    3503 |     505     253     505 |    0.1    5.3    0.5
538  |   128 |    2152 |    3528     253    3528 |     506     253     506 |    0.1    5.3    0.5
539  |   128 |    2169 |    3539     254    3539 |     507     254     507 |    0.1    5.3    0.5
540  |   128 |    2152 |    3515     253    3515 |     506     253     506 |    0.1    5.0    0.4
541  |   127 |    2150 |    3522     252    3522 |     505     253     505 |    0.1    5.6    0.5
542  |   127 |    2114 |    2998     251    2998 |     504     251     504 |    0.1    3.9    0.4
543  |   128 |    2166 |    3536     253    3536 |     507     254     507 |    0.1    5.2    0.4
544  |   128 |    2151 |    3510     253    3510 |     505     253     505 |    0.1    5.2    0.4
545  |   128 |    2150 |    3524     253    3524 |     505     253     505 |    0.1    5.3    0.4
546  |   128 |    2159 |    3519     254    3519 |     509     254     509 |    0.1    5.4    0.4
547  |   128 |    2158 |    3524     253    3524 |     506     253     506 |    0.1    5.3    0.5
548  |   127 |    2145 |    3517     252    3517 |     504     252     504 |    0.1    5.4    0.4
549  |   127 |    2123 |    3474     252    3474 |     507     252     507 |    0.1    4.9    0.4
550  |   128 |    2162 |    3516     254    3516 |     508     254     508 |    0.1    5.0    0.4
551  |   128 |    2151 |    3511     252    3511 |     504     252     504 |    0.1    5.0    0.4
552  |   128 |    2148 |    3506     253    3506 |     506     253     506 |    0.1    4.9    0.4
553  |   128 |    2153 |    3511     254    3511 |     507     254     507 |    0.1    5.0    0.4
554  |   128 |    2148 |    3522     252    3522 |     506     252     506 |    0.1    5.0    0.4
555  |   128 |    1765 |    3530     253    3530 |     506     253     506 |    0.1    5.3    0.5
556  |   128 |    2161 |    3530     254    3530 |     507     254     507 |    0.1    5.0    0.4
557  |   128 |    2143 |    3512     252    3512 |     504     252     504 |    0.1    5.0    0.4
558  |   128 |    1383 |    3523     253    3523 |     506     253     506 |    0.1    5.2    0.4
559  |   128 |    2165 |    3537     253    3537 |     507     253     507 |    0.1    5.2    0.4
560  |   128 |    2149 |    3508     252    3508 |     505     252     505 |    0.1    5.2    0.5
561  |   127 |    1484 |    3001     252    3001 |     504     252     504 |    0.1    3.9    0.4
562  |   126 |    2116 |    3000     251    3000 |     502     251     502 |    0.1    3.8    0.4
563  |   128 |    2135 |    3514     252    3514 |     504     252     504 |    0.1    5.2    0.4
564  |   128 |    1505 |    3523     252    3523 |     505     252     505 |    0.1    3.9    0.4
565  |   128 |    2158 |    3527     253    3527 |     506     253     506 |    0.1    5.5    0.5
566  |   128 |    2161 |    3532     253    3532 |     507     253     507 |    0.1    5.1    0.4
567  |   128 |    2153 |    3515     253    3515 |     505     253     505 |    0.1    5.3    0.4
568  |   128 |    2157 |    3531     253    3531 |     506     253     506 |    0.1    5.5    0.5
569  |   127 |    1612 |    3003     252    3003 |     503     252     503 |    0.1    4.0    0.4
570  |   128 |    2152 |    3512     252    3512 |     507     253     507 |    0.1    5.2    0.4
571  |   127 |    1880 |    3495     252    3495 |     504     252     504 |    0.1    4.0    0.4
572  |   128 |    2150 |    3501     253    3501 |     506     253     506 |    0.1    5.2    0.4
573  |   128 |    1397 |    3510     253    3510 |     508     254     508 |    0.1    4.0    0.4
574  |   128 |    2140 |    3513     253    3513 |     506     253     506 |    0.1    4.1    0.4
575  |   128 |    2153 |    3518     253    3518 |     506     253     506 |    0.1    5.3    0.5
576  |   128 |    2165 |    3540     254    3540 |     507     254     507 |    0.1    5.0    0.5
577  |   127 |    2125 |    3007     252    3007 |     505     252     505 |    0.1    4.0    0.4
578  |   128 |    2099 |    2985     252    2985 |     505     252     505 |    0.1    4.0    0.4
579  |   128 |    2161 |    3534     253    3534 |     507     254     507 |    0.1    5.4    0.5
580  |   128 |    2144 |    3520     253    3520 |     506     253     506 |    0.1    4.9    0.4
581  |   126 |    1618 |    3482     252    3482 |     505     252     505 |    0.1    4.0    0.4
582  |   128 |    2156 |    3529     253    3529 |     506     253     506 |    0.1    4.9    0.4
583  |   128 |    2151 |    3521     253    3521 |     506     253     506 |    0.1    5.3    0.5
584  |   127 |    2148 |    3517     252    3517 |     505     252     505 |    0.1    5.3    0.4
585  |   127 |    2129 |    3493     251    3493 |     503     251     503 |    0.1    5.3    0.4
586  |   128 |    2158 |    3527     253    3527 |     505     253     505 |    0.1    5.1    0.4
587  |   128 |    2131 |    3017     252    3017 |     505     252     505 |    0.1    4.0    0.4
588  |   128 |    2162 |    3524     253    3524 |     508     254     508 |    0.1    5.2    0.5
589  |   128 |    2167 |    3534     254    3534 |     508     254     508 |    0.1    5.3    0.4
590  |   128 |    1391 |    3524     254    3524 |     507     254     507 |    0.1    5.1    0.4
591  |   128 |    2149 |    3503     252    3503 |     505     252     505 |    0.1    5.1    0.4
592  |   126 |    2111 |    3466     251    3466 |     503     251     503 |    0.1    4.9    0.4
593  |   128 |    1361 |    2993     252    2993 |     505     252     505 |    0.1    3.8    0.4
594  |   128 |    1506 |    3526     253    3526 |     506     253     506 |    0.1    5.4    0.5
595  |   128 |    2151 |    3515     252    3515 |     504     252     504 |    0.1    5.1    0.5
596  |   128 |    2151 |    3526     253    3526 |     506     253     506 |    0.1    5.1    0.4
597  |   128 |    1497 |    3009     252    3009 |     505     252     505 |    0.1    4.1    0.4
598  |   128 |    2154 |    3508     253    3508 |     505     253     505 |    0.1    5.0    0.4
599  |   128 |    2160 |    3522     253    3522 |     506     253     506 |    0.1    5.1    0.4
600  |   128 |    2136 |    3518     252    3518 |     504     252     504 |    0.1    5.2    0.4
601  |   128 |    1496 |    3520     252    3520 |     505     252     505 |    0.1    5.0    0.4
602  |   128 |    2152 |    3517     252    3517 |     504     252     504 |    0.1    5.3    0.4
603  |   128 |    2163 |    3537     253    3537 |     507     253     507 |    0.1    5.3    0.5
604  |   128 |    2162 |    3534     253    3534 |     506     253     506 |    0.1    5.1    0.5
605  |   128 |    2158 |    3529     254    3529 |     507     254     507 |    0.1    5.1    0.5
606  |   128 |    2154 |    3502     253    3502 |     506     253     506 |    0.1    5.2    0.4
607  |   128 |    2164 |    3535     254    3535 |     508     254     508 |    0.1    5.2    0.4
608  |   127 |    2130 |    3504     251    3504 |     503     251     503 |    0.1    5.0    0.4
609  |   128 |    2157 |    3529     253    3529 |     507     253     507 |    0.1    5.3    0.5
610  |   128 |    1780 |    3534     254    3534 |     507     254     507 |    0.1    4.2    0.4
611  |   128 |    2155 |    3530     253    3530 |     506     253     506 |    0.1    5.5    0.4
612  |   127 |    2127 |    3478     251    3478 |     504     251     504 |    0.1    5.2    0.4
613  |   128 |    2160 |    3530     253    3530 |     507     253     507 |    0.1    5.3    0.4
614  |   128 |    2151 |    3516     253    3516 |     505     253     505 |    0.1    5.1    0.4
615  |   128 |    2150 |    3528     253    3528 |     506     253     506 |    0.1    5.3    0.5
616  |   126 |    2128 |    3495     253    3495 |     508     253     508 |    0.1    4.9    0.4
617  |   128 |    1645 |    3530     253    3530 |     507     253     507 |    0.1    4.0    0.4
618  |   127 |    2137 |    3511     252    3511 |     504     252     504 |    0.1    5.4    0.5
619  |   128 |    2156 |    3525     253    3525 |     505     253     505 |    0.1    5.2    0.4
620  |   127 |    1759 |    3503     253    3503 |     506     253     506 |    0.1    4.2    0.4
621  |   128 |    2152 |    3521     252    3521 |     505     252     505 |    0.1    4.4    0.4
622  |   127 |    2130 |    3492     251    3492 |     503     251     503 |    0.1    5.2    0.4
623  |   128 |    2155 |    3525     253    3525 |     506     253     506 |    0.1    5.3    0.5
624  |   128 |    2152 |    3525     252    3525 |     505     252     505 |    0.1    5.3    0.4
625  |   127 |    2131 |    3016     252    3016 |     503     252     503 |    0.1    4.2    0.4
626  |   128 |    2155 |    3515     253    3515 |     506     253     506 |    0.1    5.1    0.5
627  |   128 |    2144 |    3512     252    3512 |     504     252     504 |    0.1    5.3    0.5
628  |   128 |    2156 |    3520     253    3520 |     506     253     506 |    0.1    5.2    0.4
629  |   128 |    2150 |    3526     252    3526 |     505     253     505 |    0.1    5.1    0.4
630  |   128 |    2150 |    3521     253    3521 |     506     253     506 |    0.1    5.3    0.4
631  |   128 |    2162 |    3518     254    3518 |     510     254     510 |    0.1    5.2    0.5
632  |   128 |    2152 |    3517     253    3517 |     506     253     506 |    0.1    5.1    0.4
633  |   128 |    2143 |    3520     253    3520 |     507     253     507 |    0.1    5.1    0.4
634  |   128 |    2167 |    3536     254    3536 |     508     254     508 |    0.1    5.1    0.4
635  |   128 |    2160 |    3516     254    3516 |     508     254     508 |    0.1    5.4    0.5
636  |   128 |    2161 |    3527     253    3527 |     506     253     506 |    0.1    5.0    0.4
637  |   128 |    2157 |    3516     253    3516 |     506     253     506 |    0.1    5.2    0.4
638  |   128 |    1505 |    3522     253    3522 |     506     253     506 |    0.1    4.1    0.4
639  |   127 |    2141 |    3504     252    3504 |     506     252     506 |    0.1    5.1    0.4
640  |   126 |    2111 |    2994     251    2994 |     501     251     501 |    0.1    3.9    0.4
641  |   128 |    2136 |    3476     254    3476 |     508     254     508 |    0.1    5.0    0.4
642  |   128 |    2165 |    3531     254    3531 |     507     254     507 |    0.1    5.2    0.4
643  |   128 |    1784 |    3484     256    3484 |     512     256     512 |    0.1    4.2    0.4
644  |   128 |    2159 |    3526     252    3526 |     506     253     506 |    0.1    5.4    0.5
645  |   128 |    2162 |    3515     255    3515 |     509     255     509 |    0.1    5.3    0.5
646  |   128 |    2164 |    3531     254    3531 |     507     254     507 |    0.1    5.1    0.4
647  |   127 |    1880 |    3515     252    3515 |     506     253     506 |    0.1    4.0    0.4
648  |   128 |    2133 |    3482     252    3482 |     505     252     505 |    0.1    4.8    0.4
649  |   128 |    2157 |    3532     253    3532 |     507     253     507 |    0.1    5.3    0.4
650  |   128 |    2136 |    3487     253    3487 |     507     253     507 |    0.1    4.8    0.4
651  |   128 |    2165 |    3536     253    3536 |     507     253     507 |    0.1    5.3    0.5
652  |   128 |    2158 |    3533     253    3533 |     506     253     506 |    0.1    5.4    0.5
653  |   127 |    1637 |    3498     254    3498 |     507     253     507 |    0.1    4.1    0.4
654  |   128 |    1500 |    3019     253    3019 |     506     253     506 |    0.1    4.2    0.4
655  |   128 |    2103 |    2987     251    2987 |     504     251     504 |    0.1    4.0    0.4
656  |   128 |    2157 |    3525     253    3525 |     507     253     507 |    0.1    5.3    0.4
657  |   128 |    2162 |    3521     253    3521 |     507     254     507 |    0.1    5.2    0.4
658  |   127 |    2119 |    3481     251    3481 |     503     251     503 |    0.1    5.1    0.4
659  |   128 |    1741 |    3004     252    3004 |     505     252     505 |    0.1    4.1    0.4
660  |   128 |    2156 |    3521     253    3521 |     507     253     507 |    0.1    5.2    0.4
661  |   128 |    2168 |    3533     254    3533 |     508     254     508 |    0.1    5.0    0.4
662  |   128 |    2154 |    3527     253    3527 |     507     253     507 |    0.1    5.2    0.4
663  |   128 |    1640 |    3513     252    3513 |     504     252     504 |    0.1    4.2    0.4
664  |   128 |    2153 |    3521     253    3521 |     506     253     506 |    0.1    5.3    0.5
665  |   128 |    2154 |    3524     253    3524 |     506     253     506 |    0.1    5.3    0.5
666  |   128 |    2156 |    3530     253    3530 |     506     253     506 |    0.1    5.2    0.4
667  |   128 |    1379 |    3500     253    3500 |     507     253     507 |    0.1    4.1    0.4
668  |   128 |    2157 |    3528     253    3528 |     508     253     508 |    0.1    5.3    0.5
669  |   125 |    2105 |    2985     251    2985 |     501     251     501 |    0.1    3.9    0.4
670  |   128 |    2147 |    3516     252    3516 |     506     253     506 |    0.1    4.9    0.4
671  |   128 |    2161 |    3530     253    3530 |     507     253     507 |    0.1    5.3    0.5
672  |   128 |    2166 |    3529     254    3529 |     508     254     508 |    0.1    5.3    0.4
673  |   128 |    2134 |    3510     252    3510 |     505     253     505 |    0.1    4.9    0.4
674  |   128 |    2148 |    3511     252    3511 |     504     252     504 |    0.1    5.4    0.5
675  |   127 |    2146 |    3517     252    3517 |     505     252     505 |    0.1    4.8    0.4
676  |   128 |    2142 |    3518     252    3518 |     505     252     505 |    0.1    5.2    0.5
677  |   128 |    1597 |    2977     251    2977 |     504     252     504 |    0.1    4.0    0.4
678  |   128 |    2152 |    3511     253    3511 |     506     253     506 |    0.1    5.3    0.4
679  |   128 |    2163 |    3529     254    3529 |     508     254     508 |    0.1    5.6    0.5
680  |   128 |    1491 |    3526     253    3526 |     506     253     506 |    0.1    5.2    0.5
681  |   128 |    2135 |    3517     252    3517 |     505     252     505 |    0.1    5.2    0.4
682  |   127 |    1895 |    3504     253    3504 |     507     253     507 |    0.1    3.9    0.4
683  |   128 |    2145 |    3518     253    3518 |     506     253     506 |    0.1    4.8    0.5
684  |   128 |    2163 |    3531     254    3531 |     507     254     507 |    0.1    5.3    0.5
685  |   127 |    2146 |    3517     252    3517 |     504     252     504 |    0.1    5.3    0.5
686  |   127 |    2142 |    3506     252    3506 |     504     252     504 |    0.1    5.3    0.4
687  |   128 |    2151 |    3512     253    3512 |     507     253     507 |    0.1    5.3    0.4
688  |   128 |    2138 |    3515     252    3515 |     505     252     505 |    0.1    5.1    0.4
689  |   128 |    2146 |    3507     252    3507 |     504     252     504 |    0.1    4.2    0.4
690  |   128 |    2129 |    3482     251    3482 |     504     251     504 |    0.1    5.0    0.4
691  |   127 |    2134 |    3504     251    3504 |     503     251     503 |    0.1    5.2    0.4
692  |   127 |    2092 |    2976     252    2976 |     505     252     505 |    0.1    3.9    0.4
693  |   128 |    2162 |    3525     253    3525 |     506     253     506 |    0.1    5.3    0.5
694  |   128 |    2160 |    3533     253    3533 |     506     253     506 |    0.1    5.3    0.4
695  |   128 |    2160 |    3528     254    3528 |     509     254     509 |    0.1    5.4    0.4
696  |   128 |    2165 |    3538     254    3538 |     508     254     508 |    0.1    5.2    0.4
697  |   128 |    2167 |    3534     254    3534 |     508     254     508 |    0.1    5.1    0.4
698  |   128 |    1495 |    3015     252    3015 |     504     252     504 |    0.1    4.2    0.4
699  |   127 |    2140 |    3521     252    3521 |     505     252     505 |    0.1    5.0    0.4
700  |   128 |    2158 |    3528     253    3528 |     506     253     506 |    0.1    5.2    0.5
701  |   127 |    1748 |    3504     252    3504 |     504     252     504 |    0.1    3.9    0.4
702  |   127 |    2140 |    3515     252    3515 |     505     252     505 |    0.1    5.1    0.4
703  |   127 |    2139 |    3518     252    3518 |     504     252     504 |    0.1    5.3    0.5
704  |   128 |    2161 |    3529     253    3529 |     507     253     507 |    0.1    5.2    0.5
705  |   128 |    2157 |    3521     254    3521 |     508     254     508 |    0.1    5.1    0.4
706  |   128 |    1491 |    3021     253    3021 |     506     253     506 |    0.1    4.0    0.4
707  |   128 |    2140 |    3525     252    3525 |     505     253     505 |    0.1    5.1    0.4
708  |   127 |    2119 |    3467     251    3467 |     503     251     503 |    0.1    5.2    0.5
709  |   127 |    2148 |    3520     253    3520 |     506     253     506 |    0.1    5.2    0.4
710  |   126 |    2132 |    3501     251    3501 |     503     251     503 |    0.1    5.3    0.5
711  |   125 |    2108 |    2990     251    2990 |     501     251     501 |    0.1    4.0    0.4
712  |   128 |    2160 |    3525     254    3525 |     509     254     509 |    0.1    4.0    0.4
713  |   128 |    2163 |    3534     253    3534 |     507     253     507 |    0.1    5.3    0.4
714  |   128 |    2155 |    3525     252    3525 |     505     253     505 |    0.1    5.2    0.5
715  |   128 |    1369 |    3003     252    3003 |     504     252     504 |    0.1    4.0    0.4
716  |   128 |    2156 |    3527     253    3527 |     506     253     506 |    0.1    5.3    0.4
717  |   128 |    2155 |    3518     253    3518 |     507     253     507 |    0.1    5.2    0.5
718  |   128 |    2163 |    3536     254    3536 |     507     254     507 |    0.1    5.5    0.5
719  |   127 |    2150 |    3525     253    3525 |     506     253     506 |    0.1    5.2    0.5
720  |   128 |    2146 |    3521     252    3521 |     505     252     505 |    0.1    5.1    0.4
721  |   128 |    1485 |    2986     252    2986 |     505     252     505 |    0.1    3.9    0.4
722  |   128 |    2163 |    3514     255    3514 |     509     255     509 |    0.1    5.2    0.4
723  |   128 |    2159 |    3525     253    3525 |     506     253     506 |    0.1    5.2    0.4
724  |   128 |    2160 |    3536     253    3536 |     507     253     507 |    0.1    5.5    0.5
725  |   128 |    2158 |    3032     253    3032 |     507     253     507 |    0.1    3.9    0.4
726  |   128 |    2120 |    3011     253    3011 |     506     253     506 |    0.1    3.8    0.4
727  |   128 |    2156 |    3525     253    3525 |     507     253     507 |    0.1    5.4    0.5
728  |   127 |    2149 |    3519     253    3519 |     505     253     505 |    0.1    5.0    0.4
729  |   128 |    2147 |    3502     252    3502 |     505     252     505 |    0.1    5.7    0.4
730  |   128 |    2166 |    3535     254    3535 |     508     254     508 |    0.2    5.4    0.5
731  |   127 |    2140 |    3509     252    3509 |     505     252     505 |    0.1    5.1    0.5
732  |   128 |    1374 |    3021     252    3021 |     504     252     504 |    0.1    4.2    0.4
733  |   127 |    2149 |    3512     253    3512 |     506     253     506 |    0.1    5.3    0.5
734  |   128 |    2150 |    3514     254    3514 |     507     254     507 |    0.1    5.4    0.5
735  |   128 |    2164 |    3524     254    3524 |     509     254     509 |    0.1    5.3    0.4
736  |   128 |    2155 |    3522     253    3522 |     507     253     507 |    0.1    5.3    0.5
737  |   127 |    1601 |    2982     251    2982 |     503     251     503 |    0.1    4.0    0.4
738  |   127 |    2151 |    3524     252    3524 |     505     252     505 |    0.1    5.4    0.5
739  |   128 |    2164 |    3525     254    3525 |     508     254     508 |    0.1    4.9    0.4
740  |   128 |    2156 |    3529     253    3529 |     507     253     507 |    0.1    5.5    0.5
741  |   127 |    2133 |    3018     252    3018 |     504     252     504 |    0.1    4.0    0.4
742  |   127 |    2084 |    2973     251    2973 |     503     251     503 |    0.1    4.1    0.4
743  |   127 |    2142 |    3513     252    3513 |     504     252     504 |    0.1    5.3    0.5
744  |   128 |    2165 |    3532     253    3532 |     506     253     506 |    0.1    5.4    0.5
745  |   128 |    2146 |    3517     252    3517 |     504     252     504 |    0.1    5.3    0.4
746  |   128 |    2131 |    3476     252    3476 |     505     252     505 |    0.1    4.1    0.4
747  |   128 |    2150 |    3533     253    3533 |     506     253     506 |    0.1    5.3    0.4
748  |   127 |    2130 |    3496     252    3496 |     505     252     505 |    0.1    5.2    0.4
749  |   127 |    2139 |    3515     252    3515 |     504     252     504 |    0.1    5.0    0.5
750  |   128 |    1493 |    3517     252    3517 |     504     252     504 |    0.1    5.3    0.4
751  |   126 |    1354 |    2977     251    2977 |     501     251     501 |    0.1    3.8    0.4
752  |   128 |    2148 |    3523     253    3523 |     506     253     506 |    0.1    5.2    0.4
753  |   128 |    2156 |    3525     254    3525 |     509     254     509 |    0.1    5.4    0.4
754  |   127 |    1614 |    3009     252    3009 |     504     252     504 |    0.1    3.8    0.4
755  |   126 |    2115 |    2994     251    2994 |     501     251     501 |    0.1    4.0    0.4
756  |   128 |    2155 |    3525     252    3525 |     505     252     505 |    0.1    5.2    0.5
757  |   128 |    2160 |    3534     254    3534 |     507     253     507 |    0.1    5.0    0.4
758  |   128 |    1768 |    3522     253    3522 |     506     253     506 |    0.1    4.1    0.4
759  |   128 |    2156 |    3520     254    3520 |     507     254     507 |    0.1    5.1    0.4
760  |   128 |    2160 |    3519     253    3519 |     507     253     507 |    0.1    5.3    0.4
761  |   128 |    1511 |    3514     252    3514 |     507     253     507 |    0.1    5.0    0.4
762  |   128 |    1389 |    3517     255    3517 |     509     255     509 |    0.1    5.4    0.4
763  |   125 |    2118 |    3000     251    3000 |     502     251     502 |    0.1    3.9    0.4
764  |   128 |    2167 |    3537     253    3537 |     507     253     507 |    0.1    5.3    0.5
765  |   128 |    2167 |    3530     253    3530 |     507     253     507 |    0.1    5.2    0.4
766  |   126 |    2115 |    2992     255    2992 |     510     255     510 |    0.1    3.8    0.4
767  |   127 |    2141 |    3518     252    3518 |     505     252     505 |    0.1    5.2    0.4
768  |   128 |    1605 |    2999     252    2999 |     504     252     504 |    0.1    3.9    0.4
769  |   128 |    2160 |    3529     253    3529 |     505     253     505 |    0.1    5.2    0.4
770  |   128 |    1494 |    3517     252    3517 |     505     252     505 |    0.1    4.2    0.4
771  |   128 |    2151 |    3523     253    3523 |     506     253     506 |    0.1    5.2    0.4
772  |   127 |    2137 |    3511     251    3511 |     503     252     503 |    0.1    5.2    0.4
773  |   128 |    2139 |    3518     252    3518 |     506     252     506 |    0.1    5.0    0.4
774  |   128 |    2156 |    3530     253    3530 |     506     253     506 |    0.1    5.2    0.5
775  |   128 |    2159 |    3528     253    3528 |     507     253     507 |    0.1    5.4    0.5
776  |   128 |    2155 |    3516     253    3516 |     507     253     507 |    0.1    5.0    0.4
777  |   128 |    2160 |    3530     254    3530 |     508     254     508 |    0.1    5.1    0.4
778  |   126 |    1615 |    3477     252    3477 |     504     252     504 |    0.1    4.0    0.4
779  |   128 |    2166 |    3535     253    3535 |     507     253     507 |    0.1    4.9    0.4
780  |   128 |    2171 |    3539     254    3539 |     508     254     508 |    0.1    5.1    0.4
781  |   128 |    2154 |    3517     254    3517 |     509     254     509 |    0.1    4.2    0.4
782  |   128 |    2152 |    3517     254    3517 |     507     254     507 |    0.1    4.9    0.4
783  |   127 |    1746 |    3009     252    3009 |     504     252     504 |    0.1    3.9    0.4
784  |   128 |    1527 |    3500     254    3500 |     509     254     509 |    0.1    4.0    0.4
785  |   128 |    1886 |    3510     252    3510 |     504     252     504 |    0.1    4.2    0.4
786  |   127 |    2111 |    2997     251    2997 |     503     251     503 |    0.1    3.9    0.4
787  |   127 |    1761 |    3510     252    3510 |     505     252     505 |    0.1    4.0    0.4
788  |   128 |    2139 |    3489     252    3489 |     505     252     505 |    0.1    5.2    0.4
789  |   128 |    2149 |    3521     254    3521 |     508     254     508 |    0.1    5.2    0.4
790  |   127 |    2138 |    3499     252    3499 |     504     252     504 |    0.1    5.0    0.5
791  |   128 |    2154 |    3531     253    3531 |     506     253     506 |    0.1    5.3    0.5
792  |   128 |    2165 |    3528     253    3528 |     506     253     506 |    0.1    5.1    0.4
793  |   128 |    2156 |    3524     252    3524 |     505     252     505 |    0.1    5.1    0.4
794  |   128 |    2162 |    3523     253    3523 |     508     253     508 |    0.1    5.1    0.4
795  |   126 |    2112 |    2997     251    2997 |     502     251     502 |    0.1    3.9    0.4
796  |   128 |    2147 |    3519     253    3519 |     507     253     507 |    0.1    5.5    0.4
797  |   128 |    2159 |    3529     253    3529 |     507     253     507 |    0.1    5.3    0.5
798  |   128 |    2153 |    3520     252    3520 |     505     253     505 |    0.1    5.3    0.4
799  |   128 |    2161 |    3531     254    3531 |     508     254     508 |    0.1    5.1    0.5
800  |   128 |    2133 |    3023     252    3023 |     505     252     505 |    0.1    4.1    0.4
801  |   128 |    2168 |    3538     254    3538 |     508     254     508 |    0.1    5.2    0.5
802  |   128 |    2152 |    3519     252    3519 |     505     253     505 |    0.1    5.4    0.5
803  |   128 |    2151 |    3515     253    3515 |     506     253     506 |    0.1    5.0    0.4
804  |   128 |    2145 |    3505     252    3505 |     505     252     505 |    0.1    4.9    0.4
805  |   128 |    1376 |    3013     252    3013 |     505     252     505 |    0.1    4.2    0.4
806  |   128 |    2154 |    3520     252    3520 |     505     253     505 |    0.1    5.1    0.4
807  |   128 |    2162 |    3533     253    3533 |     507     253     507 |    0.1    5.2    0.4
808  |   128 |    2141 |    3519     253    3519 |     507     253     507 |    0.1    5.1    0.4
809  |   128 |    1496 |    3001     252    3001 |     504     252     504 |    0.1    4.0    0.4
810  |   128 |    2153 |    3513     252    3513 |     506     252     506 |    0.1    5.2    0.4
811  |   128 |    2145 |    3516     252    3516 |     506     252     506 |    0.1    5.2    0.4
812  |   128 |    2160 |    3532     253    3532 |     507     253     507 |    0.1    5.3    0.4
813  |   126 |    2118 |    3484     251    3484 |     502     251     502 |    0.1    4.9    0.4
814  |   128 |    2140 |    3496     252    3496 |     505     252     505 |    0.1    5.1    0.4
815  |   127 |    2141 |    3513     252    3513 |     504     252     504 |    0.1    5.1    0.4
816  |   126 |    2095 |    2980     251    2980 |     502     251     502 |    0.1    4.0    0.4
817  |   127 |    2098 |    3443     251    3443 |     503     251     503 |    0.1    4.7    0.4
818  |   128 |    2164 |    3531     254    3531 |     508     254     508 |    0.1    5.3    0.4
819  |   128 |    2149 |    3527     253    3527 |     505     253     505 |    0.1    5.1    0.4
820  |   128 |    2138 |    3508     251    3508 |     503     251     503 |    0.1    5.4    0.5
821  |   126 |    2120 |    3004     251    3004 |     503     251     503 |    0.1    3.8    0.4
822  |   128 |    2155 |    3524     253    3524 |     506     253     506 |    0.1    5.2    0.4
823  |   127 |    2115 |    2999     251    2999 |     504     251     504 |    0.1    4.0    0.4
824  |   128 |    2164 |    3530     253    3530 |     507     253     507 |    0.1    5.2    0.5
825  |   127 |    2127 |    3494     251    3494 |     503     251     503 |    0.1    5.2    0.4
826  |   128 |    2157 |    3524     253    3524 |     506     253     506 |    0.1    5.3    0.5
827  |   127 |    2139 |    3516     252    3516 |     504     252     504 |    0.1    5.3    0.5
828  |   127 |    1621 |    3013     252    3013 |     504     252     504 |    0.1    4.0    0.4
829  |   128 |    1917 |    3485     256    3485 |     512     256     512 |    0.1    4.3    0.4
830  |   128 |    2168 |    3536     254    3536 |     508     254     508 |    0.1    5.0    0.4
831  |   126 |    2111 |    2989     251    2989 |     502     251     502 |    0.1    3.9    0.4
832  |   128 |    2162 |    3531     253    3531 |     507     253     507 |    0.1    5.2    0.5
833  |   128 |    2152 |    3516     253    3516 |     505     253     505 |    0.1    5.3    0.4
834  |   128 |    2161 |    3518     253    3518 |     507     253     507 |    0.1    5.0    0.4
835  |   126 |    2120 |    3004     251    3004 |     502     251     502 |    0.1    4.2    0.4
836  |   128 |    2146 |    3480     255    3480 |     511     255     511 |    0.1    5.1    0.5
837  |   128 |    1509 |    3525     253    3525 |     506     253     506 |    0.1    5.5    0.5
838  |   128 |    2136 |    3519     252    3519 |     504     252     504 |    0.1    5.0    0.4
839  |   128 |    2150 |    3511     252    3511 |     504     252     504 |    0.1    5.3    0.4
840  |   128 |    1391 |    3535     254    3535 |     508     254     508 |    0.1    5.4    0.5
841  |   128 |    2162 |    3520     253    3520 |     506     253     506 |    0.1    5.2    0.4
842  |   126 |    1353 |    2989     251    2989 |     502     251     502 |    0.1    3.8    0.4
843  |   128 |    2163 |    3529     254    3529 |     507     254     507 |    0.1    5.2    0.5
844  |   128 |    1374 |    3016     252    3016 |     504     252     504 |    0.1    3.9    0.4
845  |   127 |    2151 |    3522     253    3522 |     506     253     506 |    0.1    5.2    0.5
846  |   128 |    2165 |    3520     255    3520 |     509     255     509 |    0.1    5.0    0.4
847  |   127 |    2147 |    3508     253    3508 |     505     253     505 |    0.1    5.1    0.4
848  |   127 |    2144 |    3516     252    3516 |     505     252     505 |    0.1    5.1    0.4
849  |   128 |    1630 |    3025     252    3025 |     505     253     505 |    0.1    3.9    0.4
850  |   128 |    1654 |    3533     253    3533 |     507     253     507 |    0.1    5.5    0.5
851  |   127 |    2124 |    3495     251    3495 |     503     251     503 |    0.1    5.5    0.5
852  |   128 |    1507 |    3530     253    3530 |     506     253     506 |    0.1    5.1    0.4
853  |   125 |    2101 |    2982     251    2982 |     501     251     501 |    0.1    4.0    0.4
854  |   128 |    2169 |    3520     256    3520 |     511     256     511 |    0.1    5.2    0.5
855  |   128 |    2161 |    3526     253    3526 |     506     253     506 |    0.1    5.3    0.5
856  |   128 |    1380 |    3519     252    3519 |     505     252     505 |    0.1    5.2    0.4
857  |   128 |    2156 |    3029     253    3029 |     507     254     507 |    0.1    4.3    0.4
858  |   128 |    1715 |    2979     252    2979 |     505     252     505 |    0.1    3.9    0.4
859  |   128 |    2152 |    3525     253    3525 |     506     253     506 |    0.1    4.0    0.4
860  |   128 |    1777 |    3533     253    3533 |     507     253     507 |    0.1    4.2    0.4
861  |   128 |    2150 |    3515     253    3515 |     507     253     507 |    0.1    5.0    0.4
862  |   127 |    2132 |    3495     252    3495 |     505     252     505 |    0.1    5.0    0.4
863  |   127 |    2152 |    3511     253    3511 |     506     253     506 |    0.1    5.6    0.5
864  |   128 |    2166 |    3515     255    3515 |     510     255     510 |    0.1    5.3    0.4
865  |   127 |    2142 |    3518     252    3518 |     505     252     505 |    0.1    5.6    0.5
866  |   128 |    2158 |    3522     253    3522 |     506     253     506 |    0.1    4.9    0.4
867  |   127 |    2146 |    3509     253    3509 |     506     253     506 |    0.1    5.0    0.5
868  |   127 |    2128 |    3499     252    3499 |     506     252     506 |    0.1    5.3    0.5
869  |   128 |    2153 |    3496     253    3496 |     510     253     510 |    0.1    5.0    0.4
870  |   128 |    1391 |    3519     253    3519 |     507     253     507 |    0.1    4.2    0.4
871  |   128 |    2164 |    3531     253    3531 |     506     253     506 |    0.1    5.2    0.5
872  |   127 |    1605 |    2985     251    2985 |     503     251     503 |    0.1    3.8    0.4
873  |   128 |    2162 |    3529     254    3529 |     507     254     507 |    0.1    5.0    0.5
874  |   127 |    2142 |    3514     252    3514 |     504     252     504 |    0.1    5.1    0.4
875  |   128 |    2151 |    3513     253    3513 |     506     253     506 |    0.1    5.2    0.4
876  |   128 |    2159 |    3522     253    3522 |     506     253     506 |    0.1    5.5    0.5
877  |   128 |    2137 |    3499     251    3499 |     503     251     503 |    0.1    5.3    0.4
878  |   127 |    2139 |    3505     252    3505 |     504     252     504 |    0.1    5.0    0.4
879  |   128 |    2150 |    3517     252    3517 |     504     252     504 |    0.1    5.1    0.5
880  |   127 |    2119 |    3008     252    3008 |     504     252     504 |    0.1    4.0    0.4
881  |   128 |    2156 |    3521     253    3521 |     507     253     507 |    0.1    5.1    0.4
882  |   127 |    2133 |    3503     254    3503 |     509     254     509 |    0.1    5.1    0.5
883  |   128 |    2154 |    3520     253    3520 |     506     253     506 |    0.1    5.3    0.5
884  |   128 |    1754 |    3500     253    3500 |     507     253     507 |    0.1    3.9    0.4
885  |   127 |    2142 |    3024     252    3024 |     505     252     505 |    0.1    4.0    0.4
886  |   128 |    2160 |    3532     253    3532 |     507     253     507 |    0.1    5.3    0.4
887  |   128 |    2149 |    3519     252    3519 |     504     252     504 |    0.1    5.1    0.5
888  |   128 |    2161 |    3531     253    3531 |     508     253     508 |    0.1    5.2    0.5
889  |   128 |    2162 |    3532     253    3532 |     507     253     507 |    0.1    5.4    0.5
890  |   128 |    2144 |    3524     253    3524 |     505     253     505 |    0.1    5.3    0.4
891  |   128 |    1363 |    3000     252    3000 |     504     252     504 |    0.1    3.9    0.4
892  |   127 |    2142 |    3519     252    3519 |     505     252     505 |    0.1    5.5    0.5
893  |   128 |    2151 |    3518     252    3518 |     507     253     507 |    0.1    5.0    0.4
894  |   128 |    2158 |    3524     254    3524 |     508     254     508 |    0.1    5.3    0.4
895  |   128 |    2160 |    3524     253    3524 |     505     253     505 |    0.1    5.1    0.4
896  |   128 |    2146 |    3521     253    3521 |     505     253     505 |    0.1    5.1    0.4
897  |   127 |    1633 |    3507     252    3507 |     505     252     505 |    0.1    4.2    0.4
898  |   128 |    2162 |    3531     254    3531 |     507     254     507 |    0.1    5.2    0.5
899  |   128 |    2152 |    3518     252    3518 |     505     252     505 |    0.1    5.3    0.4
900  |   128 |    1641 |    3527     253    3527 |     506     253     506 |    0.1    5.1    0.4
901  |   128 |    2159 |    3528     253    3528 |     506     253     506 |    0.1    5.4    0.5
902  |   128 |    2149 |    3520     252    3520 |     506     252     506 |    0.1    5.3    0.5
903  |   128 |    2155 |    3027     253    3027 |     506     253     506 |    0.1    4.1    0.4
904  |   128 |    2140 |    3522     253    3522 |     505     253     505 |    0.1    5.1    0.4
905  |   127 |    2141 |    3508     251    3508 |     503     251     503 |    0.1    5.1    0.4
906  |   126 |    1482 |    3005     251    3005 |     502     251     502 |    0.1    3.9    0.4
907  |   128 |    2157 |    3519     253    3519 |     505     253     505 |    0.1    4.8    0.4
908  |   128 |    2157 |    3521     254    3521 |     507     254     507 |    0.1    5.1    0.4
909  |   128 |    1389 |    3533     254    3533 |     508     254     508 |    0.1    5.2    0.5
910  |   128 |    2145 |    3522     252    3522 |     505     252     505 |    0.1    5.2    0.4
911  |   128 |    2166 |    3516     255    3516 |     509     255     509 |    0.1    5.0    0.4
912  |   128 |    2151 |    3512     252    3512 |     505     252     505 |    0.1    5.3    0.4
913  |   127 |    2139 |    3018     252    3018 |     503     252     503 |    0.1    4.1    0.4
914  |   128 |    2153 |    3510     253    3510 |     506     253     506 |    0.1    5.3    0.4
915  |   127 |    2148 |    3517     253    3517 |     506     253     506 |    0.1    5.2    0.4
916  |   128 |    1503 |    3520     255    3520 |     509     255     509 |    0.1    5.1    0.4
917  |   128 |    2167 |    3532     254    3532 |     508     254     508 |    0.1    5.5    0.5
918  |   127 |    2146 |    3522     252    3522 |     505     252     505 |    0.1    5.0    0.4
919  |   128 |    2158 |    3515     254    3515 |     508     254     508 |    0.1    5.1    0.4
920  |   128 |    1655 |    3535     253    3535 |     507     253     507 |    0.1    5.4    0.5
921  |   128 |    2158 |    3524     253    3524 |     507     253     507 |    0.1    5.0    0.5
922  |   127 |    2137 |    3509     252    3509 |     504     252     504 |    0.1    5.2    0.5
923  |   128 |    2119 |    3452     252    3452 |     505     252     505 |    0.1    5.2    0.5
924  |   126 |    2130 |    3014     252    3014 |     503     252     503 |    0.1    3.9    0.4
925  |   128 |    2160 |    3521     253    3521 |     507     253     507 |    0.1    5.0    0.4
926  |   128 |    2164 |    3527     253    3527 |     507     253     507 |    0.1    5.0    0.4
927  |   122 |    2058 |    2932     252    2932 |     503     252     503 |    0.1    3.7    0.4
928  |   127 |    2144 |    3513     253    3513 |     506     253     506 |    0.1    5.2    0.5
929  |   127 |    2147 |    3515     253    3515 |     506     253     506 |    0.1    5.4    0.5
930  |   128 |    2161 |    3533     253    3533 |     506     253     506 |    0.1    5.0    0.4
931  |   128 |    2163 |    3513     255    3513 |     509     255     509 |    0.1    3.8    0.4
932  |   128 |    1385 |    3525     253    3525 |     506     253     506 |    0.1    5.4    0.5
933  |   128 |    2145 |    3524     253    3524 |     505     253     505 |    0.1    5.0    0.4
934  |   128 |    2157 |    3525     252    3525 |     505     252     505 |    0.1    5.5    0.4
935  |   128 |    2163 |    3529     254    3529 |     507     254     507 |    0.1    5.3    0.5
936  |   127 |    2141 |    3509     251    3509 |     503     251     503 |    0.1    5.4    0.5
937  |   128 |    2158 |    3529     253    3529 |     506     253     506 |    0.1    5.0    0.4
938  |   127 |    2150 |    3513     253    3513 |     506     253     506 |    0.1    5.4    0.5
939  |   128 |    2145 |    3516     253    3516 |     505     253     505 |    0.1    4.9    0.4
940  |   128 |    2163 |    3520     255    3520 |     510     255     510 |    0.1    5.0    0.4
941  |   128 |    2150 |    3532     253    3532 |     506     253     506 |    0.1    5.3    0.4
942  |   128 |    2167 |    3528     254    3528 |     508     254     508 |    0.1    5.2    0.5
943  |   127 |    2140 |    3502     253    3502 |     506     252     506 |    0.1    4.2    0.4
944  |   128 |    1767 |    3525     253    3525 |     506     253     506 |    0.1    4.1    0.4
945  |   127 |    2132 |    3515     252    3515 |     503     252     503 |    0.1    5.0    0.4
946  |   128 |    2164 |    3525     254    3525 |     508     254     508 |    0.1    5.3    0.4
947  |   128 |    2146 |    3517     253    3517 |     505     253     505 |    0.1    5.1    0.5
948  |   128 |    1493 |    3011     252    3011 |     504     252     504 |    0.1    4.0    0.4
949  |   128 |    2163 |    3534     253    3534 |     507     253     507 |    0.1    5.4    0.5
950  |   128 |    2137 |    3513     254    3513 |     509     254     509 |    0.1    5.0    0.4
951  |   127 |    2144 |    3521     252    3521 |     504     252     504 |    0.1    5.2    0.5
952  |   128 |    2168 |    3527     255    3527 |     509     255     509 |    0.1    5.1    0.4
953  |   127 |    1719 |    3444     252    3444 |     505     252     505 |    0.1    3.9    0.4
954  |   128 |    2144 |    3509     252    3509 |     504     252     504 |    0.1    5.1    0.5
955  |   128 |    2167 |    3537     253    3537 |     507     253     507 |    0.1    5.4    0.5
956  |   128 |    2157 |    3531     253    3531 |     506     253     506 |    0.1    5.2    0.4
957  |   128 |    2140 |    3525     253    3525 |     505     253     505 |    0.1    5.2    0.5
958  |   127 |    2131 |    3495     252    3495 |     505     252     505 |    0.1    5.1    0.4
959  |   128 |    2156 |    3525     253    3525 |     507     253     507 |    0.1    5.1    0.4
960  |   128 |    2151 |    3503     253    3503 |     505     253     505 |    0.1    5.0    0.4
961  |   127 |    2144 |    3508     252    3508 |     504     252     504 |    0.1    5.4    0.5
962  |   128 |    2143 |    3493     253    3493 |     505     253     505 |    0.1    5.2    0.4
963  |   127 |    2145 |    3514     253    3514 |     505     253     505 |    0.1    5.1    0.5
964  |   128 |    2155 |    3521     255    3521 |     510     255     510 |    0.1    5.1    0.4
965  |   128 |    1375 |    3022     252    3022 |     504     252     504 |    0.1    4.0    0.4
966  |   128 |    2149 |    3514     252    3514 |     504     252     504 |    0.1    5.4    0.5
967  |   128 |    2145 |    3523     253    3523 |     506     253     506 |    0.1    5.3    0.5
968  |   128 |    1390 |    3535     253    3535 |     507     253     507 |    0.1    4.9    0.4
969  |   126 |    2126 |    3009     251    3009 |     503     251     503 |    0.1    3.9    0.4
970  |   128 |    2164 |    3517     254    3517 |     508     254     508 |    0.1    5.1    0.4
971  |   128 |    2136 |    3485     252    3485 |     504     252     504 |    0.1    5.3    0.5
972  |   128 |    1776 |    3522     255    3522 |     510     255     510 |    0.1    5.1    0.4
973  |   127 |    1488 |    3507     251    3507 |     504     252     504 |    0.1    5.2    0.4
974  |   128 |    2157 |    3522     253    3522 |     506     253     506 |    0.1    5.5    0.5
975  |   128 |    2166 |    3533     253    3533 |     507     253     507 |    0.1    5.0    0.4
976  |   128 |    2155 |    3521     253    3521 |     508     253     508 |    0.1    5.3    0.5
977  |   128 |    2116 |    3001     252    3001 |     505     252     505 |    0.1    4.0    0.4
978  |   127 |    2122 |    3465     252    3465 |     506     252     506 |    0.1    5.1    0.4
979  |   127 |    2137 |    3513     251    3513 |     503     251     503 |    0.1    4.9    0.4
980  |   128 |    2168 |    3533     254    3533 |     507     254     507 |    0.1    5.2    0.5
981  |   128 |    2138 |    3483     252    3483 |     505     252     505 |    0.1    5.3    0.4
982  |   128 |    2158 |    3514     254    3514 |     508     254     508 |    0.1    5.1    0.4
983  |   128 |    1511 |    3527     254    3527 |     507     254     507 |    0.1    5.3    0.4
984  |   128 |    1649 |    3530     254    3530 |     508     254     508 |    0.1    5.2    0.4
985  |   128 |    2137 |    3495     251    3495 |     504     251     504 |    0.1    5.0    0.4
986  |   128 |    1645 |    3534     253    3534 |     507     253     507 |    0.1    5.4    0.5
987  |   128 |    2153 |    3526     253    3526 |     505     253     505 |    0.1    5.3    0.5
988  |   128 |    2162 |    3524     253    3524 |     506     253     506 |    0.1    5.5    0.5
989  |   128 |    2145 |    3513     252    3513 |     505     252     505 |    0.1    5.1    0.5
990  |   128 |    2168 |    3526     254    3526 |     508     254     508 |    0.1    5.1    0.4
991  |   128 |    2166 |    3532     254    3532 |     507     254     507 |    0.1    5.3    0.5
992  |   128 |    2165 |    3526     253    3526 |     507     254     507 |    0.1    5.4    0.4
993  |   128 |    2145 |    3525     253    3525 |     506     253     506 |    0.1    5.2    0.4
994  |   128 |    2064 |    3436     252    3436 |     504     252     504 |    0.1    3.8    0.4
995  |   128 |    2156 |    3516     253    3516 |     506     253     506 |    0.1    5.2    0.4
996  |   128 |    1500 |    3518     253    3518 |     506     253     506 |    0.1    5.2    0.5
997  |   128 |    1905 |    3534     254    3534 |     507     254     507 |    0.1    4.1    0.4
998  |   128 |    2160 |    3526     254    3526 |     507     254     507 |    0.1    5.4    0.5
999  |   128 |    2155 |    3519     254    3519 |     508     254     508 |    0.1    5.3    0.5
-----+-------+---------+-------------------------+-------------------------+--------------------

=== Summary ===
HNF  intermediate:  avg=2037  max=2171
MLLL total:         avg=3442  max=3543
MLLL vec coords:    avg=252  max=256  (Lemma 1 bounded)
MLLL GSO coeffs:    avg=3442  max=3543  (integral GSO overhead)
GRAM total:         avg=505  max=513
GRAM vec coords:    avg=252  max=256  (Lemma 1 bounded)
GRAM Gram entries:  avg=505  max=513  (Lemma 3 bound target)
Output bits:        HNF avg=126 max=128  MLLL avg=125 max=128  GRAM avg=125 max=128
Total time:         HNF=105.90ms  MLLL=4910.86ms  GRAM=431.75ms  (GRAM/MLLL=0.09)
	Command being timed: "./src/quaternion/ref/generic/test/sqisign_bm_mlll --level=1 --iterations=1000 --mode=alg2 --prealloc"
	User time (seconds): 7.77
	System time (seconds): 0.28
	Percent of CPU this job got: 99%
	Elapsed (wall clock) time (h:mm:ss or m:ss): 0:08.06
	Average shared text size (kbytes): 0
	Average unshared data size (kbytes): 0
	Average stack size (kbytes): 0
	Average total size (kbytes): 0
	Maximum resident set size (kbytes): 5868
	Average resident set size (kbytes): 0
	Major (requiring I/O) page faults: 4
	Minor (reclaiming a frame) page faults: 990
	Voluntary context switches: 80
	Involuntary context switches: 5
	Swaps: 0
	File system inputs: 224
	File system outputs: 0
	Socket messages sent: 0
	Socket messages received: 0
	Signals delivered: 0
	Page size (bytes): 4096
	Exit status: 0
