=== L3_alg2_1000_baseline ===
=== MLLL vs HNF Intermediate Bit Size Benchmark ===
Level: 3, Norm bitsize: 193, Iterations: 1000
GRAM prealloc (Phase 2 candidate B): OFF

Generating 1000 random ideal lattice pairs (bitsize=193)...
Mode: alg2
  Set 1: 3955.78 ms
  Set 2: 4039.25 ms
Generation done.

T    |   Inp |  HNFint | MLLLtot   MLLLv   MLLLg |  GRMtot    GRMv    GRMg |  HNFms MLLLms  GRMms
-----+-------+---------+-------------------------+-------------------------+--------------------
0    |   194 |    3275 |    5360     384    5360 |     769     384     769 |    0.2   11.9    0.7
1    |   192 |    3242 |    5331     383    5331 |     766     383     766 |    0.1   12.7    0.7
2    |   194 |    3285 |    5369     386    5369 |     772     386     772 |    0.1   12.0    0.7
3    |   194 |    2690 |    5366     384    5366 |     768     384     768 |    0.2    9.8    0.6
4    |   194 |    2693 |    5359     385    5359 |     771     385     771 |    0.1    9.3    0.6
5    |   194 |    2126 |    5383     386    5383 |     773     386     773 |    0.1   12.7    0.7
6    |   194 |    2124 |    5386     385    5386 |     772     385     772 |    0.1   12.5    0.7
7    |   194 |    2111 |    5373     385    5373 |     770     385     770 |    0.1   11.9    0.7
8    |   194 |    2482 |    4595     384    4595 |     768     384     768 |    0.1    9.1    0.6
9    |   192 |    2096 |    4592     383    4592 |     766     383     766 |    0.1    9.1    0.6
10   |   194 |    3286 |    5376     386    5376 |     772     386     772 |    0.1   12.7    0.7
11   |   194 |    3273 |    5372     384    5372 |     769     385     769 |    0.1   12.3    0.7
12   |   194 |    3269 |    5365     385    5365 |     770     385     770 |    0.1   12.1    0.7
13   |   194 |    3272 |    5370     385    5370 |     771     385     771 |    0.1    9.8    0.7
14   |   194 |    3280 |    5374     385    5374 |     771     385     771 |    0.1   12.7    0.7
15   |   194 |    2289 |    5367     385    5367 |     770     385     770 |    0.1   12.3    0.7
16   |   193 |    3264 |    5360     384    5360 |     769     384     769 |    0.1   12.6    0.7
17   |   194 |    3288 |    5370     386    5370 |     772     386     772 |    0.1   12.7    0.7
18   |   194 |    3270 |    5361     384    5361 |     769     384     769 |    0.1   12.7    0.7
19   |   194 |    2109 |    5364     385    5364 |     770     385     770 |    0.1   12.1    0.7
20   |   194 |    3284 |    5381     385    5381 |     770     385     770 |    0.1   12.4    0.7
21   |   194 |    2702 |    5378     385    5378 |     772     385     772 |    0.1   12.3    0.7
22   |   193 |    3244 |    5334     385    5334 |     770     385     770 |    0.1   12.1    0.7
23   |   194 |    3271 |    5355     386    5355 |     771     386     771 |    0.1   12.1    0.7
24   |   194 |    3280 |    5356     386    5356 |     771     386     771 |    0.1   12.1    0.7
25   |   194 |    3272 |    5368     384    5368 |     768     384     768 |    0.1   12.9    0.7
26   |   194 |    3279 |    5366     385    5366 |     770     385     770 |    0.1   12.7    0.7
27   |   194 |    3285 |    5382     386    5382 |     772     386     772 |    0.1   12.8    0.7
28   |   193 |    3216 |    4564     383    4564 |     766     383     766 |    0.1    9.1    0.6
29   |   194 |    3283 |    5374     385    5374 |     770     385     770 |    0.1   12.4    0.7
30   |   194 |    3279 |    5370     385    5370 |     770     385     770 |    0.1   12.5    0.7
31   |   193 |    3249 |    5356     383    5356 |     767     383     767 |    0.1   12.8    0.7
32   |   194 |    3278 |    5366     384    5366 |     768     384     768 |    0.1   12.3    0.7
33   |   194 |    2509 |    5370     385    5370 |     770     385     770 |    0.1   12.5    0.7
34   |   193 |    3263 |    5360     384    5360 |     768     384     768 |    0.1   12.9    0.7
35   |   194 |    3280 |    5361     385    5361 |     771     385     771 |    0.2    9.3    0.6
36   |   194 |    3267 |    5373     384    5373 |     769     385     769 |    0.1   12.0    0.7
37   |   194 |    3269 |    5367     386    5367 |     773     386     773 |    0.1    9.3    0.6
38   |   194 |    3291 |    5384     385    5384 |     772     385     772 |    0.2   12.6    0.7
39   |   194 |    3287 |    5371     386    5371 |     772     386     772 |    0.1   12.9    0.7
40   |   194 |    2297 |    5359     386    5359 |     771     386     771 |    0.1   12.3    0.7
41   |   193 |    3247 |    5317     384    5317 |     767     384     767 |    0.1   12.4    0.7
42   |   193 |    2100 |    4594     383    4594 |     767     384     767 |    0.1    9.4    0.6
43   |   194 |    3271 |    5361     384    5361 |     770     384     770 |    0.1   12.2    0.7
44   |   194 |    3279 |    5375     384    5375 |     770     385     770 |    0.1   12.1    0.7
45   |   194 |    2642 |    4563     384    4563 |     767     384     767 |    0.1    9.1    0.6
46   |   193 |    3262 |    5351     385    5351 |     771     385     771 |    0.2   12.1    0.7
47   |   194 |    2480 |    4594     384    4594 |     768     384     768 |    0.2    9.1    0.6
48   |   194 |    3267 |    5363     385    5363 |     769     385     769 |    0.1   11.8    0.7
49   |   194 |    3288 |    5381     385    5381 |     771     385     771 |    0.1   12.6    0.7
50   |   194 |    3277 |    5371     385    5371 |     770     385     770 |    0.1   12.2    0.7
51   |   194 |    3282 |    5363     386    5363 |     771     386     771 |    0.1   12.4    0.7
52   |   194 |    3276 |    5378     385    5378 |     770     385     770 |    0.1   11.9    0.7
53   |   194 |    2341 |    5354     387    5354 |     775     387     775 |    0.1    9.7    0.6
54   |   194 |    3278 |    5372     385    5372 |     770     385     770 |    0.1   12.8    0.7
55   |   194 |    3287 |    5366     386    5366 |     773     386     773 |    0.1   12.6    0.7
56   |   194 |    3275 |    5371     385    5371 |     770     385     770 |    0.1   12.6    0.7
57   |   194 |    3284 |    5376     385    5376 |     770     385     770 |    0.1   12.7    0.7
58   |   194 |    3273 |    5360     385    5360 |     770     385     770 |    0.1   11.7    0.7
59   |   194 |    2493 |    5377     385    5377 |     770     385     770 |    0.1   12.5    0.7
60   |   194 |    2297 |    5365     385    5365 |     769     385     769 |    0.1   12.5    0.7
61   |   194 |    3287 |    5379     385    5379 |     771     385     771 |    0.1   12.4    0.7
62   |   194 |    3293 |    5379     386    5379 |     772     386     772 |    0.1   12.3    0.7
63   |   194 |    3278 |    5368     385    5368 |     771     385     771 |    0.1   12.1    0.7
64   |   194 |    3278 |    5368     386    5368 |     772     386     772 |    0.1   13.0    0.7
65   |   193 |    3273 |    5370     385    5370 |     769     384     769 |    0.1   12.5    0.7
66   |   194 |    3277 |    5374     385    5374 |     769     385     769 |    0.1   12.8    0.7
67   |   193 |    3251 |    4582     383    4582 |     766     383     766 |    0.1    9.2    0.6
68   |   193 |    3254 |    5352     383    5352 |     766     383     766 |    0.1   12.3    0.7
69   |   194 |    3280 |    5368     384    5368 |     769     384     769 |    0.1   12.9    0.7
70   |   194 |    3268 |    5369     385    5369 |     769     385     769 |    0.1   11.9    0.7
71   |   194 |    3284 |    5365     386    5365 |     773     386     773 |    0.1   12.7    0.7
72   |   193 |    2287 |    5360     385    5360 |     771     385     771 |    0.1   12.6    0.7
73   |   194 |    3264 |    5370     385    5370 |     770     385     770 |    0.1   12.6    0.7
74   |   192 |    3240 |    4584     384    4584 |     768     384     768 |    0.1    9.6    0.6
75   |   194 |    3287 |    5362     387    5362 |     774     387     774 |    0.1   12.0    0.7
76   |   194 |    3271 |    5372     385    5372 |     770     385     770 |    0.1   12.4    0.7
77   |   194 |    3266 |    5359     383    5359 |     767     383     767 |    0.1   12.4    0.7
78   |   194 |    3243 |    4588     384    4588 |     769     384     769 |    0.1    9.3    0.6
79   |   194 |    3276 |    5375     385    5375 |     770     385     770 |    0.1   12.5    0.7
80   |   194 |    3281 |    5372     385    5372 |     770     385     770 |    0.1   12.1    0.7
81   |   194 |    3283 |    5378     385    5378 |     770     385     770 |    0.1   12.5    0.7
82   |   194 |    2292 |    4598     384    4598 |     768     384     768 |    0.1    9.3    0.6
83   |   194 |    3274 |    5369     385    5369 |     770     385     770 |    0.1    9.7    0.6
84   |   194 |    3273 |    5357     384    5357 |     770     385     770 |    0.2   12.0    0.7
85   |   194 |    3288 |    5372     386    5372 |     772     386     772 |    0.1   12.0    0.7
86   |   194 |    2106 |    5363     384    5363 |     768     384     768 |    0.1   12.3    0.7
87   |   194 |    3288 |    5379     386    5379 |     771     386     771 |    0.1   12.6    0.7
88   |   193 |    3259 |    5355     383    5355 |     767     383     767 |    0.1   12.5    0.7
89   |   193 |    2107 |    5353     385    5353 |     770     385     770 |    0.1   11.8    0.7
90   |   193 |    3256 |    5346     383    5346 |     767     383     767 |    0.1   11.8    0.6
91   |   194 |    3278 |    5372     385    5372 |     770     385     770 |    0.1   12.4    0.7
92   |   193 |    2283 |    4590     383    4590 |     767     383     767 |    0.1    9.4    0.6
93   |   193 |    2476 |    5303     386    5303 |     772     386     772 |    0.2   10.0    0.6
94   |   194 |    3274 |    5357     385    5357 |     769     385     769 |    0.1   12.8    0.7
95   |   194 |    3266 |    5367     384    5367 |     770     385     770 |    0.1   12.6    0.7
96   |   192 |    3245 |    5347     383    5347 |     766     383     766 |    0.1   12.1    0.7
97   |   193 |    3258 |    5359     384    5359 |     768     384     768 |    0.1   12.6    0.7
98   |   192 |    3242 |    5331     383    5331 |     766     383     766 |    0.1   12.1    0.7
99   |   193 |    3269 |    5358     385    5358 |     769     384     769 |    0.1   12.1    0.7
100  |   193 |    3257 |    4600     384    4600 |     768     384     768 |    0.1    9.3    0.6
101  |   194 |    3280 |    5373     386    5373 |     772     386     772 |    0.1   12.0    0.7
102  |   194 |    3237 |    5292     384    5292 |     768     384     768 |    0.1   12.1    0.7
103  |   194 |    2511 |    5387     385    5387 |     771     386     771 |    0.1   12.9    0.7
104  |   194 |    2468 |    4576     383    4576 |     768     384     768 |    0.1    9.2    0.6
105  |   194 |    3282 |    5372     385    5372 |     771     385     771 |    0.1   12.1    0.7
106  |   194 |    3282 |    5377     385    5377 |     771     385     771 |    0.1   12.4    0.7
107  |   194 |    3273 |    5365     384    5365 |     769     384     769 |    0.1   12.5    0.7
108  |   194 |    3264 |    5352     384    5352 |     768     384     768 |    0.1   12.1    0.7
109  |   193 |    3267 |    5360     385    5360 |     772     385     772 |    0.1   11.7    0.6
110  |   193 |    3262 |    5354     384    5354 |     768     384     768 |    0.1   12.4    0.7
111  |   194 |    3275 |    4613     385    4613 |     771     385     771 |    0.1    9.1    0.6
112  |   194 |    3282 |    5358     385    5358 |     771     385     771 |    0.2   12.2    0.7
113  |   194 |    3282 |    5374     386    5374 |     771     386     771 |    0.1   12.8    0.7
114  |   194 |    3277 |    5365     385    5365 |     769     384     769 |    0.1   12.8    0.7
115  |   194 |    3263 |    4609     384    4609 |     769     384     769 |    0.1    9.7    0.6
116  |   194 |    2292 |    4605     384    4605 |     768     384     768 |    0.1    8.9    0.6
117  |   194 |    3281 |    5381     385    5381 |     770     385     770 |    0.1    9.8    0.6
118  |   191 |    3220 |    4553     383    4553 |     765     383     765 |    0.1    9.2    0.6
119  |   188 |    3175 |    4507     383    4507 |     765     383     765 |    0.1    8.8    0.6
120  |   194 |    3261 |    5330     384    5330 |     769     384     769 |    0.1   12.1    0.7
121  |   194 |    3263 |    5341     384    5341 |     768     384     768 |    0.2   12.0    0.7
122  |   193 |    3229 |    4576     385    4576 |     769     385     769 |    0.1    9.2    0.6
123  |   194 |    2107 |    5365     384    5365 |     768     384     768 |    0.1   12.3    0.7
124  |   193 |    3271 |    5368     385    5368 |     769     385     769 |    0.1   13.0    0.7
125  |   192 |    3243 |    4590     383    4590 |     766     383     766 |    0.1    9.1    0.6
126  |   193 |    3248 |    5335     383    5335 |     766     383     766 |    0.1   11.8    0.7
127  |   194 |    3275 |    5376     385    5376 |     770     385     770 |    0.1   12.7    0.7
128  |   194 |    3239 |    5301     384    5301 |     768     384     768 |    0.1   12.3    0.7
129  |   194 |    3282 |    5379     386    5379 |     771     386     771 |    0.1   12.7    0.7
130  |   194 |    2110 |    5371     385    5371 |     770     385     770 |    0.1   12.6    0.7
131  |   193 |    3261 |    5353     384    5353 |     769     384     769 |    0.2   11.9    0.7
132  |   194 |    3286 |    5374     385    5374 |     771     385     771 |    0.1   12.7    0.7
133  |   194 |    2486 |    5364     384    5364 |     769     384     769 |    0.1   12.6    0.7
134  |   194 |    3269 |    5349     384    5349 |     768     384     768 |    0.1   12.4    0.7
135  |   194 |    3286 |    5382     385    5382 |     771     385     771 |    0.1   12.8    0.7
136  |   194 |    2498 |    5375     385    5375 |     771     385     771 |    0.1   13.0    0.7
137  |   192 |    3241 |    4587     383    4587 |     766     383     766 |    0.1    9.6    0.6
138  |   194 |    3286 |    5379     385    5379 |     771     385     771 |    0.1   12.8    0.7
139  |   194 |    3265 |    5369     384    5369 |     769     385     769 |    0.1   13.0    0.7
140  |   194 |    3268 |    5349     384    5349 |     768     384     768 |    0.1   12.4    0.7
141  |   194 |    3274 |    5344     385    5344 |     770     385     770 |    0.1   12.6    0.7
142  |   194 |    3235 |    4581     384    4581 |     768     384     768 |    0.1    9.2    0.6
143  |   194 |    3285 |    5372     386    5372 |     772     386     772 |    0.1   12.9    0.7
144  |   194 |    3264 |    5341     385    5341 |     771     385     771 |    0.1   12.6    0.7
145  |   194 |    3279 |    5370     385    5370 |     770     385     770 |    0.1   12.8    0.7
146  |   194 |    3261 |    5349     384    5349 |     768     384     768 |    0.1   12.2    0.7
147  |   194 |    2094 |    4591     383    4591 |     768     384     768 |    0.1    9.6    0.6
148  |   194 |    3284 |    5370     385    5370 |     770     385     770 |    0.1   12.9    0.7
149  |   194 |    3277 |    5362     385    5362 |     769     384     769 |    0.1   12.4    0.7
150  |   193 |    3267 |    5358     384    5358 |     769     384     769 |    0.1   12.4    0.7
151  |   194 |    3261 |    4608     384    4608 |     769     384     769 |    0.1    9.1    0.6
152  |   194 |    3287 |    5378     385    5378 |     771     385     771 |    0.1   12.5    0.7
153  |   194 |    2499 |    5354     385    5354 |     771     385     771 |    0.2    9.6    0.6
154  |   194 |    3267 |    5372     384    5372 |     769     384     769 |    0.1   12.5    0.7
155  |   194 |    3223 |    5333     384    5333 |     768     384     768 |    0.1    9.2    0.6
156  |   193 |    3265 |    5353     384    5353 |     768     384     768 |    0.1   12.5    0.7
157  |   194 |    2117 |    5376     385    5376 |     770     385     770 |    0.1    9.7    0.6
158  |   194 |    3290 |    5385     385    5385 |     771     385     771 |    0.1   13.0    0.7
159  |   194 |    2509 |    5365     386    5365 |     773     386     773 |    0.1    9.8    0.6
160  |   194 |    2103 |    5368     384    5368 |     769     384     769 |    0.1   12.4    0.7
161  |   194 |    2115 |    5361     386    5361 |     773     386     773 |    0.1   12.3    0.7
162  |   194 |    2317 |    5353     386    5353 |     774     386     774 |    0.1    9.5    0.6
163  |   194 |    2505 |    5374     385    5374 |     770     385     770 |    0.2   12.2    0.7
164  |   194 |    3287 |    5373     385    5373 |     771     385     771 |    0.1   12.2    0.7
165  |   194 |    3278 |    5380     385    5380 |     770     385     770 |    0.1   12.3    0.7
166  |   194 |    3283 |    5371     385    5371 |     771     385     771 |    0.1   12.6    0.7
167  |   194 |    2104 |    4608     384    4608 |     768     384     768 |    0.1    9.4    0.6
168  |   192 |    3231 |    4576     384    4576 |     767     384     767 |    0.1    9.0    0.6
169  |   194 |    3280 |    5376     386    5376 |     771     386     771 |    0.2   12.3    0.7
170  |   194 |    3263 |    5364     384    5364 |     769     384     769 |    0.1   12.1    0.7
171  |   194 |    3254 |    4600     384    4600 |     768     384     768 |    0.1    9.6    0.6
172  |   194 |    2711 |    5358     387    5358 |     775     387     775 |    0.1   10.0    0.6
173  |   193 |    3262 |    5362     384    5362 |     768     384     768 |    0.1   12.2    0.7
174  |   194 |    3279 |    5376     385    5376 |     770     385     770 |    0.1   12.3    0.7
175  |   193 |    3269 |    5361     384    5361 |     769     384     769 |    0.1   12.3    0.7
176  |   194 |    3282 |    5373     385    5373 |     770     385     770 |    0.2   13.0    0.7
177  |   194 |    3277 |    5371     385    5371 |     771     385     771 |    0.1   13.1    0.7
178  |   194 |    3278 |    5378     385    5378 |     770     385     770 |    0.1   13.1    0.7
179  |   194 |    3286 |    5379     385    5379 |     771     385     771 |    0.1   12.8    0.7
180  |   194 |    3269 |    5363     385    5363 |     770     385     770 |    0.1   12.4    0.7
181  |   194 |    3259 |    5329     386    5329 |     773     386     773 |    0.1   12.5    0.7
182  |   194 |    2292 |    5360     384    5360 |     769     384     769 |    0.1   12.5    0.7
183  |   194 |    3286 |    5384     385    5384 |     771     385     771 |    0.1   12.9    0.7
184  |   193 |    3262 |    5355     384    5355 |     768     383     768 |    0.1   12.6    0.7
185  |   194 |    2299 |    5369     386    5369 |     772     386     772 |    0.1   12.7    0.7
186  |   194 |    3278 |    5373     385    5373 |     770     385     770 |    0.1   12.7    0.7
187  |   193 |    3262 |    5355     384    5355 |     769     384     769 |    0.1   12.5    0.7
188  |   193 |    3272 |    5359     384    5359 |     769     384     769 |    0.1   12.1    0.7
189  |   194 |    3268 |    5364     384    5364 |     769     384     769 |    0.1   12.2    0.7
190  |   194 |    2100 |    4591     384    4591 |     768     384     768 |    0.1    9.2    0.6
191  |   194 |    2307 |    5348     385    5348 |     771     385     771 |    0.2    9.6    0.6
192  |   194 |    3276 |    4611     385    4611 |     771     385     771 |    0.1    9.4    0.6
193  |   194 |    3277 |    5380     385    5380 |     770     385     770 |    0.1   12.5    0.7
194  |   194 |    3281 |    5369     386    5369 |     771     386     771 |    0.1   12.7    0.7
195  |   194 |    3237 |    5326     385    5326 |     771     385     771 |    0.1    9.4    0.6
196  |   194 |    3275 |    5356     384    5356 |     770     384     770 |    0.1   12.6    0.7
197  |   194 |    3276 |    5362     384    5362 |     768     384     768 |    0.1   12.3    0.7
198  |   193 |    3264 |    5360     383    5360 |     767     383     767 |    0.1   12.8    0.7
199  |   194 |    3267 |    5354     384    5354 |     767     384     767 |    0.1   12.4    0.7
200  |   194 |    2108 |    5356     384    5356 |     770     385     770 |    0.1   12.4    0.7
201  |   194 |    2496 |    5374     384    5374 |     769     385     769 |    0.1    9.2    0.6
202  |   194 |    2508 |    5375     385    5375 |     770     385     770 |    0.1   12.4    0.7
203  |   193 |    3265 |    5358     383    5358 |     769     384     769 |    0.1   12.6    0.7
204  |   194 |    3284 |    5367     385    5367 |     771     385     771 |    0.1   12.2    0.7
205  |   194 |    2104 |    4601     384    4601 |     768     384     768 |    0.1    9.2    0.6
206  |   193 |    3263 |    5356     384    5356 |     768     384     768 |    0.1   12.3    0.7
207  |   193 |    2883 |    5330     385    5330 |     770     385     770 |    0.2   10.1    0.6
208  |   193 |    2489 |    5347     385    5347 |     769     385     769 |    0.1    9.3    0.6
209  |   194 |    2114 |    5362     386    5362 |     772     386     772 |    0.1   12.2    0.7
210  |   194 |    3258 |    5342     383    5342 |     767     383     767 |    0.1   12.7    0.7
211  |   194 |    3281 |    5373     385    5373 |     769     385     769 |    0.1   12.3    0.7
212  |   194 |    3277 |    5377     385    5377 |     770     385     770 |    0.1   12.5    0.7
213  |   194 |    3276 |    5373     384    5373 |     769     385     769 |    0.1   12.6    0.7
214  |   194 |    3288 |    5369     387    5369 |     773     387     773 |    0.1   12.6    0.7
215  |   193 |    3263 |    5347     384    5347 |     768     384     768 |    0.1   12.1    0.7
216  |   194 |    3285 |    5381     385    5381 |     771     385     771 |    0.1   12.1    0.7
217  |   194 |    2704 |    5379     386    5379 |     773     386     773 |    0.2   12.2    0.7
218  |   194 |    3234 |    4588     384    4588 |     768     384     768 |    0.1    8.9    0.6
219  |   194 |    3289 |    5375     386    5375 |     771     386     771 |    0.1   12.9    0.7
220  |   194 |    3276 |    5360     386    5360 |     772     386     772 |    0.1   12.2    0.7
221  |   194 |    3255 |    4605     384    4605 |     769     384     769 |    0.1    9.6    0.6
222  |   194 |    2104 |    4602     384    4602 |     768     384     768 |    0.1    9.3    0.6
223  |   194 |    3269 |    5357     384    5357 |     769     384     769 |    0.1   12.2    0.7
224  |   194 |    3280 |    5368     384    5368 |     770     385     770 |    0.1   12.8    0.7
225  |   193 |    2652 |    4578     383    4578 |     766     383     766 |    0.1    9.2    0.6
226  |   193 |    2252 |    4523     384    4523 |     767     384     767 |    0.1    8.5    0.5
227  |   194 |    3285 |    5382     385    5382 |     770     385     770 |    0.1   12.4    0.7
228  |   194 |    3265 |    5360     384    5360 |     768     384     768 |    0.1   12.4    0.7
229  |   194 |    3273 |    5364     385    5364 |     770     385     770 |    0.1   12.8    0.7
230  |   194 |    3291 |    5374     386    5374 |     772     386     772 |    0.1   12.4    0.7
231  |   194 |    3290 |    5381     385    5381 |     771     385     771 |    0.1   12.4    0.7
232  |   191 |    3236 |    4580     383    4580 |     765     383     765 |    0.1    8.9    0.6
233  |   194 |    3264 |    5335     384    5335 |     769     384     769 |    0.1   12.4    0.7
234  |   194 |    3278 |    5355     385    5355 |     770     385     770 |    0.2   12.3    0.7
235  |   194 |    3273 |    5371     384    5371 |     769     385     769 |    0.1   11.6    0.7
236  |   194 |    3282 |    5365     386    5365 |     772     386     772 |    0.1   12.6    0.7
237  |   194 |    3271 |    5364     385    5364 |     770     385     770 |    0.1   12.4    0.7
238  |   194 |    3268 |    5356     384    5356 |     767     384     767 |    0.1   12.9    0.7
239  |   193 |    3258 |    5360     385    5360 |     770     385     770 |    0.1   12.2    0.7
240  |   193 |    2683 |    5356     384    5356 |     769     384     769 |    0.1    9.2    0.6
241  |   194 |    2104 |    5365     384    5365 |     768     384     768 |    0.1   12.4    0.7
242  |   193 |    3255 |    5345     383    5345 |     767     383     767 |    0.1   12.1    0.7
243  |   193 |    3242 |    4587     383    4587 |     767     383     767 |    0.1    9.0    0.6
244  |   192 |    3244 |    5337     384    5337 |     768     384     768 |    0.1   12.0    0.7
245  |   193 |    2665 |    5334     385    5334 |     770     385     770 |    0.1    9.0    0.6
246  |   194 |    3271 |    5368     385    5368 |     769     385     769 |    0.1   13.0    0.7
247  |   194 |    2127 |    5358     386    5358 |     774     386     774 |    0.1    9.7    0.6
248  |   194 |    3288 |    5380     386    5380 |     772     386     772 |    0.1   12.5    0.7
249  |   194 |    2697 |    5381     385    5381 |     771     385     771 |    0.2    9.5    0.6
250  |   194 |    3283 |    5354     386    5354 |     773     386     773 |    0.1   12.7    0.7
251  |   194 |    3283 |    5366     386    5366 |     773     386     773 |    0.1   12.7    0.7
252  |   194 |    2111 |    5364     384    5364 |     770     384     770 |    0.1   12.4    0.7
253  |   194 |    3272 |    5370     385    5370 |     770     385     770 |    0.1   12.7    0.7
254  |   194 |    3268 |    5367     385    5367 |     770     385     770 |    0.2   12.4    0.7
255  |   193 |    3259 |    5361     384    5361 |     768     384     768 |    0.1   12.3    0.7
256  |   194 |    2122 |    5377     386    5377 |     772     386     772 |    0.1   12.3    0.7
257  |   193 |    3267 |    5351     385    5351 |     769     384     769 |    0.1   12.7    0.7
258  |   194 |    3270 |    5351     384    5351 |     768     384     768 |    0.1   13.0    0.7
259  |   194 |    2291 |    4593     385    4593 |     770     385     770 |    0.1    9.1    0.6
260  |   194 |    3284 |    5378     385    5378 |     771     385     771 |    0.1   12.7    0.7
261  |   194 |    3277 |    5371     385    5371 |     770     385     770 |    0.2   12.2    0.7
262  |   194 |    2106 |    5363     385    5363 |     770     385     770 |    0.1   13.0    0.7
263  |   194 |    3250 |    4602     384    4602 |     768     384     768 |    0.1    9.5    0.6
264  |   194 |    3285 |    5372     385    5372 |     770     385     770 |    0.1   13.3    0.9
265  |   194 |    3245 |    4597     383    4597 |     768     384     768 |    0.2   10.0    0.6
266  |   194 |    2285 |    5367     384    5367 |     770     385     770 |    0.1   12.9    0.8
267  |   193 |    3259 |    5348     383    5348 |     767     383     767 |    0.1   12.8    0.7
268  |   194 |    3225 |    5270     384    5270 |     768     384     768 |    0.1   12.2    0.7
269  |   194 |    3281 |    5374     385    5374 |     770     385     770 |    0.2   12.5    0.7
270  |   193 |    3263 |    5357     384    5357 |     768     384     768 |    0.1   11.9    0.7
271  |   194 |    3258 |    5364     384    5364 |     768     384     768 |    0.1   12.5    0.7
272  |   194 |    3273 |    5363     384    5363 |     768     384     768 |    0.1   12.5    0.7
273  |   194 |    3280 |    5368     385    5368 |     770     385     770 |    0.1   12.7    0.7
274  |   194 |    3262 |    5364     384    5364 |     769     384     769 |    0.1   13.4    0.7
275  |   193 |    3261 |    5349     384    5349 |     769     384     769 |    0.1   12.7    0.7
276  |   194 |    3283 |    5384     385    5384 |     771     385     771 |    0.1   12.9    0.7
277  |   194 |    3262 |    5335     387    5335 |     775     387     775 |    0.1   11.9    0.7
278  |   194 |    3237 |    5343     383    5343 |     767     383     767 |    0.1    9.4    0.6
279  |   194 |    3252 |    4598     385    4598 |     769     385     769 |    0.1    9.9    0.6
280  |   191 |    2253 |    4555     383    4555 |     765     383     765 |    0.1    9.3    0.6
281  |   194 |    3261 |    5342     384    5342 |     768     384     768 |    0.1   12.3    0.7
282  |   194 |    3276 |    5366     385    5366 |     770     385     770 |    0.1   12.6    0.7
283  |   194 |    3277 |    5375     385    5375 |     770     385     770 |    0.1   12.9    0.7
284  |   194 |    3258 |    5345     384    5345 |     767     384     767 |    0.1   12.7    0.7
285  |   194 |    2702 |    5384     385    5384 |     771     385     771 |    0.1   13.6    0.7
286  |   194 |    3262 |    5367     384    5367 |     768     384     768 |    0.1   12.3    0.7
287  |   194 |    3280 |    5368     386    5368 |     771     386     771 |    0.1   12.7    0.7
288  |   194 |    3247 |    5318     384    5318 |     767     384     767 |    0.2   12.4    0.7
289  |   194 |    3277 |    5364     385    5364 |     770     385     770 |    0.1   12.5    0.7
290  |   194 |    3278 |    5364     385    5364 |     771     385     771 |    0.1   12.2    0.7
291  |   194 |    3281 |    5378     385    5378 |     771     385     771 |    0.1   12.8    0.7
292  |   193 |    3256 |    5352     383    5352 |     767     383     767 |    0.1   12.3    0.7
293  |   194 |    2687 |    5376     385    5376 |     770     385     770 |    0.1   13.2    0.7
294  |   194 |    2124 |    5379     385    5379 |     771     385     771 |    0.1   11.9    0.7
295  |   194 |    3281 |    5367     384    5367 |     769     384     769 |    0.1   12.8    0.7
296  |   194 |    3288 |    5380     386    5380 |     771     386     771 |    0.1   12.8    0.7
297  |   194 |    2887 |    5346     386    5346 |     772     386     772 |    0.2    9.6    0.6
298  |   193 |    3263 |    5355     384    5355 |     768     384     768 |    0.1   12.2    0.7
299  |   194 |    3279 |    4614     385    4614 |     771     385     771 |    0.1    9.6    0.6
300  |   194 |    3284 |    5369     386    5369 |     772     386     772 |    0.1   13.7    0.7
301  |   194 |    3258 |    5339     386    5339 |     772     386     772 |    0.1   12.5    0.7
302  |   193 |    3268 |    5357     385    5357 |     770     385     770 |    0.1   11.7    0.7
303  |   193 |    3255 |    5362     383    5362 |     767     383     767 |    0.1   12.5    0.7
304  |   193 |    3253 |    5337     383    5337 |     767     383     767 |    0.1   12.2    0.7
305  |   194 |    2100 |    4602     384    4602 |     768     384     768 |    0.1    9.4    0.6
306  |   194 |    2111 |    5375     385    5375 |     770     385     770 |    0.1   12.2    0.7
307  |   193 |    3259 |    5350     384    5350 |     768     384     768 |    0.1   12.6    0.7
308  |   193 |    3271 |    5355     385    5355 |     770     385     770 |    0.1   12.7    0.7
309  |   194 |    3284 |    5377     385    5377 |     770     385     770 |    0.1   13.3    0.7
310  |   192 |    3235 |    5308     385    5308 |     771     385     771 |    0.1   12.1    0.7
311  |   194 |    3265 |    5340     384    5340 |     769     384     769 |    0.1   11.8    0.7
312  |   194 |    3283 |    5371     385    5371 |     771     386     771 |    0.1   12.7    0.7
313  |   194 |    3291 |    5381     385    5381 |     771     385     771 |    0.1   12.9    0.7
314  |   193 |    3272 |    5360     385    5360 |     769     385     769 |    0.1   12.5    0.7
315  |   194 |    3282 |    5371     385    5371 |     771     385     771 |    0.1   12.5    0.7
316  |   193 |    3254 |    5348     383    5348 |     767     383     767 |    0.1   12.3    0.7
317  |   194 |    3261 |    5343     384    5343 |     768     384     768 |    0.1   12.7    0.7
318  |   194 |    3272 |    5370     385    5370 |     770     385     770 |    0.1   13.0    0.7
319  |   194 |    3262 |    5352     384    5352 |     767     384     767 |    0.1   12.4    0.7
320  |   194 |    3287 |    5383     385    5383 |     771     385     771 |    0.2   12.3    0.7
321  |   194 |    3271 |    5369     385    5369 |     770     385     770 |    0.1   13.0    0.7
322  |   194 |    3268 |    5367     385    5367 |     770     385     770 |    0.1   12.3    0.7
323  |   194 |    3269 |    5361     385    5361 |     770     385     770 |    0.1   12.4    0.7
324  |   194 |    3281 |    5369     385    5369 |     770     385     770 |    0.1   12.9    0.7
325  |   194 |    3290 |    5380     386    5380 |     772     386     772 |    0.1   12.5    0.7
326  |   194 |    3272 |    5360     384    5360 |     768     384     768 |    0.1   12.0    0.7
327  |   194 |    3249 |    5316     385    5316 |     770     385     770 |    0.1    9.4    0.6
328  |   193 |    3232 |    5311     384    5311 |     770     384     770 |    0.1    9.1    0.6
329  |   194 |    3277 |    5370     385    5370 |     769     385     769 |    0.1   12.5    0.7
330  |   194 |    3268 |    5370     384    5370 |     769     384     769 |    0.2   12.8    0.7
331  |   194 |    3279 |    5352     385    5352 |     771     385     771 |    0.2   12.6    0.7
332  |   193 |    3267 |    4606     384    4606 |     768     384     768 |    0.1    9.8    0.6
333  |   194 |    3287 |    5360     386    5360 |     773     386     773 |    0.1   12.7    0.7
334  |   192 |    3251 |    5351     383    5351 |     767     383     767 |    0.1   12.7    0.7
335  |   194 |    3279 |    5369     384    5369 |     769     384     769 |    0.1   13.2    0.7
336  |   194 |    3284 |    5374     386    5374 |     771     386     771 |    0.1   12.3    0.7
337  |   192 |    3236 |    5323     383    5323 |     766     383     766 |    0.1   12.8    0.9
338  |   192 |    3249 |    5349     383    5349 |     767     383     767 |    0.2   12.0    0.7
339  |   192 |    3249 |    4592     383    4592 |     766     383     766 |    0.1    9.1    0.6
340  |   194 |    3270 |    5364     385    5364 |     770     385     770 |    0.1   12.7    0.7
341  |   193 |    3256 |    5338     384    5338 |     767     384     767 |    0.1   12.7    0.7
342  |   194 |    3273 |    5363     384    5363 |     768     384     768 |    0.1   13.0    0.7
343  |   194 |    3284 |    5379     385    5379 |     770     385     770 |    0.1   12.7    0.7
344  |   194 |    3281 |    5363     385    5363 |     770     385     770 |    0.1   12.6    0.7
345  |   194 |    3272 |    5373     385    5373 |     770     385     770 |    0.1   13.1    0.7
346  |   194 |    2114 |    5368     385    5368 |     771     385     771 |    0.1   12.1    0.7
347  |   193 |    2115 |    5371     385    5371 |     770     385     770 |    0.1   12.1    0.7
348  |   194 |    3283 |    5374     385    5374 |     770     385     770 |    0.1   12.3    0.7
349  |   194 |    3276 |    5361     384    5361 |     768     384     768 |    0.1   12.8    0.7
350  |   193 |    2085 |    4562     383    4562 |     767     383     767 |    0.1    8.9    0.6
351  |   194 |    2089 |    4568     384    4568 |     768     384     768 |    0.1    9.0    0.6
352  |   193 |    3242 |    4587     383    4587 |     766     383     766 |    0.1    9.6    0.6
353  |   194 |    2311 |    5356     386    5356 |     772     386     772 |    0.1    9.9    0.6
354  |   194 |    3276 |    5369     385    5369 |     770     385     770 |    0.2   12.2    0.7
355  |   194 |    3270 |    5357     385    5357 |     770     385     770 |    0.1   12.5    0.7
356  |   193 |    3261 |    5359     384    5359 |     767     384     767 |    0.1   12.4    0.7
357  |   194 |    3261 |    5366     384    5366 |     770     384     770 |    0.1   13.2    0.7
358  |   194 |    3289 |    5361     387    5361 |     774     387     774 |    0.2   12.0    0.7
359  |   194 |    2464 |    4568     384    4568 |     769     384     769 |    0.1    9.2    0.6
360  |   194 |    3276 |    5371     385    5371 |     770     385     770 |    0.1   12.5    0.7
361  |   194 |    3287 |    5384     385    5384 |     771     385     771 |    0.2   12.8    0.7
362  |   193 |    3267 |    5361     385    5361 |     770     385     770 |    0.1   12.6    0.7
363  |   193 |    3269 |    5364     385    5364 |     769     385     769 |    0.1   12.8    0.7
364  |   194 |    3288 |    5380     385    5380 |     770     385     770 |    0.2   13.2    0.8
365  |   194 |    3287 |    5378     385    5378 |     771     385     771 |    0.1   12.5    0.7
366  |   193 |    3237 |    5327     385    5327 |     770     385     770 |    0.2    9.1    0.6
367  |   194 |    3278 |    5372     385    5372 |     769     385     769 |    0.1   12.2    0.7
368  |   191 |    3222 |    4571     383    4571 |     765     383     765 |    0.1    9.0    0.6
369  |   194 |    3273 |    5363     385    5363 |     771     385     771 |    0.1   12.6    0.7
370  |   194 |    3266 |    5361     384    5361 |     768     384     768 |    0.2   12.6    0.7
371  |   194 |    3280 |    5377     385    5377 |     769     385     769 |    0.1   12.8    0.7
372  |   194 |    3253 |    4598     384    4598 |     768     384     768 |    0.1    9.5    0.6
373  |   193 |    2292 |    5361     384    5361 |     769     384     769 |    0.1   12.6    0.7
374  |   194 |    3276 |    5369     384    5369 |     769     384     769 |    0.2   12.6    0.7
375  |   194 |    2659 |    4573     384    4573 |     767     384     767 |    0.1    8.8    0.6
376  |   194 |    3278 |    5379     385    5379 |     770     385     770 |    0.1   12.6    0.7
377  |   193 |    2101 |    4601     384    4601 |     768     384     768 |    0.1    9.2    0.6
378  |   194 |    3271 |    5359     384    5359 |     768     384     768 |    0.1   12.6    0.7
379  |   193 |    2278 |    5355     384    5355 |     769     384     769 |    0.1   12.7    0.7
380  |   194 |    3277 |    5373     385    5373 |     771     385     771 |    0.1   13.2    0.7
381  |   194 |    3267 |    5365     384    5365 |     769     385     769 |    0.1   12.4    0.7
382  |   193 |    3265 |    5361     384    5361 |     767     384     767 |    0.1   11.8    0.7
383  |   194 |    3291 |    5384     386    5384 |     771     386     771 |    0.1   13.0    0.7
384  |   194 |    3285 |    5382     385    5382 |     771     385     771 |    0.1   12.2    0.7
385  |   194 |    3282 |    5375     385    5375 |     770     385     770 |    0.1   12.4    0.7
386  |   194 |    2114 |    5374     385    5374 |     771     385     771 |    0.1   11.8    0.7
387  |   194 |    3269 |    5368     385    5368 |     770     385     770 |    0.1   12.6    0.7
388  |   194 |    3274 |    5367     384    5367 |     769     384     769 |    0.1   12.6    0.7
389  |   194 |    2300 |    5376     386    5376 |     772     386     772 |    0.1   13.0    0.7
390  |   194 |    3283 |    5364     386    5364 |     772     386     772 |    0.1   12.2    0.7
391  |   194 |    3287 |    5375     385    5375 |     771     385     771 |    0.1   13.4    0.7
392  |   194 |    3283 |    5374     385    5374 |     770     385     770 |    0.1   12.7    0.7
393  |   194 |    3285 |    5369     385    5369 |     772     386     772 |    0.1   13.1    0.7
394  |   194 |    3285 |    5383     385    5383 |     771     385     771 |    0.1   13.0    0.7
395  |   194 |    3287 |    5380     385    5380 |     770     385     770 |    0.1   13.0    0.7
396  |   193 |    3254 |    5333     384    5333 |     770     384     770 |    0.1   11.2    0.6
397  |   194 |    3289 |    5379     386    5379 |     771     386     771 |    0.1   12.9    0.7
398  |   194 |    3273 |    5374     385    5374 |     770     385     770 |    0.2   12.7    0.7
399  |   194 |    3282 |    5376     386    5376 |     773     386     773 |    0.2   13.1    0.7
400  |   194 |    3251 |    5358     384    5358 |     767     384     767 |    0.1    9.5    0.6
401  |   194 |    3237 |    4585     384    4585 |     768     384     768 |    0.1    8.8    0.6
402  |   194 |    3274 |    5363     384    5363 |     768     384     768 |    0.1   12.3    0.7
403  |   194 |    3266 |    5340     384    5340 |     769     384     769 |    0.1   12.6    0.7
404  |   193 |    3252 |    5339     383    5339 |     766     383     766 |    0.1   12.4    0.7
405  |   194 |    3272 |    5368     384    5368 |     768     384     768 |    0.1   12.1    0.7
406  |   193 |    3267 |    5366     384    5366 |     768     384     768 |    0.1   12.4    0.7
407  |   193 |    3263 |    5353     383    5353 |     767     383     767 |    0.1   12.5    0.7
408  |   194 |    3270 |    5351     385    5351 |     771     385     771 |    0.1   12.4    0.7
409  |   194 |    3280 |    5359     386    5359 |     772     386     772 |    0.1   12.7    0.7
410  |   193 |    3265 |    5363     384    5363 |     769     384     769 |    0.1   12.3    0.7
411  |   194 |    3272 |    5360     385    5360 |     769     385     769 |    0.1   12.8    0.7
412  |   194 |    3280 |    5377     385    5377 |     771     385     771 |    0.2   12.9    0.7
413  |   194 |    3283 |    5384     386    5384 |     771     386     771 |    0.1   12.8    0.7
414  |   194 |    3272 |    5371     385    5371 |     770     385     770 |    0.3   13.1    0.9
415  |   194 |    3283 |    5366     385    5366 |     771     385     771 |    0.2   13.0    0.8
416  |   194 |    3278 |    5369     385    5369 |     772     385     772 |    0.1   13.2    0.7
417  |   194 |    3281 |    5373     385    5373 |     769     385     769 |    0.1   12.8    0.7
418  |   192 |    3241 |    4590     383    4590 |     766     383     766 |    0.1    9.3    0.6
419  |   193 |    3230 |    4576     384    4576 |     767     384     767 |    0.1    9.8    0.6
420  |   193 |    3259 |    5358     383    5358 |     768     384     768 |    0.1   12.2    0.7
421  |   194 |    3286 |    5374     386    5374 |     772     386     772 |    0.1   12.6    0.7
422  |   194 |    3283 |    5380     385    5380 |     770     385     770 |    0.1   12.4    0.7
423  |   193 |    2659 |    4592     383    4592 |     767     383     767 |    0.1    9.3    0.6
424  |   194 |    3276 |    5373     385    5373 |     770     385     770 |    0.1   13.1    0.7
425  |   194 |    3287 |    5381     385    5381 |     771     385     771 |    0.1   12.9    0.7
426  |   191 |    3215 |    4549     383    4549 |     765     383     765 |    0.1    9.5    0.6
427  |   194 |    3281 |    5373     385    5373 |     770     385     770 |    0.1   12.2    0.7
428  |   193 |    3253 |    5356     384    5356 |     767     384     767 |    0.1   12.4    0.7
429  |   194 |    3276 |    5366     385    5366 |     770     385     770 |    0.1   12.1    0.7
430  |   192 |    3233 |    5323     383    5323 |     765     383     765 |    0.1   12.8    0.7
431  |   194 |    3268 |    5367     384    5367 |     769     384     769 |    0.1   12.6    0.8
432  |   194 |    3260 |    5354     383    5354 |     769     384     769 |    0.2   12.9    0.7
433  |   194 |    3273 |    5369     385    5369 |     770     385     770 |    0.1   12.8    0.7
434  |   194 |    3278 |    5373     385    5373 |     771     385     771 |    0.1   12.9    0.7
435  |   194 |    3288 |    5381     386    5381 |     772     386     772 |    0.1   12.5    0.7
436  |   194 |    3282 |    5373     384    5373 |     770     385     770 |    0.1   12.4    0.7
437  |   194 |    3281 |    5370     385    5370 |     771     385     771 |    0.1   12.5    0.7
438  |   194 |    3275 |    5365     385    5365 |     770     385     770 |    0.2   12.7    0.7
439  |   194 |    3263 |    5349     384    5349 |     767     384     767 |    0.1   12.6    0.7
440  |   194 |    3263 |    5332     385    5332 |     770     385     770 |    0.1   12.1    0.7
441  |   194 |    3287 |    5379     386    5379 |     771     386     771 |    0.1   12.4    0.7
442  |   194 |    3265 |    5350     384    5350 |     768     384     768 |    0.1   12.4    0.7
443  |   193 |    3260 |    5355     384    5355 |     767     384     767 |    0.1   12.0    0.7
444  |   192 |    3244 |    5349     383    5349 |     766     383     766 |    0.1   12.6    0.7
445  |   194 |    3265 |    5363     384    5363 |     769     384     769 |    0.1   12.1    0.7
446  |   194 |    3285 |    5372     385    5372 |     771     385     771 |    0.1   13.0    0.7
447  |   194 |    2122 |    5367     385    5367 |     770     385     770 |    0.1    9.5    0.6
448  |   194 |    3283 |    5380     385    5380 |     770     385     770 |    0.1   12.8    0.7
449  |   194 |    3287 |    5366     386    5366 |     772     386     772 |    0.1   11.9    0.7
450  |   194 |    2115 |    5372     385    5372 |     770     385     770 |    0.1   12.0    0.7
451  |   194 |    3257 |    5337     385    5337 |     769     385     769 |    0.1   12.8    0.7
452  |   194 |    3280 |    5372     385    5372 |     771     385     771 |    0.1   12.5    0.7
453  |   194 |    2679 |    5359     385    5359 |     769     385     769 |    0.1   12.0    0.7
454  |   193 |    2490 |    5357     385    5357 |     770     385     770 |    0.1   12.6    0.7
455  |   194 |    3279 |    5369     386    5369 |     772     386     772 |    0.1   12.7    0.7
456  |   194 |    3257 |    4606     384    4606 |     768     384     768 |    0.1    9.5    0.6
457  |   194 |    3283 |    5373     385    5373 |     771     385     771 |    0.1   12.8    0.7
458  |   193 |    3263 |    5364     384    5364 |     768     384     768 |    0.1   12.5    0.7
459  |   194 |    2504 |    5365     386    5365 |     773     386     773 |    0.1    9.8    0.6
460  |   194 |    3281 |    5378     385    5378 |     771     385     771 |    0.1   13.0    0.7
461  |   190 |    2065 |    4546     383    4546 |     765     383     765 |    0.1    9.0    0.6
462  |   194 |    3283 |    5380     385    5380 |     770     385     770 |    0.1   12.3    0.7
463  |   193 |    3248 |    4591     384    4591 |     768     384     768 |    0.1    9.1    0.6
464  |   194 |    3282 |    5377     385    5377 |     770     385     770 |    0.2   12.5    0.7
465  |   194 |    3252 |    5306     384    5306 |     770     384     770 |    0.1   11.8    0.7
466  |   194 |    3270 |    5357     385    5357 |     769     385     769 |    0.1   12.4    0.7
467  |   194 |    3289 |    5369     386    5369 |     773     386     773 |    0.1   12.6    0.7
468  |   194 |    2493 |    5361     384    5361 |     769     384     769 |    0.1   12.2    0.7
469  |   194 |    2679 |    5376     385    5376 |     769     385     769 |    0.1   12.8    0.7
470  |   194 |    2296 |    5371     385    5371 |     771     385     771 |    0.1   12.8    0.7
471  |   193 |    3264 |    5364     384    5364 |     768     384     768 |    0.1   12.2    0.7
472  |   193 |    2108 |    5365     385    5365 |     770     385     770 |    0.1   12.4    0.7
473  |   194 |    3275 |    5356     384    5356 |     769     384     769 |    0.1   12.7    0.7
474  |   194 |    3271 |    5372     385    5372 |     769     385     769 |    0.1   12.6    0.7
475  |   194 |    3241 |    4587     383    4587 |     768     383     768 |    0.1    9.1    0.6
476  |   193 |    2096 |    4594     383    4594 |     767     383     767 |    0.1    9.4    0.6
477  |   193 |    3253 |    5341     384    5341 |     768     384     768 |    0.1   12.4    0.7
478  |   194 |    3274 |    4613     385    4613 |     769     385     769 |    0.1   10.2    0.7
479  |   193 |    3243 |    4594     383    4594 |     766     383     766 |    0.2   10.1    0.7
480  |   194 |    3280 |    5374     385    5374 |     771     385     771 |    0.1   13.2    0.7
481  |   194 |    3265 |    5372     385    5372 |     770     385     770 |    0.1   12.8    0.7
482  |   194 |    3278 |    5374     385    5374 |     769     385     769 |    0.2   12.8    0.7
483  |   194 |    2093 |    5337     384    5337 |     768     384     768 |    0.1    9.5    0.6
484  |   194 |    3279 |    5378     385    5378 |     770     385     770 |    0.1   11.9    0.7
485  |   193 |    2488 |    5343     384    5343 |     767     384     767 |    0.1    9.2    0.6
486  |   194 |    3284 |    5374     385    5374 |     770     385     770 |    0.1   13.0    0.7
487  |   194 |    3273 |    5363     384    5363 |     768     384     768 |    0.1   12.9    0.7
488  |   194 |    3280 |    5361     385    5361 |     771     386     771 |    0.1   12.2    0.7
489  |   191 |    3217 |    4561     383    4561 |     765     383     765 |    0.1    8.4    0.5
490  |   194 |    2302 |    5374     385    5374 |     770     385     770 |    0.1   12.6    0.7
491  |   193 |    3267 |    5365     384    5365 |     768     384     768 |    0.1   12.6    0.7
492  |   194 |    3270 |    5356     385    5356 |     770     385     770 |    0.2   12.5    0.7
493  |   194 |    3282 |    5378     385    5378 |     770     385     770 |    0.1   13.2    0.7
494  |   194 |    2666 |    5296     387    5296 |     774     387     774 |    0.1    9.2    0.6
495  |   194 |    3276 |    5373     385    5373 |     770     385     770 |    0.1   12.6    0.7
496  |   194 |    3278 |    5364     385    5364 |     770     385     770 |    0.1   12.6    0.7
497  |   193 |    3260 |    5354     384    5354 |     768     384     768 |    0.1   12.3    0.7
498  |   194 |    3252 |    4602     384    4602 |     769     384     769 |    0.1    9.1    0.6
499  |   194 |    3284 |    5372     386    5372 |     771     385     771 |    0.1   12.5    0.7
500  |   194 |    3287 |    5374     386    5374 |     771     386     771 |    0.1   12.1    0.7
501  |   194 |    3267 |    5368     385    5368 |     769     384     769 |    0.1   12.4    0.7
502  |   194 |    3276 |    5374     385    5374 |     769     385     769 |    0.1   13.0    0.7
503  |   193 |    3266 |    5358     385    5358 |     769     385     769 |    0.1    9.4    0.6
504  |   194 |    3288 |    5379     386    5379 |     771     386     771 |    0.1   12.6    0.7
505  |   193 |    3252 |    5336     383    5336 |     766     383     766 |    0.1   12.3    0.7
506  |   194 |    3282 |    5377     385    5377 |     771     385     771 |    0.1   13.0    0.7
507  |   193 |    2877 |    5346     385    5346 |     771     385     771 |    0.1    9.5    0.6
508  |   193 |    3271 |    5367     384    5367 |     769     384     769 |    0.1   13.0    0.7
509  |   192 |    3241 |    5337     383    5337 |     766     383     766 |    0.1   12.0    0.7
510  |   194 |    3278 |    5364     385    5364 |     770     385     770 |    0.1   12.7    0.7
511  |   194 |    3286 |    5360     386    5360 |     773     386     773 |    0.1   12.9    0.7
512  |   194 |    3282 |    5381     385    5381 |     771     385     771 |    0.1   12.5    0.7
513  |   194 |    3256 |    5363     384    5363 |     769     384     769 |    0.1   12.4    0.7
514  |   194 |    3283 |    5372     385    5372 |     770     385     770 |    0.1   12.4    0.7
515  |   192 |    3252 |    5349     384    5349 |     766     383     766 |    0.1   12.3    0.7
516  |   194 |    3280 |    5369     385    5369 |     771     385     771 |    0.1   12.0    0.7
517  |   193 |    3273 |    5367     385    5367 |     769     385     769 |    0.1   12.3    0.7
518  |   194 |    3285 |    5378     385    5378 |     771     386     771 |    0.1   12.2    0.7
519  |   193 |    2881 |    5365     385    5365 |     771     385     771 |    0.1    9.6    0.6
520  |   194 |    3273 |    5374     385    5374 |     770     384     770 |    0.1   12.9    0.7
521  |   194 |    3219 |    4566     384    4566 |     768     384     768 |    0.1    9.4    0.6
522  |   194 |    3257 |    5361     384    5361 |     769     384     769 |    0.1   12.9    0.7
523  |   194 |    3259 |    5347     384    5347 |     767     384     767 |    0.1    9.2    0.6
524  |   194 |    3269 |    5368     385    5368 |     770     385     770 |    0.1   12.5    0.7
525  |   194 |    3280 |    5367     385    5367 |     771     385     771 |    0.1   12.6    0.7
526  |   193 |    2286 |    4594     384    4594 |     767     384     767 |    0.1    8.9    0.6
527  |   194 |    2685 |    5358     384    5358 |     770     385     770 |    0.1    8.9    0.6
528  |   194 |    3281 |    5365     385    5365 |     771     385     771 |    0.1   12.3    0.7
529  |   194 |    3253 |    5325     384    5325 |     768     384     768 |    0.1   12.3    0.7
530  |   194 |    3285 |    5373     385    5373 |     771     385     771 |    0.1   12.2    0.7
531  |   194 |    3275 |    5368     384    5368 |     769     384     769 |    0.1   12.6    0.7
532  |   193 |    3267 |    5353     385    5353 |     770     385     770 |    0.1   12.6    0.7
533  |   194 |    3278 |    5365     385    5365 |     771     385     771 |    0.1   13.1    0.7
534  |   193 |    2489 |    5360     384    5360 |     769     384     769 |    0.1   12.1    0.7
535  |   194 |    3285 |    5376     386    5376 |     772     386     772 |    0.1   12.1    0.7
536  |   194 |    3276 |    5366     385    5366 |     771     385     771 |    0.1   12.7    0.7
537  |   194 |    3256 |    5363     384    5363 |     768     384     768 |    0.1   12.3    0.7
538  |   193 |    3260 |    5351     384    5351 |     769     384     769 |    0.1   12.2    0.7
539  |   194 |    2707 |    5379     386    5379 |     772     386     772 |    0.2    9.9    0.6
540  |   194 |    3282 |    5371     385    5371 |     771     385     771 |    0.1   13.2    0.7
541  |   194 |    2893 |    5376     386    5376 |     773     386     773 |    0.2   12.2    0.7
542  |   194 |    3284 |    5374     386    5374 |     772     386     772 |    0.1   12.8    0.7
543  |   194 |    3276 |    5366     385    5366 |     769     385     769 |    0.1   12.8    0.7
544  |   192 |    3226 |    4572     383    4572 |     766     383     766 |    0.1    9.0    0.6
545  |   194 |    3285 |    5378     385    5378 |     770     385     770 |    0.1   12.9    0.7
546  |   194 |    3269 |    5358     386    5358 |     772     386     772 |    0.2   12.2    0.7
547  |   194 |    2125 |    5374     385    5374 |     772     385     772 |    0.1    9.2    0.6
548  |   192 |    3241 |    4583     383    4583 |     765     383     765 |    0.1    9.4    0.6
549  |   193 |    3257 |    5359     383    5359 |     767     383     767 |    0.1   12.3    0.7
550  |   194 |    3284 |    5382     385    5382 |     770     385     770 |    0.1   12.6    0.7
551  |   194 |    3276 |    5368     385    5368 |     769     385     769 |    0.1   13.0    0.7
552  |   194 |    3275 |    5367     384    5367 |     768     384     768 |    0.1   11.9    0.7
553  |   194 |    3261 |    5368     384    5368 |     768     384     768 |    0.2   12.2    0.7
554  |   193 |    3269 |    5358     384    5358 |     769     384     769 |    0.1   12.4    0.7
555  |   194 |    3257 |    5348     385    5348 |     770     385     770 |    0.1    9.7    0.6
556  |   194 |    3259 |    5350     384    5350 |     767     384     767 |    0.1   12.2    0.7
557  |   194 |    3280 |    5374     385    5374 |     770     385     770 |    0.1   12.9    0.7
558  |   193 |    3265 |    5358     384    5358 |     769     384     769 |    0.1   12.6    0.7
559  |   193 |    3215 |    4566     383    4566 |     767     383     767 |    0.1    9.2    0.6
560  |   193 |    3241 |    4586     383    4586 |     767     383     767 |    0.1    9.3    0.6
561  |   194 |    3261 |    5360     384    5360 |     768     384     768 |    0.1   12.4    0.7
562  |   194 |    3257 |    5328     384    5328 |     768     384     768 |    0.2   11.8    0.6
563  |   194 |    3277 |    5370     385    5370 |     770     385     770 |    0.1   12.3    0.7
564  |   194 |    3286 |    5380     386    5380 |     771     386     771 |    0.1   12.8    0.7
565  |   193 |    3248 |    5318     387    5318 |     774     387     774 |    0.1   12.1    0.7
566  |   192 |    3250 |    5349     383    5349 |     766     383     766 |    0.1   13.4    0.7
567  |   193 |    3241 |    5332     383    5332 |     766     383     766 |    0.1   12.3    0.7
568  |   194 |    3284 |    5374     385    5374 |     770     385     770 |    0.2   12.8    0.7
569  |   194 |    3279 |    5376     385    5376 |     771     385     771 |    0.1   12.5    0.7
570  |   194 |    3277 |    5368     384    5368 |     769     384     769 |    0.1   12.5    0.7
571  |   194 |    3278 |    5373     384    5373 |     769     384     769 |    0.1   13.2    0.7
572  |   194 |    3282 |    5371     385    5371 |     770     385     770 |    0.2   12.5    0.7
573  |   194 |    3282 |    5377     386    5377 |     771     386     771 |    0.1   12.7    0.7
574  |   194 |    3281 |    5383     385    5383 |     770     385     770 |    0.1   13.1    0.7
575  |   194 |    3245 |    4594     384    4594 |     769     384     769 |    0.1    9.2    0.6
576  |   192 |    3213 |    4560     383    4560 |     766     383     766 |    0.1    9.6    0.6
577  |   194 |    3277 |    5365     385    5365 |     771     385     771 |    0.2   12.8    0.7
578  |   192 |    2265 |    4571     382    4571 |     765     383     765 |    0.1    9.0    0.6
579  |   194 |    3287 |    5373     385    5373 |     771     385     771 |    0.1   12.7    0.7
580  |   194 |    3273 |    5372     385    5372 |     769     385     769 |    0.1   13.1    0.7
581  |   193 |    3234 |    4580     383    4580 |     766     383     766 |    0.1    9.6    0.6
582  |   194 |    3274 |    5345     386    5345 |     772     386     772 |    0.1    9.6    0.6
583  |   193 |    3270 |    5365     384    5365 |     769     384     769 |    0.1   12.6    0.7
584  |   194 |    3271 |    5361     385    5361 |     771     385     771 |    0.1   13.1    0.7
585  |   194 |    2118 |    5365     385    5365 |     770     385     770 |    0.1    9.4    0.6
586  |   193 |    3248 |    5340     383    5340 |     766     383     766 |    0.1   12.2    0.7
587  |   194 |    3279 |    5369     385    5369 |     770     385     770 |    0.1   12.7    0.7
588  |   194 |    3278 |    5353     385    5353 |     771     385     771 |    0.1   11.9    0.7
589  |   194 |    3271 |    5356     384    5356 |     771     384     771 |    0.1   11.9    0.7
590  |   194 |    2682 |    5363     385    5363 |     770     385     770 |    0.1   12.8    0.7
591  |   194 |    3290 |    5377     386    5377 |     772     386     772 |    0.1   11.9    0.7
592  |   194 |    3220 |    4564     384    4564 |     769     384     769 |    0.1    9.0    0.6
593  |   194 |    3281 |    5380     385    5380 |     770     385     770 |    0.1   12.5    0.7
594  |   193 |    3264 |    5353     385    5353 |     770     385     770 |    0.1    9.6    0.6
595  |   194 |    3259 |    5365     384    5365 |     768     384     768 |    0.2   12.5    0.7
596  |   194 |    3280 |    5372     385    5372 |     770     385     770 |    0.1   12.4    0.7
597  |   194 |    3287 |    5376     385    5376 |     772     386     772 |    0.1   12.5    0.7
598  |   194 |    3267 |    5355     384    5355 |     768     384     768 |    0.1   11.7    0.7
599  |   194 |    2290 |    5366     385    5366 |     770     385     770 |    0.1   12.1    0.7
600  |   194 |    3287 |    5378     385    5378 |     771     385     771 |    0.1   12.7    0.7
601  |   194 |    2104 |    4604     384    4604 |     768     384     768 |    0.1    9.4    0.6
602  |   194 |    2290 |    5365     385    5365 |     769     385     769 |    0.1   12.2    0.7
603  |   194 |    2287 |    5369     384    5369 |     769     384     769 |    0.1   12.3    0.7
604  |   194 |    3279 |    5368     385    5368 |     770     385     770 |    0.1   12.8    0.7
605  |   194 |    3274 |    5372     385    5372 |     770     385     770 |    0.1   12.5    0.7
606  |   194 |    3255 |    5325     384    5325 |     768     384     768 |    0.1   12.3    0.7
607  |   192 |    3256 |    5352     384    5352 |     767     384     767 |    0.1   12.0    0.7
608  |   194 |    2474 |    4597     384    4597 |     768     384     768 |    0.1    9.1    0.6
609  |   194 |    3277 |    5364     386    5364 |     771     386     771 |    0.1   12.1    0.7
610  |   194 |    3285 |    5380     385    5380 |     770     385     770 |    0.1   12.5    0.7
611  |   193 |    2096 |    4590     383    4590 |     767     383     767 |    0.1    9.2    0.6
612  |   194 |    2115 |    5369     385    5369 |     771     385     771 |    0.1   11.7    0.7
613  |   194 |    2312 |    5359     385    5359 |     771     385     771 |    0.1    9.5    0.6
614  |   194 |    3285 |    5380     385    5380 |     771     385     771 |    0.1   12.5    0.7
615  |   194 |    3247 |    4603     384    4603 |     768     384     768 |    0.1    9.4    0.6
616  |   192 |    2475 |    5335     384    5335 |     768     384     768 |    0.1    9.3    0.6
617  |   194 |    2287 |    4595     383    4595 |     768     384     768 |    0.1    9.2    0.6
618  |   194 |    3267 |    5368     384    5368 |     769     384     769 |    0.1   12.7    0.7
619  |   194 |    3271 |    5363     384    5363 |     768     384     768 |    0.1   12.3    0.7
620  |   193 |    3268 |    4602     384    4602 |     768     384     768 |    0.1    9.2    0.6
621  |   193 |    3251 |    5339     383    5339 |     766     383     766 |    0.1   12.1    0.7
622  |   194 |    3265 |    5366     384    5366 |     769     384     769 |    0.1   12.3    0.7
623  |   194 |    3280 |    5366     385    5366 |     770     385     770 |    0.2   12.6    0.7
624  |   194 |    2510 |    5384     385    5384 |     771     385     771 |    0.1   13.0    0.7
625  |   194 |    2499 |    5373     385    5373 |     771     386     771 |    0.1   12.5    0.7
626  |   194 |    2499 |    5372     385    5372 |     770     385     770 |    0.1    8.9    0.6
627  |   191 |    3200 |    4523     384    4523 |     767     384     767 |    0.1    8.6    0.6
628  |   194 |    3261 |    5351     384    5351 |     767     384     767 |    0.1   12.3    0.7
629  |   194 |    2479 |    4596     384    4596 |     768     384     768 |    0.1    9.2    0.6
630  |   194 |    3287 |    5378     385    5378 |     771     385     771 |    0.1   12.3    0.7
631  |   194 |    2095 |    4593     384    4593 |     768     384     768 |    0.1    9.5    0.6
632  |   194 |    3278 |    5368     385    5368 |     771     385     771 |    0.1   12.5    0.7
633  |   194 |    2698 |    5365     385    5365 |     771     385     771 |    0.1    9.5    0.6
634  |   193 |    3253 |    4584     383    4584 |     766     383     766 |    0.1    9.2    0.6
635  |   194 |    3276 |    5362     385    5362 |     771     385     771 |    0.1   12.8    0.7
636  |   194 |    3261 |    5369     384    5369 |     769     384     769 |    0.1   12.6    0.7
637  |   194 |    3269 |    5363     384    5363 |     768     384     768 |    0.1   12.2    0.7
638  |   194 |    3255 |    4604     384    4604 |     768     384     768 |    0.1    9.3    0.6
639  |   193 |    3265 |    5355     384    5355 |     769     384     769 |    0.1   13.0    0.7
640  |   194 |    3274 |    5365     385    5365 |     771     385     771 |    0.1   12.2    0.7
641  |   194 |    3268 |    5351     384    5351 |     768     384     768 |    0.1   12.0    0.7
642  |   194 |    3274 |    5376     385    5376 |     770     385     770 |    0.1   12.2    0.7
643  |   194 |    3284 |    5374     386    5374 |     771     386     771 |    0.1   12.1    0.7
644  |   193 |    3246 |    4593     383    4593 |     766     383     766 |    0.1    9.1    0.6
645  |   194 |    3260 |    5363     384    5363 |     769     384     769 |    0.1   12.3    0.7
646  |   194 |    3288 |    5385     386    5385 |     771     386     771 |    0.1   12.3    0.7
647  |   190 |    2450 |    5291     384    5291 |     767     384     767 |    0.1    9.1    0.6
648  |   193 |    3264 |    5359     383    5359 |     767     383     767 |    0.1   12.2    0.7
649  |   194 |    3275 |    5374     385    5374 |     770     385     770 |    0.1   12.1    0.7
650  |   194 |    2477 |    4596     384    4596 |     768     384     768 |    0.1    9.1    0.6
651  |   193 |    3249 |    5321     383    5321 |     768     383     768 |    0.1   12.1    0.7
652  |   192 |    3248 |    4593     383    4593 |     766     383     766 |    0.1    9.4    0.6
653  |   194 |    3267 |    5342     384    5342 |     768     384     768 |    0.1   12.6    0.7
654  |   194 |    3282 |    5381     385    5381 |     770     385     770 |    0.1   12.1    0.7
655  |   194 |    3284 |    5375     385    5375 |     770     385     770 |    0.1   12.4    0.7
656  |   194 |    3276 |    5366     384    5366 |     769     384     769 |    0.1   12.5    0.7
657  |   194 |    2473 |    4587     383    4587 |     768     384     768 |    0.1    9.3    0.6
658  |   194 |    3278 |    5372     385    5372 |     771     385     771 |    0.1   13.1    0.7
659  |   194 |    3281 |    5364     386    5364 |     772     386     772 |    0.1   12.2    0.7
660  |   194 |    3258 |    4603     384    4603 |     769     385     769 |    0.1    9.3    0.6
661  |   194 |    3250 |    5360     384    5360 |     768     384     768 |    0.1    9.5    0.6
662  |   194 |    3272 |    5372     385    5372 |     769     385     769 |    0.1   12.2    0.7
663  |   194 |    3274 |    5369     385    5369 |     770     385     770 |    0.1    9.8    0.6
664  |   194 |    2685 |    5368     384    5368 |     768     384     768 |    0.1    9.2    0.6
665  |   194 |    3281 |    5364     385    5364 |     771     385     771 |    0.2   12.7    0.7
666  |   193 |    3266 |    5355     384    5355 |     770     384     770 |    0.2   12.6    0.7
667  |   194 |    3279 |    5368     386    5368 |     772     386     772 |    0.1   12.8    0.7
668  |   193 |    3247 |    5324     384    5324 |     767     384     767 |    0.1   12.2    0.7
669  |   194 |    3286 |    5373     385    5373 |     772     385     772 |    0.1   12.8    0.7
670  |   194 |    3274 |    5361     386    5361 |     773     386     773 |    0.1   12.0    0.7
671  |   194 |    3282 |    5382     385    5382 |     770     385     770 |    0.1    9.6    0.6
672  |   194 |    3280 |    4613     386    4613 |     771     385     771 |    0.1    9.6    0.6
673  |   193 |    3267 |    5365     384    5365 |     768     384     768 |    0.1   12.7    0.7
674  |   193 |    2094 |    4588     383    4588 |     766     383     766 |    0.1    9.1    0.6
675  |   193 |    3263 |    5355     385    5355 |     769     385     769 |    0.1   12.3    0.7
676  |   194 |    3278 |    5374     384    5374 |     769     384     769 |    0.1   12.8    0.7
677  |   194 |    2882 |    5352     385    5352 |     770     385     770 |    0.1    9.5    0.6
678  |   193 |    2493 |    5346     385    5346 |     770     385     770 |    0.1    9.7    0.6
679  |   194 |    3271 |    5369     385    5369 |     770     385     770 |    0.1   12.5    0.7
680  |   194 |    3275 |    5355     384    5355 |     772     386     772 |    0.1   12.1    0.7
681  |   194 |    2115 |    5369     385    5369 |     771     385     771 |    0.1   12.3    0.7
682  |   194 |    3249 |    4600     384    4600 |     767     384     767 |    0.1    9.7    0.6
683  |   194 |    2111 |    5367     385    5367 |     769     384     769 |    0.1   12.9    0.7
684  |   194 |    3283 |    5372     386    5372 |     772     386     772 |    0.2   12.8    0.7
685  |   192 |    3252 |    5347     383    5347 |     767     383     767 |    0.1   12.5    0.7
686  |   194 |    2500 |    5349     385    5349 |     772     385     772 |    0.2    9.6    0.6
687  |   194 |    3291 |    5382     385    5382 |     771     385     771 |    0.1   12.5    0.7
688  |   194 |    2516 |    5378     386    5378 |     772     386     772 |    0.1    9.8    0.6
689  |   193 |    3272 |    5366     384    5366 |     769     384     769 |    0.2   12.0    0.7
690  |   193 |    3275 |    5374     385    5374 |     770     385     770 |    0.1   12.6    0.7
691  |   194 |    3267 |    5369     384    5369 |     769     384     769 |    0.1   12.8    0.7
692  |   194 |    2104 |    4600     385    4600 |     769     385     769 |    0.1    9.8    0.6
693  |   194 |    3277 |    5368     385    5368 |     770     385     770 |    0.1   12.6    0.7
694  |   193 |    3259 |    5357     384    5357 |     768     384     768 |    0.1   12.6    0.7
695  |   193 |    3259 |    5345     383    5345 |     768     383     768 |    0.1   12.5    0.7
696  |   194 |    3279 |    5378     385    5378 |     770     385     770 |    0.1   12.5    0.7
697  |   193 |    2878 |    5353     384    5353 |     769     384     769 |    0.1    9.5    0.6
698  |   193 |    3270 |    5362     384    5362 |     769     384     769 |    0.1   12.7    0.7
699  |   194 |    2520 |    5343     388    5343 |     776     388     776 |    0.1    9.9    0.6
700  |   194 |    3282 |    5380     385    5380 |     771     385     771 |    0.1   12.8    0.7
701  |   194 |    3285 |    5356     386    5356 |     773     386     773 |    0.1   12.6    0.7
702  |   192 |    3248 |    5353     383    5353 |     766     383     766 |    0.1    9.5    0.6
703  |   190 |    3204 |    4543     385    4543 |     769     385     769 |    0.1    9.1    0.6
704  |   194 |    3233 |    4582     384    4582 |     767     384     767 |    0.1    9.5    0.6
705  |   193 |    3261 |    5357     383    5357 |     767     383     767 |    0.1   11.7    0.6
706  |   193 |    2278 |    4582     383    4582 |     766     383     766 |    0.2    9.3    0.6
707  |   194 |    3288 |    5383     385    5383 |     770     385     770 |    0.1   13.0    0.7
708  |   192 |    3251 |    5354     383    5354 |     767     383     767 |    0.2   12.1    0.7
709  |   192 |    2090 |    4574     382    4574 |     766     383     766 |    0.1    9.0    0.6
710  |   194 |    3276 |    5369     385    5369 |     771     385     771 |    0.1   12.6    0.7
711  |   194 |    3270 |    5372     384    5372 |     770     385     770 |    0.1   12.8    0.7
712  |   194 |    3283 |    5360     386    5360 |     772     386     772 |    0.1   12.3    0.7
713  |   194 |    3270 |    5363     384    5363 |     768     384     768 |    0.1   13.2    0.7
714  |   194 |    2109 |    5373     385    5373 |     770     385     770 |    0.1   12.7    0.7
715  |   193 |    3252 |    5357     383    5357 |     767     383     767 |    0.1   12.8    0.7
716  |   194 |    3279 |    5380     386    5380 |     771     386     771 |    0.1   12.1    0.7
717  |   194 |    2300 |    5367     386    5367 |     773     386     773 |    0.1   13.1    0.7
718  |   194 |    3287 |    5382     386    5382 |     772     386     772 |    0.1   12.4    0.7
719  |   193 |    3266 |    5359     384    5359 |     768     384     768 |    0.1   12.8    0.7
720  |   194 |    3288 |    5379     386    5379 |     771     385     771 |    0.1   12.7    0.7
721  |   194 |    3281 |    5372     385    5372 |     770     385     770 |    0.1   12.4    0.7
722  |   194 |    2509 |    5371     385    5371 |     771     385     771 |    0.1   12.6    0.7
723  |   194 |    2287 |    5360     385    5360 |     770     385     770 |    0.1   12.2    0.7
724  |   194 |    3286 |    5387     386    5387 |     772     386     772 |    0.1    9.7    0.6
725  |   193 |    3270 |    5371     385    5371 |     769     385     769 |    0.1   12.3    0.7
726  |   194 |    2096 |    4596     384    4596 |     768     384     768 |    0.1    9.0    0.6
727  |   194 |    3283 |    5381     385    5381 |     771     385     771 |    0.1   12.6    0.7
728  |   194 |    3287 |    5382     386    5382 |     771     386     771 |    0.1   12.9    0.7
729  |   194 |    3279 |    5374     385    5374 |     770     385     770 |    0.1   12.3    0.7
730  |   194 |    3275 |    5362     385    5362 |     769     385     769 |    0.1   13.1    0.7
731  |   194 |    3285 |    5369     385    5369 |     771     385     771 |    0.1   12.0    0.7
732  |   194 |    3277 |    5374     385    5374 |     770     385     770 |    0.1   13.2    0.7
733  |   194 |    3283 |    5358     386    5358 |     772     386     772 |    0.1   12.4    0.7
734  |   194 |    2119 |    5374     385    5374 |     770     385     770 |    0.1   10.2    0.6
735  |   194 |    3279 |    5378     385    5378 |     770     385     770 |    0.1   13.6    0.7
736  |   194 |    3271 |    5360     384    5360 |     771     385     771 |    0.1   12.7    0.7
737  |   194 |    2512 |    5373     386    5373 |     772     386     772 |    0.1   12.8    0.7
738  |   194 |    3276 |    5364     384    5364 |     768     384     768 |    0.2   12.9    0.7
739  |   191 |    2262 |    4570     383    4570 |     765     383     765 |    0.1    9.4    0.6
740  |   194 |    3288 |    5382     385    5382 |     771     385     771 |    0.1   12.7    0.7
741  |   193 |    2267 |    4565     383    4565 |     767     383     767 |    0.1    9.1    0.6
742  |   194 |    3282 |    5374     385    5374 |     770     385     770 |    0.1   12.9    0.7
743  |   193 |    2104 |    5359     384    5359 |     768     384     768 |    0.2   12.6    0.7
744  |   194 |    2295 |    5373     385    5373 |     770     385     770 |    0.1   12.6    0.7
745  |   193 |    3251 |    5341     383    5341 |     766     383     766 |    0.1   12.6    0.7
746  |   194 |    3279 |    5374     385    5374 |     770     385     770 |    0.1   13.0    0.7
747  |   194 |    3275 |    5377     385    5377 |     770     385     770 |    0.1   12.6    0.7
748  |   194 |    3287 |    5377     386    5377 |     772     386     772 |    0.1   12.2    0.7
749  |   194 |    2099 |    4597     384    4597 |     768     384     768 |    0.1    9.6    0.6
750  |   194 |    2292 |    5361     384    5361 |     768     384     768 |    0.1   12.4    0.7
751  |   193 |    3274 |    5366     385    5366 |     769     385     769 |    0.1   12.5    0.7
752  |   193 |    3256 |    5355     383    5355 |     766     383     766 |    0.1   12.5    0.7
753  |   194 |    3276 |    5364     385    5364 |     769     385     769 |    0.1   12.5    0.7
754  |   194 |    3279 |    5370     385    5370 |     769     385     769 |    0.2   12.6    0.7
755  |   194 |    3270 |    5359     385    5359 |     770     385     770 |    0.1   12.5    0.7
756  |   194 |    2102 |    4606     384    4606 |     768     384     768 |    0.1    9.5    0.6
757  |   194 |    3280 |    5370     386    5370 |     771     386     771 |    0.1   12.5    0.7
758  |   194 |    3270 |    5361     384    5361 |     767     384     767 |    0.2   13.1    0.7
759  |   194 |    3270 |    5369     385    5369 |     770     385     770 |    0.1   13.0    0.7
760  |   194 |    3278 |    5378     385    5378 |     770     385     770 |    0.1   13.2    0.7
761  |   193 |    2497 |    5369     385    5369 |     771     385     771 |    0.1   12.9    0.7
762  |   194 |    3279 |    5360     385    5360 |     771     385     771 |    0.1   11.9    0.7
763  |   194 |    3237 |    4583     384    4583 |     768     384     768 |    0.1    9.4    0.6
764  |   194 |    3264 |    5354     384    5354 |     768     384     768 |    0.1   12.5    0.7
765  |   194 |    3284 |    5382     385    5382 |     771     385     771 |    0.2   12.4    0.7
766  |   194 |    3263 |    5346     384    5346 |     770     385     770 |    0.1   12.3    0.7
767  |   194 |    3273 |    5365     384    5365 |     768     384     768 |    0.1   12.5    0.7
768  |   192 |    3258 |    5354     384    5354 |     767     384     767 |    0.1   12.6    0.7
769  |   194 |    3280 |    5374     386    5374 |     771     386     771 |    0.2   12.7    0.7
770  |   193 |    3262 |    5355     383    5355 |     767     383     767 |    0.1   12.5    0.7
771  |   192 |    3234 |    4580     383    4580 |     765     383     765 |    0.1    9.4    0.6
772  |   194 |    3289 |    5381     386    5381 |     771     386     771 |    0.1   12.4    0.7
773  |   194 |    2505 |    5380     385    5380 |     771     385     771 |    0.1   13.3    0.7
774  |   194 |    3285 |    5382     385    5382 |     770     385     770 |    0.1   12.6    0.7
775  |   194 |    3237 |    4586     384    4586 |     768     384     768 |    0.1    9.4    0.6
776  |   194 |    3267 |    5361     384    5361 |     771     385     771 |    0.1   12.8    0.7
777  |   194 |    3272 |    5371     385    5371 |     769     385     769 |    0.1   12.8    0.7
778  |   194 |    3280 |    5367     386    5367 |     771     386     771 |    0.1   12.0    0.7
779  |   194 |    3283 |    5370     385    5370 |     772     385     772 |    0.1   12.7    0.7
780  |   192 |    3229 |    4581     382    4581 |     765     383     765 |    0.1    9.2    0.6
781  |   194 |    3274 |    5372     385    5372 |     770     385     770 |    0.1   12.5    0.7
782  |   194 |    3262 |    5367     384    5367 |     768     384     768 |    0.1   13.1    0.7
783  |   194 |    3278 |    5365     385    5365 |     771     385     771 |    0.1   12.8    0.7
784  |   194 |    3284 |    5376     385    5376 |     771     385     771 |    0.1   12.6    0.7
785  |   194 |    2292 |    4602     384    4602 |     768     384     768 |    0.1    9.3    0.6
786  |   193 |    3257 |    5358     384    5358 |     768     384     768 |    0.1   12.6    0.7
787  |   194 |    3281 |    5361     385    5361 |     770     385     770 |    0.1   12.4    0.7
788  |   193 |    3271 |    5366     384    5366 |     768     384     768 |    0.1   12.8    0.7
789  |   194 |    3286 |    5372     386    5372 |     771     385     771 |    0.1   12.5    0.7
790  |   192 |    3251 |    5347     383    5347 |     767     383     767 |    0.1   12.7    0.7
791  |   193 |    3260 |    5359     384    5359 |     768     384     768 |    0.1   12.6    0.7
792  |   194 |    3272 |    5368     385    5368 |     771     385     771 |    0.1   12.3    0.7
793  |   194 |    3278 |    5380     385    5380 |     770     385     770 |    0.1   12.3    0.7
794  |   194 |    3283 |    5371     385    5371 |     770     385     770 |    0.1   13.0    0.7
795  |   194 |    3274 |    5367     384    5367 |     769     384     769 |    0.1   12.8    0.7
796  |   194 |    3276 |    5377     384    5377 |     770     385     770 |    0.1   12.9    0.7
797  |   192 |    2089 |    4582     383    4582 |     766     383     766 |    0.1    9.1    0.6
798  |   193 |    2678 |    5364     384    5364 |     769     384     769 |    0.1   12.3    0.7
799  |   194 |    2490 |    5367     384    5367 |     768     384     768 |    0.1   12.3    0.7
800  |   194 |    3253 |    5327     384    5327 |     768     384     768 |    0.1   13.0    0.7
801  |   194 |    3287 |    5376     385    5376 |     771     385     771 |    0.1   12.2    0.7
802  |   194 |    3286 |    5373     385    5373 |     770     385     770 |    0.1   12.9    0.7
803  |   194 |    3285 |    5357     386    5357 |     771     386     771 |    0.1   12.9    0.7
804  |   194 |    3275 |    5367     385    5367 |     770     385     770 |    0.1   12.5    0.7
805  |   194 |    3277 |    5364     386    5364 |     771     385     771 |    0.1   12.5    0.7
806  |   194 |    3274 |    5363     385    5363 |     770     385     770 |    0.1   12.4    0.7
807  |   194 |    3282 |    5366     385    5366 |     771     385     771 |    0.1   12.2    0.7
808  |   193 |    2092 |    4572     383    4572 |     767     383     767 |    0.1    9.0    0.6
809  |   194 |    3279 |    5367     385    5367 |     770     385     770 |    0.1    9.4    0.6
810  |   194 |    3261 |    5352     384    5352 |     769     384     769 |    0.1   12.7    0.7
811  |   194 |    2510 |    5381     386    5381 |     771     386     771 |    0.1   12.7    0.7
812  |   194 |    3275 |    5363     385    5363 |     770     385     770 |    0.1   12.2    0.7
813  |   194 |    3288 |    4614     386    4614 |     772     386     772 |    0.1    9.7    0.6
814  |   193 |    3261 |    5357     384    5357 |     769     384     769 |    0.1   12.8    0.7
815  |   193 |    3272 |    4609     384    4609 |     769     384     769 |    0.1    9.6    0.6
816  |   194 |    3277 |    5376     385    5376 |     771     385     771 |    0.1   12.8    0.7
817  |   194 |    3286 |    5374     385    5374 |     771     386     771 |    0.1   12.5    0.7
818  |   194 |    3269 |    5350     384    5350 |     768     384     768 |    0.1   12.6    0.7
819  |   194 |    3284 |    5369     385    5369 |     771     385     771 |    0.1   12.0    0.7
820  |   193 |    3269 |    5368     385    5368 |     769     384     769 |    0.1   12.3    0.7
821  |   194 |    2496 |    5364     385    5364 |     770     385     770 |    0.1   12.8    0.7
822  |   194 |    3287 |    5376     385    5376 |     770     385     770 |    0.1   13.0    0.7
823  |   193 |    3262 |    5354     384    5354 |     768     384     768 |    0.1   12.4    0.7
824  |   193 |    3256 |    5351     385    5351 |     770     385     770 |    0.1    9.4    0.6
825  |   192 |    3255 |    5352     383    5352 |     767     383     767 |    0.1   12.6    0.7
826  |   193 |    3253 |    5347     383    5347 |     767     383     767 |    0.1   13.7    0.7
827  |   193 |    3252 |    5361     384    5361 |     768     384     768 |    0.1   12.8    0.7
828  |   194 |    3265 |    5346     383    5346 |     768     383     768 |    0.1   11.5    0.7
829  |   194 |    3279 |    5373     384    5373 |     769     384     769 |    0.1   12.5    0.7
830  |   194 |    3282 |    5367     386    5367 |     773     386     773 |    0.1   12.3    0.7
831  |   193 |    3247 |    4594     383    4594 |     767     383     767 |    0.1    9.3    0.6
832  |   194 |    3264 |    5354     384    5354 |     768     384     768 |    0.3   12.7    0.7
833  |   194 |    3281 |    5374     386    5374 |     772     386     772 |    0.1   12.8    0.7
834  |   194 |    3290 |    5388     385    5388 |     771     386     771 |    0.1   12.8    0.7
835  |   193 |    3254 |    5346     383    5346 |     767     383     767 |    0.1   12.4    0.6
836  |   194 |    3271 |    5349     385    5349 |     771     385     771 |    0.1   12.7    0.7
837  |   192 |    3254 |    5351     383    5351 |     766     383     766 |    0.1   12.5    0.7
838  |   194 |    3277 |    5369     386    5369 |     771     386     771 |    0.2   12.2    0.7
839  |   194 |    3288 |    5372     386    5372 |     772     386     772 |    0.1   12.4    0.7
840  |   194 |    2864 |    5333     385    5333 |     769     385     769 |    0.1    9.2    0.6
841  |   193 |    3265 |    5363     384    5363 |     768     384     768 |    0.1   12.7    0.7
842  |   194 |    3275 |    5367     384    5367 |     768     384     768 |    0.1   12.9    0.8
843  |   194 |    3264 |    5343     384    5343 |     768     384     768 |    0.1   12.9    0.7
844  |   192 |    3248 |    4593     383    4593 |     766     383     766 |    0.1    9.7    0.6
845  |   194 |    3241 |    4589     384    4589 |     768     384     768 |    0.1    9.1    0.6
846  |   194 |    3254 |    5345     385    5345 |     770     385     770 |    0.1    9.3    0.6
847  |   194 |    3288 |    5374     386    5374 |     771     386     771 |    0.1   12.5    0.7
848  |   194 |    3271 |    5365     384    5365 |     768     384     768 |    0.1   12.3    0.7
849  |   194 |    3271 |    5372     385    5372 |     770     385     770 |    0.1   12.5    0.7
850  |   194 |    3284 |    5367     385    5367 |     771     386     771 |    0.1   12.8    0.7
851  |   193 |    3265 |    5364     384    5364 |     769     384     769 |    0.1   12.1    0.7
852  |   192 |    3241 |    4590     383    4590 |     765     383     765 |    0.1    9.5    0.6
853  |   194 |    2298 |    5367     385    5367 |     771     385     771 |    0.2   12.5    0.7
854  |   194 |    3278 |    5368     385    5368 |     769     385     769 |    0.1   12.7    0.7
855  |   194 |    3259 |    5324     390    5324 |     780     390     780 |    0.2    9.6    0.6
856  |   194 |    3285 |    5382     385    5382 |     771     386     771 |    0.1   12.5    0.7
857  |   192 |    3247 |    5350     383    5350 |     767     383     767 |    0.2   13.0    0.7
858  |   194 |    2109 |    5361     385    5361 |     770     385     770 |    0.1   12.7    0.7
859  |   193 |    3235 |    5316     383    5316 |     766     383     766 |    0.1   12.3    0.7
860  |   194 |    2288 |    4602     384    4602 |     768     384     768 |    0.1    9.4    0.6
861  |   194 |    3274 |    5355     385    5355 |     769     385     769 |    0.1   12.0    0.7
862  |   194 |    3195 |    4540     384    4540 |     768     384     768 |    0.1    9.3    0.6
863  |   194 |    3271 |    5372     385    5372 |     770     385     770 |    0.1   12.5    0.7
864  |   191 |    3226 |    4566     383    4566 |     765     383     765 |    0.2    9.2    0.6
865  |   194 |    3275 |    5372     385    5372 |     771     385     771 |    0.2   12.3    0.7
866  |   194 |    3285 |    5380     385    5380 |     770     385     770 |    0.1   12.7    0.7
867  |   193 |    3266 |    5358     384    5358 |     768     384     768 |    0.1   12.5    0.7
868  |   194 |    3281 |    5379     385    5379 |     770     385     770 |    0.1   12.5    0.7
869  |   194 |    3276 |    5367     385    5367 |     770     385     770 |    0.1   12.4    0.7
870  |   194 |    3277 |    5355     385    5355 |     771     385     771 |    0.1   12.6    0.7
871  |   191 |    3214 |    4544     383    4544 |     765     383     765 |    0.1    8.4    0.6
872  |   194 |    3263 |    5334     384    5334 |     768     384     768 |    0.1   12.4    0.7
873  |   194 |    2123 |    5360     386    5360 |     772     386     772 |    0.2    9.4    0.6
874  |   193 |    3252 |    5357     383    5357 |     767     383     767 |    0.1   12.5    0.7
875  |   194 |    3268 |    5370     385    5370 |     770     385     770 |    0.1   12.5    0.7
876  |   194 |    3247 |    5352     384    5352 |     768     384     768 |    0.1    9.3    0.6
877  |   194 |    3280 |    5369     384    5369 |     769     384     769 |    0.1   12.7    0.7
878  |   194 |    3281 |    5378     385    5378 |     770     385     770 |    0.1   12.2    0.7
879  |   194 |    3286 |    5380     385    5380 |     770     385     770 |    0.1   12.4    0.7
880  |   194 |    3276 |    5372     384    5372 |     769     385     769 |    0.1   12.3    0.7
881  |   194 |    3266 |    5357     384    5357 |     769     384     769 |    0.1   12.2    0.7
882  |   194 |    3274 |    5359     384    5359 |     769     384     769 |    0.1   12.3    0.7
883  |   194 |    2279 |    4588     384    4588 |     767     384     767 |    0.1    9.0    0.6
884  |   194 |    3273 |    5347     384    5347 |     771     384     771 |    0.1   11.8    0.6
885  |   194 |    3277 |    5369     384    5369 |     769     384     769 |    0.1   12.3    0.7
886  |   193 |    3259 |    5356     384    5356 |     769     384     769 |    0.1   12.3    0.7
887  |   194 |    2121 |    5375     385    5375 |     769     385     769 |    0.1    9.2    0.6
888  |   194 |    3267 |    5354     384    5354 |     768     384     768 |    0.1   12.9    0.7
889  |   194 |    3271 |    5357     384    5357 |     768     384     768 |    0.1   12.2    0.7
890  |   194 |    3273 |    4611     384    4611 |     769     385     769 |    0.1    9.3    0.6
891  |   193 |    3245 |    5350     383    5350 |     767     383     767 |    0.1    9.2    0.6
892  |   194 |    3287 |    5366     386    5366 |     772     386     772 |    0.1   12.2    0.7
893  |   194 |    3281 |    5374     384    5374 |     769     384     769 |    0.1   12.5    0.7
894  |   194 |    3286 |    5369     386    5369 |     771     385     771 |    0.1   12.8    0.7
895  |   194 |    3285 |    5368     385    5368 |     771     385     771 |    0.1   12.8    0.7
896  |   194 |    3274 |    5355     385    5355 |     771     385     771 |    0.1   12.4    0.7
897  |   192 |    2270 |    4581     383    4581 |     765     383     765 |    0.1    8.9    0.6
898  |   194 |    3257 |    5330     384    5330 |     768     384     768 |    0.1   12.4    0.7
899  |   193 |    3245 |    5328     383    5328 |     766     383     766 |    0.1   11.5    0.7
900  |   194 |    3286 |    5377     385    5377 |     771     385     771 |    0.1   12.4    0.7
901  |   194 |    3280 |    5379     385    5379 |     770     385     770 |    0.1   12.2    0.7
902  |   193 |    3267 |    5358     384    5358 |     768     384     768 |    0.1   12.6    0.7
903  |   194 |    3278 |    5373     385    5373 |     770     385     770 |    0.1   12.5    0.7
904  |   193 |    3257 |    5355     383    5355 |     767     383     767 |    0.1   12.5    0.7
905  |   194 |    3255 |    5363     384    5363 |     768     384     768 |    0.1   12.6    0.7
906  |   193 |    3252 |    4597     384    4597 |     769     384     769 |    0.2    8.9    0.6
907  |   194 |    2120 |    5357     386    5357 |     772     386     772 |    0.1   12.3    0.7
908  |   194 |    3284 |    5379     385    5379 |     771     385     771 |    0.1   12.0    0.7
909  |   194 |    2117 |    5368     384    5368 |     768     384     768 |    0.1   12.8    0.7
910  |   193 |    3249 |    4595     383    4595 |     766     383     766 |    0.1    9.4    0.6
911  |   193 |    3231 |    4577     383    4577 |     767     383     767 |    0.1    9.4    0.6
912  |   194 |    3281 |    5377     385    5377 |     770     385     770 |    0.1   13.4    0.7
913  |   194 |    3278 |    5367     386    5367 |     771     386     771 |    0.1   11.7    0.7
914  |   194 |    3286 |    5375     386    5375 |     772     386     772 |    0.1   12.4    0.7
915  |   194 |    3285 |    5376     385    5376 |     770     385     770 |    0.1   12.0    0.7
916  |   194 |    3281 |    5375     385    5375 |     770     385     770 |    0.1   12.6    0.7
917  |   194 |    3288 |    5379     386    5379 |     771     386     771 |    0.1   12.2    0.7
918  |   193 |    3265 |    5358     384    5358 |     769     384     769 |    0.1   12.7    0.7
919  |   193 |    2276 |    4567     384    4567 |     768     384     768 |    0.1    9.1    0.6
920  |   194 |    3277 |    5362     385    5362 |     770     385     770 |    0.1   12.6    0.7
921  |   194 |    3278 |    5360     385    5360 |     769     385     769 |    0.1   12.7    0.7
922  |   194 |    3271 |    5362     384    5362 |     768     384     768 |    0.1   12.3    0.7
923  |   194 |    2482 |    5375     385    5375 |     772     386     772 |    0.1   12.7    0.7
924  |   194 |    3275 |    4612     386    4612 |     771     386     771 |    0.1    9.6    0.6
925  |   193 |    2086 |    4563     384    4563 |     767     384     767 |    0.1    9.0    0.6
926  |   194 |    3276 |    5374     385    5374 |     771     385     771 |    0.1   12.6    0.7
927  |   194 |    2690 |    5368     385    5368 |     771     385     771 |    0.1   12.3    0.7
928  |   194 |    3283 |    5385     385    5385 |     771     385     771 |    0.1   12.4    0.7
929  |   194 |    3268 |    5364     385    5364 |     771     385     771 |    0.2   12.5    0.7
930  |   194 |    3278 |    5364     386    5364 |     772     386     772 |    0.1   12.9    0.7
931  |   193 |    3272 |    5368     384    5368 |     770     385     770 |    0.1   12.5    0.7
932  |   194 |    3282 |    5380     385    5380 |     771     386     771 |    0.1   12.4    0.7
933  |   194 |    2125 |    5380     386    5380 |     772     386     772 |    0.1   12.9    0.7
934  |   194 |    2078 |    4551     384    4551 |     768     384     768 |    0.1    9.0    0.6
935  |   194 |    3266 |    5363     385    5363 |     770     385     770 |    0.1   11.7    0.7
936  |   194 |    2117 |    5376     385    5376 |     771     385     771 |    0.1   12.1    0.7
937  |   194 |    2096 |    4599     384    4599 |     768     384     768 |    0.1    9.3    0.6
938  |   194 |    3271 |    5359     384    5359 |     768     384     768 |    0.1   12.0    0.7
939  |   194 |    3282 |    5369     385    5369 |     770     385     770 |    0.1   12.3    0.7
940  |   194 |    3277 |    5368     385    5368 |     770     385     770 |    0.1   12.7    0.7
941  |   194 |    3284 |    5365     385    5365 |     771     385     771 |    0.1   12.1    0.7
942  |   194 |    3292 |    5378     386    5378 |     772     386     772 |    0.1   12.5    0.7
943  |   194 |    3277 |    5352     386    5352 |     771     386     771 |    0.1   12.8    0.7
944  |   194 |    2104 |    4605     385    4605 |     769     385     769 |    0.1    9.1    0.6
945  |   194 |    3286 |    5362     386    5362 |     772     386     772 |    0.1   12.6    0.7
946  |   192 |    2655 |    4582     383    4582 |     766     383     766 |    0.1    9.6    0.6
947  |   194 |    3274 |    5361     385    5361 |     771     385     771 |    0.1   12.6    0.7
948  |   194 |    3253 |    5360     384    5360 |     770     385     770 |    0.1   12.5    0.7
949  |   194 |    3276 |    5370     385    5370 |     771     385     771 |    0.1   13.1    0.7
950  |   194 |    2289 |    5364     385    5364 |     769     385     769 |    0.1   12.6    0.7
951  |   194 |    3288 |    5383     386    5383 |     771     386     771 |    0.1   13.0    0.7
952  |   193 |    3240 |    4586     383    4586 |     767     383     767 |    0.1    9.3    0.6
953  |   194 |    2504 |    5366     385    5366 |     770     385     770 |    0.1   10.0    0.6
954  |   194 |    3263 |    5351     384    5351 |     767     384     767 |    0.1   12.9    0.7
955  |   194 |    3283 |    5379     385    5379 |     770     385     770 |    0.1   12.4    0.7
956  |   194 |    2496 |    5368     384    5368 |     769     384     769 |    0.1   12.6    0.7
957  |   194 |    3281 |    5375     386    5375 |     772     386     772 |    0.1   12.3    0.7
958  |   194 |    3263 |    5341     385    5341 |     770     385     770 |    0.1   12.5    0.7
959  |   194 |    3280 |    5374     385    5374 |     770     385     770 |    0.1   12.7    0.7
960  |   194 |    2701 |    5369     386    5369 |     771     386     771 |    0.1    9.3    0.6
961  |   194 |    3261 |    5366     384    5366 |     769     384     769 |    0.1   12.4    0.7
962  |   194 |    3258 |    4604     384    4604 |     768     384     768 |    0.1    9.4    0.6
963  |   193 |    3259 |    5356     384    5356 |     767     383     767 |    0.1   12.4    0.7
964  |   193 |    3270 |    5367     385    5367 |     769     385     769 |    0.1   12.4    0.7
965  |   194 |    3275 |    5370     385    5370 |     771     385     771 |    0.1    9.6    0.6
966  |   193 |    3245 |    4591     383    4591 |     766     383     766 |    0.1    9.5    0.6
967  |   194 |    3243 |    4590     384    4590 |     767     384     767 |    0.1    9.7    0.6
968  |   194 |    3275 |    5368     385    5368 |     770     385     770 |    0.1   12.4    0.7
969  |   194 |    3247 |    5329     386    5329 |     773     386     773 |    0.1    9.5    0.6
970  |   194 |    2104 |    5366     384    5366 |     768     384     768 |    0.2   12.4    0.7
971  |   192 |    2070 |    4532     383    4532 |     765     383     765 |    0.1    9.2    0.6
972  |   194 |    3259 |    5366     385    5366 |     769     385     769 |    0.1   12.1    0.7
973  |   194 |    3279 |    5374     385    5374 |     771     385     771 |    0.1   12.9    0.7
974  |   194 |    3287 |    5386     385    5386 |     771     385     771 |    0.1   12.6    0.7
975  |   191 |    3229 |    4579     383    4579 |     765     383     765 |    0.1    8.9    0.5
976  |   194 |    3279 |    5370     385    5370 |     769     385     769 |    0.1   12.6    0.7
977  |   193 |    3260 |    5353     384    5353 |     767     384     767 |    0.1   12.5    0.7
978  |   194 |    3276 |    5345     385    5345 |     770     385     770 |    0.1   12.3    0.7
979  |   194 |    3270 |    5371     385    5371 |     770     385     770 |    0.1   12.2    0.7
980  |   194 |    3282 |    5360     386    5360 |     771     386     771 |    0.1   12.5    0.7
981  |   194 |    2302 |    5372     386    5372 |     772     386     772 |    0.1   12.1    0.7
982  |   194 |    3280 |    5369     385    5369 |     770     385     770 |    0.1   12.6    0.7
983  |   193 |    2486 |    5360     385    5360 |     770     385     770 |    0.1   10.2    0.6
984  |   194 |    3267 |    5362     384    5362 |     768     384     768 |    0.2   13.2    0.7
985  |   194 |    3257 |    5360     383    5360 |     769     384     769 |    0.1   12.3    0.7
986  |   194 |    2281 |    4568     384    4568 |     768     384     768 |    0.1    9.6    0.6
987  |   194 |    2111 |    5369     385    5369 |     771     385     771 |    0.1   12.4    0.7
988  |   194 |    3285 |    5383     385    5383 |     771     385     771 |    0.1   12.9    0.7
989  |   194 |    3269 |    5348     384    5348 |     768     384     768 |    0.1   13.0    0.7
990  |   194 |    3276 |    5359     385    5359 |     770     385     770 |    0.1   12.3    0.7
991  |   194 |    2516 |    5370     386    5370 |     773     386     773 |    0.1    9.5    0.6
992  |   194 |    3274 |    5371     384    5371 |     769     384     769 |    0.1   12.7    0.7
993  |   192 |    3243 |    5329     383    5329 |     766     383     766 |    0.1   12.0    0.7
994  |   194 |    3251 |    4599     384    4599 |     769     384     769 |    0.1    9.3    0.6
995  |   192 |    3243 |    4588     383    4588 |     765     383     765 |    0.2    9.3    0.6
996  |   193 |    3260 |    5356     385    5356 |     769     385     769 |    0.2   12.4    0.7
997  |   192 |    3255 |    5346     383    5346 |     767     384     767 |    0.1   12.4    0.7
998  |   193 |    3274 |    5367     384    5367 |     770     385     770 |    0.1   12.6    0.7
999  |   194 |    3253 |    4597     384    4597 |     768     384     768 |    0.2    9.4    0.6
-----+-------+---------+-------------------------+-------------------------+--------------------

=== Summary ===
HNF  intermediate:  avg=3085  max=3293
MLLL total:         avg=5248  max=5388
MLLL vec coords:    avg=384  max=390  (Lemma 1 bounded)
MLLL GSO coeffs:    avg=5248  max=5388  (integral GSO overhead)
GRAM total:         avg=769  max=780
GRAM vec coords:    avg=384  max=390  (Lemma 1 bounded)
GRAM Gram entries:  avg=769  max=780  (Lemma 3 bound target)
Output bits:        HNF avg=192 max=194  MLLL avg=191 max=194  GRAM avg=191 max=194
Total time:         HNF=138.14ms  MLLL=11790.83ms  GRAM=667.66ms  (GRAM/MLLL=0.06)
	Command being timed: "./src/quaternion/ref/generic/test/sqisign_bm_mlll --level=3 --iterations=1000 --mode=alg2"
	User time (seconds): 20.07
	System time (seconds): 0.52
	Percent of CPU this job got: 99%
	Elapsed (wall clock) time (h:mm:ss or m:ss): 0:20.63
	Average shared text size (kbytes): 0
	Average unshared data size (kbytes): 0
	Average stack size (kbytes): 0
	Average total size (kbytes): 0
	Maximum resident set size (kbytes): 6460
	Average resident set size (kbytes): 0
	Major (requiring I/O) page faults: 3
	Minor (reclaiming a frame) page faults: 1178
	Voluntary context switches: 80
	Involuntary context switches: 13
	Swaps: 0
	File system inputs: 224
	File system outputs: 0
	Socket messages sent: 0
	Socket messages received: 0
	Signals delivered: 0
	Page size (bytes): 4096
	Exit status: 0
