=== L3_alg3_10000_prealloc ===
=== MLLL vs HNF Intermediate Bit Size Benchmark ===
Level: 3, Norm bitsize: 193, Iterations: 10000
GRAM prealloc (Phase 2 candidate B): ON

Generating 10000 random ideal lattice pairs (bitsize=193)...
Mode: alg3
  Set 1: 40269.47 ms
Generation done.

T    |   Inp |  HNFint |  GRMtot    GRMv    GRMg |  HNFout  GRMout |  HNFms  GRMms
-----+-------+---------+-------------------------+-----------------+---------------

=== Alg 3 Summary ===
HNF  intermediate:  avg=772  max=778
GRAM total:         avg=772  max=778
GRAM vec coords:    avg=194  max=195  (Lemma 1)
GRAM Gram entries:  avg=767  max=771  (Lemma 3)
Output bits:        HNF avg=193 max=194  GRAM avg=193 max=194
Total time:         HNF=181.99ms  GRAM=111.76ms  (GRAM/HNF=0.61)
	Command being timed: "./src/quaternion/ref/generic/test/sqisign_bm_mlll --level=3 --iterations=10000 --mode=alg3 --prealloc"
	User time (seconds): 38.49
	System time (seconds): 2.07
	Percent of CPU this job got: 99%
	Elapsed (wall clock) time (h:mm:ss or m:ss): 0:40.61
	Average shared text size (kbytes): 0
	Average unshared data size (kbytes): 0
	Average stack size (kbytes): 0
	Average total size (kbytes): 0
	Maximum resident set size (kbytes): 37172
	Average resident set size (kbytes): 0
	Major (requiring I/O) page faults: 3
	Minor (reclaiming a frame) page faults: 8219
	Voluntary context switches: 56
	Involuntary context switches: 42
	Swaps: 0
	File system inputs: 224
	File system outputs: 0
	Socket messages sent: 0
	Socket messages received: 0
	Signals delivered: 0
	Page size (bytes): 4096
	Exit status: 0
