=== L3_alg2_1000_prealloc ===
=== MLLL vs HNF Intermediate Bit Size Benchmark ===
Level: 3, Norm bitsize: 193, Iterations: 1000
GRAM prealloc (Phase 2 candidate B): ON

Generating 1000 random ideal lattice pairs (bitsize=193)...
Mode: alg2
  Set 1: 4034.52 ms
  Set 2: 4071.20 ms
Generation done.

T    |   Inp |  HNFint | MLLLtot   MLLLv   MLLLg |  GRMtot    GRMv    GRMg |  HNFms MLLLms  GRMms
-----+-------+---------+-------------------------+-------------------------+--------------------
0    |   194 |    3268 |    5365     384    5365 |     769     384     769 |    0.2   12.9    0.7
1    |   194 |    3279 |    5372     385    5372 |     770     385     770 |    0.1   12.6    0.7
2    |   194 |    3276 |    5368     384    5368 |     769     384     769 |    0.1   12.2    0.7
3    |   194 |    3284 |    5375     386    5375 |     772     386     772 |    0.1   12.7    0.7
4    |   192 |    3226 |    5312     384    5312 |     767     384     767 |    0.1   12.0    0.7
5    |   194 |    3290 |    5382     386    5382 |     773     387     773 |    0.1   12.5    0.7
6    |   192 |    2079 |    5317     383    5317 |     765     383     765 |    0.1    9.1    0.6
7    |   194 |    3275 |    5370     385    5370 |     770     385     770 |    0.1   12.9    0.7
8    |   194 |    3272 |    5341     385    5341 |     770     385     770 |    0.1   12.2    0.7
9    |   194 |    3272 |    5362     384    5362 |     768     384     768 |    0.1   12.6    0.7
10   |   194 |    3231 |    4584     384    4584 |     767     384     767 |    0.1    9.4    0.6
11   |   194 |    2503 |    5376     385    5376 |     770     385     770 |    0.1    9.7    0.6
12   |   193 |    2494 |    5366     385    5366 |     770     385     770 |    0.1   12.2    0.7
13   |   192 |    3234 |    5325     383    5325 |     766     383     766 |    0.1   12.4    0.7
14   |   194 |    2895 |    5376     386    5376 |     771     386     771 |    0.1    9.6    0.6
15   |   194 |    3291 |    5383     385    5383 |     771     385     771 |    0.1   12.6    0.7
16   |   194 |    2500 |    5376     385    5376 |     770     385     770 |    0.2   12.8    0.7
17   |   194 |    2301 |    5374     385    5374 |     770     385     770 |    0.1   12.5    0.7
18   |   193 |    3258 |    5356     384    5356 |     768     384     768 |    0.1   12.0    0.7
19   |   194 |    3258 |    5338     384    5338 |     768     384     768 |    0.1   11.8    0.7
20   |   194 |    3276 |    5345     385    5345 |     772     385     772 |    0.1   11.9    0.6
21   |   194 |    2487 |    4600     384    4600 |     769     384     769 |    0.1    9.0    0.6
22   |   194 |    3284 |    5376     386    5376 |     771     386     771 |    0.1   12.5    0.7
23   |   194 |    2094 |    4591     384    4591 |     768     384     768 |    0.2    9.6    0.6
24   |   194 |    3270 |    5362     384    5362 |     769     384     769 |    0.1   11.9    0.7
25   |   194 |    3279 |    5374     385    5374 |     772     386     772 |    0.1   12.2    0.7
26   |   192 |    3242 |    4587     383    4587 |     766     383     766 |    0.1    9.0    0.6
27   |   194 |    3254 |    4601     384    4601 |     768     384     768 |    0.1    9.4    0.6
28   |   194 |    3268 |    5365     385    5365 |     770     385     770 |    0.1   12.3    0.7
29   |   193 |    3237 |    4582     383    4582 |     767     383     767 |    0.1    8.9    0.6
30   |   194 |    3287 |    5384     385    5384 |     771     385     771 |    0.1   12.3    0.7
31   |   194 |    3271 |    5370     384    5370 |     769     384     769 |    0.1   13.0    0.7
32   |   194 |    3256 |    5330     383    5330 |     769     383     769 |    0.1   12.4    0.7
33   |   194 |    3281 |    5374     385    5374 |     770     385     770 |    0.1   12.7    0.7
34   |   194 |    3292 |    5381     386    5381 |     771     386     771 |    0.1   12.4    0.7
35   |   194 |    3273 |    5374     385    5374 |     769     385     769 |    0.1   12.7    0.7
36   |   194 |    3265 |    5360     384    5360 |     768     384     768 |    0.1   12.9    0.7
37   |   194 |    2287 |    5350     383    5350 |     767     384     767 |    0.1    9.8    0.6
38   |   194 |    3286 |    5370     386    5370 |     772     386     772 |    0.1   12.6    0.7
39   |   193 |    3265 |    5362     384    5362 |     768     384     768 |    0.1   12.8    0.7
40   |   194 |    3281 |    5375     385    5375 |     770     385     770 |    0.1   12.3    0.7
41   |   194 |    3276 |    5378     385    5378 |     770     385     770 |    0.1   11.9    0.7
42   |   193 |    3239 |    4585     383    4585 |     768     384     768 |    0.1    9.6    0.6
43   |   194 |    2291 |    5360     385    5360 |     769     385     769 |    0.1   12.6    0.7
44   |   193 |    3260 |    5358     383    5358 |     767     383     767 |    0.1   12.4    0.7
45   |   192 |    3244 |    5343     383    5343 |     765     383     765 |    0.1    9.4    0.6
46   |   194 |    3268 |    5351     384    5351 |     768     384     768 |    0.1   11.7    0.7
47   |   194 |    3276 |    5366     385    5366 |     769     385     769 |    0.1   12.7    0.7
48   |   193 |    3255 |    5356     384    5356 |     768     384     768 |    0.1   11.8    0.7
49   |   194 |    2505 |    5379     385    5379 |     770     385     770 |    0.1    9.4    0.6
50   |   194 |    2302 |    5376     385    5376 |     771     385     771 |    0.1   12.6    0.7
51   |   194 |    3274 |    5367     384    5367 |     769     384     769 |    0.1    9.8    0.6
52   |   192 |    3245 |    5337     383    5337 |     766     383     766 |    0.1   12.0    0.7
53   |   194 |    3228 |    5322     385    5322 |     770     385     770 |    0.1    9.4    0.6
54   |   194 |    3284 |    5375     385    5375 |     770     385     770 |    0.1   12.2    0.7
55   |   194 |    3244 |    5322     384    5322 |     767     384     767 |    0.1   12.1    0.7
56   |   194 |    3281 |    5367     385    5367 |     770     385     770 |    0.1   12.5    0.7
57   |   194 |    3260 |    4609     385    4609 |     769     385     769 |    0.1    9.5    0.6
58   |   194 |    3287 |    5376     386    5376 |     771     386     771 |    0.1   12.2    0.7
59   |   194 |    2107 |    5361     384    5361 |     768     384     768 |    0.1   12.1    0.7
60   |   194 |    3285 |    5381     385    5381 |     771     385     771 |    0.1   13.1    0.7
61   |   194 |    2098 |    4592     384    4592 |     768     384     768 |    0.1    9.1    0.6
62   |   194 |    3276 |    5366     384    5366 |     768     384     768 |    0.1   12.5    0.7
63   |   193 |    3272 |    5360     384    5360 |     769     384     769 |    0.1   12.4    0.7
64   |   193 |    3255 |    5342     384    5342 |     768     384     768 |    0.1   12.2    0.7
65   |   193 |    2461 |    5360     384    5360 |     768     384     768 |    0.1   12.3    0.7
66   |   194 |    3277 |    5366     385    5366 |     771     385     771 |    0.1   12.1    0.7
67   |   194 |    3272 |    5349     384    5349 |     769     384     769 |    0.2   11.9    0.7
68   |   194 |    3288 |    5379     385    5379 |     771     385     771 |    0.1   12.4    0.7
69   |   194 |    3282 |    5370     385    5370 |     770     385     770 |    0.1   13.0    0.7
70   |   194 |    3277 |    5361     385    5361 |     771     385     771 |    0.1   13.0    0.7
71   |   194 |    2095 |    4581     384    4581 |     768     384     768 |    0.1    8.9    0.5
72   |   194 |    3277 |    5373     385    5373 |     769     385     769 |    0.1   12.4    0.7
73   |   193 |    2111 |    5344     384    5344 |     768     384     768 |    0.1    9.6    0.6
74   |   194 |    3279 |    5377     385    5377 |     770     385     770 |    0.1   12.3    0.7
75   |   192 |    3252 |    5344     384    5344 |     767     384     767 |    0.1   12.3    0.6
76   |   194 |    3277 |    5372     385    5372 |     770     385     770 |    0.1   12.3    0.7
77   |   194 |    2089 |    4565     384    4565 |     768     384     768 |    0.1    8.5    0.5
78   |   194 |    3277 |    5367     384    5367 |     769     384     769 |    0.1   12.6    0.7
79   |   194 |    3271 |    5370     385    5370 |     770     385     770 |    0.2   12.3    0.7
80   |   194 |    3276 |    5370     384    5370 |     769     384     769 |    0.1   13.0    0.7
81   |   193 |    3257 |    5347     384    5347 |     767     384     767 |    0.1    9.3    0.6
82   |   194 |    3282 |    5383     386    5383 |     771     385     771 |    0.2   10.0    0.6
83   |   194 |    3270 |    5363     384    5363 |     768     384     768 |    0.1   12.4    0.7
84   |   194 |    3079 |    5376     386    5376 |     773     386     773 |    0.1   12.7    0.7
85   |   194 |    3285 |    5372     385    5372 |     770     385     770 |    0.1   12.2    0.7
86   |   194 |    3272 |    5373     385    5373 |     769     385     769 |    0.1   12.6    0.7
87   |   194 |    3277 |    5371     384    5371 |     769     384     769 |    0.1   12.8    0.7
88   |   194 |    2296 |    5363     385    5363 |     770     385     770 |    0.1   12.5    0.7
89   |   194 |    3281 |    5379     385    5379 |     770     385     770 |    0.1   12.7    0.7
90   |   193 |    3267 |    5356     384    5356 |     768     384     768 |    0.1   13.0    0.7
91   |   194 |    3276 |    5374     385    5374 |     770     385     770 |    0.1   12.2    0.7
92   |   194 |    3257 |    5333     384    5333 |     768     384     768 |    0.1   12.7    0.7
93   |   194 |    3271 |    5370     384    5370 |     769     385     769 |    0.1   12.5    0.7
94   |   194 |    2472 |    5322     385    5322 |     770     385     770 |    0.1    9.1    0.6
95   |   194 |    3286 |    4620     385    4620 |     770     385     770 |    0.1    9.5    0.6
96   |   194 |    3290 |    5376     386    5376 |     771     385     771 |    0.1   13.1    0.7
97   |   194 |    2116 |    5369     386    5369 |     772     386     772 |    0.1   12.4    0.7
98   |   194 |    3274 |    5347     386    5347 |     771     386     771 |    0.1   12.1    0.7
99   |   194 |    3264 |    5357     383    5357 |     770     385     770 |    0.1   12.7    0.7
100  |   194 |    3286 |    5378     386    5378 |     772     386     772 |    0.2   13.0    0.7
101  |   194 |    2503 |    5368     385    5368 |     770     385     770 |    0.1    9.7    0.6
102  |   194 |    3278 |    5369     384    5369 |     768     384     768 |    0.2   12.9    0.7
103  |   194 |    3258 |    5364     384    5364 |     769     384     769 |    0.1   12.5    0.7
104  |   194 |    3289 |    5380     386    5380 |     772     386     772 |    0.1   13.0    0.7
105  |   193 |    2488 |    5346     384    5346 |     767     384     767 |    0.1    9.0    0.6
106  |   194 |    3275 |    5374     385    5374 |     771     385     771 |    0.1   12.1    0.7
107  |   194 |    3279 |    5360     386    5360 |     772     386     772 |    0.2   12.2    0.7
108  |   194 |    3242 |    4588     384    4588 |     769     384     769 |    0.1    9.0    0.6
109  |   194 |    3280 |    5376     385    5376 |     770     385     770 |    0.1   12.5    0.7
110  |   193 |    3271 |    5361     385    5361 |     770     385     770 |    0.2   11.9    0.7
111  |   194 |    3290 |    5377     386    5377 |     772     386     772 |    0.2   12.6    0.7
112  |   194 |    3280 |    5360     385    5360 |     770     385     770 |    0.1   12.5    0.7
113  |   193 |    3261 |    5351     384    5351 |     767     384     767 |    0.1   12.5    0.7
114  |   194 |    3227 |    4574     385    4574 |     769     385     769 |    0.1    9.1    0.6
115  |   193 |    2486 |    5365     384    5365 |     768     384     768 |    0.1   12.7    0.7
116  |   193 |    3267 |    5359     384    5359 |     769     384     769 |    0.1   12.6    0.7
117  |   194 |    3277 |    5372     385    5372 |     770     385     770 |    0.1   12.3    0.7
118  |   193 |    3271 |    5365     384    5365 |     769     385     769 |    0.1   13.3    0.7
119  |   194 |    3270 |    5350     384    5350 |     769     384     769 |    0.1   12.6    0.7
120  |   194 |    3259 |    5332     384    5332 |     768     384     768 |    0.1   12.7    0.7
121  |   194 |    2698 |    5367     385    5367 |     770     385     770 |    0.2    9.7    0.6
122  |   194 |    3286 |    5377     386    5377 |     771     386     771 |    0.1   13.2    0.7
123  |   194 |    3264 |    5371     384    5371 |     768     384     768 |    0.1   12.3    0.7
124  |   194 |    3238 |    4586     384    4586 |     768     384     768 |    0.1    9.4    0.6
125  |   194 |    3275 |    5366     384    5366 |     769     385     769 |    0.1   12.1    0.7
126  |   193 |    3253 |    5355     383    5355 |     767     383     767 |    0.1   12.0    0.7
127  |   194 |    3280 |    5374     385    5374 |     769     385     769 |    0.1   12.5    0.7
128  |   194 |    3265 |    5367     385    5367 |     769     385     769 |    0.1   12.7    0.7
129  |   194 |    2486 |    5353     385    5353 |     770     385     770 |    0.2    9.8    0.6
130  |   194 |    3211 |    5320     384    5320 |     768     384     768 |    0.1    9.5    0.6
131  |   193 |    3225 |    4573     383    4573 |     766     383     766 |    0.1    9.1    0.6
132  |   193 |    3270 |    4604     384    4604 |     769     385     769 |    0.1    9.4    0.6
133  |   194 |    3274 |    5371     385    5371 |     770     385     770 |    0.1   12.6    0.7
134  |   193 |    3270 |    5360     385    5360 |     770     385     770 |    0.2   12.4    0.7
135  |   194 |    3289 |    5381     386    5381 |     771     386     771 |    0.1   12.7    0.7
136  |   194 |    3277 |    5370     385    5370 |     770     385     770 |    0.1   12.7    0.7
137  |   192 |    3231 |    5333     383    5333 |     765     383     765 |    0.1    9.8    0.6
138  |   194 |    3282 |    5371     385    5371 |     770     385     770 |    0.1   14.3    0.9
139  |   194 |    3266 |    5365     385    5365 |     769     385     769 |    0.2   12.3    0.7
140  |   193 |    3242 |    5320     388    5320 |     775     388     775 |    0.1   12.0    0.7
141  |   194 |    2684 |    5358     384    5358 |     767     384     767 |    0.1    9.7    0.6
142  |   194 |    3287 |    5380     385    5380 |     771     385     771 |    0.1   12.8    0.7
143  |   194 |    3287 |    5383     385    5383 |     771     385     771 |    0.1   12.4    0.7
144  |   193 |    3267 |    5362     384    5362 |     769     384     769 |    0.1   12.4    0.7
145  |   193 |    3250 |    5336     383    5336 |     767     383     767 |    0.1   12.8    0.7
146  |   194 |    2689 |    5362     384    5362 |     769     384     769 |    0.1    9.5    0.6
147  |   194 |    3280 |    5372     385    5372 |     770     385     770 |    0.1   12.8    0.7
148  |   193 |    3272 |    5366     384    5366 |     769     385     769 |    0.1   12.8    0.7
149  |   194 |    3283 |    5375     385    5375 |     770     385     770 |    0.2   12.6    0.7
150  |   194 |    3271 |    5370     385    5370 |     769     385     769 |    0.2   12.7    0.7
151  |   192 |    3242 |    5342     383    5342 |     766     383     766 |    0.1   12.1    0.6
152  |   194 |    3265 |    5353     385    5353 |     771     385     771 |    0.2   12.3    0.7
153  |   194 |    2120 |    5382     385    5382 |     770     385     770 |    0.1   12.5    0.7
154  |   193 |    2289 |    5341     385    5341 |     770     385     770 |    0.1    9.7    0.6
155  |   194 |    2473 |    4586     384    4586 |     768     384     768 |    0.1    9.4    0.6
156  |   193 |    3261 |    5360     383    5360 |     767     383     767 |    0.1   12.7    0.7
157  |   194 |    2289 |    4604     384    4604 |     768     384     768 |    0.1    9.8    0.6
158  |   194 |    3290 |    5369     386    5369 |     773     386     773 |    0.1   12.6    0.7
159  |   194 |    3280 |    5373     385    5373 |     770     385     770 |    0.1   13.0    0.7
160  |   194 |    3276 |    5369     385    5369 |     771     385     771 |    0.1   12.6    0.7
161  |   194 |    3282 |    5365     386    5365 |     772     386     772 |    0.2   12.0    0.7
162  |   193 |    3262 |    5353     384    5353 |     768     384     768 |    0.1   11.9    0.7
163  |   194 |    3279 |    5368     384    5368 |     770     384     770 |    0.1   12.4    0.7
164  |   194 |    3231 |    5335     383    5335 |     767     384     767 |    0.1    9.5    0.6
165  |   194 |    3285 |    5383     385    5383 |     770     385     770 |    0.1   12.9    0.7
166  |   194 |    3278 |    5374     385    5374 |     770     385     770 |    0.1   12.7    0.7
167  |   194 |    3275 |    5366     384    5366 |     769     384     769 |    0.1   13.3    0.7
168  |   194 |    2506 |    5380     385    5380 |     770     385     770 |    0.2    9.7    0.6
169  |   193 |    2096 |    4593     383    4593 |     767     383     767 |    0.1    9.3    0.6
170  |   194 |    3285 |    5377     386    5377 |     771     386     771 |    0.1   12.6    0.7
171  |   193 |    3270 |    5355     385    5355 |     770     385     770 |    0.1   12.2    0.7
172  |   194 |    3289 |    5371     386    5371 |     772     386     772 |    0.1   12.1    0.7
173  |   193 |    3263 |    5354     384    5354 |     768     384     768 |    0.1   12.7    0.7
174  |   194 |    2477 |    5369     385    5369 |     770     385     770 |    0.1   12.2    0.7
175  |   194 |    3284 |    5382     385    5382 |     770     385     770 |    0.1   12.4    0.7
176  |   194 |    3280 |    5369     385    5369 |     770     385     770 |    0.1   13.0    0.7
177  |   194 |    3274 |    5370     385    5370 |     770     385     770 |    0.1   12.9    0.7
178  |   193 |    3258 |    5351     383    5351 |     767     383     767 |    0.1   12.2    0.6
179  |   194 |    3261 |    5339     384    5339 |     768     384     768 |    0.1   12.6    0.7
180  |   193 |    3271 |    5353     386    5353 |     771     386     771 |    0.2    9.5    0.6
181  |   192 |    3247 |    5341     383    5341 |     766     383     766 |    0.1   12.9    0.7
182  |   194 |    3277 |    5375     385    5375 |     770     385     770 |    0.1   12.4    0.7
183  |   194 |    3283 |    5372     385    5372 |     771     385     771 |    0.1   12.3    0.7
184  |   194 |    3245 |    5318     384    5318 |     767     384     767 |    0.1   12.1    0.7
185  |   194 |    3267 |    5356     384    5356 |     768     384     768 |    0.1   12.8    0.7
186  |   194 |    3274 |    5369     385    5369 |     770     385     770 |    0.1   12.6    0.7
187  |   194 |    2145 |    5352     387    5352 |     775     387     775 |    0.1   10.0    0.6
188  |   194 |    3272 |    5357     385    5357 |     769     385     769 |    0.1   12.6    0.7
189  |   194 |    3285 |    5377     385    5377 |     770     385     770 |    0.1   12.9    0.7
190  |   194 |    3242 |    4594     383    4594 |     768     384     768 |    0.1    9.3    0.6
191  |   194 |    3275 |    5361     384    5361 |     769     384     769 |    0.1   12.5    0.7
192  |   194 |    3276 |    5374     385    5374 |     770     385     770 |    0.1   12.5    0.7
193  |   190 |    3208 |    4547     383    4547 |     765     383     765 |    0.1    9.3    0.6
194  |   194 |    3273 |    5355     384    5355 |     768     384     768 |    0.1   12.6    0.7
195  |   194 |    3276 |    5377     385    5377 |     770     385     770 |    0.1   12.7    0.7
196  |   193 |    3249 |    5351     384    5351 |     767     384     767 |    0.1   12.6    0.7
197  |   194 |    3275 |    5357     384    5357 |     769     384     769 |    0.1   11.8    0.7
198  |   193 |    3263 |    5361     384    5361 |     769     384     769 |    0.1   12.7    0.7
199  |   194 |    2506 |    5351     385    5351 |     771     385     771 |    0.1    9.8    0.6
200  |   194 |    3272 |    5374     384    5374 |     769     384     769 |    0.1    9.6    0.6
201  |   194 |    3276 |    5368     385    5368 |     770     385     770 |    0.1   12.5    0.7
202  |   194 |    3271 |    5362     384    5362 |     768     384     768 |    0.1   12.2    0.7
203  |   193 |    3262 |    5356     384    5356 |     769     384     769 |    0.1    9.4    0.6
204  |   193 |    3257 |    4598     384    4598 |     769     384     769 |    0.1    9.1    0.6
205  |   193 |    3261 |    5353     384    5353 |     767     384     767 |    0.3   12.3    0.7
206  |   194 |    2881 |    5356     386    5356 |     772     386     772 |    0.1    9.2    0.6
207  |   194 |    3285 |    5380     386    5380 |     771     386     771 |    0.1   12.8    0.7
208  |   194 |    3265 |    5350     384    5350 |     768     384     768 |    0.1   12.6    0.7
209  |   194 |    2492 |    5376     385    5376 |     770     385     770 |    0.1    9.2    0.6
210  |   194 |    3273 |    5373     385    5373 |     769     385     769 |    0.1   13.1    0.7
211  |   194 |    3271 |    5357     384    5357 |     768     384     768 |    0.1   12.8    0.7
212  |   194 |    2112 |    5357     385    5357 |     770     385     770 |    0.1   12.1    0.7
213  |   194 |    2702 |    5352     386    5352 |     772     386     772 |    0.1    9.5    0.6
214  |   194 |    3285 |    5372     385    5372 |     770     385     770 |    0.1   12.2    0.7
215  |   194 |    3286 |    5365     385    5365 |     773     386     773 |    0.1   12.3    0.7
216  |   194 |    3278 |    5378     384    5378 |     770     385     770 |    0.1   12.2    0.7
217  |   194 |    2111 |    5374     385    5374 |     769     385     769 |    0.1   13.1    0.7
218  |   194 |    3271 |    5371     384    5371 |     769     384     769 |    0.1   12.4    0.7
219  |   193 |    3255 |    5345     383    5345 |     767     383     767 |    0.1   12.2    0.7
220  |   194 |    2093 |    4578     384    4578 |     768     384     768 |    0.1    9.3    0.6
221  |   194 |    3274 |    5370     385    5370 |     770     385     770 |    0.1   12.8    0.7
222  |   193 |    3241 |    5306     387    5306 |     774     387     774 |    0.1    9.2    0.6
223  |   194 |    3283 |    5382     385    5382 |     771     385     771 |    0.1   11.7    0.7
224  |   194 |    3261 |    5331     384    5331 |     768     384     768 |    0.1   12.4    0.7
225  |   194 |    3256 |    4605     384    4605 |     768     384     768 |    0.1    9.5    0.6
226  |   194 |    3262 |    5357     384    5357 |     769     384     769 |    0.1   12.7    0.7
227  |   194 |    3287 |    5374     386    5374 |     772     386     772 |    0.1   12.6    0.7
228  |   194 |    3282 |    5374     385    5374 |     770     385     770 |    0.2   12.9    0.7
229  |   193 |    3255 |    5328     386    5328 |     772     386     772 |    0.1    9.7    0.6
230  |   194 |    3271 |    5359     384    5359 |     768     384     768 |    0.1   12.6    0.7
231  |   194 |    3287 |    5379     385    5379 |     771     385     771 |    0.1   12.9    0.7
232  |   194 |    3214 |    5249     384    5249 |     767     384     767 |    0.1   12.0    0.7
233  |   194 |    3287 |    5382     386    5382 |     772     386     772 |    0.1   12.4    0.7
234  |   194 |    3274 |    5371     384    5371 |     770     384     770 |    0.1   12.3    0.7
235  |   193 |    3250 |    5344     384    5344 |     768     384     768 |    0.1   12.4    0.7
236  |   194 |    3284 |    5366     385    5366 |     772     385     772 |    0.1   12.6    0.7
237  |   194 |    3279 |    5379     385    5379 |     770     385     770 |    0.1   12.0    0.7
238  |   194 |    3265 |    5366     385    5366 |     769     385     769 |    0.1   13.2    0.7
239  |   194 |    2103 |    4603     384    4603 |     769     384     769 |    0.1    9.6    0.6
240  |   192 |    3244 |    5347     383    5347 |     766     383     766 |    0.1    9.3    0.6
241  |   194 |    3279 |    5371     386    5371 |     771     386     771 |    0.1   12.5    0.7
242  |   194 |    3119 |    4489     384    4489 |     768     384     768 |    0.1    8.8    0.6
243  |   194 |    3281 |    5374     385    5374 |     770     385     770 |    0.1   12.2    0.7
244  |   193 |    3257 |    5354     384    5354 |     768     384     768 |    0.1   12.6    0.7
245  |   194 |    3263 |    5368     384    5368 |     769     384     769 |    0.1   12.1    0.7
246  |   194 |    3266 |    5359     384    5359 |     767     384     767 |    0.1   13.3    0.7
247  |   194 |    3282 |    5369     385    5369 |     772     385     772 |    0.1   12.3    0.7
248  |   194 |    3284 |    5363     386    5363 |     772     386     772 |    0.1   13.0    0.7
249  |   194 |    2120 |    5376     385    5376 |     772     386     772 |    0.1   12.8    0.7
250  |   190 |    3208 |    4545     383    4545 |     765     383     765 |    0.1    9.0    0.6
251  |   194 |    3288 |    5365     386    5365 |     773     386     773 |    0.1   13.2    0.7
252  |   192 |    2272 |    4571     382    4571 |     766     383     766 |    0.1    9.3    0.6
253  |   194 |    3284 |    5384     386    5384 |     771     386     771 |    0.1   13.6    0.7
254  |   194 |    3272 |    5372     385    5372 |     770     385     770 |    0.1   13.2    0.7
255  |   193 |    3266 |    5359     385    5359 |     771     385     771 |    0.2   11.9    0.7
256  |   194 |    3286 |    5382     386    5382 |     771     386     771 |    0.1   12.3    0.7
257  |   194 |    3285 |    5377     385    5377 |     770     385     770 |    0.1   12.6    0.7
258  |   193 |    3250 |    5359     384    5359 |     767     384     767 |    0.1   12.6    0.7
259  |   194 |    3283 |    5373     385    5373 |     771     385     771 |    0.1   13.3    0.7
260  |   194 |    3273 |    4611     385    4611 |     769     385     769 |    0.1   10.0    0.6
261  |   194 |    3291 |    5373     387    5373 |     774     387     774 |    0.1   13.0    0.7
262  |   194 |    2079 |    5313     384    5313 |     767     384     767 |    0.2    9.2    0.6
263  |   194 |    2120 |    5370     385    5370 |     771     385     771 |    0.1   12.6    0.7
264  |   194 |    2291 |    4600     384    4600 |     768     384     768 |    0.1    9.5    0.6
265  |   194 |    3286 |    5380     385    5380 |     771     385     771 |    0.2   13.2    0.7
266  |   194 |    3286 |    4617     386    4617 |     771     386     771 |    0.1    9.6    0.6
267  |   194 |    3271 |    5366     385    5366 |     770     385     770 |    0.2   12.6    0.7
268  |   194 |    3277 |    5363     384    5363 |     769     384     769 |    0.1   12.5    0.7
269  |   194 |    3272 |    5371     385    5371 |     771     385     771 |    0.1   12.8    0.9
270  |   190 |    2067 |    4527     383    4527 |     765     383     765 |    0.1    9.1    0.6
271  |   194 |    3278 |    5368     384    5368 |     768     384     768 |    0.1   12.6    0.7
272  |   194 |    2101 |    4586     384    4586 |     768     384     768 |    0.1    9.2    0.6
273  |   193 |    3264 |    5349     384    5349 |     768     384     768 |    0.1   13.3    0.7
274  |   194 |    3276 |    5378     385    5378 |     770     385     770 |    0.2   12.6    0.7
275  |   194 |    3287 |    5373     385    5373 |     770     385     770 |    0.1   12.5    0.7
276  |   194 |    3279 |    5371     385    5371 |     771     385     771 |    0.1   12.8    0.7
277  |   194 |    3277 |    5366     384    5366 |     769     384     769 |    0.1   12.9    0.7
278  |   194 |    3201 |    5304     384    5304 |     767     384     767 |    0.1    9.2    0.6
279  |   193 |    3271 |    5368     384    5368 |     768     384     768 |    0.1   12.5    0.7
280  |   194 |    3275 |    5369     384    5369 |     769     384     769 |    0.1   12.5    0.7
281  |   194 |    3283 |    5373     385    5373 |     770     385     770 |    0.2   12.4    0.7
282  |   193 |    3269 |    5365     384    5365 |     769     384     769 |    0.1   12.4    0.7
283  |   194 |    2104 |    5362     384    5362 |     768     384     768 |    0.2   12.3    0.7
284  |   194 |    3287 |    5377     385    5377 |     770     385     770 |    0.1   12.7    0.7
285  |   194 |    3282 |    5372     385    5372 |     771     386     771 |    0.1   13.0    0.7
286  |   194 |    2905 |    5354     387    5354 |     774     387     774 |    0.2   10.5    0.6
287  |   194 |    3270 |    5349     384    5349 |     768     384     768 |    0.2   12.6    0.7
288  |   194 |    2443 |    4551     383    4551 |     767     383     767 |    0.1    8.9    0.6
289  |   194 |    3277 |    5374     385    5374 |     770     385     770 |    0.1   12.9    0.7
290  |   194 |    3283 |    5374     385    5374 |     770     385     770 |    0.1   12.9    0.7
291  |   191 |    3223 |    4566     383    4566 |     765     383     765 |    0.1    9.4    0.6
292  |   194 |    3288 |    5380     385    5380 |     771     385     771 |    0.2   13.3    0.7
293  |   194 |    3282 |    5379     385    5379 |     770     385     770 |    0.1   13.2    0.7
294  |   194 |    3268 |    5357     384    5357 |     768     384     768 |    0.2   12.5    0.7
295  |   194 |    3270 |    5342     385    5342 |     769     385     769 |    0.1   12.3    0.7
296  |   192 |    3252 |    5355     383    5355 |     767     383     767 |    0.1   13.3    0.7
297  |   193 |    3245 |    4592     383    4592 |     767     383     767 |    0.2   10.8    0.6
298  |   194 |    3282 |    5379     385    5379 |     770     385     770 |    0.2   12.8    0.7
299  |   193 |    3250 |    5351     383    5351 |     768     384     768 |    0.1   14.0    0.9
300  |   194 |    3262 |    5345     384    5345 |     768     384     768 |    0.1   12.7    0.7
301  |   194 |    3273 |    5354     385    5354 |     770     385     770 |    0.2    9.5    0.6
302  |   194 |    2294 |    5364     385    5364 |     770     385     770 |    0.1   13.1    0.7
303  |   193 |    3260 |    5352     384    5352 |     767     384     767 |    0.2   12.7    0.7
304  |   194 |    3278 |    5347     385    5347 |     770     385     770 |    0.1   12.5    0.7
305  |   194 |    2298 |    5368     385    5368 |     770     385     770 |    0.1   12.9    0.7
306  |   194 |    2478 |    5333     384    5333 |     770     385     770 |    0.1   10.3    0.6
307  |   194 |    3273 |    5368     385    5368 |     771     385     771 |    0.1   12.7    0.7
308  |   194 |    3285 |    5376     385    5376 |     770     385     770 |    0.2   12.8    0.7
309  |   193 |    3263 |    5360     384    5360 |     768     384     768 |    0.1   12.4    0.7
310  |   194 |    2888 |    5379     385    5379 |     771     385     771 |    0.1    9.7    0.6
311  |   194 |    3286 |    4619     385    4619 |     771     385     771 |    0.1    9.7    0.6
312  |   194 |    3283 |    5374     385    5374 |     771     385     771 |    0.1   12.6    0.7
313  |   193 |    3259 |    5346     384    5346 |     770     384     770 |    0.1   12.5    0.7
314  |   193 |    3271 |    5368     384    5368 |     768     384     768 |    0.1   12.5    0.7
315  |   194 |    2504 |    5381     385    5381 |     770     385     770 |    0.1   12.3    0.7
316  |   193 |    3268 |    5356     384    5356 |     769     384     769 |    0.1   12.7    0.7
317  |   194 |    3272 |    5365     385    5365 |     771     385     771 |    0.1   12.8    0.7
318  |   194 |    3288 |    5379     385    5379 |     771     385     771 |    0.1   12.7    0.7
319  |   194 |    3267 |    5358     384    5358 |     767     384     767 |    0.1   12.6    0.7
320  |   194 |    3282 |    5373     384    5373 |     769     385     769 |    0.1   13.1    0.7
321  |   194 |    3283 |    5369     385    5369 |     770     385     770 |    0.1   12.5    0.7
322  |   193 |    3266 |    5363     384    5363 |     769     384     769 |    0.1   12.2    0.7
323  |   194 |    2289 |    5359     385    5359 |     771     385     771 |    0.1   12.5    0.7
324  |   194 |    3283 |    5377     385    5377 |     770     385     770 |    0.1   12.4    0.7
325  |   194 |    3280 |    5377     385    5377 |     770     385     770 |    0.1   12.6    0.7
326  |   193 |    3266 |    5355     385    5355 |     770     385     770 |    0.1   12.6    0.7
327  |   194 |    2295 |    5367     385    5367 |     769     385     769 |    0.1   12.2    0.7
328  |   194 |    3272 |    5355     384    5355 |     768     384     768 |    0.1   11.7    0.6
329  |   194 |    3277 |    5372     385    5372 |     770     385     770 |    0.1   12.5    0.7
330  |   193 |    3244 |    5328     383    5328 |     766     383     766 |    0.2   12.7    0.7
331  |   194 |    3279 |    5369     385    5369 |     770     385     770 |    0.1   13.1    0.7
332  |   194 |    3287 |    5374     385    5374 |     771     386     771 |    0.1   13.3    0.9
333  |   194 |    2108 |    5368     385    5368 |     771     385     771 |    0.2   12.8    0.7
334  |   193 |    3255 |    5345     383    5345 |     767     383     767 |    0.1   12.3    0.7
335  |   193 |    3267 |    5368     384    5368 |     768     384     768 |    0.1   12.5    0.7
336  |   194 |    3276 |    5370     384    5370 |     768     384     768 |    0.1   12.6    0.7
337  |   193 |    3256 |    5355     384    5355 |     768     384     768 |    0.1   12.5    0.7
338  |   193 |    3243 |    4593     383    4593 |     766     383     766 |    0.1    9.1    0.6
339  |   194 |    3278 |    5363     385    5363 |     771     385     771 |    0.1   12.6    0.7
340  |   194 |    3277 |    5369     385    5369 |     769     385     769 |    0.1   12.5    0.7
341  |   194 |    2888 |    5364     386    5364 |     772     386     772 |    0.1    9.9    0.6
342  |   194 |    3259 |    5366     384    5366 |     769     385     769 |    0.1   12.4    0.7
343  |   194 |    3276 |    5357     384    5357 |     768     384     768 |    0.1   13.0    0.7
344  |   194 |    3272 |    5371     385    5371 |     770     385     770 |    0.2   12.9    0.7
345  |   194 |    3279 |    5371     385    5371 |     770     385     770 |    0.1   11.8    0.7
346  |   193 |    3238 |    4585     383    4585 |     767     383     767 |    0.1    9.4    0.6
347  |   193 |    2478 |    4586     383    4586 |     768     383     768 |    0.1    8.9    0.6
348  |   194 |    3269 |    5365     385    5365 |     770     385     770 |    0.1   12.5    0.7
349  |   194 |    3282 |    5369     385    5369 |     770     385     770 |    0.1   12.4    0.7
350  |   192 |    3238 |    5335     383    5335 |     765     383     765 |    0.1   12.1    0.7
351  |   194 |    3269 |    5362     384    5362 |     768     384     768 |    0.1   12.9    0.7
352  |   194 |    2114 |    5364     385    5364 |     770     385     770 |    0.1    9.4    0.7
353  |   194 |    3287 |    4617     385    4617 |     771     385     771 |    0.2    9.7    0.6
354  |   194 |    3269 |    5364     384    5364 |     770     384     770 |    0.1   12.4    0.7
355  |   194 |    3270 |    5363     384    5363 |     769     384     769 |    0.1   12.3    0.7
356  |   194 |    3280 |    5361     385    5361 |     771     385     771 |    0.1   12.5    0.7
357  |   194 |    3276 |    5371     384    5371 |     769     384     769 |    0.1   13.2    0.7
358  |   194 |    3276 |    5372     385    5372 |     770     385     770 |    0.2   12.5    0.7
359  |   192 |    3212 |    4557     383    4557 |     766     383     766 |    0.1    9.4    0.6
360  |   194 |    3276 |    5352     385    5352 |     770     385     770 |    0.1   13.6    0.7
361  |   193 |    3238 |    5328     384    5328 |     768     384     768 |    0.2    9.6    0.6
362  |   194 |    2101 |    5361     384    5361 |     769     384     769 |    0.1   12.4    0.7
363  |   194 |    3265 |    5355     384    5355 |     767     384     767 |    0.1   12.3    0.7
364  |   194 |    3281 |    4619     385    4619 |     771     385     771 |    0.1    9.8    0.6
365  |   194 |    3275 |    5371     386    5371 |     772     386     772 |    0.1   12.6    0.7
366  |   194 |    2306 |    5373     385    5373 |     771     386     771 |    0.1   12.8    0.7
367  |   194 |    3284 |    5376     386    5376 |     771     386     771 |    0.1   13.2    0.7
368  |   194 |    3269 |    5371     384    5371 |     769     384     769 |    0.1   12.6    0.7
369  |   194 |    3286 |    5374     385    5374 |     771     385     771 |    0.1   13.1    0.7
370  |   194 |    3240 |    5340     384    5340 |     768     384     768 |    0.1    9.7    0.6
371  |   193 |    3241 |    5338     383    5338 |     766     383     766 |    0.1   12.6    0.7
372  |   194 |    3273 |    5367     385    5367 |     771     385     771 |    0.2   12.9    0.7
373  |   194 |    2280 |    4583     384    4583 |     768     384     768 |    0.1    9.8    0.6
374  |   193 |    3257 |    5344     383    5344 |     767     384     767 |    0.1   13.0    0.7
375  |   194 |    2506 |    5384     386    5384 |     771     386     771 |    0.1   12.4    0.7
376  |   194 |    3282 |    5372     385    5372 |     770     385     770 |    0.2   13.1    0.7
377  |   193 |    2688 |    5366     385    5366 |     769     385     769 |    0.2    9.9    0.6
378  |   193 |    3256 |    5343     383    5343 |     766     383     766 |    0.1   12.5    0.7
379  |   194 |    2108 |    5369     384    5369 |     769     384     769 |    0.1   12.3    0.7
380  |   194 |    3289 |    5380     385    5380 |     770     385     770 |    0.2   12.6    0.7
381  |   194 |    3289 |    5382     386    5382 |     771     386     771 |    0.1   12.8    0.7
382  |   194 |    3267 |    5363     384    5363 |     770     385     770 |    0.2   12.6    0.7
383  |   194 |    3282 |    5377     385    5377 |     771     386     771 |    0.1   12.9    0.7
384  |   194 |    3281 |    5377     386    5377 |     771     386     771 |    0.1   12.0    0.7
385  |   193 |    3253 |    4599     383    4599 |     767     383     767 |    0.1    9.4    0.6
386  |   194 |    3281 |    5373     385    5373 |     770     385     770 |    0.1   12.6    0.7
387  |   194 |    3272 |    5366     385    5366 |     769     385     769 |    0.1    9.3    0.6
388  |   194 |    3280 |    5371     385    5371 |     770     385     770 |    0.1   12.7    0.7
389  |   194 |    3270 |    5359     384    5359 |     769     384     769 |    0.1   12.4    0.7
390  |   194 |    3259 |    5363     384    5363 |     769     384     769 |    0.2   12.6    0.7
391  |   194 |    2294 |    5350     385    5350 |     771     385     771 |    0.1    9.5    0.6
392  |   194 |    3274 |    5359     384    5359 |     768     384     768 |    0.1   12.5    0.7
393  |   194 |    3287 |    5382     385    5382 |     771     385     771 |    0.1   12.2    0.7
394  |   194 |    3278 |    5365     385    5365 |     772     385     772 |    0.2   12.9    0.7
395  |   194 |    3282 |    5377     385    5377 |     770     385     770 |    0.1   13.4    0.7
396  |   194 |    3271 |    5356     384    5356 |     768     384     768 |    0.2   12.1    0.6
397  |   194 |    3285 |    5374     386    5374 |     772     386     772 |    0.1   12.8    0.7
398  |   194 |    3282 |    5370     384    5370 |     770     384     770 |    0.1   12.9    0.7
399  |   193 |    2659 |    4580     383    4580 |     767     383     767 |    0.1    8.7    0.6
400  |   194 |    3276 |    5374     384    5374 |     769     385     769 |    0.1   12.7    0.7
401  |   194 |    2117 |    5365     386    5365 |     772     386     772 |    0.1   12.7    0.7
402  |   194 |    3274 |    5368     384    5368 |     769     384     769 |    0.1   12.3    0.7
403  |   194 |    3244 |    4590     384    4590 |     769     384     769 |    0.1    9.4    0.6
404  |   192 |    3237 |    5328     383    5328 |     765     383     765 |    0.1   11.9    0.7
405  |   193 |    3262 |    5361     384    5361 |     767     384     767 |    0.1   12.5    0.7
406  |   194 |    3284 |    5382     386    5382 |     771     386     771 |    0.1   13.3    0.7
407  |   194 |    3276 |    5369     385    5369 |     770     385     770 |    0.1   12.4    0.7
408  |   194 |    3274 |    5353     384    5353 |     768     384     768 |    0.1   13.1    0.7
409  |   193 |    3260 |    5347     384    5347 |     767     384     767 |    0.1   12.3    0.7
410  |   194 |    3272 |    5368     384    5368 |     768     384     768 |    0.1   13.0    0.7
411  |   194 |    3281 |    5375     385    5375 |     770     385     770 |    0.1   12.8    0.7
412  |   194 |    3241 |    5298     384    5298 |     768     384     768 |    0.1   12.0    0.7
413  |   194 |    2109 |    5361     384    5361 |     769     384     769 |    0.1   12.3    0.6
414  |   194 |    2104 |    4604     384    4604 |     768     384     768 |    0.1    9.7    0.6
415  |   194 |    3283 |    5366     385    5366 |     770     385     770 |    0.1   12.7    0.7
416  |   193 |    3271 |    5360     385    5360 |     769     385     769 |    0.1   12.4    0.7
417  |   194 |    3254 |    4600     385    4600 |     769     384     769 |    0.1    9.4    0.6
418  |   194 |    3259 |    5340     384    5340 |     767     384     767 |    0.1   12.3    0.7
419  |   194 |    3280 |    5379     386    5379 |     772     386     772 |    0.1   12.9    0.7
420  |   194 |    3277 |    5353     385    5353 |     771     385     771 |    0.1   13.1    0.7
421  |   194 |    3286 |    5374     386    5374 |     771     386     771 |    0.1   12.4    0.7
422  |   194 |    3273 |    5368     384    5368 |     769     384     769 |    0.1   12.9    0.7
423  |   194 |    3279 |    5373     386    5373 |     772     386     772 |    0.1   12.6    0.7
424  |   192 |    3221 |    4570     383    4570 |     766     383     766 |    0.1    8.5    0.5
425  |   194 |    3279 |    5370     386    5370 |     771     386     771 |    0.1   13.0    0.8
426  |   193 |    3267 |    5359     385    5359 |     769     385     769 |    0.2   13.3    0.7
427  |   192 |    3254 |    5351     383    5351 |     767     383     767 |    0.1   12.1    0.7
428  |   194 |    3261 |    5363     384    5363 |     769     384     769 |    0.1   12.7    0.7
429  |   194 |    3289 |    5384     385    5384 |     771     385     771 |    0.2   12.9    0.7
430  |   194 |    3284 |    5368     385    5368 |     770     385     770 |    0.1   12.8    0.7
431  |   194 |    3272 |    5363     384    5363 |     768     384     768 |    0.1   12.8    0.7
432  |   194 |    2108 |    5370     384    5370 |     769     384     769 |    0.1   12.5    0.7
433  |   194 |    3270 |    5363     384    5363 |     770     385     770 |    0.1   12.4    0.7
434  |   194 |    3263 |    5370     384    5370 |     769     384     769 |    0.1   12.5    0.7
435  |   194 |    3274 |    5364     384    5364 |     768     384     768 |    0.1   12.7    0.7
436  |   193 |    3233 |    5309     386    5309 |     771     386     771 |    0.2    9.3    0.6
437  |   193 |    3268 |    5361     384    5361 |     768     384     768 |    0.2   12.4    0.7
438  |   193 |    3260 |    5366     384    5366 |     769     384     769 |    0.1   12.1    0.7
439  |   194 |    3266 |    5369     386    5369 |     771     386     771 |    0.1   12.6    0.7
440  |   194 |    3278 |    5375     385    5375 |     771     385     771 |    0.1   12.8    0.7
441  |   194 |    3292 |    5385     386    5385 |     771     385     771 |    0.1   13.2    0.7
442  |   194 |    3260 |    5328     384    5328 |     768     384     768 |    0.1   12.5    0.7
443  |   194 |    3285 |    5377     386    5377 |     772     386     772 |    0.1   12.4    0.7
444  |   194 |    3288 |    5378     386    5378 |     772     386     772 |    0.1    9.9    0.6
445  |   194 |    3286 |    5374     385    5374 |     770     385     770 |    0.2   12.2    0.7
446  |   194 |    3278 |    5367     384    5367 |     769     384     769 |    0.1   12.9    0.7
447  |   194 |    2500 |    5351     385    5351 |     770     385     770 |    0.1    9.5    0.6
448  |   194 |    3272 |    5363     384    5363 |     769     385     769 |    0.1   12.7    0.7
449  |   194 |    3265 |    4602     384    4602 |     768     384     768 |    0.1    9.5    0.6
450  |   194 |    3284 |    5369     385    5369 |     772     386     772 |    0.1   12.9    0.7
451  |   194 |    3286 |    5382     385    5382 |     771     385     771 |    0.1   12.4    0.7
452  |   194 |    3282 |    5375     385    5375 |     771     385     771 |    0.1   12.9    0.7
453  |   194 |    3269 |    5354     384    5354 |     768     384     768 |    0.1   12.7    0.7
454  |   193 |    3252 |    5358     383    5358 |     767     383     767 |    0.1   12.3    0.7
455  |   194 |    3233 |    4580     384    4580 |     768     384     768 |    0.1    9.4    0.6
456  |   194 |    3284 |    5379     385    5379 |     772     385     772 |    0.2   13.0    0.7
457  |   194 |    3272 |    5371     385    5371 |     770     385     770 |    0.1   12.6    0.7
458  |   194 |    3272 |    5369     385    5369 |     770     385     770 |    0.2   12.5    0.7
459  |   193 |    3246 |    5341     386    5341 |     771     386     771 |    0.1    9.1    0.6
460  |   194 |    3255 |    5336     384    5336 |     767     384     767 |    0.1    8.9    0.6
461  |   194 |    2116 |    5365     385    5365 |     769     385     769 |    0.1   12.5    0.7
462  |   194 |    2897 |    5376     385    5376 |     771     385     771 |    0.1   13.1    0.7
463  |   194 |    3282 |    5369     386    5369 |     771     386     771 |    0.1   12.5    0.7
464  |   194 |    3278 |    5365     385    5365 |     770     385     770 |    0.1   12.4    0.7
465  |   190 |    3211 |    4552     383    4552 |     765     383     765 |    0.1    8.8    0.6
466  |   192 |    3251 |    5356     383    5356 |     767     383     767 |    0.1   12.4    0.7
467  |   194 |    3263 |    5330     384    5330 |     769     384     769 |    0.1   12.2    0.7
468  |   194 |    3288 |    5383     386    5383 |     771     386     771 |    0.1   12.3    0.7
469  |   194 |    3211 |    4562     384    4562 |     768     384     768 |    0.1    9.3    0.6
470  |   194 |    3278 |    5370     385    5370 |     770     385     770 |    0.1   12.5    0.7
471  |   194 |    3278 |    5373     385    5373 |     771     385     771 |    0.1   12.2    0.7
472  |   194 |    3287 |    5378     386    5378 |     771     386     771 |    0.1   11.8    0.7
473  |   194 |    3254 |    4601     384    4601 |     767     384     767 |    0.1    9.4    0.6
474  |   194 |    3271 |    5371     385    5371 |     770     385     770 |    0.1   12.4    0.7
475  |   194 |    3290 |    5377     386    5377 |     772     386     772 |    0.1   13.0    0.7
476  |   191 |    3220 |    4557     383    4557 |     765     383     765 |    0.1    9.2    0.6
477  |   193 |    3272 |    5366     384    5366 |     770     384     770 |    0.1   12.5    0.7
478  |   194 |    3275 |    5357     384    5357 |     769     384     769 |    0.1   12.8    0.7
479  |   194 |    2091 |    4578     384    4578 |     767     384     767 |    0.1    8.4    0.5
480  |   194 |    2484 |    5372     386    5372 |     771     386     771 |    0.1   12.0    0.7
481  |   194 |    3284 |    5378     385    5378 |     771     385     771 |    0.1   12.4    0.7
482  |   194 |    3284 |    5384     385    5384 |     771     385     771 |    0.1   12.5    0.7
483  |   192 |    3232 |    4571     383    4571 |     765     383     765 |    0.1    9.3    0.6
484  |   194 |    3272 |    5360     385    5360 |     770     385     770 |    0.1   12.4    0.7
485  |   194 |    3266 |    5350     384    5350 |     768     384     768 |    0.1   12.4    0.7
486  |   194 |    3290 |    5375     385    5375 |     771     386     771 |    0.1   12.2    0.7
487  |   193 |    3264 |    5361     384    5361 |     768     384     768 |    0.1   12.9    0.7
488  |   194 |    3281 |    5372     385    5372 |     769     385     769 |    0.1   13.0    0.7
489  |   194 |    2863 |    5334     385    5334 |     770     385     770 |    0.1    9.5    0.6
490  |   194 |    3272 |    5368     385    5368 |     770     385     770 |    0.1   12.5    0.7
491  |   194 |    3278 |    5366     384    5366 |     769     384     769 |    0.1   12.6    0.7
492  |   193 |    3231 |    4576     383    4576 |     767     383     767 |    0.1    9.0    0.6
493  |   194 |    3273 |    5345     385    5345 |     769     385     769 |    0.1   12.1    0.7
494  |   194 |    3274 |    5370     384    5370 |     769     385     769 |    0.1   12.7    0.7
495  |   192 |    3232 |    4577     382    4577 |     766     383     766 |    0.1    9.4    0.6
496  |   194 |    3271 |    5360     384    5360 |     768     384     768 |    0.1   12.2    0.7
497  |   193 |    3263 |    5355     384    5355 |     767     384     767 |    0.1   12.4    0.7
498  |   194 |    3269 |    5353     389    5353 |     777     389     777 |    0.2   12.2    0.7
499  |   194 |    3288 |    5381     385    5381 |     771     385     771 |    0.1   12.9    0.7
500  |   193 |    3196 |    5289     385    5289 |     769     385     769 |    0.1    8.9    0.6
501  |   194 |    3253 |    5340     385    5340 |     772     385     772 |    0.1    9.1    0.6
502  |   194 |    3277 |    5365     384    5365 |     769     385     769 |    0.1   12.6    0.7
503  |   194 |    3275 |    5354     384    5354 |     769     384     769 |    0.1   12.6    0.7
504  |   194 |    3281 |    5369     384    5369 |     769     384     769 |    0.1   12.8    0.7
505  |   194 |    3284 |    5375     385    5375 |     770     385     770 |    0.1   12.7    0.7
506  |   194 |    3278 |    5377     385    5377 |     770     385     770 |    0.1   12.3    0.7
507  |   194 |    2287 |    4598     384    4598 |     767     384     767 |    0.1    9.0    0.6
508  |   193 |    3238 |    4587     383    4587 |     767     383     767 |    0.2    9.4    0.6
509  |   194 |    3274 |    5347     385    5347 |     769     385     769 |    0.1   12.2    0.7
510  |   194 |    3265 |    5366     385    5366 |     770     385     770 |    0.1   12.1    0.7
511  |   194 |    3284 |    5381     385    5381 |     771     385     771 |    0.1   12.9    0.7
512  |   194 |    2501 |    5378     385    5378 |     771     385     771 |    0.1   12.7    0.7
513  |   194 |    3279 |    5374     385    5374 |     769     385     769 |    0.2   12.8    0.7
514  |   194 |    3259 |    4607     384    4607 |     769     384     769 |    0.1    9.4    0.6
515  |   194 |    3285 |    5372     385    5372 |     770     385     770 |    0.1   12.8    0.7
516  |   194 |    3271 |    5368     384    5368 |     769     384     769 |    0.1   12.7    0.7
517  |   194 |    3283 |    5373     385    5373 |     769     385     769 |    0.1   12.7    0.7
518  |   194 |    3285 |    5383     385    5383 |     771     385     771 |    0.1   12.7    0.7
519  |   194 |    3284 |    5369     386    5369 |     772     386     772 |    0.1    9.6    0.6
520  |   194 |    3276 |    5349     385    5349 |     769     385     769 |    0.1   12.3    0.7
521  |   194 |    3281 |    5370     385    5370 |     771     385     771 |    0.1   12.4    0.7
522  |   194 |    3263 |    4608     384    4608 |     769     384     769 |    0.1    9.3    0.6
523  |   194 |    3263 |    5349     384    5349 |     767     384     767 |    0.1   12.9    0.7
524  |   193 |    2493 |    5356     384    5356 |     769     384     769 |    0.1    9.8    0.6
525  |   194 |    2475 |    5371     386    5371 |     771     386     771 |    0.1   12.5    0.7
526  |   194 |    3274 |    5362     385    5362 |     770     385     770 |    0.1   12.7    0.7
527  |   193 |    3270 |    5367     384    5367 |     769     384     769 |    0.1   12.6    0.7
528  |   194 |    3273 |    5366     385    5366 |     770     385     770 |    0.2   12.6    0.7
529  |   194 |    3283 |    5376     385    5376 |     771     385     771 |    0.1   13.0    0.7
530  |   194 |    2302 |    5379     385    5379 |     770     385     770 |    0.1   12.7    0.7
531  |   193 |    3252 |    4598     383    4598 |     767     383     767 |    0.1    9.4    0.6
532  |   194 |    3280 |    5371     385    5371 |     770     385     770 |    0.1   13.2    0.7
533  |   194 |    2118 |    5371     385    5371 |     771     385     771 |    0.2   12.2    0.7
534  |   193 |    3267 |    5346     384    5346 |     768     384     768 |    0.1   12.5    0.7
535  |   193 |    3265 |    4600     384    4600 |     767     384     767 |    0.1    9.7    0.6
536  |   194 |    3282 |    5379     385    5379 |     770     385     770 |    0.1   12.6    0.7
537  |   194 |    2639 |    4565     384    4565 |     768     384     768 |    0.1    9.0    0.6
538  |   194 |    3276 |    5348     385    5348 |     770     385     770 |    0.1   12.4    0.7
539  |   194 |    2292 |    5370     387    5370 |     773     387     773 |    0.1   12.4    0.7
540  |   194 |    3281 |    5372     385    5372 |     769     385     769 |    0.1   12.4    0.7
541  |   191 |    3239 |    4584     383    4584 |     765     383     765 |    0.1    8.8    0.6
542  |   193 |    3267 |    5365     384    5365 |     769     384     769 |    0.1   12.5    0.7
543  |   194 |    2693 |    5372     384    5372 |     769     384     769 |    0.1    9.3    0.6
544  |   194 |    3267 |    5360     386    5360 |     773     386     773 |    0.1    9.2    0.6
545  |   193 |    3257 |    5361     383    5361 |     768     384     768 |    0.1   11.9    0.7
546  |   194 |    3281 |    5373     385    5373 |     770     385     770 |    0.1   12.6    0.7
547  |   194 |    3270 |    5370     386    5370 |     770     385     770 |    0.1   12.9    0.7
548  |   194 |    3270 |    5372     385    5372 |     770     385     770 |    0.1   12.4    0.7
549  |   194 |    3281 |    5380     385    5380 |     771     385     771 |    0.1   12.9    0.7
550  |   194 |    2688 |    5377     385    5377 |     770     385     770 |    0.1    9.3    0.6
551  |   194 |    3272 |    5367     384    5367 |     769     384     769 |    0.1   12.5    0.7
552  |   194 |    2287 |    4598     384    4598 |     769     384     769 |    0.1    9.1    0.6
553  |   194 |    3281 |    5373     386    5373 |     772     386     772 |    0.1   12.6    0.7
554  |   194 |    3272 |    5367     385    5367 |     769     385     769 |    0.1   12.9    0.7
555  |   194 |    3268 |    5370     385    5370 |     769     385     769 |    0.1   11.8    0.7
556  |   194 |    3286 |    5380     385    5380 |     770     385     770 |    0.1   12.3    0.7
557  |   193 |    3264 |    5354     384    5354 |     769     384     769 |    0.1   12.3    0.7
558  |   194 |    3260 |    5367     384    5367 |     768     384     768 |    0.1   12.7    0.7
559  |   194 |    3288 |    5378     385    5378 |     770     385     770 |    0.1   12.6    0.7
560  |   194 |    3277 |    5367     385    5367 |     771     385     771 |    0.1   12.8    0.7
561  |   194 |    3267 |    5355     384    5355 |     768     384     768 |    0.1   12.1    0.7
562  |   194 |    3282 |    5367     385    5367 |     771     385     771 |    0.1   12.6    0.7
563  |   194 |    3269 |    5371     384    5371 |     770     385     770 |    0.2   12.6    0.7
564  |   194 |    3273 |    5367     386    5367 |     773     386     773 |    0.1   12.2    0.7
565  |   194 |    3281 |    5369     385    5369 |     771     385     771 |    0.1   12.8    0.7
566  |   194 |    3289 |    5375     386    5375 |     772     386     772 |    0.1   12.5    0.7
567  |   194 |    2102 |    4603     384    4603 |     768     384     768 |    0.1    9.3    0.6
568  |   194 |    3276 |    5358     384    5358 |     769     384     769 |    0.1   12.5    0.7
569  |   194 |    2703 |    5380     385    5380 |     771     385     771 |    0.1   13.2    0.7
570  |   194 |    2488 |    4605     384    4605 |     769     384     769 |    0.1    9.1    0.6
571  |   194 |    3261 |    5347     383    5347 |     767     383     767 |    0.1   11.8    0.6
572  |   193 |    3251 |    4601     384    4601 |     768     384     768 |    0.1    9.4    0.6
573  |   193 |    2484 |    5349     384    5349 |     768     384     768 |    0.1    9.2    0.6
574  |   194 |    3285 |    5370     386    5370 |     772     386     772 |    0.1   12.0    0.7
575  |   194 |    3267 |    5360     384    5360 |     768     384     768 |    0.1   12.9    0.7
576  |   194 |    3276 |    5369     386    5369 |     771     386     771 |    0.1   12.7    0.7
577  |   194 |    3266 |    5343     384    5343 |     768     384     768 |    0.1   12.6    0.7
578  |   194 |    3278 |    5373     385    5373 |     769     385     769 |    0.1   12.5    0.7
579  |   194 |    3250 |    5321     385    5321 |     770     385     770 |    0.1   12.6    0.7
580  |   193 |    3268 |    5364     384    5364 |     769     384     769 |    0.1   12.2    0.7
581  |   194 |    3272 |    5356     384    5356 |     768     384     768 |    0.2   12.5    0.7
582  |   194 |    3258 |    5365     384    5365 |     768     384     768 |    0.1   12.7    0.7
583  |   194 |    3247 |    4595     384    4595 |     768     384     768 |    0.1    9.4    0.6
584  |   193 |    3254 |    5354     383    5354 |     767     384     767 |    0.1    9.4    0.6
585  |   194 |    3274 |    5335     387    5335 |     775     387     775 |    0.1   10.0    0.6
586  |   194 |    3281 |    4613     385    4613 |     770     385     770 |    0.2    9.3    0.7
587  |   192 |    3244 |    4589     383    4589 |     766     383     766 |    0.1    9.5    0.6
588  |   194 |    3287 |    5377     385    5377 |     772     386     772 |    0.1   12.6    0.7
589  |   194 |    3279 |    5372     385    5372 |     771     385     771 |    0.1   12.7    0.7
590  |   194 |    3282 |    5374     385    5374 |     770     385     770 |    0.1   13.1    0.7
591  |   194 |    3273 |    5361     384    5361 |     768     384     768 |    0.1   12.4    0.7
592  |   194 |    3279 |    5381     385    5381 |     770     385     770 |    0.1   13.2    0.7
593  |   194 |    2136 |    5362     387    5362 |     773     387     773 |    0.1    9.7    0.6
594  |   194 |    2499 |    5365     386    5365 |     772     386     772 |    0.1   12.2    0.7
595  |   194 |    3280 |    5374     386    5374 |     771     386     771 |    0.1   12.4    0.7
596  |   194 |    3281 |    5368     386    5368 |     772     386     772 |    0.1   12.7    0.7
597  |   194 |    3271 |    5363     384    5363 |     768     384     768 |    0.1   12.9    0.7
598  |   194 |    3270 |    5368     385    5368 |     770     385     770 |    0.1   12.2    0.7
599  |   194 |    3265 |    5373     384    5373 |     769     384     769 |    0.1   13.5    0.7
600  |   193 |    3251 |    5344     384    5344 |     768     384     768 |    0.1   12.5    0.7
601  |   194 |    3281 |    5370     385    5370 |     770     385     770 |    0.1   13.1    0.7
602  |   194 |    3267 |    5369     384    5369 |     768     384     768 |    0.2   13.1    0.7
603  |   194 |    2120 |    5378     387    5378 |     774     387     774 |    0.1   13.0    0.7
604  |   194 |    3278 |    5368     385    5368 |     770     385     770 |    0.1   12.3    0.7
605  |   192 |    3239 |    5332     383    5332 |     765     383     765 |    0.1   12.7    0.7
606  |   194 |    3276 |    5344     385    5344 |     770     385     770 |    0.1   12.9    0.7
607  |   194 |    2471 |    4580     384    4580 |     768     384     768 |    0.1    9.6    0.6
608  |   194 |    3285 |    5362     386    5362 |     772     386     772 |    0.1   12.4    0.7
609  |   193 |    3256 |    5355     384    5355 |     767     384     767 |    0.1   12.2    0.7
610  |   194 |    3273 |    5364     385    5364 |     772     385     772 |    0.1   13.0    0.7
611  |   194 |    2114 |    5368     386    5368 |     772     386     772 |    0.2   12.3    0.7
612  |   194 |    2295 |    5370     384    5370 |     769     384     769 |    0.1   12.6    0.7
613  |   194 |    3281 |    5373     385    5373 |     769     385     769 |    0.1   12.7    0.7
614  |   194 |    3279 |    5367     385    5367 |     770     385     770 |    0.1   13.0    0.7
615  |   193 |    3264 |    5360     385    5360 |     770     385     770 |    0.1   11.6    0.7
616  |   194 |    3287 |    5382     385    5382 |     770     385     770 |    0.1   13.0    0.7
617  |   194 |    3286 |    5376     386    5376 |     772     386     772 |    0.1   12.1    0.7
618  |   194 |    3270 |    5368     384    5368 |     768     384     768 |    0.1   12.8    0.7
619  |   194 |    2505 |    5375     385    5375 |     771     385     771 |    0.1   11.8    0.6
620  |   193 |    3258 |    5352     384    5352 |     768     384     768 |    0.1   12.5    0.7
621  |   193 |    3255 |    5347     384    5347 |     768     384     768 |    0.1   12.1    0.7
622  |   194 |    3272 |    5361     385    5361 |     772     385     772 |    0.1   12.5    0.7
623  |   194 |    3285 |    5379     386    5379 |     771     386     771 |    0.3   12.8    0.7
624  |   194 |    3289 |    5369     386    5369 |     772     386     772 |    0.1   12.1    0.7
625  |   194 |    3287 |    5383     385    5383 |     771     385     771 |    0.1   12.2    0.7
626  |   194 |    3255 |    5350     384    5350 |     770     385     770 |    0.1    9.4    0.6
627  |   192 |    3232 |    5328     383    5328 |     765     383     765 |    0.1   12.0    0.7
628  |   194 |    2296 |    5370     384    5370 |     770     384     770 |    0.1   12.6    0.7
629  |   192 |    3244 |    5340     383    5340 |     765     383     765 |    0.1   12.6    0.7
630  |   194 |    3226 |    4571     384    4571 |     768     384     768 |    0.1    9.1    0.6
631  |   194 |    3267 |    5363     386    5363 |     775     386     775 |    0.1   12.2    0.7
632  |   193 |    2101 |    4597     384    4597 |     769     384     769 |    0.1    9.2    0.6
633  |   192 |    3256 |    5349     383    5349 |     768     384     768 |    0.1   12.6    0.7
634  |   193 |    2673 |    5349     384    5349 |     768     384     768 |    0.1    9.5    0.6
635  |   194 |    3281 |    5376     385    5376 |     770     385     770 |    0.2   11.8    0.7
636  |   194 |    3290 |    5382     386    5382 |     771     386     771 |    0.1   12.6    0.7
637  |   194 |    3268 |    5365     384    5365 |     768     384     768 |    0.1   12.5    0.7
638  |   194 |    2504 |    5376     385    5376 |     770     385     770 |    0.1    9.6    0.6
639  |   194 |    3259 |    5365     384    5365 |     768     384     768 |    0.1   12.8    0.7
640  |   193 |    3265 |    5352     384    5352 |     768     384     768 |    0.1   12.0    0.7
641  |   194 |    3285 |    5376     385    5376 |     770     385     770 |    0.1   12.5    0.7
642  |   193 |    3263 |    5355     383    5355 |     768     383     768 |    0.1   12.3    0.7
643  |   194 |    3274 |    5374     385    5374 |     770     385     770 |    0.1   12.5    0.7
644  |   194 |    3287 |    5376     385    5376 |     771     385     771 |    0.1   12.8    0.7
645  |   194 |    3282 |    5371     385    5371 |     770     385     770 |    0.1   12.4    0.7
646  |   194 |    3270 |    5349     384    5349 |     768     384     768 |    0.1   12.8    0.7
647  |   194 |    2136 |    5334     388    5334 |     775     388     775 |    0.2    9.2    0.6
648  |   194 |    3273 |    5375     385    5375 |     769     385     769 |    0.1   12.3    0.7
649  |   194 |    2473 |    4575     384    4575 |     769     384     769 |    0.1    8.9    0.6
650  |   194 |    3285 |    5375     385    5375 |     770     385     770 |    0.1   13.0    0.7
651  |   193 |    2113 |    5351     384    5351 |     768     384     768 |    0.1    9.4    0.6
652  |   194 |    2298 |    5376     386    5376 |     772     386     772 |    0.1   12.1    0.7
653  |   192 |    2665 |    4589     383    4589 |     766     383     766 |    0.1    9.4    0.6
654  |   192 |    3257 |    5356     383    5356 |     767     383     767 |    0.1   12.6    0.7
655  |   194 |    3253 |    4597     384    4597 |     769     384     769 |    0.1    9.2    0.6
656  |   194 |    2693 |    5377     386    5377 |     771     386     771 |    0.1   12.9    0.7
657  |   194 |    3272 |    5374     384    5374 |     770     385     770 |    0.1   11.9    0.7
658  |   193 |    3270 |    5360     384    5360 |     769     384     769 |    0.1   12.5    0.7
659  |   194 |    3250 |    5303     384    5303 |     769     384     769 |    0.1   11.8    0.7
660  |   194 |    2887 |    5364     384    5364 |     768     384     768 |    0.1    9.7    0.6
661  |   194 |    3290 |    5385     386    5385 |     771     386     771 |    0.1   12.7    0.7
662  |   194 |    3283 |    5381     385    5381 |     771     385     771 |    0.1   12.6    0.7
663  |   194 |    3291 |    5376     386    5376 |     773     386     773 |    0.1   12.7    0.7
664  |   194 |    3259 |    5350     383    5350 |     767     383     767 |    0.1   12.5    0.7
665  |   194 |    3268 |    5374     385    5374 |     770     385     770 |    0.1   13.2    0.7
666  |   193 |    3263 |    5352     385    5352 |     769     385     769 |    0.1   12.6    0.7
667  |   194 |    3279 |    5372     384    5372 |     770     385     770 |    0.1   12.7    0.7
668  |   194 |    3270 |    5344     386    5344 |     774     386     774 |    0.2    9.8    0.6
669  |   192 |    3239 |    4586     384    4586 |     767     384     767 |    0.2    9.3    0.6
670  |   194 |    2506 |    5383     385    5383 |     770     385     770 |    0.1    9.6    0.6
671  |   194 |    2113 |    5375     385    5375 |     770     385     770 |    0.1   12.2    0.7
672  |   194 |    3278 |    5362     386    5362 |     771     386     771 |    0.1   12.5    0.7
673  |   194 |    3286 |    5373     385    5373 |     771     385     771 |    0.1   12.4    0.7
674  |   194 |    3280 |    5363     386    5363 |     773     386     773 |    0.1   12.7    0.7
675  |   194 |    3292 |    5367     386    5367 |     774     386     774 |    0.1   12.6    0.7
676  |   194 |    2295 |    5375     385    5375 |     770     385     770 |    0.1   11.6    0.7
677  |   194 |    3275 |    5372     385    5372 |     770     385     770 |    0.1   13.2    0.7
678  |   194 |    3261 |    5339     384    5339 |     769     384     769 |    0.1   12.2    0.7
679  |   194 |    2102 |    4595     384    4595 |     768     384     768 |    0.1    9.5    0.6
680  |   194 |    3277 |    5365     384    5365 |     769     384     769 |    0.1   12.9    0.7
681  |   192 |    3242 |    4588     383    4588 |     766     383     766 |    0.1    9.3    0.6
682  |   192 |    2270 |    4588     383    4588 |     766     383     766 |    0.1    9.3    0.6
683  |   194 |    3286 |    5382     385    5382 |     771     385     771 |    0.1   12.4    0.7
684  |   194 |    3287 |    5378     386    5378 |     772     386     772 |    0.2   13.0    0.7
685  |   194 |    3270 |    5360     385    5360 |     770     385     770 |    0.2   12.9    0.7
686  |   192 |    3252 |    5356     383    5356 |     768     383     768 |    0.1   12.1    0.7
687  |   193 |    3256 |    5361     384    5361 |     767     384     767 |    0.1   12.5    0.7
688  |   194 |    3276 |    5370     384    5370 |     769     384     769 |    0.1   12.7    0.7
689  |   194 |    3258 |    5358     384    5358 |     768     384     768 |    0.1   12.5    0.7
690  |   194 |    3279 |    5376     385    5376 |     770     385     770 |    0.1   13.2    0.7
691  |   194 |    3269 |    5372     385    5372 |     769     385     769 |    0.1   12.8    0.7
692  |   194 |    3260 |    5338     384    5338 |     768     384     768 |    0.1   13.1    0.7
693  |   194 |    2292 |    5365     385    5365 |     770     385     770 |    0.1   12.9    0.7
694  |   193 |    3262 |    5362     384    5362 |     768     384     768 |    0.1   12.8    0.7
695  |   194 |    3274 |    5371     384    5371 |     769     384     769 |    0.1   12.6    0.7
696  |   194 |    3274 |    5375     385    5375 |     769     385     769 |    0.1   12.8    0.7
697  |   194 |    3270 |    5354     387    5354 |     774     387     774 |    0.2   12.3    0.7
698  |   194 |    3258 |    5362     384    5362 |     768     384     768 |    0.1   12.2    0.7
699  |   194 |    3263 |    5363     384    5363 |     769     384     769 |    0.1   12.7    0.7
700  |   194 |    2451 |    4562     384    4562 |     768     384     768 |    0.1    9.0    0.6
701  |   194 |    2682 |    5362     384    5362 |     768     384     768 |    0.1   12.2    0.7
702  |   194 |    3285 |    5364     386    5364 |     772     386     772 |    0.1   12.3    0.7
703  |   194 |    3262 |    5367     384    5367 |     768     384     768 |    0.1   12.5    0.7
704  |   194 |    3283 |    5382     385    5382 |     771     385     771 |    0.1   12.9    0.7
705  |   193 |    3252 |    5339     384    5339 |     767     384     767 |    0.1    9.8    0.6
706  |   194 |    3277 |    5370     386    5370 |     771     386     771 |    0.1   12.8    0.7
707  |   194 |    3274 |    5362     385    5362 |     771     385     771 |    0.1   12.7    0.7
708  |   194 |    2486 |    5365     384    5365 |     769     384     769 |    0.1   12.4    0.7
709  |   194 |    3275 |    5371     385    5371 |     770     385     770 |    0.1   12.6    0.7
710  |   194 |    2113 |    5364     386    5364 |     772     386     772 |    0.1   12.4    0.7
711  |   194 |    3289 |    5371     386    5371 |     772     385     772 |    0.1   12.4    0.7
712  |   194 |    3286 |    5379     385    5379 |     770     385     770 |    0.1   12.3    0.7
713  |   193 |    3259 |    5356     385    5356 |     769     385     769 |    0.1    8.9    0.6
714  |   194 |    3284 |    5381     385    5381 |     771     385     771 |    0.1   12.9    0.7
715  |   194 |    3272 |    5374     385    5374 |     769     384     769 |    0.1   13.1    0.7
716  |   194 |    3286 |    5379     385    5379 |     771     385     771 |    0.1   12.9    0.7
717  |   194 |    3282 |    5380     385    5380 |     771     385     771 |    0.2    9.9    0.6
718  |   191 |    3235 |    4581     383    4581 |     765     383     765 |    0.1    9.2    0.6
719  |   194 |    3256 |    5367     385    5367 |     770     385     770 |    0.2   12.4    0.7
720  |   193 |    3255 |    5358     384    5358 |     768     384     768 |    0.1   12.1    0.7
721  |   193 |    3267 |    5361     385    5361 |     769     385     769 |    0.1   12.3    0.7
722  |   193 |    3267 |    5363     384    5363 |     769     384     769 |    0.1   12.7    0.7
723  |   194 |    2260 |    4538     384    4538 |     768     384     768 |    0.1    9.0    0.6
724  |   193 |    3267 |    5364     384    5364 |     768     384     768 |    0.1   12.7    0.7
725  |   194 |    3265 |    5359     384    5359 |     768     384     768 |    0.1   12.3    0.7
726  |   194 |    2291 |    5363     384    5363 |     768     384     768 |    0.1   12.5    0.7
727  |   194 |    3290 |    5378     386    5378 |     772     386     772 |    0.1   13.0    0.7
728  |   193 |    3249 |    5349     383    5349 |     767     383     767 |    0.1   11.8    0.6
729  |   194 |    3285 |    5370     385    5370 |     771     385     771 |    0.1   12.8    0.7
730  |   194 |    3283 |    5377     385    5377 |     770     385     770 |    0.1   12.8    0.7
731  |   194 |    3255 |    4603     384    4603 |     768     384     768 |    0.1    9.2    0.6
732  |   194 |    3283 |    5367     385    5367 |     772     385     772 |    0.1   12.5    0.7
733  |   194 |    3262 |    5336     385    5336 |     771     385     771 |    0.1   11.8    0.7
734  |   193 |    3271 |    5359     385    5359 |     770     385     770 |    0.1   12.4    0.7
735  |   194 |    3254 |    5321     384    5321 |     769     384     769 |    0.1   12.1    0.7
736  |   194 |    2894 |    5379     385    5379 |     771     385     771 |    0.1    9.2    0.6
737  |   194 |    2690 |    5373     385    5373 |     770     385     770 |    0.1   12.4    0.7
738  |   194 |    3275 |    5364     384    5364 |     769     384     769 |    0.1   12.8    0.7
739  |   194 |    3289 |    5381     386    5381 |     771     386     771 |    0.2   13.1    0.7
740  |   194 |    3267 |    5348     385    5348 |     770     385     770 |    0.1   13.2    0.7
741  |   194 |    2480 |    4602     384    4602 |     768     384     768 |    0.1    9.6    0.6
742  |   193 |    3251 |    5349     383    5349 |     766     383     766 |    0.1   12.3    0.7
743  |   193 |    3249 |    5330     383    5330 |     767     383     767 |    0.1   12.4    0.7
744  |   194 |    3277 |    5362     384    5362 |     769     384     769 |    0.1   12.5    0.7
745  |   194 |    3265 |    5369     385    5369 |     769     385     769 |    0.1   13.4    0.7
746  |   194 |    3279 |    5355     386    5355 |     772     386     772 |    0.1   12.2    0.7
747  |   193 |    3248 |    4597     383    4597 |     767     384     767 |    0.1    9.6    0.6
748  |   194 |    3289 |    5386     385    5386 |     771     385     771 |    0.1   13.1    0.7
749  |   194 |    3270 |    5369     384    5369 |     769     384     769 |    0.1   12.4    0.7
750  |   194 |    3280 |    5371     385    5371 |     771     385     771 |    0.1   11.9    0.7
751  |   194 |    2674 |    5343     385    5343 |     770     385     770 |    0.1    9.3    0.6
752  |   193 |    3261 |    5351     385    5351 |     769     385     769 |    0.1   13.1    0.7
753  |   194 |    2102 |    4606     384    4606 |     768     384     768 |    0.1    9.1    0.6
754  |   193 |    2099 |    5357     383    5357 |     768     384     768 |    0.1   12.4    0.7
755  |   194 |    3280 |    5377     385    5377 |     770     385     770 |    0.1   13.2    0.7
756  |   194 |    3273 |    5359     384    5359 |     768     384     768 |    0.1   12.9    0.7
757  |   194 |    3285 |    5378     386    5378 |     772     386     772 |    0.1   12.6    0.7
758  |   193 |    3274 |    5373     385    5373 |     770     385     770 |    0.1   12.8    0.7
759  |   193 |    3267 |    5364     384    5364 |     770     385     770 |    0.1    9.5    0.6
760  |   194 |    3268 |    5348     388    5348 |     776     388     776 |    0.2   12.3    0.7
761  |   192 |    3249 |    5342     383    5342 |     766     383     766 |    0.1   12.1    0.7
762  |   194 |    2104 |    5362     385    5362 |     769     385     769 |    0.1   12.5    0.7
763  |   194 |    2097 |    4583     384    4583 |     768     384     768 |    0.1    9.4    0.6
764  |   194 |    3276 |    5362     384    5362 |     769     384     769 |    0.1   12.1    0.7
765  |   193 |    3257 |    5348     383    5348 |     767     383     767 |    0.1   12.9    0.7
766  |   194 |    3283 |    5373     386    5373 |     771     386     771 |    0.1   12.6    0.7
767  |   194 |    3283 |    5366     385    5366 |     772     386     772 |    0.1    9.4    0.6
768  |   194 |    3265 |    5351     387    5351 |     773     387     773 |    0.2   12.3    0.7
769  |   194 |    3269 |    5344     384    5344 |     769     384     769 |    0.1   12.4    0.7
770  |   194 |    3289 |    5370     386    5370 |     772     386     772 |    0.1   13.5    0.7
771  |   193 |    3266 |    5363     384    5363 |     768     384     768 |    0.1   12.8    0.7
772  |   194 |    3287 |    5384     385    5384 |     771     385     771 |    0.1   13.5    0.7
773  |   194 |    3278 |    4614     385    4614 |     771     385     771 |    0.1    9.8    0.6
774  |   194 |    3287 |    5382     386    5382 |     771     386     771 |    0.1   12.9    0.7
775  |   194 |    3283 |    5381     385    5381 |     771     385     771 |    0.1   12.6    0.7
776  |   194 |    2093 |    4586     384    4586 |     768     384     768 |    0.1    9.2    0.6
777  |   194 |    2108 |    5367     385    5367 |     769     385     769 |    0.1   11.9    0.6
778  |   194 |    2285 |    4600     384    4600 |     767     384     767 |    0.1    9.2    0.6
779  |   193 |    3255 |    5351     384    5351 |     770     384     770 |    0.1   12.2    0.7
780  |   194 |    3279 |    5363     385    5363 |     771     385     771 |    0.1   12.2    0.7
781  |   194 |    3268 |    5373     384    5373 |     770     385     770 |    0.1   12.9    0.7
782  |   194 |    3274 |    5361     385    5361 |     770     385     770 |    0.1   12.3    0.7
783  |   193 |    3256 |    5348     383    5348 |     767     383     767 |    0.1   12.4    0.7
784  |   192 |    2837 |    5325     384    5325 |     767     384     767 |    0.1    9.1    0.6
785  |   194 |    3285 |    5374     385    5374 |     770     385     770 |    0.1   12.5    0.7
786  |   194 |    3263 |    5345     384    5345 |     768     384     768 |    0.1   12.1    0.7
787  |   194 |    3273 |    5367     384    5367 |     768     384     768 |    0.1   12.6    0.7
788  |   193 |    3244 |    5328     383    5328 |     766     383     766 |    0.1   12.1    0.7
789  |   193 |    3269 |    5364     384    5364 |     769     384     769 |    0.1   12.1    0.7
790  |   192 |    3234 |    4578     383    4578 |     765     383     765 |    0.3    9.4    0.6
791  |   194 |    2121 |    5354     387    5354 |     774     387     774 |    0.1   12.4    0.7
792  |   193 |    3257 |    5358     383    5358 |     767     383     767 |    0.1   12.5    0.7
793  |   194 |    3274 |    5363     384    5363 |     768     384     768 |    0.1   12.6    0.7
794  |   194 |    3283 |    5381     385    5381 |     771     385     771 |    0.1   12.3    0.7
795  |   194 |    3281 |    5374     385    5374 |     771     385     771 |    0.1   12.7    0.7
796  |   194 |    3272 |    5358     384    5358 |     768     384     768 |    0.1   12.8    0.7
797  |   194 |    3261 |    4604     384    4604 |     768     384     768 |    0.1    9.5    0.6
798  |   194 |    3278 |    5370     385    5370 |     770     385     770 |    0.1   12.8    0.7
799  |   194 |    3291 |    5380     386    5380 |     772     386     772 |    0.1   12.0    0.7
800  |   194 |    2104 |    5366     384    5366 |     769     384     769 |    0.1   12.2    0.7
801  |   194 |    3270 |    5375     384    5375 |     769     384     769 |    0.1   12.3    0.7
802  |   194 |    3271 |    5369     384    5369 |     769     384     769 |    0.1   11.9    0.7
803  |   194 |    3249 |    4594     384    4594 |     769     384     769 |    0.1    9.2    0.6
804  |   194 |    3273 |    5357     384    5357 |     768     384     768 |    0.1   12.2    0.7
805  |   192 |    3245 |    4588     383    4588 |     765     383     765 |    0.1    9.1    0.6
806  |   194 |    3288 |    5379     385    5379 |     770     385     770 |    0.1   12.2    0.7
807  |   194 |    3291 |    5380     386    5380 |     772     386     772 |    0.1   12.4    0.7
808  |   194 |    3276 |    5371     385    5371 |     770     385     770 |    0.1   12.6    0.7
809  |   193 |    3259 |    5361     384    5361 |     767     384     767 |    0.1   12.9    0.7
810  |   194 |    3273 |    5375     385    5375 |     769     385     769 |    0.1   12.1    0.7
811  |   194 |    3269 |    5349     384    5349 |     768     384     768 |    0.1    9.1    0.6
812  |   192 |    3239 |    5326     383    5326 |     766     383     766 |    0.1   12.1    0.7
813  |   194 |    3283 |    5373     385    5373 |     770     385     770 |    0.1   12.9    0.7
814  |   194 |    2498 |    4607     385    4607 |     770     385     770 |    0.1    9.1    0.6
815  |   194 |    3269 |    5356     384    5356 |     768     384     768 |    0.1   12.1    0.6
816  |   194 |    3258 |    5347     385    5347 |     770     385     770 |    0.1    9.0    0.6
817  |   194 |    3266 |    5362     384    5362 |     768     384     768 |    0.1   12.8    0.7
818  |   194 |    3286 |    5381     385    5381 |     771     385     771 |    0.1   12.8    0.7
819  |   194 |    3288 |    5381     385    5381 |     770     385     770 |    0.1   12.9    0.7
820  |   194 |    3277 |    5379     385    5379 |     770     385     770 |    0.1   12.9    0.7
821  |   192 |    3231 |    4578     383    4578 |     767     383     767 |    0.1    9.3    0.6
822  |   194 |    3272 |    5368     384    5368 |     769     384     769 |    0.1   12.9    0.7
823  |   194 |    3263 |    5349     383    5349 |     767     383     767 |    0.1   12.4    0.7
824  |   193 |    2657 |    5330     384    5330 |     769     384     769 |    0.1    9.4    0.6
825  |   193 |    3260 |    5362     384    5362 |     768     384     768 |    0.1   12.5    0.7
826  |   194 |    3272 |    5374     385    5374 |     769     385     769 |    0.1   11.9    0.7
827  |   192 |    2672 |    5313     385    5313 |     770     385     770 |    0.1    9.4    0.6
828  |   194 |    3235 |    5297     384    5297 |     767     384     767 |    0.1   12.1    0.7
829  |   193 |    3266 |    5362     384    5362 |     769     384     769 |    0.1   12.6    0.7
830  |   194 |    3285 |    5380     385    5380 |     770     385     770 |    0.1   12.3    0.7
831  |   194 |    3291 |    5381     386    5381 |     771     386     771 |    0.1   12.6    0.7
832  |   194 |    3280 |    5379     385    5379 |     770     385     770 |    0.2   12.8    0.7
833  |   194 |    3273 |    5367     385    5367 |     770     385     770 |    0.1   12.3    0.7
834  |   194 |    3262 |    5350     384    5350 |     767     384     767 |    0.1   12.9    0.7
835  |   193 |    3267 |    5365     385    5365 |     769     385     769 |    0.1   12.3    0.7
836  |   194 |    3251 |    5364     384    5364 |     768     384     768 |    0.1   12.0    0.7
837  |   193 |    3261 |    5362     384    5362 |     767     384     767 |    0.1   12.8    0.7
838  |   193 |    3265 |    5370     385    5370 |     769     384     769 |    0.1   12.6    0.7
839  |   194 |    3259 |    5332     384    5332 |     769     384     769 |    0.1   12.4    0.7
840  |   193 |    3255 |    5352     383    5352 |     768     384     768 |    0.1   11.8    0.7
841  |   194 |    2123 |    5364     386    5364 |     772     386     772 |    0.1    9.8    0.6
842  |   194 |    2878 |    5379     385    5379 |     771     385     771 |    0.1   10.1    0.7
843  |   194 |    3275 |    5375     385    5375 |     769     385     769 |    0.1   13.2    0.7
844  |   194 |    3285 |    5381     385    5381 |     770     385     770 |    0.1   12.4    0.7
845  |   193 |    3252 |    5335     383    5335 |     767     383     767 |    0.1   12.2    0.6
846  |   194 |    3280 |    5372     385    5372 |     771     385     771 |    0.1   12.8    0.7
847  |   193 |    3262 |    5357     383    5357 |     768     384     768 |    0.1   13.1    0.7
848  |   194 |    3277 |    5364     384    5364 |     770     384     770 |    0.1   13.2    0.7
849  |   194 |    3267 |    5353     384    5353 |     768     384     768 |    0.1   12.4    0.7
850  |   193 |    3264 |    5360     384    5360 |     768     384     768 |    0.1   12.3    0.7
851  |   194 |    3277 |    5362     385    5362 |     769     384     769 |    0.1   12.7    0.7
852  |   194 |    3266 |    5368     384    5368 |     768     384     768 |    0.1   12.4    0.7
853  |   194 |    2120 |    4618     386    4618 |     771     386     771 |    0.1    9.3    0.6
854  |   194 |    2464 |    5315     385    5315 |     771     386     771 |    0.1    9.3    0.6
855  |   194 |    3264 |    5366     384    5366 |     768     384     768 |    0.1   12.9    0.7
856  |   193 |    2667 |    5340     385    5340 |     770     385     770 |    0.1    9.3    0.6
857  |   194 |    2099 |    4590     384    4590 |     769     384     769 |    0.1    9.1    0.6
858  |   194 |    2499 |    5325     386    5325 |     772     386     772 |    0.2    9.6    0.6
859  |   194 |    3280 |    5368     384    5368 |     769     384     769 |    0.1   12.9    0.7
860  |   194 |    3264 |    5352     384    5352 |     767     384     767 |    0.1   12.4    0.7
861  |   194 |    3265 |    5367     384    5367 |     769     384     769 |    0.1   12.3    0.7
862  |   194 |    2867 |    5331     384    5331 |     767     384     767 |    0.1    8.9    0.6
863  |   193 |    2287 |    5358     384    5358 |     768     384     768 |    0.1   12.4    0.7
864  |   194 |    3281 |    5367     385    5367 |     771     385     771 |    0.1   13.1    0.7
865  |   194 |    3286 |    5382     385    5382 |     770     385     770 |    0.1   12.6    0.7
866  |   194 |    3276 |    5365     385    5365 |     771     385     771 |    0.1   12.1    0.7
867  |   194 |    2085 |    4548     384    4548 |     769     384     769 |    0.1    9.6    0.6
868  |   193 |    2094 |    4594     383    4594 |     767     383     767 |    0.1    9.6    0.6
869  |   193 |    2489 |    5337     384    5337 |     770     385     770 |    0.2    9.5    0.6
870  |   194 |    2113 |    5372     385    5372 |     771     385     771 |    0.1   12.7    0.7
871  |   194 |    2505 |    5367     385    5367 |     769     385     769 |    0.1   12.9    0.7
872  |   194 |    3283 |    5380     385    5380 |     770     385     770 |    0.1   12.8    0.7
873  |   193 |    3259 |    5358     384    5358 |     767     384     767 |    0.2   12.2    0.7
874  |   191 |    3224 |    4560     383    4560 |     765     383     765 |    0.1    9.2    0.6
875  |   193 |    3256 |    5364     384    5364 |     768     384     768 |    0.1   11.8    0.7
876  |   194 |    3270 |    5365     385    5365 |     769     385     769 |    0.1   12.3    0.7
877  |   194 |    3288 |    5378     385    5378 |     771     385     771 |    0.1   12.9    0.7
878  |   194 |    2673 |    4602     384    4602 |     768     384     768 |    0.1    9.2    0.6
879  |   194 |    3289 |    5376     386    5376 |     772     386     772 |    0.1   12.4    0.7
880  |   193 |    2097 |    5356     383    5356 |     767     383     767 |    0.1   11.9    0.7
881  |   194 |    3274 |    5360     384    5360 |     769     384     769 |    0.1   12.8    0.7
882  |   193 |    3256 |    5356     383    5356 |     767     383     767 |    0.1   12.5    0.7
883  |   194 |    3277 |    5363     385    5363 |     770     385     770 |    0.2   12.5    0.7
884  |   194 |    3287 |    5379     385    5379 |     771     385     771 |    0.1   12.8    0.7
885  |   194 |    2102 |    5340     385    5340 |     771     385     771 |    0.1    9.3    0.6
886  |   194 |    3277 |    5374     385    5374 |     770     385     770 |    0.1   12.3    0.7
887  |   194 |    3280 |    5364     385    5364 |     770     385     770 |    0.1   12.6    0.7
888  |   194 |    3288 |    5381     386    5381 |     771     386     771 |    0.1   12.7    0.7
889  |   193 |    3247 |    5351     383    5351 |     766     383     766 |    0.1   12.6    0.7
890  |   193 |    3252 |    5336     383    5336 |     767     383     767 |    0.1   12.7    0.7
891  |   194 |    3247 |    4597     384    4597 |     768     384     768 |    0.1    9.1    0.6
892  |   193 |    2097 |    4596     384    4596 |     767     384     767 |    0.1    9.6    0.6
893  |   194 |    3255 |    5361     384    5361 |     769     384     769 |    0.1   12.4    0.7
894  |   194 |    3283 |    5372     386    5372 |     771     386     771 |    0.1   12.6    0.7
895  |   193 |    3266 |    5368     384    5368 |     769     384     769 |    0.1   12.4    0.7
896  |   194 |    3262 |    5358     385    5358 |     770     385     770 |    0.1   10.0    0.6
897  |   194 |    3288 |    5367     387    5367 |     774     387     774 |    0.1   12.8    0.7
898  |   194 |    3274 |    5371     385    5371 |     769     384     769 |    0.1   12.4    0.7
899  |   194 |    3286 |    5377     386    5377 |     772     386     772 |    0.1   12.4    0.7
900  |   194 |    3284 |    5360     386    5360 |     772     386     772 |    0.1   12.0    0.7
901  |   194 |    3277 |    5373     385    5373 |     769     385     769 |    0.1   13.1    0.7
902  |   194 |    3275 |    5367     385    5367 |     771     385     771 |    0.1   12.6    0.7
903  |   194 |    3270 |    5368     384    5368 |     769     384     769 |    0.1   12.4    0.7
904  |   194 |    2116 |    5374     385    5374 |     771     385     771 |    0.1   12.9    0.7
905  |   192 |    3251 |    5351     383    5351 |     767     383     767 |    0.1   12.4    0.7
906  |   194 |    3278 |    5370     385    5370 |     771     385     771 |    0.1   12.6    0.7
907  |   194 |    2503 |    5373     386    5373 |     772     386     772 |    0.1   11.9    0.7
908  |   194 |    2473 |    4586     384    4586 |     768     384     768 |    0.1    9.3    0.6
909  |   194 |    3282 |    5377     385    5377 |     770     385     770 |    0.1   12.6    0.7
910  |   194 |    3274 |    5370     385    5370 |     771     385     771 |    0.1   12.9    0.7
911  |   194 |    3274 |    5361     386    5361 |     773     386     773 |    0.1   12.4    0.7
912  |   193 |    3262 |    5356     384    5356 |     769     384     769 |    0.1    9.6    0.6
913  |   192 |    3252 |    5352     384    5352 |     768     384     768 |    0.1   13.0    0.7
914  |   193 |    2257 |    4523     383    4523 |     767     383     767 |    0.1    8.9    0.6
915  |   193 |    3264 |    5345     384    5345 |     768     384     768 |    0.2   12.5    0.7
916  |   194 |    2292 |    5363     384    5363 |     769     384     769 |    0.1   13.0    0.7
917  |   194 |    3289 |    5370     386    5370 |     772     386     772 |    0.1   12.0    0.7
918  |   194 |    3288 |    5381     385    5381 |     771     386     771 |    0.1   12.5    0.7
919  |   194 |    3278 |    5372     385    5372 |     770     385     770 |    0.1   12.4    0.7
920  |   194 |    3275 |    4605     384    4605 |     768     384     768 |    0.1    9.6    0.6
921  |   194 |    3259 |    5326     384    5326 |     769     384     769 |    0.1   12.2    0.7
922  |   194 |    2292 |    4601     384    4601 |     768     384     768 |    0.1    9.2    0.6
923  |   193 |    3251 |    5340     383    5340 |     767     383     767 |    0.1   12.3    0.7
924  |   194 |    2121 |    5354     385    5354 |     770     385     770 |    0.2    9.7    0.6
925  |   194 |    2300 |    5366     386    5366 |     773     386     773 |    0.1   12.2    0.7
926  |   193 |    3262 |    5367     384    5367 |     769     384     769 |    0.1   12.5    0.7
927  |   193 |    2467 |    5370     385    5370 |     769     385     769 |    0.1   12.7    0.7
928  |   194 |    3285 |    5377     385    5377 |     771     385     771 |    0.1   12.1    0.7
929  |   193 |    3271 |    5364     384    5364 |     768     384     768 |    0.1   12.1    0.7
930  |   194 |    3275 |    5365     385    5365 |     771     385     771 |    0.1   12.0    0.7
931  |   194 |    3277 |    5361     385    5361 |     770     385     770 |    0.1   12.8    0.7
932  |   194 |    3275 |    5375     385    5375 |     770     385     770 |    0.1   12.2    0.7
933  |   194 |    3289 |    5382     385    5382 |     771     385     771 |    0.1   12.0    0.7
934  |   194 |    3283 |    5379     385    5379 |     771     385     771 |    0.1   12.5    0.7
935  |   194 |    3280 |    5381     385    5381 |     770     385     770 |    0.1   13.1    0.7
936  |   194 |    3285 |    5383     385    5383 |     771     385     771 |    0.1   12.5    0.7
937  |   193 |    3257 |    5360     384    5360 |     768     384     768 |    0.1   12.4    0.7
938  |   194 |    3276 |    5365     385    5365 |     771     385     771 |    0.1   11.8    0.7
939  |   194 |    3274 |    5366     384    5366 |     768     384     768 |    0.1   12.1    0.7
940  |   193 |    3260 |    5359     384    5359 |     768     384     768 |    0.1   12.3    0.7
941  |   194 |    3279 |    5378     385    5378 |     770     385     770 |    0.1   12.5    0.7
942  |   194 |    2485 |    5358     384    5358 |     768     384     768 |    0.1   12.6    0.7
943  |   194 |    3283 |    5380     385    5380 |     771     385     771 |    0.1   12.6    0.7
944  |   194 |    3287 |    5382     386    5382 |     771     386     771 |    0.1   12.3    0.7
945  |   194 |    3280 |    5372     385    5372 |     770     385     770 |    0.1   12.3    0.7
946  |   194 |    3265 |    5363     384    5363 |     769     384     769 |    0.1   12.1    0.7
947  |   193 |    3274 |    5363     385    5363 |     770     385     770 |    0.1   12.3    0.7
948  |   194 |    3281 |    5372     386    5372 |     771     386     771 |    0.1   12.8    0.7
949  |   194 |    3278 |    5363     385    5363 |     770     385     770 |    0.1   12.3    0.7
950  |   193 |    3259 |    5351     384    5351 |     767     384     767 |    0.1   11.7    0.6
951  |   194 |    3278 |    5373     385    5373 |     769     385     769 |    0.1   12.9    0.7
952  |   192 |    3252 |    5351     384    5351 |     768     384     768 |    0.1   12.3    0.7
953  |   192 |    2080 |    4570     383    4570 |     766     383     766 |    0.1    9.2    0.6
954  |   191 |    2659 |    5319     384    5319 |     767     384     767 |    0.1    9.2    0.6
955  |   194 |    3287 |    5378     385    5378 |     771     385     771 |    0.1   13.1    0.7
956  |   194 |    3282 |    5375     385    5375 |     770     385     770 |    0.1   12.0    0.7
957  |   194 |    3280 |    5364     384    5364 |     769     384     769 |    0.2   12.3    0.7
958  |   194 |    3264 |    5349     384    5349 |     768     384     768 |    0.1   12.4    0.7
959  |   194 |    3264 |    5367     385    5367 |     769     385     769 |    0.1   12.5    0.7
960  |   194 |    3287 |    5380     386    5380 |     772     386     772 |    0.1   12.6    0.7
961  |   194 |    3244 |    4593     384    4593 |     768     384     768 |    0.1    8.9    0.6
962  |   194 |    3266 |    5352     385    5352 |     770     385     770 |    0.1    9.2    0.6
963  |   194 |    3284 |    5371     385    5371 |     771     385     771 |    0.1   12.5    0.7
964  |   194 |    3269 |    5360     384    5360 |     768     384     768 |    0.1   12.6    0.7
965  |   194 |    3260 |    5369     384    5369 |     769     384     769 |    0.1   12.5    0.7
966  |   194 |    3288 |    5381     385    5381 |     770     385     770 |    0.1   12.6    0.7
967  |   194 |    3277 |    5366     385    5366 |     769     385     769 |    0.1   12.6    0.7
968  |   194 |    3284 |    5371     386    5371 |     772     386     772 |    0.1   12.8    0.7
969  |   192 |    3253 |    5347     384    5347 |     767     384     767 |    0.1   12.2    0.7
970  |   193 |    3222 |    4567     383    4567 |     767     383     767 |    0.1    9.2    0.6
971  |   194 |    3283 |    5366     386    5366 |     773     386     773 |    0.1   12.4    0.7
972  |   194 |    3278 |    5372     385    5372 |     769     385     769 |    0.1   11.7    0.7
973  |   194 |    3288 |    5379     385    5379 |     771     385     771 |    0.1   12.6    0.7
974  |   194 |    3269 |    5353     384    5353 |     768     384     768 |    0.1   12.8    0.7
975  |   191 |    2466 |    5319     384    5319 |     767     384     767 |    0.1    9.4    0.6
976  |   193 |    3260 |    5349     384    5349 |     767     384     767 |    0.1   12.4    0.7
977  |   194 |    2905 |    5360     387    5360 |     774     387     774 |    0.1    9.7    0.6
978  |   193 |    3258 |    5344     383    5344 |     768     384     768 |    0.1   12.2    0.7
979  |   194 |    3283 |    5380     385    5380 |     771     385     771 |    0.1   12.3    0.7
980  |   194 |    3288 |    5373     386    5373 |     773     386     773 |    0.1   12.5    0.7
981  |   194 |    3285 |    5376     385    5376 |     770     385     770 |    0.1   12.7    0.7
982  |   194 |    3278 |    5367     385    5367 |     771     385     771 |    0.1   12.7    0.7
983  |   192 |    3238 |    4588     384    4588 |     767     384     767 |    0.1    9.3    0.6
984  |   194 |    3264 |    5365     385    5365 |     769     385     769 |    0.1   12.4    0.8
985  |   194 |    3257 |    5363     384    5363 |     768     384     768 |    0.1   12.3    0.7
986  |   193 |    3251 |    5333     383    5333 |     767     383     767 |    0.1   11.9    0.7
987  |   193 |    3253 |    5348     383    5348 |     766     383     766 |    0.1   12.1    0.7
988  |   193 |    3263 |    5359     384    5359 |     768     384     768 |    0.1   12.4    0.7
989  |   194 |    2471 |    5313     385    5313 |     771     385     771 |    0.1    9.0    0.6
990  |   194 |    3281 |    5374     386    5374 |     771     386     771 |    0.2   11.7    0.7
991  |   190 |    2061 |    4508     383    4508 |     765     383     765 |    0.1    8.7    0.6
992  |   192 |    3227 |    5332     383    5332 |     766     383     766 |    0.1    9.0    0.6
993  |   194 |    3289 |    5381     386    5381 |     771     386     771 |    0.1   12.4    0.7
994  |   193 |    3270 |    5350     384    5350 |     769     384     769 |    0.1   11.9    0.6
995  |   194 |    3272 |    5361     384    5361 |     769     384     769 |    0.1   12.7    0.7
996  |   194 |    3271 |    5371     385    5371 |     770     385     770 |    0.1   12.3    0.7
997  |   194 |    3250 |    4600     384    4600 |     767     384     767 |    0.2    9.3    0.6
998  |   194 |    3284 |    5379     385    5379 |     771     385     771 |    0.2   12.7    0.7
999  |   194 |    3269 |    5359     384    5359 |     767     384     767 |    0.3   12.8    0.7
-----+-------+---------+-------------------------+-------------------------+--------------------

=== Summary ===
HNF  intermediate:  avg=3107  max=3292
MLLL total:         avg=5268  max=5386
MLLL vec coords:    avg=384  max=389  (Lemma 1 bounded)
MLLL GSO coeffs:    avg=5268  max=5386  (integral GSO overhead)
GRAM total:         avg=769  max=777
GRAM vec coords:    avg=384  max=389  (Lemma 1 bounded)
GRAM Gram entries:  avg=769  max=777  (Lemma 3 bound target)
Output bits:        HNF avg=192 max=194  MLLL avg=191 max=194  GRAM avg=191 max=194
Total time:         HNF=138.75ms  MLLL=11841.11ms  GRAM=667.88ms  (GRAM/MLLL=0.06)
	Command being timed: "./src/quaternion/ref/generic/test/sqisign_bm_mlll --level=3 --iterations=1000 --mode=alg2 --prealloc"
	User time (seconds): 20.31
	System time (seconds): 0.45
	Percent of CPU this job got: 100%
	Elapsed (wall clock) time (h:mm:ss or m:ss): 0:20.73
	Average shared text size (kbytes): 0
	Average unshared data size (kbytes): 0
	Average stack size (kbytes): 0
	Average total size (kbytes): 0
	Maximum resident set size (kbytes): 6600
	Average resident set size (kbytes): 0
	Major (requiring I/O) page faults: 3
	Minor (reclaiming a frame) page faults: 1176
	Voluntary context switches: 80
	Involuntary context switches: 16
	Swaps: 0
	File system inputs: 224
	File system outputs: 0
	Socket messages sent: 0
	Socket messages received: 0
	Signals delivered: 0
	Page size (bytes): 4096
	Exit status: 0
