=== L5_alg3_10000_prealloc ===
=== MLLL vs HNF Intermediate Bit Size Benchmark ===
Level: 5, Norm bitsize: 254, Iterations: 10000
GRAM prealloc (Phase 2 candidate B): ON

Generating 10000 random ideal lattice pairs (bitsize=254)...
Mode: alg3
  Set 1: 82131.31 ms
Generation done.

T    |   Inp |  HNFint |  GRMtot    GRMv    GRMg |  HNFout  GRMout |  HNFms  GRMms
-----+-------+---------+-------------------------+-----------------+---------------

=== Alg 3 Summary ===
HNF  intermediate:  avg=1016  max=1022
GRAM total:         avg=1016  max=1022
GRAM vec coords:    avg=255  max=256  (Lemma 1)
GRAM Gram entries:  avg=1012  max=1015  (Lemma 3)
Output bits:        HNF avg=254 max=255  GRAM avg=254 max=255
Total time:         HNF=177.28ms  GRAM=110.36ms  (GRAM/HNF=0.62)
	Command being timed: "./src/quaternion/ref/generic/test/sqisign_bm_mlll --level=5 --iterations=10000 --mode=alg3 --prealloc"
	User time (seconds): 79.61
	System time (seconds): 2.81
	Percent of CPU this job got: 100%
	Elapsed (wall clock) time (h:mm:ss or m:ss): 1:22.40
	Average shared text size (kbytes): 0
	Average unshared data size (kbytes): 0
	Average stack size (kbytes): 0
	Average total size (kbytes): 0
	Maximum resident set size (kbytes): 44476
	Average resident set size (kbytes): 0
	Major (requiring I/O) page faults: 3
	Minor (reclaiming a frame) page faults: 10123
	Voluntary context switches: 61
	Involuntary context switches: 95
	Swaps: 0
	File system inputs: 224
	File system outputs: 0
	Socket messages sent: 0
	Socket messages received: 0
	Signals delivered: 0
	Page size (bytes): 4096
	Exit status: 0
