=== L5_alg2_1000_baseline ===
=== MLLL vs HNF Intermediate Bit Size Benchmark ===
Level: 5, Norm bitsize: 254, Iterations: 1000
GRAM prealloc (Phase 2 candidate B): OFF

Generating 1000 random ideal lattice pairs (bitsize=254)...
Mode: alg2
  Set 1: 8383.42 ms
  Set 2: 8247.00 ms
Generation done.

T    |   Inp |  HNFint | MLLLtot   MLLLv   MLLLg |  GRMtot    GRMv    GRMg |  HNFms MLLLms  GRMms
-----+-------+---------+-------------------------+-------------------------+--------------------
0    |   254 |    3004 |    6032     506    6032 |    1011     505    1011 |    0.2   16.7    0.8
1    |   255 |    3012 |    6067     506    6067 |    1012     506    1012 |    0.1   16.1    0.8
2    |   255 |    4313 |    7069     508    7069 |    1015     507    1015 |    0.1   23.7    0.9
3    |   255 |    4306 |    7081     507    7081 |    1014     507    1014 |    0.1   22.4    0.9
4    |   255 |    4284 |    7060     508    7060 |    1016     508    1016 |    0.2   17.5    0.8
5    |   254 |    4286 |    7042     506    7042 |    1015     506    1015 |    0.2   22.1    0.9
6    |   255 |    4306 |    7076     507    7076 |    1015     507    1015 |    0.2   22.6    0.9
7    |   255 |    3030 |    7078     507    7078 |    1014     507    1014 |    0.1   23.3    0.9
8    |   253 |    3244 |    6022     506    6022 |    1011     505    1011 |    0.1   17.5    0.8
9    |   254 |    4306 |    7070     507    7070 |    1013     507    1013 |    0.1   22.9    0.9
10   |   253 |    2772 |    7021     508    7021 |    1015     508    1015 |    0.2   17.1    0.8
11   |   255 |    4313 |    7081     507    7081 |    1014     507    1014 |    0.1   22.4    0.9
12   |   255 |    4322 |    7093     507    7093 |    1015     507    1015 |    0.1   23.8    0.9
13   |   253 |    4272 |    6046     505    6046 |    1011     506    1011 |    0.1   17.4    0.8
14   |   255 |    3259 |    7041     506    7041 |    1013     506    1013 |    0.1   17.3    0.8
15   |   255 |    4308 |    7084     507    7084 |    1015     507    1015 |    0.1   23.3    0.9
16   |   255 |    4328 |    7086     509    7086 |    1017     509    1017 |    0.1   23.0    0.9
17   |   255 |    4298 |    7079     507    7079 |    1013     507    1013 |    0.1   23.5    0.9
18   |   255 |    3021 |    7080     507    7080 |    1013     506    1013 |    0.2   22.9    0.9
19   |   254 |    3008 |    6068     506    6068 |    1012     506    1012 |    0.1   17.5    0.8
20   |   254 |    4295 |    7070     505    7070 |    1012     506    1012 |    0.1   23.0    0.9
21   |   255 |    4255 |    6034     506    6034 |    1013     506    1013 |    0.2   16.7    0.8
22   |   255 |    4323 |    7082     507    7082 |    1015     508    1015 |    0.2   23.4    0.9
23   |   255 |    4309 |    7085     507    7085 |    1014     507    1014 |    0.1   23.1    0.9
24   |   255 |    4310 |    7078     508    7078 |    1016     508    1016 |    0.1   23.8    0.9
25   |   253 |    3271 |    7048     506    7048 |    1013     506    1013 |    0.1   16.8    0.8
26   |   255 |    4318 |    7090     507    7090 |    1015     507    1015 |    0.1   23.8    0.9
27   |   255 |    4319 |    7088     507    7088 |    1015     507    1015 |    0.1   23.2    0.9
28   |   255 |    4314 |    7080     507    7080 |    1014     507    1014 |    0.2   17.5    0.8
29   |   255 |    4292 |    7027     509    7027 |    1019     509    1019 |    0.2   16.8    0.8
30   |   254 |    3276 |    7034     507    7034 |    1015     507    1015 |    0.1   17.8    0.8
31   |   254 |    4303 |    7074     507    7074 |    1013     507    1013 |    0.2   23.3    0.9
32   |   255 |    4301 |    7066     508    7066 |    1015     508    1015 |    0.1   17.0    0.8
33   |   255 |    4326 |    7089     508    7089 |    1016     508    1016 |    0.1   22.9    0.9
34   |   255 |    4321 |    6085     508    6085 |    1015     508    1015 |    0.1   17.6    0.8
35   |   255 |    4307 |    7088     507    7088 |    1014     507    1014 |    0.1   22.9    0.9
36   |   253 |    2994 |    6021     505    6021 |    1011     505    1011 |    0.1   17.3    0.8
37   |   255 |    4315 |    7090     507    7090 |    1014     507    1014 |    0.2   23.7    0.9
38   |   255 |    4312 |    7083     507    7083 |    1015     508    1015 |    0.2   23.3    1.0
39   |   255 |    4293 |    7067     507    7067 |    1014     507    1014 |    0.2   23.5    0.9
40   |   252 |    4273 |    6045     505    6045 |    1010     505    1010 |    0.1   17.4    0.8
41   |   255 |    4325 |    7083     508    7083 |    1017     508    1017 |    0.1   24.2    0.9
42   |   255 |    3284 |    7061     507    7061 |    1016     507    1016 |    0.2   17.8    0.8
43   |   255 |    4273 |    6052     506    6052 |    1012     506    1012 |    0.1   17.7    0.8
44   |   255 |    3287 |    7065     506    7065 |    1013     506    1013 |    0.2   18.3    0.8
45   |   254 |    4273 |    6050     506    6050 |    1012     506    1012 |    0.1   17.7    0.8
46   |   255 |    4322 |    7075     507    7075 |    1016     508    1016 |    0.1   23.4    0.9
47   |   255 |    4313 |    7084     507    7084 |    1014     507    1014 |    0.1   22.9    0.9
48   |   255 |    4282 |    6062     506    6062 |    1013     506    1013 |    0.2   17.3    0.8
49   |   255 |    4310 |    7067     507    7067 |    1015     507    1015 |    0.1   24.3    0.9
50   |   255 |    4289 |    6066     506    6066 |    1012     506    1012 |    0.1   17.3    0.8
51   |   254 |    4300 |    7071     507    7071 |    1014     507    1014 |    0.2   22.8    0.9
52   |   255 |    4314 |    7073     506    7073 |    1014     506    1014 |    0.1   23.0    0.9
53   |   255 |    4314 |    7093     508    7093 |    1015     508    1015 |    0.2   24.2    0.9
54   |   255 |    4320 |    7087     508    7087 |    1015     508    1015 |    0.2   22.8    0.9
55   |   255 |    3013 |    6040     506    6040 |    1014     506    1014 |    0.1   17.3    0.8
56   |   255 |    4303 |    7079     507    7079 |    1014     507    1014 |    0.1   23.2    0.9
57   |   254 |    4300 |    7068     506    7068 |    1012     506    1012 |    0.2   24.0    0.9
58   |   255 |    4317 |    6080     507    6080 |    1014     507    1014 |    0.1   16.5    0.8
59   |   255 |    3283 |    7053     507    7053 |    1014     507    1014 |    0.2   17.4    0.8
60   |   255 |    4323 |    7096     507    7096 |    1015     507    1015 |    0.1   23.3    0.9
61   |   255 |    4291 |    7076     506    7076 |    1013     506    1013 |    0.1   18.1    0.8
62   |   255 |    4306 |    7066     506    7066 |    1013     506    1013 |    0.1   23.1    0.9
63   |   255 |    4322 |    7094     508    7094 |    1016     508    1016 |    0.2   24.0    0.9
64   |   255 |    4317 |    7087     507    7087 |    1016     507    1016 |    0.1   23.3    0.9
65   |   255 |    4302 |    7074     506    7074 |    1012     506    1012 |    0.1   23.7    0.9
66   |   255 |    4307 |    7075     507    7075 |    1013     507    1013 |    0.1   23.6    0.9
67   |   255 |    4322 |    7091     508    7091 |    1015     508    1015 |    0.1   23.8    0.9
68   |   255 |    4309 |    7075     507    7075 |    1014     507    1014 |    0.1   23.9    0.9
69   |   253 |    4282 |    6056     505    6056 |    1010     505    1010 |    0.1   17.2    0.8
70   |   254 |    4279 |    6062     506    6062 |    1011     506    1011 |    0.1   17.7    0.8
71   |   254 |    4271 |    7035     507    7035 |    1015     507    1015 |    0.2   16.6    0.8
72   |   253 |    4265 |    6029     505    6029 |    1010     505    1010 |    0.1   17.8    0.8
73   |   255 |    4310 |    7088     507    7088 |    1014     507    1014 |    0.1   23.2    0.9
74   |   255 |    4325 |    7085     509    7085 |    1018     509    1018 |    0.1   23.7    0.9
75   |   254 |    4295 |    7067     506    7067 |    1012     506    1012 |    0.2   23.9    0.9
76   |   255 |    4310 |    7079     507    7079 |    1014     507    1014 |    0.2   23.5    0.9
77   |   253 |    4247 |    6023     506    6023 |    1012     506    1012 |    0.2   17.3    0.8
78   |   255 |    4324 |    7093     508    7093 |    1016     508    1016 |    0.2   25.6    1.0
79   |   255 |    2775 |    7076     507    7076 |    1014     507    1014 |    0.2   23.2    0.9
80   |   255 |    4316 |    7085     507    7085 |    1015     507    1015 |    0.2   23.2    0.9
81   |   255 |    4318 |    7081     508    7081 |    1016     508    1016 |    0.2   24.8    1.0
82   |   255 |    4307 |    7070     506    7070 |    1013     507    1013 |    0.2   23.9    0.9
83   |   255 |    2762 |    6037     506    6037 |    1014     506    1014 |    0.2   16.7    0.8
84   |   254 |    4283 |    6060     506    6060 |    1012     506    1012 |    0.1   18.0    0.8
85   |   253 |    2747 |    6012     506    6012 |    1012     505    1012 |    0.2   17.0    0.8
86   |   253 |    2756 |    6031     505    6031 |    1011     505    1011 |    0.1   17.1    0.8
87   |   255 |    3300 |    7091     508    7091 |    1017     508    1017 |    0.2   17.7    0.8
88   |   255 |    4326 |    7093     508    7093 |    1017     508    1017 |    0.1   23.9    0.9
89   |   255 |    4287 |    6063     506    6063 |    1013     506    1013 |    0.1   17.4    0.8
90   |   254 |    3263 |    6046     506    6046 |    1013     506    1013 |    0.2   17.0    0.8
91   |   255 |    4274 |    6050     507    6050 |    1013     507    1013 |    0.1   18.3    0.8
92   |   254 |    4309 |    7083     507    7083 |    1014     507    1014 |    0.2   24.4    0.9
93   |   254 |    4295 |    7060     505    7060 |    1012     506    1012 |    0.2   24.5    0.9
94   |   255 |    2770 |    6062     506    6062 |    1013     506    1013 |    0.1   17.5    0.8
95   |   255 |    3289 |    7069     507    7069 |    1015     507    1015 |    0.2   17.7    0.8
96   |   255 |    4312 |    7076     507    7076 |    1014     507    1014 |    0.2   22.9    0.9
97   |   253 |    4276 |    6044     505    6044 |    1010     505    1010 |    0.1   16.8    0.9
98   |   255 |    4316 |    7081     507    7081 |    1014     507    1014 |    0.2   24.1    0.9
99   |   254 |    3009 |    6067     506    6067 |    1013     506    1013 |    0.1   17.7    0.8
100  |   255 |    4319 |    7082     507    7082 |    1015     507    1015 |    0.1   23.4    0.9
101  |   254 |    3018 |    7071     506    7071 |    1014     506    1014 |    0.2   23.4    0.9
102  |   254 |    3278 |    6071     506    6071 |    1013     506    1013 |    0.2   17.2    0.8
103  |   255 |    4321 |    7091     508    7091 |    1016     508    1016 |    0.2   22.8    0.9
104  |   255 |    4315 |    7074     507    7074 |    1014     507    1014 |    0.2   23.9    0.9
105  |   255 |    4324 |    7091     508    7091 |    1016     508    1016 |    0.2   24.4    1.0
106  |   255 |    4308 |    7073     506    7073 |    1013     506    1013 |    0.2   22.9    0.9
107  |   255 |    4306 |    7083     507    7083 |    1014     507    1014 |    0.2   23.7    1.0
108  |   254 |    3280 |    6068     506    6068 |    1013     507    1013 |    0.2   17.9    0.8
109  |   255 |    4319 |    7092     507    7092 |    1015     507    1015 |    0.2   23.6    0.9
110  |   255 |    4300 |    7078     506    7078 |    1013     507    1013 |    0.2   23.7    0.9
111  |   255 |    3268 |    7047     507    7047 |    1015     507    1015 |    0.2   17.9    0.8
112  |   255 |    3028 |    6076     506    6076 |    1013     507    1013 |    0.1   16.8    0.8
113  |   255 |    4315 |    7079     508    7079 |    1016     508    1016 |    0.2   23.0    0.9
114  |   254 |    3282 |    7073     507    7073 |    1014     507    1014 |    0.2   18.2    0.8
115  |   255 |    2785 |    7087     508    7087 |    1015     508    1015 |    0.1   23.8    0.9
116  |   255 |    4310 |    7079     507    7079 |    1015     507    1015 |    0.1   23.6    0.9
117  |   255 |    3556 |    7093     507    7093 |    1016     508    1016 |    0.2   17.7    0.8
118  |   255 |    4315 |    7083     508    7083 |    1016     508    1016 |    0.1   23.3    0.9
119  |   255 |    4320 |    7086     508    7086 |    1015     508    1015 |    0.2   24.3    1.2
120  |   255 |    4290 |    6071     507    6071 |    1013     507    1013 |    0.2   16.6    0.8
121  |   254 |    3036 |    7054     507    7054 |    1016     507    1016 |    0.2   18.0    0.8
122  |   255 |    4311 |    7085     507    7085 |    1015     507    1015 |    0.2   23.8    0.9
123  |   255 |    4315 |    7087     507    7087 |    1014     507    1014 |    0.2   23.7    0.9
124  |   255 |    4312 |    7077     507    7077 |    1013     507    1013 |    0.1   24.5    1.0
125  |   254 |    3269 |    7046     506    7046 |    1012     506    1012 |    0.2   18.1    0.8
126  |   255 |    4318 |    7087     507    7087 |    1015     507    1015 |    0.1   24.1    1.0
127  |   255 |    4322 |    7089     507    7089 |    1015     507    1015 |    0.1   24.5    0.9
128  |   255 |    4324 |    7092     508    7092 |    1016     508    1016 |    0.2   24.4    0.9
129  |   255 |    2778 |    7085     507    7085 |    1013     507    1013 |    0.1   24.0    1.0
130  |   255 |    4304 |    7078     507    7078 |    1015     507    1015 |    0.2   24.4    0.9
131  |   255 |    4318 |    7090     507    7090 |    1016     507    1016 |    0.1   25.8    1.0
132  |   255 |    4292 |    7043     506    7043 |    1012     506    1012 |    0.1   23.8    0.9
133  |   253 |    4285 |    6060     505    6060 |    1010     505    1010 |    0.2   17.4    0.8
134  |   255 |    4328 |    7084     508    7084 |    1017     508    1017 |    0.1   24.2    0.9
135  |   255 |    4319 |    7083     507    7083 |    1014     507    1014 |    0.2   24.0    0.9
136  |   255 |    4312 |    7081     508    7081 |    1015     508    1015 |    0.2   24.0    0.9
137  |   255 |    4324 |    7087     508    7087 |    1017     508    1017 |    0.2   23.2    0.9
138  |   255 |    4321 |    7091     507    7091 |    1016     508    1016 |    0.1   23.2    0.9
139  |   255 |    3540 |    7076     506    7076 |    1014     507    1014 |    0.2   17.2    0.8
140  |   255 |    4307 |    7087     507    7087 |    1014     507    1014 |    0.2   24.4    0.9
141  |   255 |    4294 |    7040     506    7040 |    1013     506    1013 |    0.2   23.6    0.9
142  |   250 |    4224 |    5988     505    5988 |    1010     505    1010 |    0.2   16.5    0.8
143  |   255 |    4280 |    7058     506    7058 |    1013     506    1013 |    0.1   17.0    0.8
144  |   255 |    4314 |    7076     507    7076 |    1016     507    1016 |    0.1   22.6    0.9
145  |   255 |    4287 |    6062     507    6062 |    1014     507    1014 |    0.2   17.5    0.8
146  |   255 |    4322 |    7093     508    7093 |    1015     508    1015 |    0.2   24.9    0.9
147  |   255 |    4322 |    7098     508    7098 |    1016     508    1016 |    0.2   24.1    0.9
148  |   255 |    4310 |    7068     507    7068 |    1014     507    1014 |    0.2   24.1    0.9
149  |   255 |    4328 |    7094     508    7094 |    1016     508    1016 |    0.2   22.6    0.9
150  |   254 |    4298 |    7070     506    7070 |    1012     506    1012 |    0.2   23.1    0.9
151  |   253 |    4283 |    6047     506    6047 |    1013     506    1013 |    0.2   16.8    0.8
152  |   255 |    4303 |    7080     507    7080 |    1015     507    1015 |    0.1   22.5    0.9
153  |   253 |    4247 |    7008     506    7008 |    1013     506    1013 |    0.2   17.3    0.8
154  |   255 |    4318 |    7095     508    7095 |    1015     508    1015 |    0.2   23.0    0.9
155  |   255 |    4317 |    7090     508    7090 |    1015     508    1015 |    0.1   23.6    0.9
156  |   255 |    4320 |    7085     507    7085 |    1014     507    1014 |    0.2   23.8    0.9
157  |   254 |    3790 |    7016     510    7016 |    1020     510    1020 |    0.2   17.7    0.8
158  |   255 |    4323 |    7092     508    7092 |    1016     508    1016 |    0.2   23.6    0.9
159  |   255 |    4319 |    7076     509    7076 |    1017     509    1017 |    0.2   24.3    0.9
160  |   255 |    4324 |    7095     508    7095 |    1015     508    1015 |    0.2   23.8    0.9
161  |   255 |    3546 |    7084     508    7084 |    1016     508    1016 |    0.1   24.5    0.9
162  |   255 |    3562 |    7081     508    7081 |    1018     508    1018 |    0.2   17.6    0.8
163  |   255 |    4310 |    7076     507    7076 |    1015     507    1015 |    0.2   22.5    0.9
164  |   254 |    4306 |    7065     507    7065 |    1016     507    1016 |    0.2   22.9    0.9
165  |   253 |    3009 |    6043     505    6043 |    1011     505    1011 |    0.1   18.2    0.8
166  |   255 |    4309 |    7084     507    7084 |    1014     507    1014 |    0.2   23.7    0.9
167  |   255 |    4312 |    7088     507    7088 |    1014     507    1014 |    0.2   22.9    0.9
168  |   255 |    4317 |    7085     507    7085 |    1014     507    1014 |    0.1   23.1    0.9
169  |   255 |    4294 |    7075     507    7075 |    1014     507    1014 |    0.2   23.5    0.9
170  |   255 |    4301 |    7078     507    7078 |    1014     507    1014 |    0.1   23.0    0.9
171  |   254 |    4275 |    7024     505    7024 |    1011     505    1011 |    0.1   23.1    0.9
172  |   255 |    4312 |    7082     507    7082 |    1015     507    1015 |    0.2   23.8    1.0
173  |   254 |    4287 |    7050     508    7050 |    1016     508    1016 |    0.2   22.5    0.9
174  |   254 |    4299 |    7076     506    7076 |    1014     506    1014 |    0.2   23.7    1.0
175  |   254 |    4303 |    7080     507    7080 |    1013     507    1013 |    0.2   23.3    0.9
176  |   255 |    4296 |    7054     506    7054 |    1012     506    1012 |    0.1   24.2    0.9
177  |   254 |    4294 |    7054     506    7054 |    1012     506    1012 |    0.2   24.2    0.9
178  |   254 |    3787 |    7067     507    7067 |    1015     507    1015 |    0.2   18.3    0.8
179  |   255 |    4312 |    7075     507    7075 |    1014     507    1014 |    0.2   23.9    0.9
180  |   255 |    4314 |    7084     508    7084 |    1015     508    1015 |    0.2   23.2    0.9
181  |   254 |    4298 |    7075     507    7075 |    1014     507    1014 |    0.2   23.7    0.9
182  |   255 |    4320 |    7077     508    7077 |    1017     508    1017 |    0.1   23.1    0.9
183  |   254 |    4277 |    6055     505    6055 |    1012     506    1012 |    0.2   17.9    0.8
184  |   253 |    4284 |    6058     506    6058 |    1011     506    1011 |    0.2   17.0    0.8
185  |   254 |    4290 |    7069     506    7069 |    1012     506    1012 |    0.1   23.0    0.9
186  |   255 |    4311 |    7084     507    7084 |    1014     507    1014 |    0.1   22.8    0.9
187  |   254 |    4307 |    7072     508    7072 |    1015     508    1015 |    0.1   22.9    0.9
188  |   255 |    2790 |    7088     507    7088 |    1015     507    1015 |    0.1   17.3    0.8
189  |   255 |    3016 |    6049     506    6049 |    1013     506    1013 |    0.1   17.1    0.8
190  |   254 |    4299 |    7075     506    7075 |    1012     506    1012 |    0.1   23.6    0.9
191  |   255 |    4313 |    7082     507    7082 |    1013     507    1013 |    0.1   23.3    0.9
192  |   254 |    4305 |    7067     507    7067 |    1013     507    1013 |    0.1   23.6    0.9
193  |   255 |    4326 |    7095     507    7095 |    1016     508    1016 |    0.1   24.5    0.9
194  |   255 |    4311 |    7086     507    7086 |    1013     507    1013 |    0.1   24.3    0.9
195  |   255 |    3544 |    7059     507    7059 |    1014     507    1014 |    0.2   18.4    0.8
196  |   255 |    4313 |    7088     508    7088 |    1015     508    1015 |    0.2   23.4    0.9
197  |   255 |    4318 |    7087     507    7087 |    1016     507    1016 |    0.1   24.2    0.9
198  |   255 |    4303 |    7056     507    7056 |    1014     507    1014 |    0.2   22.8    0.9
199  |   255 |    4311 |    7084     507    7084 |    1014     507    1014 |    0.1   23.3    0.9
200  |   255 |    4283 |    7054     507    7054 |    1016     507    1016 |    0.2   17.4    0.8
201  |   255 |    4310 |    7085     507    7085 |    1014     507    1014 |    0.2   23.6    0.9
202  |   255 |    4310 |    7078     509    7078 |    1017     509    1017 |    0.2   23.4    0.9
203  |   255 |    4301 |    7054     506    7054 |    1013     506    1013 |    0.1   23.1    0.9
204  |   254 |    4296 |    7064     506    7064 |    1012     506    1012 |    0.1   23.3    0.9
205  |   255 |    4324 |    7091     507    7091 |    1015     507    1015 |    0.2   25.0    1.0
206  |   255 |    4276 |    7026     505    7026 |    1012     505    1012 |    0.2   23.0    0.9
207  |   255 |    4312 |    7090     507    7090 |    1015     507    1015 |    0.2   24.1    0.9
208  |   254 |    4298 |    7067     506    7067 |    1012     506    1012 |    0.1   24.2    0.9
209  |   255 |    4317 |    6080     507    6080 |    1015     507    1015 |    0.1   17.8    0.8
210  |   252 |    4271 |    6038     506    6038 |    1013     506    1013 |    0.2   17.2    0.8
211  |   255 |    4298 |    7059     506    7059 |    1012     506    1012 |    0.1   23.9    0.9
212  |   255 |    4317 |    7084     507    7084 |    1014     507    1014 |    0.1   23.1    0.9
213  |   255 |    4310 |    7075     506    7075 |    1013     506    1013 |    0.1   25.1    0.9
214  |   255 |    2794 |    7085     508    7085 |    1017     508    1017 |    0.1   23.8    0.9
215  |   255 |    4312 |    7073     507    7073 |    1016     507    1016 |    0.2   24.4    0.9
216  |   255 |    4321 |    7092     507    7092 |    1016     508    1016 |    0.2   23.1    0.9
217  |   254 |    4264 |    6991     505    6991 |    1013     505    1013 |    0.2   22.0    0.9
218  |   255 |    4320 |    7085     507    7085 |    1014     507    1014 |    0.1   24.1    1.0
219  |   255 |    4317 |    7089     507    7089 |    1014     507    1014 |    0.2   23.3    1.0
220  |   251 |    4256 |    6027     505    6027 |    1010     505    1010 |    0.2   16.7    0.8
221  |   255 |    4302 |    7081     506    7081 |    1014     507    1014 |    0.1   25.0    1.0
222  |   255 |    4309 |    7076     508    7076 |    1018     508    1018 |    0.2   23.7    0.9
223  |   255 |    4315 |    7087     507    7087 |    1015     507    1015 |    0.2   23.7    0.9
224  |   255 |    4320 |    7073     509    7073 |    1018     509    1018 |    0.1   23.5    0.9
225  |   254 |    4306 |    7082     506    7082 |    1013     507    1013 |    0.1   23.8    0.9
226  |   255 |    4320 |    7083     509    7083 |    1017     509    1017 |    0.2   23.7    0.9
227  |   255 |    4324 |    7088     508    7088 |    1016     508    1016 |    0.2   23.7    0.9
228  |   254 |    4304 |    7080     506    7080 |    1013     506    1013 |    0.2   23.9    0.9
229  |   255 |    4291 |    6066     506    6066 |    1013     506    1013 |    0.1   17.6    0.9
230  |   255 |    4290 |    7063     508    7063 |    1017     508    1017 |    0.2   26.1    0.9
231  |   252 |    4253 |    6025     505    6025 |    1010     505    1010 |    0.2   16.7    0.7
232  |   255 |    4314 |    7073     507    7073 |    1014     507    1014 |    0.2   23.6    0.9
233  |   255 |    4302 |    7079     507    7079 |    1014     507    1014 |    0.1   23.1    0.9
234  |   255 |    4321 |    7089     508    7089 |    1017     508    1017 |    0.2   22.7    0.9
235  |   255 |    4320 |    7089     508    7089 |    1016     508    1016 |    0.2   24.4    0.9
236  |   255 |    3260 |    6046     506    6046 |    1012     506    1012 |    0.2   16.8    0.8
237  |   254 |    4302 |    7060     506    7060 |    1014     506    1014 |    0.2   17.5    0.8
238  |   253 |    4277 |    6050     505    6050 |    1011     505    1011 |    0.1   17.6    0.8
239  |   255 |    3267 |    7036     508    7036 |    1016     508    1016 |    0.2   16.8    0.8
240  |   255 |    4301 |    7083     507    7083 |    1014     506    1014 |    0.2   24.2    0.9
241  |   255 |    3024 |    7079     506    7079 |    1013     507    1013 |    0.2   22.8    0.9
242  |   255 |    4309 |    7081     507    7081 |    1013     507    1013 |    0.1   23.8    0.9
243  |   255 |    2777 |    6074     507    6074 |    1013     507    1013 |    0.1   17.5    0.8
244  |   255 |    4325 |    7082     508    7082 |    1017     508    1017 |    0.2   24.1    1.0
245  |   254 |    4292 |    7061     506    7061 |    1012     506    1012 |    0.1   23.1    0.9
246  |   255 |    4318 |    7089     508    7089 |    1016     508    1016 |    0.2   24.7    1.0
247  |   255 |    4310 |    7072     508    7072 |    1015     508    1015 |    0.2   24.6    1.0
248  |   255 |    3023 |    6076     506    6076 |    1013     506    1013 |    0.2   17.9    0.8
249  |   255 |    2779 |    7071     506    7071 |    1015     508    1015 |    0.1   23.4    0.9
250  |   255 |    3290 |    7084     507    7084 |    1015     507    1015 |    0.2   24.4    0.9
251  |   255 |    4308 |    7069     507    7069 |    1014     507    1014 |    0.2   23.2    0.9
252  |   255 |    3803 |    7088     507    7088 |    1015     507    1015 |    0.2   23.9    0.9
253  |   255 |    4311 |    7072     506    7072 |    1013     506    1013 |    0.2   24.4    0.9
254  |   255 |    3809 |    7090     507    7090 |    1016     507    1016 |    0.2   17.4    0.8
255  |   254 |    4291 |    6065     506    6065 |    1011     506    1011 |    0.1   17.4    0.8
256  |   254 |    4249 |    7023     505    7023 |    1011     506    1011 |    0.2   17.5    0.8
257  |   255 |    2798 |    7089     508    7089 |    1017     508    1017 |    0.2   23.7    0.9
258  |   255 |    4316 |    7085     507    7085 |    1016     507    1016 |    0.2   23.6    0.9
259  |   255 |    4291 |    6073     506    6073 |    1013     506    1013 |    0.2   18.0    0.8
260  |   255 |    4319 |    7089     507    7089 |    1015     507    1015 |    0.2   23.8    0.9
261  |   255 |    4325 |    7095     508    7095 |    1016     508    1016 |    0.2   24.4    0.9
262  |   255 |    4317 |    7090     508    7090 |    1016     508    1016 |    0.2   23.1    0.9
263  |   255 |    4316 |    7083     507    7083 |    1016     507    1016 |    0.2   23.4    0.9
264  |   255 |    4321 |    7089     507    7089 |    1014     507    1014 |    0.2   24.8    1.0
265  |   255 |    4312 |    7094     507    7094 |    1015     507    1015 |    0.2   24.8    1.0
266  |   255 |    3305 |    7083     508    7083 |    1016     508    1016 |    0.2   18.7    0.8
267  |   255 |    4260 |    6037     506    6037 |    1012     506    1012 |    0.2   17.6    0.8
268  |   254 |    4306 |    7072     507    7072 |    1013     507    1013 |    0.2   23.8    0.9
269  |   255 |    4308 |    7086     507    7086 |    1014     507    1014 |    0.1   23.2    0.9
270  |   255 |    4316 |    7088     507    7088 |    1015     507    1015 |    0.2   23.3    0.9
271  |   255 |    3800 |    7079     508    7079 |    1015     508    1015 |    0.2   17.5    0.8
272  |   254 |    4294 |    6067     507    6067 |    1013     507    1013 |    0.1   17.8    0.8
273  |   255 |    4327 |    7092     508    7092 |    1017     508    1017 |    0.1   23.6    0.9
274  |   255 |    4309 |    7087     507    7087 |    1014     507    1014 |    0.2   23.5    0.9
275  |   255 |    4325 |    7086     508    7086 |    1016     508    1016 |    0.1   23.9    0.9
276  |   255 |    3762 |    6060     506    6060 |    1014     507    1014 |    0.2   17.1    0.8
277  |   255 |    4322 |    7090     508    7090 |    1016     508    1016 |    0.2   23.6    1.4
278  |   255 |    4307 |    7082     507    7082 |    1014     507    1014 |    0.2   23.8    0.9
279  |   253 |    4281 |    7051     505    7051 |    1010     505    1010 |    0.1   22.6    0.9
280  |   254 |    2775 |    7070     508    7070 |    1015     508    1015 |    0.1   23.6    0.9
281  |   254 |    4283 |    7050     507    7050 |    1015     507    1015 |    0.2   17.8    0.8
282  |   255 |    3296 |    7088     508    7088 |    1016     508    1016 |    0.2   23.5    0.9
283  |   255 |    4313 |    7078     507    7078 |    1014     507    1014 |    0.2   23.7    0.9
284  |   255 |    3028 |    7082     507    7082 |    1014     507    1014 |    0.1   23.7    0.9
285  |   255 |    4301 |    7053     506    7053 |    1013     506    1013 |    0.1   23.7    0.9
286  |   255 |    2758 |    6022     506    6022 |    1013     506    1013 |    0.2   18.2    0.8
287  |   255 |    4296 |    7054     505    7054 |    1012     505    1012 |    0.1   23.0    0.9
288  |   255 |    4298 |    7077     506    7077 |    1013     506    1013 |    0.2   23.9    0.9
289  |   255 |    4311 |    7078     507    7078 |    1015     507    1015 |    0.2   22.7    0.9
290  |   255 |    4311 |    7082     507    7082 |    1015     507    1015 |    0.1   23.5    0.9
291  |   255 |    3052 |    7090     508    7090 |    1017     508    1017 |    0.2   18.2    0.8
292  |   255 |    4316 |    7086     508    7086 |    1016     508    1016 |    0.2   22.9    0.9
293  |   255 |    4302 |    7076     507    7076 |    1015     507    1015 |    0.2   23.7    0.9
294  |   255 |    2775 |    6067     507    6067 |    1013     507    1013 |    0.1   17.0    0.8
295  |   255 |    4301 |    7060     506    7060 |    1013     506    1013 |    0.2   23.0    0.9
296  |   254 |    2775 |    7077     507    7077 |    1013     507    1013 |    0.1   23.5    0.9
297  |   255 |    4313 |    7080     507    7080 |    1015     507    1015 |    0.2   23.8    0.9
298  |   255 |    4323 |    7088     508    7088 |    1017     508    1017 |    0.2   24.0    0.9
299  |   255 |    4328 |    7091     508    7091 |    1017     508    1017 |    0.1   24.8    0.9
300  |   254 |    4304 |    7076     506    7076 |    1013     507    1013 |    0.1   23.3    0.9
301  |   255 |    3294 |    7093     507    7093 |    1016     508    1016 |    0.2   24.3    0.9
302  |   255 |    3749 |    6029     508    6029 |    1015     508    1015 |    0.2   17.1    0.8
303  |   255 |    4307 |    6081     507    6081 |    1014     507    1014 |    0.1   17.8    0.8
304  |   255 |    4325 |    7095     507    7095 |    1015     507    1015 |    0.2   24.5    0.9
305  |   255 |    4319 |    7084     507    7084 |    1015     507    1015 |    0.1   23.2    0.9
306  |   255 |    3802 |    7081     506    7081 |    1014     507    1014 |    0.2   16.9    0.8
307  |   255 |    3023 |    7072     506    7072 |    1013     506    1013 |    0.1   17.2    1.0
308  |   254 |    4288 |    6068     506    6068 |    1012     506    1012 |    0.2   18.0    0.8
309  |   255 |    4317 |    7087     508    7087 |    1015     508    1015 |    0.2   24.0    1.1
310  |   255 |    2766 |    6046     506    6046 |    1013     506    1013 |    0.2   17.5    0.8
311  |   255 |    3504 |    6042     506    6042 |    1013     506    1013 |    0.2   17.4    0.8
312  |   255 |    3021 |    6067     506    6067 |    1013     506    1013 |    0.1   16.7    0.8
313  |   255 |    4301 |    7082     507    7082 |    1014     507    1014 |    0.1   24.7    1.0
314  |   255 |    4322 |    7090     508    7090 |    1016     508    1016 |    0.2   23.6    0.9
315  |   255 |    4288 |    7042     506    7042 |    1013     506    1013 |    0.2   23.3    0.9
316  |   254 |    4202 |    5978     506    5978 |    1012     506    1012 |    0.2   16.9    0.8
317  |   255 |    4302 |    7068     507    7068 |    1015     507    1015 |    0.2   23.9    0.9
318  |   255 |    4266 |    6040     506    6040 |    1013     506    1013 |    0.2   17.0    0.8
319  |   254 |    4305 |    7073     506    7073 |    1015     508    1015 |    0.2   23.4    1.1
320  |   255 |    4298 |    7049     505    7049 |    1014     506    1014 |    0.2   23.1    0.9
321  |   255 |    4319 |    7086     507    7086 |    1015     507    1015 |    0.1   24.4    1.0
322  |   255 |    4320 |    7087     509    7087 |    1019     509    1019 |    0.2   22.8    0.9
323  |   255 |    4305 |    7082     507    7082 |    1013     507    1013 |    0.1   24.0    0.9
324  |   254 |    4302 |    7076     506    7076 |    1013     506    1013 |    0.2   24.0    0.9
325  |   255 |    3515 |    6044     506    6044 |    1013     506    1013 |    0.2   17.2    0.8
326  |   255 |    4325 |    7097     508    7097 |    1016     508    1016 |    0.2   18.2    0.8
327  |   255 |    3031 |    7084     508    7084 |    1017     508    1017 |    0.1   23.7    0.9
328  |   254 |    4295 |    7066     506    7066 |    1011     506    1011 |    0.2   23.9    0.9
329  |   253 |    4281 |    7040     506    7040 |    1013     507    1013 |    0.2   17.3    0.8
330  |   255 |    4316 |    7087     507    7087 |    1015     507    1015 |    0.2   22.9    0.9
331  |   255 |    4315 |    7082     507    7082 |    1015     507    1015 |    0.1   24.5    0.9
332  |   255 |    4324 |    7092     508    7092 |    1016     508    1016 |    0.2   23.5    0.9
333  |   255 |    4310 |    7088     507    7088 |    1014     507    1014 |    0.1   23.2    0.9
334  |   254 |    4298 |    7075     506    7075 |    1013     506    1013 |    0.1   24.0    1.0
335  |   255 |    4318 |    7074     508    7074 |    1016     508    1016 |    0.2   24.0    0.9
336  |   255 |    2780 |    7082     507    7082 |    1014     507    1014 |    0.1   23.1    0.9
337  |   255 |    4306 |    7073     507    7073 |    1017     507    1017 |    0.2   24.0    1.0
338  |   255 |    4325 |    7089     508    7089 |    1016     508    1016 |    0.2   24.4    0.9
339  |   255 |    2774 |    6070     506    6070 |    1013     506    1013 |    0.2   18.7    0.8
340  |   255 |    4316 |    7079     507    7079 |    1014     507    1014 |    0.2   24.2    0.9
341  |   255 |    4319 |    7091     507    7091 |    1015     508    1015 |    0.2   23.4    0.9
342  |   253 |    4289 |    7055     506    7055 |    1013     506    1013 |    0.2   18.1    0.8
343  |   253 |    4278 |    7030     508    7030 |    1017     508    1017 |    0.2   17.6    0.8
344  |   255 |    4301 |    7055     506    7055 |    1013     506    1013 |    0.1   24.4    0.9
345  |   255 |    3263 |    7036     508    7036 |    1015     508    1015 |    0.2   17.6    0.8
346  |   253 |    4288 |    7068     505    7068 |    1011     506    1011 |    0.1   24.3    1.0
347  |   253 |    4269 |    6042     505    6042 |    1010     505    1010 |    0.1   17.0    0.8
348  |   255 |    2771 |    7050     508    7050 |    1016     508    1016 |    0.2   18.1    0.8
349  |   255 |    4325 |    7095     508    7095 |    1016     508    1016 |    0.1   23.2    0.9
350  |   255 |    3536 |    7069     506    7069 |    1013     506    1013 |    0.2   17.9    0.8
351  |   255 |    4324 |    7085     508    7085 |    1017     508    1017 |    0.1   23.6    0.9
352  |   255 |    4300 |    6075     506    6075 |    1013     507    1013 |    0.1   18.0    0.8
353  |   255 |    4303 |    7066     506    7066 |    1013     506    1013 |    0.1   23.9    1.0
354  |   255 |    4302 |    7078     507    7078 |    1014     507    1014 |    0.2   24.5    1.0
355  |   255 |    4316 |    7094     508    7094 |    1015     508    1015 |    0.2   24.2    0.9
356  |   254 |    4291 |    7059     505    7059 |    1011     505    1011 |    0.2   23.4    0.9
357  |   255 |    4308 |    7082     506    7082 |    1013     507    1013 |    0.2   16.7    0.8
358  |   254 |    4279 |    6056     506    6056 |    1011     506    1011 |    0.2   17.3    0.8
359  |   255 |    4309 |    7085     507    7085 |    1015     507    1015 |    0.2   25.0    1.0
360  |   255 |    4273 |    6055     506    6055 |    1012     506    1012 |    0.2   17.2    0.8
361  |   255 |    4316 |    7087     508    7087 |    1017     508    1017 |    0.2   25.0    1.0
362  |   255 |    4325 |    7089     508    7089 |    1017     508    1017 |    0.2   24.5    0.9
363  |   253 |    4288 |    6064     506    6064 |    1011     506    1011 |    0.2   17.6    0.8
364  |   254 |    2767 |    6057     506    6057 |    1012     506    1012 |    0.1   17.9    0.8
365  |   254 |    4291 |    6067     506    6067 |    1013     506    1013 |    0.2   18.4    0.8
366  |   255 |    4328 |    7087     508    7087 |    1016     508    1016 |    0.1   24.2    0.9
367  |   254 |    4307 |    7070     507    7070 |    1014     507    1014 |    0.2   25.1    1.0
368  |   254 |    4297 |    7065     506    7065 |    1012     506    1012 |    0.2   24.4    0.9
369  |   254 |    4263 |    7008     505    7008 |    1011     505    1011 |    0.1   22.9    0.9
370  |   255 |    4317 |    7077     507    7077 |    1015     507    1015 |    0.2   24.3    0.9
371  |   255 |    3028 |    6074     507    6074 |    1014     507    1014 |    0.1   17.4    0.8
372  |   255 |    4311 |    7083     506    7083 |    1014     507    1014 |    0.2   23.9    0.9
373  |   255 |    4299 |    7047     507    7047 |    1013     507    1013 |    0.2   23.3    0.9
374  |   254 |    3023 |    6068     506    6068 |    1012     506    1012 |    0.2   17.3    0.8
375  |   254 |    3290 |    7076     507    7076 |    1014     507    1014 |    0.2   17.8    0.8
376  |   255 |    4308 |    7074     507    7074 |    1014     507    1014 |    0.2   24.1    0.9
377  |   255 |    4317 |    7091     507    7091 |    1015     507    1015 |    0.1   23.4    0.9
378  |   254 |    4308 |    7069     506    7069 |    1015     508    1015 |    0.1   24.7    0.9
379  |   255 |    4295 |    6071     506    6071 |    1013     506    1013 |    0.2   18.3    0.8
380  |   254 |    4295 |    7071     506    7071 |    1013     506    1013 |    0.1   24.0    0.9
381  |   255 |    4320 |    7082     507    7082 |    1015     508    1015 |    0.1   23.1    0.9
382  |   255 |    4322 |    7093     508    7093 |    1015     508    1015 |    0.2   23.9    0.9
383  |   255 |    4312 |    7080     506    7080 |    1013     507    1013 |    0.1   23.2    0.9
384  |   255 |    4306 |    7067     506    7067 |    1013     507    1013 |    0.1   23.0    0.9
385  |   254 |    4274 |    6047     506    6047 |    1012     505    1012 |    0.1   16.8    0.8
386  |   255 |    4318 |    7088     507    7088 |    1014     507    1014 |    0.1   23.5    0.9
387  |   255 |    3527 |    7074     506    7074 |    1012     506    1012 |    0.1   16.9    0.8
388  |   254 |    4296 |    7065     506    7065 |    1011     506    1011 |    0.1   22.9    0.9
389  |   254 |    4301 |    7074     506    7074 |    1013     507    1013 |    0.1   23.2    0.9
390  |   254 |    4309 |    6074     507    6074 |    1014     507    1014 |    0.1   17.2    0.8
391  |   255 |    2782 |    7078     508    7078 |    1015     508    1015 |    0.2   23.2    0.9
392  |   255 |    4318 |    7085     507    7085 |    1014     507    1014 |    0.1   23.1    0.9
393  |   255 |    4310 |    7073     507    7073 |    1014     507    1014 |    0.1   24.6    0.9
394  |   255 |    4314 |    7072     507    7072 |    1015     507    1015 |    0.1   23.4    0.9
395  |   255 |    4310 |    7067     506    7067 |    1014     507    1014 |    0.1   22.7    0.9
396  |   255 |    4311 |    7082     508    7082 |    1016     508    1016 |    0.2   24.4    0.9
397  |   255 |    2795 |    7086     507    7086 |    1015     507    1015 |    0.1   18.5    0.8
398  |   255 |    4325 |    7094     508    7094 |    1015     508    1015 |    0.1   23.5    0.9
399  |   255 |    2772 |    6067     506    6067 |    1013     506    1013 |    0.2   17.8    0.8
400  |   255 |    3287 |    7081     507    7081 |    1015     507    1015 |    0.1   23.5    0.9
401  |   255 |    4319 |    7087     508    7087 |    1015     508    1015 |    0.2   23.6    0.9
402  |   255 |    3016 |    7081     507    7081 |    1014     507    1014 |    0.2   23.5    0.9
403  |   254 |    4261 |    6038     506    6038 |    1012     506    1012 |    0.2   16.9    0.8
404  |   255 |    4313 |    7092     507    7092 |    1014     507    1014 |    0.1   23.6    0.9
405  |   254 |    4262 |    7042     505    7042 |    1012     505    1012 |    0.2   16.7    0.8
406  |   255 |    3025 |    7083     507    7083 |    1014     507    1014 |    0.1   23.9    0.9
407  |   255 |    2773 |    6065     506    6065 |    1014     506    1014 |    0.2   17.2    0.8
408  |   255 |    4319 |    7086     508    7086 |    1015     508    1015 |    0.1   23.2    0.9
409  |   255 |    4254 |    6032     506    6032 |    1014     507    1014 |    0.1   17.3    0.8
410  |   255 |    4305 |    7079     507    7079 |    1014     507    1014 |    0.1   22.9    0.9
411  |   255 |    2754 |    7042     506    7042 |    1013     506    1013 |    0.2   18.0    0.8
412  |   254 |    4299 |    7065     506    7065 |    1012     506    1012 |    0.1   23.5    0.9
413  |   255 |    3303 |    7093     508    7093 |    1016     508    1016 |    0.2   18.5    0.8
414  |   255 |    3799 |    7075     507    7075 |    1013     507    1013 |    0.2   17.8    0.8
415  |   255 |    4242 |    6985     509    6985 |    1018     508    1018 |    0.2   16.2    0.8
416  |   255 |    4301 |    7063     506    7063 |    1013     506    1013 |    0.1   23.1    0.9
417  |   255 |    4311 |    7075     506    7075 |    1013     507    1013 |    0.1   24.1    0.9
418  |   255 |    4319 |    7098     508    7098 |    1016     508    1016 |    0.2   24.0    0.9
419  |   255 |    4318 |    7091     507    7091 |    1015     507    1015 |    0.1   22.7    0.9
420  |   255 |    4317 |    7089     507    7089 |    1014     507    1014 |    0.1   23.9    0.9
421  |   255 |    4310 |    7080     507    7080 |    1014     507    1014 |    0.1   22.8    0.9
422  |   255 |    4320 |    7086     508    7086 |    1016     508    1016 |    0.1   23.2    0.9
423  |   255 |    4316 |    7086     507    7086 |    1015     507    1015 |    0.1   22.2    0.9
424  |   253 |    4290 |    6064     506    6064 |    1011     506    1011 |    0.2   18.0    0.8
425  |   255 |    2789 |    7091     508    7091 |    1016     508    1016 |    0.1   22.7    0.9
426  |   254 |    4309 |    7074     507    7074 |    1015     508    1015 |    0.1   22.9    0.9
427  |   255 |    4323 |    7092     508    7092 |    1015     508    1015 |    0.1   23.6    0.9
428  |   253 |    4259 |    6034     505    6034 |    1010     505    1010 |    0.1   16.3    0.8
429  |   254 |    3280 |    7073     506    7073 |    1013     506    1013 |    0.1   22.4    0.9
430  |   254 |    4309 |    7081     506    7081 |    1013     507    1013 |    0.1   23.2    0.9
431  |   255 |    3267 |    6048     506    6048 |    1014     506    1014 |    0.1   16.8    0.8
432  |   255 |    4311 |    7082     506    7082 |    1013     507    1013 |    0.2   24.1    0.9
433  |   255 |    4314 |    7095     507    7095 |    1016     508    1016 |    0.2   23.5    0.9
434  |   255 |    4309 |    7055     507    7055 |    1015     507    1015 |    0.1   22.6    0.9
435  |   255 |    4305 |    7068     506    7068 |    1012     506    1012 |    0.1   23.3    0.9
436  |   255 |    4295 |    7046     505    7046 |    1013     506    1013 |    0.1   23.5    0.9
437  |   255 |    4316 |    7089     507    7089 |    1015     507    1015 |    0.1   23.1    0.9
438  |   252 |    4251 |    6023     505    6023 |    1010     505    1010 |    0.1   16.4    0.8
439  |   255 |    4325 |    7095     508    7095 |    1016     508    1016 |    0.1   22.5    0.9
440  |   254 |    4267 |    7015     505    7015 |    1012     505    1012 |    0.1   22.8    0.9
441  |   255 |    4311 |    7075     507    7075 |    1013     507    1013 |    0.1   22.6    0.9
442  |   255 |    4310 |    7089     507    7089 |    1015     507    1015 |    0.1   23.3    0.9
443  |   255 |    4323 |    7090     507    7090 |    1015     507    1015 |    0.1   23.2    0.9
444  |   255 |    4316 |    7082     509    7082 |    1017     509    1017 |    0.1   23.4    0.9
445  |   255 |    4288 |    6066     506    6066 |    1013     506    1013 |    0.1   17.3    0.8
446  |   255 |    4304 |    7070     507    7070 |    1014     507    1014 |    0.1   22.6    0.9
447  |   254 |    4295 |    7065     506    7065 |    1013     506    1013 |    0.2   18.0    0.8
448  |   255 |    4291 |    6067     506    6067 |    1013     506    1013 |    0.2   16.9    0.7
449  |   255 |    4294 |    7041     506    7041 |    1013     506    1013 |    0.1   22.7    0.9
450  |   255 |    4310 |    7080     507    7080 |    1014     507    1014 |    0.2   23.2    0.9
451  |   255 |    4314 |    7083     507    7083 |    1014     507    1014 |    0.1   23.6    0.9
452  |   255 |    4291 |    7048     506    7048 |    1013     506    1013 |    0.1   23.0    0.9
453  |   255 |    4214 |    6003     506    6003 |    1013     506    1013 |    0.1   16.3    0.7
454  |   255 |    4303 |    7071     508    7071 |    1017     508    1017 |    0.1   23.1    0.9
455  |   255 |    4319 |    7081     508    7081 |    1016     508    1016 |    0.1   22.9    0.9
456  |   255 |    4318 |    7079     508    7079 |    1015     508    1015 |    0.1   23.2    0.9
457  |   255 |    4306 |    7085     507    7085 |    1014     507    1014 |    0.1   23.7    0.9
458  |   255 |    4320 |    7099     508    7099 |    1015     508    1015 |    0.1   24.6    0.9
459  |   255 |    2761 |    6060     506    6060 |    1012     506    1012 |    0.1   16.7    0.8
460  |   255 |    4305 |    7081     507    7081 |    1016     507    1016 |    0.1   23.6    0.9
461  |   255 |    4301 |    7082     507    7082 |    1014     507    1014 |    0.2   23.6    0.9
462  |   255 |    4311 |    7090     507    7090 |    1014     507    1014 |    0.1   23.9    1.0
463  |   255 |    4322 |    7090     507    7090 |    1015     507    1015 |    0.1   24.0    0.9
464  |   255 |    4310 |    7078     507    7078 |    1014     507    1014 |    0.2   23.5    0.9
465  |   255 |    4313 |    7081     507    7081 |    1014     507    1014 |    0.1   22.7    0.9
466  |   255 |    4324 |    7092     509    7092 |    1017     509    1017 |    0.2   22.9    0.9
467  |   254 |    4287 |    7058     505    7058 |    1011     505    1011 |    0.1   22.3    0.9
468  |   255 |    4308 |    7085     507    7085 |    1015     507    1015 |    0.1   23.4    0.9
469  |   255 |    4311 |    7082     507    7082 |    1013     506    1013 |    0.1   23.7    0.9
470  |   255 |    4329 |    7094     508    7094 |    1016     508    1016 |    0.1   23.7    0.9
471  |   255 |    4311 |    7083     507    7083 |    1015     507    1015 |    0.2   23.1    0.9
472  |   255 |    3540 |    7086     507    7086 |    1015     507    1015 |    0.1   22.9    0.9
473  |   255 |    4326 |    7093     508    7093 |    1016     508    1016 |    0.1   23.3    0.9
474  |   255 |    2772 |    6071     507    6071 |    1014     507    1014 |    0.1   17.3    0.8
475  |   255 |    4279 |    6055     507    6055 |    1014     507    1014 |    0.1   17.2    0.8
476  |   255 |    4318 |    7089     507    7089 |    1015     507    1015 |    0.1   23.4    0.9
477  |   255 |    4321 |    7088     508    7088 |    1016     508    1016 |    0.2   23.1    0.9
478  |   255 |    2782 |    7080     507    7080 |    1014     507    1014 |    0.1   22.2    0.9
479  |   254 |    2773 |    6068     506    6068 |    1012     506    1012 |    0.1   16.6    0.8
480  |   253 |    4279 |    6051     507    6051 |    1014     507    1014 |    0.2   17.4    0.8
481  |   255 |    4306 |    7068     508    7068 |    1016     508    1016 |    0.2   22.6    0.9
482  |   255 |    3794 |    7062     506    7062 |    1012     506    1012 |    0.1   17.8    0.8
483  |   255 |    4305 |    7082     507    7082 |    1014     507    1014 |    0.1   23.3    0.9
484  |   255 |    4313 |    7090     507    7090 |    1015     507    1015 |    0.1   23.5    0.9
485  |   255 |    4305 |    7065     508    7065 |    1018     508    1018 |    0.2   23.7    0.9
486  |   255 |    4323 |    7082     508    7082 |    1017     508    1017 |    0.1   24.3    0.9
487  |   255 |    4316 |    7080     507    7080 |    1015     507    1015 |    0.1   22.8    0.9
488  |   255 |    4304 |    7058     506    7058 |    1013     507    1013 |    0.1   22.8    0.9
489  |   255 |    3806 |    7081     507    7081 |    1013     507    1013 |    0.1   17.2    0.8
490  |   255 |    4297 |    7071     509    7071 |    1019     509    1019 |    0.2   22.2    0.9
491  |   255 |    4322 |    7094     507    7094 |    1015     507    1015 |    0.1   22.9    0.9
492  |   255 |    4321 |    7085     508    7085 |    1016     508    1016 |    0.1   23.0    0.9
493  |   255 |    4318 |    7086     508    7086 |    1017     508    1017 |    0.1   23.5    0.9
494  |   255 |    4304 |    7073     506    7073 |    1012     506    1012 |    0.1   23.2    0.9
495  |   255 |    4311 |    7084     507    7084 |    1014     507    1014 |    0.1   23.7    0.9
496  |   255 |    4303 |    7072     508    7072 |    1016     508    1016 |    0.2   16.8    0.8
497  |   255 |    4306 |    7085     507    7085 |    1014     507    1014 |    0.2   23.1    0.9
498  |   254 |    3014 |    6065     506    6065 |    1012     506    1012 |    0.1   16.9    0.8
499  |   254 |    4307 |    7077     507    7077 |    1014     507    1014 |    0.1   23.2    0.9
500  |   255 |    2765 |    6061     506    6061 |    1012     506    1012 |    0.1   17.2    0.8
501  |   254 |    4309 |    7080     506    7080 |    1014     507    1014 |    0.1   21.8    0.9
502  |   255 |    4318 |    7092     508    7092 |    1016     508    1016 |    0.1   23.8    0.9
503  |   255 |    4318 |    7086     508    7086 |    1015     508    1015 |    0.1   24.3    0.9
504  |   252 |    4267 |    6042     505    6042 |    1010     505    1010 |    0.1   16.8    0.8
505  |   255 |    2784 |    7085     507    7085 |    1014     507    1014 |    0.1   23.2    1.0
506  |   255 |    4284 |    6060     506    6060 |    1013     506    1013 |    0.1   16.8    0.8
507  |   255 |    4304 |    7070     509    7070 |    1018     509    1018 |    0.1   22.4    0.9
508  |   255 |    4288 |    6065     506    6065 |    1012     506    1012 |    0.1   17.5    0.8
509  |   255 |    4304 |    7083     507    7083 |    1014     507    1014 |    0.1   22.7    0.9
510  |   254 |    4274 |    6050     505    6050 |    1012     505    1012 |    0.2   16.8    0.7
511  |   255 |    2788 |    7095     508    7095 |    1016     508    1016 |    0.1   23.5    0.9
512  |   255 |    4322 |    7079     508    7079 |    1016     508    1016 |    0.1   24.1    0.9
513  |   253 |    4291 |    7067     506    7067 |    1011     506    1011 |    0.1   23.3    0.9
514  |   253 |    4279 |    7054     505    7054 |    1011     505    1011 |    0.1   22.4    0.9
515  |   252 |    4262 |    6033     505    6033 |    1010     505    1010 |    0.1   16.6    0.7
516  |   255 |    4312 |    7080     506    7080 |    1013     506    1013 |    0.1   23.6    1.0
517  |   255 |    4262 |    6040     506    6040 |    1013     506    1013 |    0.1   17.5    0.8
518  |   254 |    4301 |    7072     506    7072 |    1013     506    1013 |    0.1   22.8    0.9
519  |   255 |    2780 |    6076     507    6076 |    1014     507    1014 |    0.1   16.8    0.8
520  |   255 |    4321 |    7083     508    7083 |    1017     508    1017 |    0.2   24.0    0.9
521  |   255 |    4322 |    7085     507    7085 |    1015     507    1015 |    0.1   22.3    0.9
522  |   255 |    4312 |    7089     507    7089 |    1015     507    1015 |    0.1   23.5    0.9
523  |   255 |    4307 |    7078     507    7078 |    1016     508    1016 |    0.1   23.8    0.9
524  |   255 |    4297 |    6075     506    6075 |    1013     506    1013 |    0.2   17.2    0.8
525  |   255 |    4323 |    7088     508    7088 |    1017     508    1017 |    0.1   23.5    0.9
526  |   255 |    2785 |    7086     507    7086 |    1015     507    1015 |    0.2   23.7    0.9
527  |   254 |    4297 |    7073     507    7073 |    1013     507    1013 |    0.2   22.3    0.9
528  |   255 |    4311 |    7073     506    7073 |    1013     506    1013 |    0.1   23.4    0.9
529  |   255 |    4313 |    7082     507    7082 |    1015     507    1015 |    0.1   23.5    0.9
530  |   254 |    4299 |    7063     508    7063 |    1019     508    1019 |    0.2   22.5    0.9
531  |   255 |    4309 |    7075     507    7075 |    1015     507    1015 |    0.1   23.3    0.9
532  |   255 |    2786 |    7085     507    7085 |    1014     507    1014 |    0.1   23.3    0.9
533  |   255 |    4302 |    7082     506    7082 |    1014     507    1014 |    0.2   23.6    0.9
534  |   255 |    4250 |    6032     506    6032 |    1013     506    1013 |    0.1   16.8    0.8
535  |   255 |    4316 |    7084     507    7084 |    1015     508    1015 |    0.1   23.1    0.9
536  |   255 |    3296 |    7090     508    7090 |    1015     508    1015 |    0.1   17.5    0.8
537  |   255 |    4315 |    7091     507    7091 |    1015     508    1015 |    0.1   23.5    0.9
538  |   254 |    4311 |    7080     507    7080 |    1014     507    1014 |    0.2   23.8    0.9
539  |   255 |    2778 |    6075     507    6075 |    1014     507    1014 |    0.1   17.5    0.8
540  |   252 |    2742 |    6005     505    6005 |    1010     505    1010 |    0.1   16.7    0.8
541  |   255 |    4326 |    7090     508    7090 |    1016     508    1016 |    0.1   23.1    0.9
542  |   255 |    4296 |    7048     506    7048 |    1012     506    1012 |    0.1   23.2    0.9
543  |   255 |    4307 |    7079     507    7079 |    1014     507    1014 |    0.1   23.7    0.9
544  |   255 |    3269 |    6057     506    6057 |    1013     506    1013 |    0.1   17.1    0.7
545  |   255 |    4319 |    7078     507    7078 |    1014     507    1014 |    0.1   23.5    0.9
546  |   254 |    4293 |    7059     505    7059 |    1012     505    1012 |    0.2   23.5    0.9
547  |   255 |    4323 |    7087     508    7087 |    1016     508    1016 |    0.1   23.3    0.9
548  |   253 |    4276 |    6051     505    6051 |    1010     505    1010 |    0.2   17.5    0.8
549  |   254 |    3265 |    7040     507    7040 |    1014     507    1014 |    0.1   16.6    0.8
550  |   255 |    4321 |    7088     508    7088 |    1016     508    1016 |    0.1   23.2    0.9
551  |   255 |    4310 |    7084     507    7084 |    1014     507    1014 |    0.2   23.7    0.9
552  |   255 |    4320 |    7079     508    7079 |    1015     508    1015 |    0.1   23.9    0.9
553  |   254 |    3268 |    6054     506    6054 |    1012     506    1012 |    0.1   17.2    0.8
554  |   255 |    4321 |    7098     508    7098 |    1016     508    1016 |    0.1   24.0    0.9
555  |   253 |    3266 |    6058     505    6058 |    1011     505    1011 |    0.1   17.0    0.7
556  |   255 |    4324 |    7087     508    7087 |    1017     508    1017 |    0.1   23.5    0.9
557  |   255 |    4309 |    7066     507    7066 |    1014     507    1014 |    0.2   22.6    0.9
558  |   254 |    4302 |    7069     507    7069 |    1014     507    1014 |    0.1   22.7    0.9
559  |   255 |    4297 |    7058     506    7058 |    1013     506    1013 |    0.1   23.3    0.9
560  |   255 |    3787 |    7075     507    7075 |    1015     507    1015 |    0.2   17.0    0.7
561  |   255 |    4309 |    7076     507    7076 |    1014     507    1014 |    0.1   22.1    0.9
562  |   255 |    4312 |    7079     506    7079 |    1014     507    1014 |    0.1   23.4    0.9
563  |   255 |    4304 |    7081     508    7081 |    1016     508    1016 |    0.1   22.6    0.9
564  |   254 |    4282 |    7033     506    7033 |    1014     506    1014 |    0.2   22.3    0.8
565  |   255 |    4315 |    7092     507    7092 |    1015     507    1015 |    0.2   22.7    0.9
566  |   255 |    4234 |    6012     506    6012 |    1013     506    1013 |    0.1   17.3    0.8
567  |   253 |    4278 |    6051     505    6051 |    1010     505    1010 |    0.1   17.4    0.8
568  |   254 |    4291 |    6064     506    6064 |    1012     506    1012 |    0.2   16.7    0.8
569  |   255 |    4324 |    7084     509    7084 |    1018     509    1018 |    0.1   22.9    0.9
570  |   255 |    4297 |    7051     506    7051 |    1013     506    1013 |    0.1   22.3    0.9
571  |   255 |    2776 |    6065     507    6065 |    1013     507    1013 |    0.1   17.4    0.8
572  |   255 |    4296 |    7084     507    7084 |    1014     507    1014 |    0.2   23.1    0.9
573  |   255 |    3293 |    7077     507    7077 |    1015     507    1015 |    0.1   18.0    0.8
574  |   252 |    2718 |    5936     505    5936 |    1010     505    1010 |    0.1   16.3    0.7
575  |   255 |    4310 |    7084     507    7084 |    1014     507    1014 |    0.1   23.3    0.9
576  |   255 |    4320 |    7088     507    7088 |    1015     507    1015 |    0.1   23.0    0.9
577  |   255 |    3293 |    7082     507    7082 |    1014     507    1014 |    0.1   17.9    0.8
578  |   255 |    4320 |    7090     507    7090 |    1015     507    1015 |    0.1   23.5    0.9
579  |   255 |    4308 |    7067     506    7067 |    1013     506    1013 |    0.2   22.9    0.9
580  |   255 |    4319 |    7090     508    7090 |    1015     508    1015 |    0.2   23.8    0.9
581  |   255 |    4281 |    7020     505    7020 |    1013     505    1013 |    0.1   23.5    0.9
582  |   255 |    4315 |    7089     507    7089 |    1015     507    1015 |    0.2   23.3    0.9
583  |   255 |    4317 |    7076     507    7076 |    1015     507    1015 |    0.1   22.6    0.9
584  |   255 |    4308 |    7084     507    7084 |    1014     507    1014 |    0.1   22.5    0.9
585  |   255 |    4313 |    7072     507    7072 |    1015     507    1015 |    0.1   23.3    0.9
586  |   255 |    4311 |    7080     507    7080 |    1015     507    1015 |    0.1   22.3    0.9
587  |   253 |    4280 |    7050     506    7050 |    1013     506    1013 |    0.2   23.8    0.9
588  |   255 |    4311 |    7068     508    7068 |    1015     508    1015 |    0.1   23.3    0.9
589  |   255 |    3016 |    7086     507    7086 |    1014     507    1014 |    0.1   22.7    0.9
590  |   254 |    4293 |    7064     507    7064 |    1014     507    1014 |    0.2   22.8    0.9
591  |   254 |    4294 |    7068     506    7068 |    1013     506    1013 |    0.1   23.0    0.9
592  |   254 |    4293 |    7070     506    7070 |    1012     506    1012 |    0.1   22.3    0.9
593  |   254 |    4289 |    7054     508    7054 |    1016     508    1016 |    0.1   17.5    0.8
594  |   255 |    4320 |    7087     508    7087 |    1014     507    1014 |    0.1   24.4    0.9
595  |   255 |    4318 |    7077     508    7077 |    1015     508    1015 |    0.1   23.3    0.9
596  |   255 |    4304 |    7079     507    7079 |    1015     507    1015 |    0.1   22.1    0.9
597  |   255 |    4314 |    6077     507    6077 |    1014     507    1014 |    0.1   17.6    0.8
598  |   255 |    3039 |    7090     507    7090 |    1015     508    1015 |    0.1   17.8    0.8
599  |   255 |    4323 |    7077     507    7077 |    1015     507    1015 |    0.1   23.0    0.9
600  |   255 |    4293 |    6071     506    6071 |    1013     506    1013 |    0.1   16.8    0.7
601  |   255 |    4315 |    7086     507    7086 |    1016     507    1016 |    0.1   23.3    0.9
602  |   255 |    4326 |    7085     508    7085 |    1017     508    1017 |    0.1   23.4    0.9
603  |   255 |    2776 |    6070     507    6070 |    1013     507    1013 |    0.1   17.0    0.8
604  |   255 |    4309 |    7084     507    7084 |    1013     507    1013 |    0.1   24.0    0.9
605  |   255 |    4305 |    7057     506    7057 |    1013     506    1013 |    0.1   22.6    0.9
606  |   255 |    4299 |    7055     506    7055 |    1013     506    1013 |    0.1   24.3    0.9
607  |   255 |    4322 |    7095     508    7095 |    1015     508    1015 |    0.2   23.8    0.9
608  |   255 |    4323 |    7089     508    7089 |    1015     508    1015 |    0.1   22.8    0.9
609  |   255 |    3280 |    6078     507    6078 |    1014     507    1014 |    0.1   17.0    0.8
610  |   255 |    4287 |    6067     506    6067 |    1013     507    1013 |    0.2   17.4    0.8
611  |   254 |    4294 |    6068     506    6068 |    1012     506    1012 |    0.1   16.8    0.8
612  |   255 |    4314 |    7090     508    7090 |    1015     508    1015 |    0.1   22.9    0.9
613  |   254 |    4301 |    7074     506    7074 |    1013     506    1013 |    0.1   22.8    0.9
614  |   254 |    4260 |    6041     505    6041 |    1012     505    1012 |    0.2   17.0    0.8
615  |   255 |    4305 |    7081     507    7081 |    1015     507    1015 |    0.1   23.1    0.9
616  |   255 |    2781 |    7077     507    7077 |    1015     508    1015 |    0.1   22.9    0.9
617  |   255 |    4298 |    7082     507    7082 |    1013     507    1013 |    0.2   23.1    0.9
618  |   255 |    4310 |    7089     507    7089 |    1015     507    1015 |    0.1   22.9    0.9
619  |   254 |    4255 |    6033     505    6033 |    1011     505    1011 |    0.1   17.2    0.8
620  |   255 |    4317 |    7089     508    7089 |    1016     508    1016 |    0.1   24.0    0.9
621  |   254 |    4296 |    7067     506    7067 |    1012     506    1012 |    0.1   22.8    0.9
622  |   254 |    4305 |    7066     507    7066 |    1014     507    1014 |    0.1   23.8    1.0
623  |   254 |    4295 |    7059     505    7059 |    1012     505    1012 |    0.3   24.1    0.9
624  |   254 |    4291 |    7054     505    7054 |    1012     505    1012 |    0.2   23.0    0.9
625  |   255 |    4299 |    6075     506    6075 |    1013     506    1013 |    0.1   16.7    0.8
626  |   255 |    4318 |    7095     508    7095 |    1015     508    1015 |    0.1   23.1    0.9
627  |   255 |    3483 |    6982     508    6982 |    1015     508    1015 |    0.2   17.0    0.8
628  |   255 |    4316 |    7085     507    7085 |    1014     507    1014 |    0.1   17.9    0.8
629  |   255 |    4311 |    7090     507    7090 |    1015     507    1015 |    0.1   23.7    0.9
630  |   255 |    2784 |    7078     507    7078 |    1015     507    1015 |    0.1   24.5    0.9
631  |   255 |    3021 |    6072     507    6072 |    1014     507    1014 |    0.1   16.9    0.8
632  |   254 |    2779 |    7071     507    7071 |    1014     507    1014 |    0.1   23.4    0.9
633  |   255 |    4315 |    7080     508    7080 |    1016     508    1016 |    0.2   23.3    0.9
634  |   255 |    4317 |    7086     507    7086 |    1014     507    1014 |    0.1   22.5    0.9
635  |   254 |    3020 |    6064     506    6064 |    1012     506    1012 |    0.1   17.1    0.8
636  |   254 |    4305 |    7079     507    7079 |    1014     507    1014 |    0.1   23.0    0.9
637  |   254 |    4278 |    6054     505    6054 |    1012     506    1012 |    0.1   16.2    0.8
638  |   255 |    4317 |    7092     508    7092 |    1016     508    1016 |    0.1   23.4    0.9
639  |   255 |    4313 |    7077     507    7077 |    1013     507    1013 |    0.1   23.2    0.9
640  |   255 |    4327 |    7090     508    7090 |    1016     508    1016 |    0.1   24.2    0.9
641  |   255 |    3817 |    7080     508    7080 |    1018     509    1018 |    0.2   18.8    0.8
642  |   255 |    4317 |    7088     507    7088 |    1014     507    1014 |    0.1   23.5    0.9
643  |   254 |    2761 |    6033     506    6033 |    1012     506    1012 |    0.1   16.3    0.8
644  |   255 |    4316 |    7082     508    7082 |    1016     508    1016 |    0.1   23.7    0.9
645  |   255 |    4309 |    7083     507    7083 |    1015     507    1015 |    0.1   23.5    0.9
646  |   255 |    4310 |    7066     507    7066 |    1014     507    1014 |    0.1   23.1    0.9
647  |   254 |    4291 |    7064     506    7064 |    1014     506    1014 |    0.1   17.8    0.8
648  |   253 |    4280 |    7047     505    7047 |    1010     505    1010 |    0.1   23.6    0.9
649  |   255 |    4311 |    7075     506    7075 |    1013     506    1013 |    0.2   24.2    0.9
650  |   255 |    3549 |    7068     509    7068 |    1018     509    1018 |    0.2   17.1    0.8
651  |   255 |    4313 |    7076     507    7076 |    1014     507    1014 |    0.1   22.5    0.9
652  |   255 |    4312 |    7080     507    7080 |    1013     507    1013 |    0.1   23.7    0.9
653  |   255 |    4309 |    7078     507    7078 |    1013     507    1013 |    0.1   23.3    0.9
654  |   254 |    4297 |    7068     506    7068 |    1013     506    1013 |    0.2   23.4    0.9
655  |   255 |    4308 |    7080     507    7080 |    1014     507    1014 |    0.2   23.2    0.9
656  |   255 |    4321 |    7089     507    7089 |    1015     507    1015 |    0.1   23.4    0.9
657  |   254 |    4304 |    7074     506    7074 |    1012     506    1012 |    0.1   23.7    0.9
658  |   255 |    4310 |    7087     507    7087 |    1014     507    1014 |    0.1   23.3    0.9
659  |   254 |    4289 |    7055     505    7055 |    1012     505    1012 |    0.1   23.5    0.9
660  |   255 |    3290 |    7066     508    7066 |    1017     508    1017 |    0.2   17.2    0.9
661  |   255 |    4328 |    7080     509    7080 |    1018     509    1018 |    0.2   24.0    0.9
662  |   255 |    4315 |    7082     508    7082 |    1015     508    1015 |    0.1   23.8    0.9
663  |   254 |    4304 |    7074     507    7074 |    1014     507    1014 |    0.1   23.1    0.9
664  |   255 |    4316 |    7090     508    7090 |    1015     508    1015 |    0.1   23.6    0.9
665  |   255 |    4326 |    7097     508    7097 |    1016     508    1016 |    0.1   23.4    0.9
666  |   255 |    4313 |    7077     508    7077 |    1015     508    1015 |    0.1   23.4    0.9
667  |   254 |    4279 |    7038     506    7038 |    1013     506    1013 |    0.1   23.1    0.9
668  |   255 |    4326 |    7093     508    7093 |    1016     508    1016 |    0.2   23.0    0.9
669  |   254 |    4272 |    7017     506    7017 |    1014     506    1014 |    0.1   23.1    0.9
670  |   255 |    4318 |    7086     508    7086 |    1015     508    1015 |    0.1   23.3    0.9
671  |   255 |    4322 |    7087     508    7087 |    1017     508    1017 |    0.1   24.2    0.9
672  |   253 |    3265 |    6050     505    6050 |    1012     505    1012 |    0.1   16.9    0.8
673  |   255 |    2772 |    6069     506    6069 |    1013     506    1013 |    0.1   18.0    0.8
674  |   255 |    4323 |    7092     507    7092 |    1016     507    1016 |    0.1   23.9    0.9
675  |   255 |    2764 |    6044     506    6044 |    1013     506    1013 |    0.1   16.1    0.7
676  |   255 |    4315 |    7077     507    7077 |    1015     507    1015 |    0.1   23.1    0.9
677  |   255 |    4320 |    7085     508    7085 |    1016     508    1016 |    0.1   23.3    0.9
678  |   254 |    4281 |    6057     506    6057 |    1012     506    1012 |    0.1   16.7    0.7
679  |   255 |    2783 |    7089     507    7089 |    1015     507    1015 |    0.1   22.7    0.9
680  |   255 |    4309 |    7070     506    7070 |    1014     506    1014 |    0.1   22.9    0.9
681  |   255 |    3021 |    7080     507    7080 |    1014     507    1014 |    0.2   24.1    0.9
682  |   255 |    4312 |    7083     507    7083 |    1014     507    1014 |    0.1   23.6    0.9
683  |   255 |    4298 |    7050     506    7050 |    1013     506    1013 |    0.1   22.6    0.9
684  |   255 |    4313 |    7074     506    7074 |    1014     506    1014 |    0.1   22.9    0.9
685  |   255 |    4320 |    7092     507    7092 |    1015     508    1015 |    0.1   23.8    0.9
686  |   255 |    4311 |    7086     507    7086 |    1014     507    1014 |    0.1   23.1    0.9
687  |   253 |    4281 |    7047     505    7047 |    1011     505    1011 |    0.1   22.1    0.9
688  |   255 |    2772 |    6068     506    6068 |    1013     507    1013 |    0.1   17.1    0.8
689  |   254 |    3281 |    7069     507    7069 |    1014     507    1014 |    0.1   23.2    0.9
690  |   255 |    4323 |    7095     508    7095 |    1016     508    1016 |    0.1   23.0    0.9
691  |   254 |    2767 |    6058     505    6058 |    1012     505    1012 |    0.1   16.9    0.8
692  |   255 |    3288 |    7079     507    7079 |    1014     507    1014 |    0.1   22.4    0.9
693  |   255 |    4322 |    7087     508    7087 |    1016     508    1016 |    0.2   23.2    0.9
694  |   255 |    3274 |    7076     506    7076 |    1013     506    1013 |    0.1   17.6    0.8
695  |   255 |    4315 |    7079     508    7079 |    1016     508    1016 |    0.2   23.1    0.9
696  |   254 |    4296 |    7074     506    7074 |    1012     506    1012 |    0.1   23.8    0.9
697  |   254 |    4300 |    7080     506    7080 |    1013     507    1013 |    0.1   23.4    0.9
698  |   255 |    4325 |    7095     507    7095 |    1015     508    1015 |    0.1   23.4    0.9
699  |   254 |    4308 |    7083     507    7083 |    1014     507    1014 |    0.1   23.0    0.9
700  |   255 |    4310 |    7093     508    7093 |    1016     508    1016 |    0.1   23.5    0.9
701  |   254 |    2778 |    7070     506    7070 |    1013     506    1013 |    0.1   17.0    0.8
702  |   255 |    4315 |    7083     507    7083 |    1013     507    1013 |    0.1   22.0    0.9
703  |   255 |    4312 |    7076     508    7076 |    1015     508    1015 |    0.1   23.5    0.9
704  |   255 |    4317 |    7078     507    7078 |    1015     507    1015 |    0.1   22.8    0.9
705  |   254 |    4305 |    7080     507    7080 |    1014     507    1014 |    0.1   23.4    0.9
706  |   255 |    4308 |    7088     507    7088 |    1014     507    1014 |    0.2   24.3    0.9
707  |   254 |    3021 |    7072     506    7072 |    1014     507    1014 |    0.1   24.2    1.0
708  |   249 |    4217 |    5979     505    5979 |    1010     505    1010 |    0.1   16.2    0.8
709  |   255 |    4321 |    7083     507    7083 |    1015     507    1015 |    0.1   23.9    0.9
710  |   255 |    4323 |    7088     507    7088 |    1015     507    1015 |    0.2   24.4    0.9
711  |   255 |    4316 |    7082     508    7082 |    1015     508    1015 |    0.1   23.1    0.9
712  |   255 |    4313 |    7086     507    7086 |    1014     507    1014 |    0.1   23.2    0.9
713  |   255 |    4319 |    7089     507    7089 |    1015     507    1015 |    0.1   23.2    0.9
714  |   251 |    4220 |    5991     505    5991 |    1010     505    1010 |    0.1   17.1    0.8
715  |   255 |    4317 |    7089     507    7089 |    1015     508    1015 |    0.1   24.6    1.0
716  |   255 |    4312 |    7084     507    7084 |    1014     507    1014 |    0.2   23.4    0.9
717  |   255 |    4308 |    7083     507    7083 |    1015     507    1015 |    0.1   23.1    0.9
718  |   254 |    4269 |    6043     506    6043 |    1012     506    1012 |    0.1   17.2    0.8
719  |   254 |    4287 |    6064     506    6064 |    1011     506    1011 |    0.1   17.3    0.8
720  |   254 |    3010 |    6042     505    6042 |    1011     505    1011 |    0.1   17.0    0.8
721  |   254 |    4309 |    7078     507    7078 |    1013     507    1013 |    0.1   23.2    0.9
722  |   254 |    4288 |    7068     505    7068 |    1011     506    1011 |    0.2   22.7    0.9
723  |   255 |    2783 |    7080     507    7080 |    1014     507    1014 |    0.1   23.6    0.9
724  |   255 |    4325 |    7087     508    7087 |    1017     508    1017 |    0.2   23.9    0.9
725  |   255 |    2777 |    7083     506    7083 |    1013     507    1013 |    0.1   23.5    0.9
726  |   255 |    4287 |    7045     508    7045 |    1017     508    1017 |    0.2   18.7    0.8
727  |   255 |    4320 |    7082     508    7082 |    1015     508    1015 |    0.1   23.6    0.9
728  |   255 |    4325 |    7094     508    7094 |    1016     508    1016 |    0.1   23.7    0.9
729  |   255 |    4309 |    7055     507    7055 |    1015     507    1015 |    0.1   22.5    0.9
730  |   255 |    4318 |    7088     507    7088 |    1015     508    1015 |    0.1   23.2    0.9
731  |   255 |    4304 |    7082     507    7082 |    1014     507    1014 |    0.1   23.0    0.9
732  |   254 |    4290 |    7056     507    7056 |    1014     507    1014 |    0.2   18.2    0.8
733  |   255 |    4303 |    7059     506    7059 |    1013     506    1013 |    0.1   23.5    0.9
734  |   255 |    4304 |    6077     507    6077 |    1014     507    1014 |    0.1   18.1    0.8
735  |   255 |    4317 |    7089     507    7089 |    1015     507    1015 |    0.2   23.6    0.9
736  |   255 |    4327 |    7085     509    7085 |    1017     509    1017 |    0.1   23.9    0.9
737  |   255 |    4309 |    7081     508    7081 |    1016     508    1016 |    0.1   23.8    0.9
738  |   255 |    4299 |    7077     506    7077 |    1014     507    1014 |    0.1   23.7    0.9
739  |   255 |    3293 |    7087     507    7087 |    1014     507    1014 |    0.1   24.2    1.0
740  |   255 |    4320 |    7092     507    7092 |    1015     507    1015 |    0.2   24.0    0.9
741  |   255 |    4323 |    7088     508    7088 |    1017     508    1017 |    0.1   23.7    0.9
742  |   255 |    4294 |    6073     506    6073 |    1013     506    1013 |    0.2   17.4    0.8
743  |   254 |    4304 |    7080     507    7080 |    1014     507    1014 |    0.1   23.8    0.9
744  |   255 |    4316 |    7081     507    7081 |    1014     507    1014 |    0.2   23.0    0.9
745  |   255 |    4310 |    7081     508    7081 |    1016     508    1016 |    0.1   24.1    0.9
746  |   255 |    4307 |    7078     506    7078 |    1013     506    1013 |    0.1   22.4    0.9
747  |   255 |    3026 |    6074     506    6074 |    1013     506    1013 |    0.1   17.6    0.8
748  |   255 |    3303 |    7073     507    7073 |    1018     508    1018 |    0.4   18.2    0.8
749  |   255 |    4304 |    7075     508    7075 |    1015     508    1015 |    0.1   23.9    1.0
750  |   255 |    4317 |    7079     509    7079 |    1017     509    1017 |    0.1   23.8    0.9
751  |   255 |    4322 |    7096     508    7096 |    1016     508    1016 |    0.2   17.2    0.8
752  |   255 |    4312 |    7073     506    7073 |    1013     506    1013 |    0.2   23.9    0.9
753  |   255 |    3038 |    7094     508    7094 |    1016     508    1016 |    0.1   23.9    0.9
754  |   255 |    3278 |    6066     507    6066 |    1013     507    1013 |    0.1   17.7    0.8
755  |   255 |    4308 |    7077     507    7077 |    1013     506    1013 |    0.1   22.7    0.9
756  |   255 |    3033 |    7087     508    7087 |    1016     508    1016 |    0.2   23.4    1.0
757  |   253 |    2995 |    6015     505    6015 |    1010     505    1010 |    0.1   16.9    0.8
758  |   255 |    4314 |    7083     507    7083 |    1015     507    1015 |    0.1   23.4    0.9
759  |   255 |    4325 |    7092     508    7092 |    1015     508    1015 |    0.1   22.7    0.9
760  |   255 |    4257 |    6035     506    6035 |    1013     506    1013 |    0.1   16.6    0.8
761  |   253 |    4271 |    6046     505    6046 |    1011     506    1011 |    0.1   17.8    0.8
762  |   255 |    4319 |    7088     508    7088 |    1015     508    1015 |    0.1   24.1    0.9
763  |   255 |    2764 |    6053     506    6053 |    1013     506    1013 |    0.1   17.5    0.8
764  |   255 |    4321 |    7088     507    7088 |    1015     507    1015 |    0.1   24.5    0.9
765  |   255 |    4322 |    7090     508    7090 |    1017     508    1017 |    0.2   24.0    0.9
766  |   254 |    4308 |    7080     506    7080 |    1013     507    1013 |    0.1   23.4    0.9
767  |   253 |    3269 |    7039     506    7039 |    1012     506    1012 |    0.1   17.7    0.8
768  |   255 |    4320 |    7093     507    7093 |    1015     507    1015 |    0.1   23.7    0.9
769  |   255 |    4322 |    7088     508    7088 |    1016     508    1016 |    0.2   22.7    0.9
770  |   255 |    4324 |    7090     508    7090 |    1017     508    1017 |    0.1   23.5    0.9
771  |   255 |    4312 |    7086     507    7086 |    1015     508    1015 |    0.1   23.1    0.9
772  |   255 |    4311 |    7084     507    7084 |    1013     507    1013 |    0.1   23.5    0.9
773  |   254 |    4299 |    7065     507    7065 |    1016     507    1016 |    0.2   22.6    0.9
774  |   255 |    3525 |    7060     508    7060 |    1016     508    1016 |    0.2   17.6    0.8
775  |   255 |    4321 |    7095     508    7095 |    1015     508    1015 |    0.2   23.6    0.9
776  |   255 |    4306 |    7084     507    7084 |    1014     507    1014 |    0.1   24.3    0.9
777  |   255 |    3802 |    7077     508    7077 |    1016     508    1016 |    0.2   17.9    0.8
778  |   254 |    4301 |    7069     506    7069 |    1012     506    1012 |    0.1   23.4    0.9
779  |   255 |    4302 |    7069     506    7069 |    1012     506    1012 |    0.1   23.8    0.9
780  |   255 |    3016 |    7076     507    7076 |    1014     507    1014 |    0.1   23.7    0.9
781  |   255 |    4309 |    7076     507    7076 |    1015     507    1015 |    0.1   23.6    0.9
782  |   255 |    4317 |    7082     508    7082 |    1015     508    1015 |    0.2   22.9    0.9
783  |   254 |    4265 |    6042     506    6042 |    1012     506    1012 |    0.2   17.1    0.8
784  |   254 |    4278 |    6053     506    6053 |    1012     506    1012 |    0.1   16.9    0.8
785  |   255 |    4321 |    7092     508    7092 |    1015     508    1015 |    0.1   24.3    0.9
786  |   254 |    4300 |    7073     506    7073 |    1013     506    1013 |    0.1   23.4    0.9
787  |   255 |    4318 |    7085     507    7085 |    1015     507    1015 |    0.1   24.0    0.9
788  |   255 |    3298 |    7084     508    7084 |    1016     508    1016 |    0.1   24.4    0.9
789  |   255 |    2789 |    7083     508    7083 |    1017     508    1017 |    0.1   23.8    0.9
790  |   255 |    4291 |    7049     506    7049 |    1013     506    1013 |    0.1   22.1    0.9
791  |   254 |    3276 |    7073     507    7073 |    1013     507    1013 |    0.1   24.2    0.9
792  |   255 |    4312 |    7072     507    7072 |    1014     507    1014 |    0.1   23.3    0.9
793  |   253 |    4268 |    7021     506    7021 |    1013     506    1013 |    0.2   22.7    0.9
794  |   255 |    4307 |    7081     507    7081 |    1016     507    1016 |    0.2   23.2    0.9
795  |   254 |    4289 |    7046     505    7046 |    1012     505    1012 |    0.1   22.8    0.9
796  |   255 |    4301 |    6077     506    6077 |    1013     507    1013 |    0.1   17.9    0.9
797  |   254 |    3779 |    7047     508    7047 |    1015     508    1015 |    0.2   18.0    0.8
798  |   255 |    4309 |    7085     507    7085 |    1014     507    1014 |    0.2   23.8    0.9
799  |   254 |    4303 |    7075     507    7075 |    1013     507    1013 |    0.1   22.8    0.9
800  |   254 |    4296 |    7067     506    7067 |    1012     506    1012 |    0.1   22.2    0.9
801  |   255 |    4317 |    7086     507    7086 |    1014     507    1014 |    0.2   23.7    0.9
802  |   255 |    4305 |    7060     506    7060 |    1013     506    1013 |    0.1   23.3    0.9
803  |   255 |    4294 |    7045     508    7045 |    1016     508    1016 |    0.1   22.8    0.9
804  |   255 |    4309 |    7078     506    7078 |    1014     507    1014 |    0.1   23.7    0.9
805  |   253 |    4289 |    7072     506    7072 |    1012     506    1012 |    0.1   23.0    0.9
806  |   255 |    3295 |    7076     506    7076 |    1013     506    1013 |    0.1   17.3    0.8
807  |   255 |    4321 |    7088     508    7088 |    1016     508    1016 |    0.2   23.3    0.9
808  |   255 |    4318 |    7089     507    7089 |    1015     507    1015 |    0.1   23.3    0.9
809  |   255 |    4289 |    6068     507    6068 |    1013     507    1013 |    0.1   17.8    0.8
810  |   255 |    4319 |    7093     508    7093 |    1016     508    1016 |    0.1   23.3    0.9
811  |   255 |    4315 |    7083     507    7083 |    1015     507    1015 |    0.2   23.1    0.9
812  |   255 |    4311 |    7068     507    7068 |    1015     507    1015 |    0.1   22.6    0.9
813  |   255 |    4325 |    7101     508    7101 |    1016     508    1016 |    0.1   23.4    0.9
814  |   255 |    3788 |    7055     506    7055 |    1013     506    1013 |    0.1   16.7    0.8
815  |   254 |    4292 |    7060     505    7060 |    1011     505    1011 |    0.1   22.9    0.9
816  |   255 |    4324 |    7095     508    7095 |    1016     508    1016 |    0.1   23.1    0.9
817  |   254 |    4263 |    7042     505    7042 |    1011     505    1011 |    0.1   17.5    0.8
818  |   255 |    4318 |    7090     507    7090 |    1015     507    1015 |    0.1   23.5    0.9
819  |   255 |    4298 |    7062     506    7062 |    1013     506    1013 |    0.1   23.7    0.9
820  |   255 |    4304 |    7062     506    7062 |    1013     506    1013 |    0.1   23.2    0.9
821  |   255 |    4322 |    7082     508    7082 |    1016     508    1016 |    0.1   22.7    0.9
822  |   255 |    4311 |    7077     508    7077 |    1016     508    1016 |    0.2   22.3    0.9
823  |   254 |    4301 |    7074     507    7074 |    1013     507    1013 |    0.2   23.3    0.9
824  |   253 |    4289 |    6058     506    6058 |    1013     507    1013 |    0.1   17.2    0.8
825  |   255 |    4327 |    7096     508    7096 |    1016     508    1016 |    0.1   23.4    0.9
826  |   255 |    3295 |    7072     507    7072 |    1014     507    1014 |    0.2   18.4    0.8
827  |   255 |    3264 |    6045     507    6045 |    1014     507    1014 |    0.1   17.5    0.8
828  |   255 |    4315 |    7087     507    7087 |    1015     507    1015 |    0.1   24.0    0.9
829  |   254 |    2779 |    7079     507    7079 |    1014     507    1014 |    0.1   23.4    0.9
830  |   255 |    4316 |    7082     506    7082 |    1013     506    1013 |    0.2   23.6    0.9
831  |   253 |    4280 |    6054     505    6054 |    1011     505    1011 |    0.1   18.3    0.8
832  |   255 |    4300 |    7082     506    7082 |    1013     507    1013 |    0.2   24.0    0.9
833  |   255 |    4321 |    7086     508    7086 |    1016     508    1016 |    0.1   23.0    0.9
834  |   255 |    4316 |    7082     508    7082 |    1015     508    1015 |    0.1   23.6    0.9
835  |   255 |    4315 |    7081     508    7081 |    1016     508    1016 |    0.2   23.6    0.9
836  |   255 |    4311 |    7076     508    7076 |    1015     508    1015 |    0.1   22.7    0.9
837  |   255 |    4307 |    7074     508    7074 |    1017     508    1017 |    0.2   17.4    0.8
838  |   255 |    4311 |    7068     507    7068 |    1014     507    1014 |    0.1   23.5    0.9
839  |   255 |    4325 |    7089     507    7089 |    1015     507    1015 |    0.1   22.7    0.9
840  |   255 |    4294 |    6075     507    6075 |    1013     507    1013 |    0.1   17.5    0.8
841  |   255 |    3290 |    7082     508    7082 |    1015     508    1015 |    0.2   23.9    0.9
842  |   253 |    4286 |    7063     505    7063 |    1011     505    1011 |    0.1   22.8    0.9
843  |   255 |    4328 |    7101     508    7101 |    1016     508    1016 |    0.2   22.8    0.9
844  |   254 |    4300 |    7068     506    7068 |    1012     506    1012 |    0.1   24.2    0.9
845  |   255 |    4310 |    7088     507    7088 |    1015     507    1015 |    0.1   23.1    0.9
846  |   255 |    4304 |    7063     506    7063 |    1012     506    1012 |    0.1   23.4    0.9
847  |   255 |    2779 |    7080     507    7080 |    1015     507    1015 |    0.1   22.9    0.9
848  |   255 |    2785 |    7071     507    7071 |    1015     507    1015 |    0.1   17.8    0.8
849  |   255 |    4327 |    7091     509    7091 |    1017     509    1017 |    0.1   23.3    0.9
850  |   255 |    3536 |    7079     508    7079 |    1017     508    1017 |    0.1   22.9    0.9
851  |   255 |    4310 |    7083     507    7083 |    1013     507    1013 |    0.1   24.0    0.9
852  |   255 |    4327 |    7099     508    7099 |    1016     508    1016 |    0.1   21.7    0.9
853  |   255 |    4321 |    7086     507    7086 |    1016     508    1016 |    0.1   22.9    0.9
854  |   253 |    4287 |    6064     506    6064 |    1011     506    1011 |    0.1   17.2    0.8
855  |   255 |    4326 |    7081     509    7081 |    1018     509    1018 |    0.1   23.4    0.9
856  |   255 |    4316 |    6086     508    6086 |    1015     508    1015 |    0.2   17.5    0.8
857  |   255 |    4306 |    7084     507    7084 |    1014     507    1014 |    0.1   22.9    0.9
858  |   255 |    4322 |    7074     508    7074 |    1017     508    1017 |    0.1   23.1    0.9
859  |   255 |    2779 |    7076     508    7076 |    1015     508    1015 |    0.1   22.6    0.9
860  |   255 |    4311 |    7091     507    7091 |    1014     507    1014 |    0.1   23.9    0.9
861  |   255 |    2786 |    7090     507    7090 |    1015     507    1015 |    0.1   23.7    0.9
862  |   255 |    4324 |    7087     507    7087 |    1016     507    1016 |    0.1   23.3    0.9
863  |   255 |    4324 |    7099     508    7099 |    1016     508    1016 |    0.1   23.1    0.9
864  |   254 |    4247 |    6025     505    6025 |    1012     505    1012 |    0.1   16.5    0.8
865  |   255 |    4290 |    7072     506    7072 |    1013     506    1013 |    0.1   16.8    0.8
866  |   255 |    4289 |    6066     506    6066 |    1013     506    1013 |    0.1   16.9    0.8
867  |   255 |    4291 |    7051     505    7051 |    1012     505    1012 |    0.1   22.3    0.9
868  |   255 |    2784 |    7086     508    7086 |    1016     508    1016 |    0.1   23.5    0.9
869  |   255 |    4310 |    7080     507    7080 |    1013     507    1013 |    0.1   23.4    0.9
870  |   255 |    4311 |    6075     507    6075 |    1014     507    1014 |    0.1   17.4    0.8
871  |   255 |    4315 |    7085     507    7085 |    1015     507    1015 |    0.1   23.3    0.9
872  |   255 |    4326 |    7084     508    7084 |    1016     508    1016 |    0.1   23.4    0.9
873  |   255 |    4324 |    7084     508    7084 |    1017     508    1017 |    0.1   23.2    0.9
874  |   255 |    4302 |    7080     507    7080 |    1013     507    1013 |    0.1   24.6    0.9
875  |   254 |    3513 |    6050     505    6050 |    1012     505    1012 |    0.1   16.8    0.8
876  |   255 |    4313 |    7086     507    7086 |    1014     507    1014 |    0.1   23.1    0.9
877  |   255 |    4300 |    7080     506    7080 |    1013     506    1013 |    0.2   22.9    0.9
878  |   253 |    4281 |    6053     505    6053 |    1011     505    1011 |    0.1   17.0    0.8
879  |   254 |    4303 |    7076     506    7076 |    1013     506    1013 |    0.1   23.1    0.9
880  |   254 |    4308 |    7074     507    7074 |    1015     507    1015 |    0.1   22.5    0.9
881  |   255 |    2787 |    7088     507    7088 |    1015     507    1015 |    0.1   23.4    0.9
882  |   255 |    4321 |    7093     508    7093 |    1016     508    1016 |    0.1   23.5    0.9
883  |   255 |    4314 |    7091     508    7091 |    1015     508    1015 |    0.1   23.2    0.9
884  |   254 |    4312 |    7082     507    7082 |    1015     507    1015 |    0.1   23.8    0.9
885  |   255 |    4307 |    7088     507    7088 |    1014     507    1014 |    0.1   24.2    0.9
886  |   255 |    2792 |    7092     509    7092 |    1017     509    1017 |    0.1   22.6    0.9
887  |   255 |    4320 |    7082     507    7082 |    1014     507    1014 |    0.1   23.6    0.9
888  |   255 |    2790 |    7098     508    7098 |    1015     508    1015 |    0.1   24.4    1.0
889  |   253 |    4283 |    6055     505    6055 |    1011     505    1011 |    0.1   16.6    0.7
890  |   255 |    4320 |    7088     507    7088 |    1014     507    1014 |    0.1   24.2    0.9
891  |   254 |    4302 |    7073     506    7073 |    1012     506    1012 |    0.1   23.2    0.9
892  |   254 |    3758 |    7025     507    7025 |    1014     507    1014 |    0.2   17.5    0.8
893  |   253 |    4244 |    6022     505    6022 |    1011     505    1011 |    0.1   16.6    0.8
894  |   255 |    4311 |    7077     507    7077 |    1013     507    1013 |    0.1   22.8    0.9
895  |   255 |    4309 |    7089     507    7089 |    1015     507    1015 |    0.1   23.8    0.9
896  |   255 |    4326 |    7094     508    7094 |    1017     508    1017 |    0.1   22.7    0.9
897  |   255 |    4311 |    7080     508    7080 |    1016     508    1016 |    0.1   23.4    0.9
898  |   254 |    4309 |    7078     507    7078 |    1014     507    1014 |    0.1   24.1    1.0
899  |   255 |    2773 |    7076     506    7076 |    1013     506    1013 |    0.1   24.4    0.9
900  |   255 |    4321 |    7087     507    7087 |    1014     507    1014 |    0.1   23.0    0.9
901  |   255 |    4321 |    7088     508    7088 |    1017     508    1017 |    0.1   24.0    0.9
902  |   255 |    4304 |    7059     507    7059 |    1014     507    1014 |    0.1   23.3    0.9
903  |   254 |    4299 |    7066     506    7066 |    1012     506    1012 |    0.1   22.9    0.9
904  |   255 |    4319 |    7082     508    7082 |    1016     508    1016 |    0.1   23.2    0.9
905  |   254 |    4295 |    7063     505    7063 |    1012     506    1012 |    0.1   22.5    0.9
906  |   255 |    2774 |    6066     507    6066 |    1013     507    1013 |    0.1   17.2    0.8
907  |   255 |    4304 |    7081     507    7081 |    1014     507    1014 |    0.1   24.2    0.9
908  |   255 |    3549 |    7088     507    7088 |    1015     508    1015 |    0.2   17.7    0.8
909  |   255 |    3792 |    7086     507    7086 |    1015     507    1015 |    0.1   22.6    0.9
910  |   255 |    3014 |    7080     507    7080 |    1014     507    1014 |    0.2   23.7    0.9
911  |   255 |    4319 |    7087     507    7087 |    1015     508    1015 |    0.1   23.0    0.9
912  |   254 |    2777 |    7068     506    7068 |    1013     506    1013 |    0.1   22.7    0.9
913  |   255 |    4299 |    7079     506    7079 |    1013     506    1013 |    0.1   23.1    0.9
914  |   255 |    3547 |    7077     508    7077 |    1015     508    1015 |    0.2   17.7    0.8
915  |   255 |    2786 |    7080     507    7080 |    1015     507    1015 |    0.2   23.4    0.9
916  |   253 |    4270 |    6045     505    6045 |    1011     505    1011 |    0.2   16.8    0.8
917  |   254 |    4302 |    7077     506    7077 |    1013     506    1013 |    0.1   24.0    0.9
918  |   255 |    4320 |    7090     508    7090 |    1015     508    1015 |    0.1   23.0    0.9
919  |   255 |    4306 |    7073     506    7073 |    1013     506    1013 |    0.1   22.6    0.9
920  |   255 |    4291 |    7046     506    7046 |    1013     506    1013 |    0.2   17.4    0.8
921  |   255 |    4323 |    7097     507    7097 |    1015     508    1015 |    0.1   23.8    0.9
922  |   255 |    4308 |    7083     507    7083 |    1015     507    1015 |    0.1   23.6    0.9
923  |   255 |    4319 |    7074     507    7074 |    1015     507    1015 |    0.2   17.4    0.8
924  |   255 |    4301 |    7075     506    7075 |    1015     508    1015 |    0.1   22.5    0.9
925  |   255 |    4320 |    7084     508    7084 |    1017     508    1017 |    0.1   23.2    0.9
926  |   251 |    4250 |    6021     505    6021 |    1010     505    1010 |    0.1   16.8    0.7
927  |   255 |    4326 |    7085     508    7085 |    1016     508    1016 |    0.1   23.5    0.9
928  |   255 |    3289 |    7087     507    7087 |    1014     507    1014 |    0.2   23.7    0.9
929  |   255 |    3547 |    7078     507    7078 |    1015     507    1015 |    0.2   17.8    0.8
930  |   255 |    4312 |    7068     507    7068 |    1014     507    1014 |    0.1   22.9    0.9
931  |   255 |    2780 |    7081     508    7081 |    1016     508    1016 |    0.1   23.3    0.9
932  |   255 |    3029 |    7077     508    7077 |    1016     508    1016 |    0.1   23.4    0.9
933  |   255 |    4289 |    6065     507    6065 |    1013     507    1013 |    0.1   17.4    0.8
934  |   255 |    4323 |    7095     508    7095 |    1017     508    1017 |    0.1   22.5    0.9
935  |   255 |    4312 |    7069     507    7069 |    1014     507    1014 |    0.2   22.6    0.9
936  |   255 |    4307 |    7077     506    7077 |    1013     506    1013 |    0.1   22.8    0.9
937  |   255 |    3027 |    7075     507    7075 |    1016     507    1016 |    0.1   23.3    0.9
938  |   255 |    4318 |    7085     508    7085 |    1017     508    1017 |    0.1   22.6    0.9
939  |   253 |    4281 |    6056     506    6056 |    1011     505    1011 |    0.1   17.0    0.8
940  |   255 |    4328 |    7097     508    7097 |    1016     508    1016 |    0.1   22.1    0.9
941  |   255 |    4306 |    7081     507    7081 |    1014     507    1014 |    0.2   23.1    0.9
942  |   255 |    4321 |    7077     509    7077 |    1018     509    1018 |    0.1   23.2    0.9
943  |   255 |    4294 |    7061     506    7061 |    1012     506    1012 |    0.1   22.2    0.9
944  |   255 |    4321 |    7076     508    7076 |    1016     508    1016 |    0.1   24.0    0.9
945  |   255 |    4311 |    7079     507    7079 |    1014     507    1014 |    0.1   21.8    0.9
946  |   255 |    4324 |    7086     508    7086 |    1017     508    1017 |    0.1   22.3    0.9
947  |   255 |    4288 |    7034     505    7034 |    1013     505    1013 |    0.1   22.1    0.9
948  |   255 |    4321 |    7086     508    7086 |    1015     508    1015 |    0.2   24.0    0.9
949  |   255 |    4308 |    7085     507    7085 |    1014     507    1014 |    0.2   22.3    0.9
950  |   255 |    4311 |    7068     505    7068 |    1015     507    1015 |    0.2   23.4    0.9
951  |   255 |    2773 |    6062     506    6062 |    1013     506    1013 |    0.1   17.4    0.7
952  |   255 |    4317 |    7089     508    7089 |    1016     508    1016 |    0.1   23.9    0.9
953  |   255 |    3016 |    6051     506    6051 |    1013     506    1013 |    0.1   16.3    0.7
954  |   255 |    3804 |    7085     507    7085 |    1015     507    1015 |    0.1   17.4    0.8
955  |   255 |    4323 |    7086     507    7086 |    1016     508    1016 |    0.1   22.6    0.9
956  |   254 |    4299 |    7072     507    7072 |    1015     507    1015 |    0.1   22.6    0.9
957  |   255 |    4322 |    7092     507    7092 |    1016     507    1016 |    0.1   23.7    0.9
958  |   255 |    4321 |    7096     507    7096 |    1015     508    1015 |    0.1   22.7    0.9
959  |   255 |    4309 |    7074     507    7074 |    1014     507    1014 |    0.1   23.7    0.9
960  |   255 |    4308 |    7078     508    7078 |    1015     508    1015 |    0.1   17.4    0.8
961  |   255 |    4313 |    7085     507    7085 |    1014     507    1014 |    0.1   23.4    0.9
962  |   255 |    4312 |    7082     507    7082 |    1015     507    1015 |    0.2   24.3    0.9
963  |   255 |    2781 |    7082     507    7082 |    1014     507    1014 |    0.1   22.8    0.9
964  |   255 |    4280 |    6056     506    6056 |    1013     506    1013 |    0.1   16.8    0.8
965  |   255 |    4315 |    7078     507    7078 |    1013     507    1013 |    0.1   22.7    0.9
966  |   255 |    2781 |    7087     507    7087 |    1014     507    1014 |    0.1   24.6    0.9
967  |   254 |    4275 |    6057     506    6057 |    1013     506    1013 |    0.1   17.2    0.8
968  |   255 |    4309 |    7078     506    7078 |    1013     506    1013 |    0.1   22.6    0.9
969  |   255 |    4329 |    7095     508    7095 |    1016     508    1016 |    0.1   23.6    0.9
970  |   255 |    4294 |    6070     507    6070 |    1013     507    1013 |    0.1   16.5    0.7
971  |   255 |    4318 |    7079     508    7079 |    1016     508    1016 |    0.1   23.4    0.9
972  |   255 |    4313 |    7078     507    7078 |    1014     507    1014 |    0.1   23.8    0.9
973  |   253 |    4273 |    6045     505    6045 |    1010     505    1010 |    0.1   16.9    0.8
974  |   255 |    4315 |    7078     508    7078 |    1015     508    1015 |    0.1   23.4    0.9
975  |   255 |    4315 |    7084     507    7084 |    1015     507    1015 |    0.1   22.9    0.9
976  |   255 |    2790 |    7083     508    7083 |    1016     508    1016 |    0.1   17.6    0.8
977  |   255 |    4286 |    6060     506    6060 |    1014     507    1014 |    0.1   17.6    0.8
978  |   254 |    4291 |    7053     506    7053 |    1012     506    1012 |    0.1   23.8    0.9
979  |   255 |    4303 |    7080     506    7080 |    1013     506    1013 |    0.1   23.5    0.9
980  |   255 |    4307 |    7080     507    7080 |    1014     507    1014 |    0.1   23.2    0.9
981  |   255 |    4300 |    7052     506    7052 |    1014     506    1014 |    0.2   23.2    0.9
982  |   255 |    4304 |    7074     506    7074 |    1014     506    1014 |    0.2   22.8    0.9
983  |   255 |    4318 |    7085     508    7085 |    1017     508    1017 |    0.1   23.3    0.9
984  |   255 |    4291 |    6067     506    6067 |    1013     506    1013 |    0.2   16.8    0.7
985  |   255 |    4294 |    6071     507    6071 |    1013     507    1013 |    0.1   17.5    0.8
986  |   255 |    4315 |    7087     507    7087 |    1015     507    1015 |    0.1   24.1    0.9
987  |   255 |    2770 |    6053     506    6053 |    1014     506    1014 |    0.1   16.7    0.8
988  |   254 |    4291 |    7062     506    7062 |    1012     506    1012 |    0.1   23.6    0.9
989  |   255 |    4322 |    7080     507    7080 |    1015     507    1015 |    0.1   23.5    0.9
990  |   255 |    4320 |    7090     507    7090 |    1016     507    1016 |    0.1   23.2    0.9
991  |   255 |    4285 |    6061     506    6061 |    1013     506    1013 |    0.2   17.8    0.8
992  |   255 |    4316 |    7079     507    7079 |    1014     507    1014 |    0.1   24.4    0.9
993  |   255 |    4308 |    7085     507    7085 |    1015     507    1015 |    0.2   23.0    0.9
994  |   255 |    4309 |    7078     507    7078 |    1014     507    1014 |    0.2   24.0    1.0
995  |   254 |    4306 |    7076     507    7076 |    1014     507    1014 |    0.1   23.2    0.9
996  |   255 |    4328 |    7085     508    7085 |    1017     508    1017 |    0.1   24.0    1.0
997  |   255 |    4315 |    7081     508    7081 |    1016     508    1016 |    0.1   22.7    0.9
998  |   255 |    3561 |    7098     508    7098 |    1016     508    1016 |    0.2   17.4    0.8
999  |   255 |    4327 |    7091     508    7091 |    1015     508    1015 |    0.1   22.6    0.9
-----+-------+---------+-------------------------+-------------------------+--------------------

=== Summary ===
HNF  intermediate:  avg=4059  max=4329
MLLL total:         avg=6890  max=7101
MLLL vec coords:    avg=506  max=510  (Lemma 1 bounded)
MLLL GSO coeffs:    avg=6890  max=7101  (integral GSO overhead)
GRAM total:         avg=1014  max=1020
GRAM vec coords:    avg=506  max=510  (Lemma 1 bounded)
GRAM Gram entries:  avg=1014  max=1020  (Lemma 3 bound target)
Output bits:        HNF avg=254 max=255  MLLL avg=253 max=255  GRAM avg=253 max=255
Total time:         HNF=150.22ms  MLLL=21714.80ms  GRAM=879.86ms  (GRAM/MLLL=0.04)
	Command being timed: "./src/quaternion/ref/generic/test/sqisign_bm_mlll --level=5 --iterations=1000 --mode=alg2"
	User time (seconds): 38.67
	System time (seconds): 0.71
	Percent of CPU this job got: 100%
	Elapsed (wall clock) time (h:mm:ss or m:ss): 0:39.34
	Average shared text size (kbytes): 0
	Average unshared data size (kbytes): 0
	Average stack size (kbytes): 0
	Average total size (kbytes): 0
	Maximum resident set size (kbytes): 7360
	Average resident set size (kbytes): 0
	Major (requiring I/O) page faults: 3
	Minor (reclaiming a frame) page faults: 1386
	Voluntary context switches: 80
	Involuntary context switches: 15
	Swaps: 0
	File system inputs: 224
	File system outputs: 0
	Socket messages sent: 0
	Socket messages received: 0
	Signals delivered: 0
	Page size (bytes): 4096
	Exit status: 0
