=== L5_alg2_1000_prealloc ===
=== MLLL vs HNF Intermediate Bit Size Benchmark ===
Level: 5, Norm bitsize: 254, Iterations: 1000
GRAM prealloc (Phase 2 candidate B): ON

Generating 1000 random ideal lattice pairs (bitsize=254)...
Mode: alg2
  Set 1: 8235.64 ms
  Set 2: 8295.41 ms
Generation done.

T    |   Inp |  HNFint | MLLLtot   MLLLv   MLLLg |  GRMtot    GRMv    GRMg |  HNFms MLLLms  GRMms
-----+-------+---------+-------------------------+-------------------------+--------------------
0    |   255 |    4326 |    7099     508    7099 |    1016     508    1016 |    0.2   23.7    0.9
1    |   255 |    4307 |    7064     507    7064 |    1013     507    1013 |    0.1   23.1    0.9
2    |   255 |    4252 |    6029     506    6029 |    1014     506    1014 |    0.1   16.8    0.8
3    |   253 |    4288 |    7062     506    7062 |    1013     506    1013 |    0.1   23.0    0.9
4    |   255 |    3297 |    7078     508    7078 |    1017     508    1017 |    0.1   17.4    0.8
5    |   255 |    4321 |    7081     509    7081 |    1018     509    1018 |    0.1   23.2    0.9
6    |   255 |    4296 |    6072     506    6072 |    1013     506    1013 |    0.1   17.5    0.8
7    |   255 |    3297 |    7087     508    7087 |    1015     508    1015 |    0.1   23.3    0.9
8    |   255 |    4311 |    7085     507    7085 |    1015     507    1015 |    0.1   23.3    0.9
9    |   255 |    4303 |    7064     506    7064 |    1013     506    1013 |    0.1   22.6    0.9
10   |   255 |    4315 |    7089     507    7089 |    1015     508    1015 |    0.1   23.2    0.9
11   |   255 |    4300 |    7056     506    7056 |    1013     506    1013 |    0.1   23.0    0.9
12   |   253 |    3012 |    7052     505    7052 |    1011     505    1011 |    0.1   16.8    0.8
13   |   255 |    4300 |    7068     506    7068 |    1012     506    1012 |    0.1   23.3    0.9
14   |   255 |    4307 |    7081     508    7081 |    1017     508    1017 |    0.2   23.7    0.9
15   |   254 |    4262 |    6036     507    6036 |    1015     507    1015 |    0.2   16.4    0.7
16   |   255 |    4311 |    7081     507    7081 |    1013     507    1013 |    0.1   23.0    0.9
17   |   254 |    4298 |    7077     506    7077 |    1013     507    1013 |    0.1   22.7    0.9
18   |   255 |    4311 |    7079     507    7079 |    1014     507    1014 |    0.1   22.6    0.9
19   |   253 |    4290 |    7058     506    7058 |    1014     506    1014 |    0.2   23.2    0.9
20   |   255 |    4307 |    7082     507    7082 |    1014     507    1014 |    0.1   24.0    0.9
21   |   255 |    4317 |    7079     507    7079 |    1014     507    1014 |    0.1   22.5    0.9
22   |   255 |    4318 |    7084     507    7084 |    1014     507    1014 |    0.1   23.0    0.9
23   |   255 |    4309 |    7079     507    7079 |    1014     507    1014 |    0.1   22.6    0.9
24   |   255 |    4314 |    7069     507    7069 |    1015     507    1015 |    0.1   23.8    0.9
25   |   255 |    4326 |    7096     508    7096 |    1016     508    1016 |    0.1   23.0    0.9
26   |   254 |    4292 |    7075     506    7075 |    1012     506    1012 |    0.1   23.0    0.9
27   |   254 |    4305 |    7076     506    7076 |    1013     506    1013 |    0.2   22.9    0.9
28   |   255 |    4305 |    7078     506    7078 |    1014     506    1014 |    0.2   23.5    0.9
29   |   255 |    4320 |    7086     508    7086 |    1017     508    1017 |    0.1   24.2    0.9
30   |   255 |    4326 |    7086     509    7086 |    1017     509    1017 |    0.1   22.8    0.9
31   |   255 |    4295 |    7065     507    7065 |    1015     507    1015 |    0.2   16.8    0.8
32   |   254 |    4296 |    7070     506    7070 |    1013     506    1013 |    0.1   23.1    0.9
33   |   255 |    3300 |    7092     507    7092 |    1015     507    1015 |    0.1   17.6    0.8
34   |   255 |    4326 |    7096     508    7096 |    1015     508    1015 |    0.1   22.8    0.9
35   |   255 |    2792 |    7089     508    7089 |    1017     508    1017 |    0.1   23.1    0.9
36   |   255 |    3533 |    7069     506    7069 |    1013     506    1013 |    0.1   17.4    0.8
37   |   255 |    4313 |    7079     507    7079 |    1014     507    1014 |    0.1   23.4    0.9
38   |   255 |    4316 |    7078     509    7078 |    1017     509    1017 |    0.1   23.1    0.9
39   |   254 |    4233 |    6015     506    6015 |    1012     506    1012 |    0.2   16.8    0.8
40   |   255 |    4293 |    7051     505    7051 |    1012     506    1012 |    0.1   22.5    0.9
41   |   253 |    4273 |    6039     505    6039 |    1010     505    1010 |    0.1   17.2    0.8
42   |   255 |    4323 |    7090     508    7090 |    1016     508    1016 |    0.1   23.2    0.9
43   |   255 |    4320 |    7088     507    7088 |    1015     507    1015 |    0.2   22.8    0.9
44   |   254 |    2770 |    6068     506    6068 |    1012     506    1012 |    0.1   17.7    0.8
45   |   254 |    4308 |    7080     507    7080 |    1014     507    1014 |    0.1   23.6    0.9
46   |   255 |    4317 |    7085     507    7085 |    1013     507    1013 |    0.1   23.1    0.9
47   |   255 |    3030 |    7083     507    7083 |    1016     507    1016 |    0.1   23.5    0.9
48   |   255 |    4324 |    7092     508    7092 |    1016     508    1016 |    0.1   22.9    0.9
49   |   255 |    4285 |    6061     507    6061 |    1013     507    1013 |    0.1   16.9    0.8
50   |   254 |    4312 |    7084     507    7084 |    1013     507    1013 |    0.1   23.7    0.9
51   |   255 |    4321 |    7085     508    7085 |    1015     508    1015 |    0.2   23.7    0.9
52   |   255 |    4322 |    7092     508    7092 |    1016     508    1016 |    0.1   22.8    0.9
53   |   255 |    4292 |    6068     506    6068 |    1013     506    1013 |    0.1   18.0    0.8
54   |   255 |    4311 |    7083     508    7083 |    1016     508    1016 |    0.1   23.2    0.9
55   |   254 |    4283 |    7051     505    7051 |    1011     505    1011 |    0.1   22.3    0.9
56   |   255 |    4322 |    7086     508    7086 |    1016     508    1016 |    0.1   23.3    0.9
57   |   255 |    4318 |    7085     508    7085 |    1016     508    1016 |    0.1   24.0    0.9
58   |   255 |    4309 |    7075     507    7075 |    1014     507    1014 |    0.1   22.5    0.9
59   |   255 |    4305 |    6079     507    6079 |    1014     507    1014 |    0.1   17.5    0.9
60   |   255 |    3807 |    7084     508    7084 |    1016     508    1016 |    0.1   17.4    0.8
61   |   255 |    3027 |    7084     507    7084 |    1015     507    1015 |    0.2   22.5    0.9
62   |   255 |    4317 |    7081     507    7081 |    1015     507    1015 |    0.1   23.1    0.9
63   |   255 |    4308 |    7084     507    7084 |    1014     507    1014 |    0.1   22.6    0.9
64   |   254 |    4310 |    7083     507    7083 |    1014     507    1014 |    0.1   23.4    0.9
65   |   254 |    4282 |    7030     505    7030 |    1012     505    1012 |    0.1   22.8    0.9
66   |   255 |    4328 |    7098     508    7098 |    1016     508    1016 |    0.2   23.4    0.9
67   |   255 |    4320 |    7088     507    7088 |    1015     507    1015 |    0.1   22.7    0.9
68   |   255 |    2789 |    7086     508    7086 |    1016     508    1016 |    0.1   23.3    0.9
69   |   255 |    4281 |    7004     506    7004 |    1014     506    1014 |    0.1   23.1    0.9
70   |   254 |    4311 |    7079     507    7079 |    1014     507    1014 |    0.1   22.8    0.9
71   |   254 |    4285 |    6059     506    6059 |    1012     506    1012 |    0.1   16.8    0.8
72   |   255 |    4308 |    7077     508    7077 |    1015     508    1015 |    0.1   17.2    0.8
73   |   255 |    4311 |    7072     507    7072 |    1013     507    1013 |    0.1   23.3    0.9
74   |   255 |    2789 |    7069     508    7069 |    1016     508    1016 |    0.1   23.8    0.9
75   |   255 |    4303 |    7085     507    7085 |    1014     507    1014 |    0.1   23.4    0.9
76   |   254 |    4299 |    6071     506    6071 |    1012     506    1012 |    0.1   17.1    0.8
77   |   255 |    4326 |    7098     508    7098 |    1016     508    1016 |    0.1   17.0    0.8
78   |   255 |    4302 |    7075     508    7075 |    1015     508    1015 |    0.1   22.8    0.9
79   |   255 |    4289 |    7061     508    7061 |    1015     508    1015 |    0.2   17.9    0.8
80   |   255 |    4281 |    6059     506    6059 |    1013     506    1013 |    0.1   17.5    0.8
81   |   255 |    4307 |    7070     506    7070 |    1013     506    1013 |    0.1   24.3    0.9
82   |   255 |    2788 |    7076     508    7076 |    1015     508    1015 |    0.2   17.4    0.8
83   |   255 |    4313 |    7082     507    7082 |    1015     508    1015 |    0.2   23.2    0.9
84   |   255 |    4300 |    6075     507    6075 |    1013     507    1013 |    0.1   18.1    0.8
85   |   254 |    3016 |    6046     506    6046 |    1013     506    1013 |    0.1   17.4    0.8
86   |   255 |    4312 |    7080     508    7080 |    1015     508    1015 |    0.2   24.7    0.9
87   |   255 |    2771 |    6064     506    6064 |    1013     506    1013 |    0.1   16.9    0.8
88   |   255 |    4275 |    6049     507    6049 |    1014     507    1014 |    0.1   17.3    0.8
89   |   255 |    3540 |    7069     508    7069 |    1016     508    1016 |    0.1   17.1    0.8
90   |   255 |    4314 |    7071     508    7071 |    1017     508    1017 |    0.2   23.5    1.0
91   |   253 |    2765 |    7036     507    7036 |    1013     507    1013 |    0.1   17.8    0.8
92   |   254 |    4299 |    7070     506    7070 |    1012     506    1012 |    0.1   23.5    0.9
93   |   255 |    4308 |    7075     506    7075 |    1013     506    1013 |    0.1   23.3    0.9
94   |   254 |    4311 |    7079     507    7079 |    1015     507    1015 |    0.1   23.7    0.9
95   |   255 |    4296 |    6072     507    6072 |    1013     507    1013 |    0.1   17.8    0.8
96   |   255 |    4284 |    7062     506    7062 |    1012     506    1012 |    0.1   18.4    0.8
97   |   255 |    3031 |    7085     508    7085 |    1015     508    1015 |    0.1   23.2    0.9
98   |   255 |    4317 |    7083     506    7083 |    1014     507    1014 |    0.2   23.1    0.9
99   |   255 |    4318 |    7090     509    7090 |    1017     509    1017 |    0.1   18.0    0.8
100  |   254 |    4302 |    7068     507    7068 |    1013     507    1013 |    0.2   24.2    0.9
101  |   253 |    4282 |    6057     505    6057 |    1011     505    1011 |    0.1   17.2    0.8
102  |   255 |    3537 |    6084     507    6084 |    1015     507    1015 |    0.1   16.8    0.8
103  |   255 |    4305 |    7069     506    7069 |    1013     506    1013 |    0.1   23.9    0.9
104  |   254 |    4281 |    7036     505    7036 |    1011     505    1011 |    0.2   23.0    0.9
105  |   255 |    2780 |    7076     507    7076 |    1014     507    1014 |    0.1   23.6    0.9
106  |   255 |    4322 |    7099     508    7099 |    1015     508    1015 |    0.1   24.2    0.9
107  |   255 |    4327 |    7101     508    7101 |    1016     508    1016 |    0.2   23.7    1.0
108  |   255 |    3020 |    6053     506    6053 |    1012     506    1012 |    0.1   17.5    0.8
109  |   254 |    4290 |    6064     506    6064 |    1013     506    1013 |    0.2   17.5    0.8
110  |   255 |    4326 |    7099     508    7099 |    1015     508    1015 |    0.2   23.9    0.9
111  |   255 |    4307 |    7078     507    7078 |    1015     507    1015 |    0.2   23.9    0.9
112  |   253 |    3279 |    7050     506    7050 |    1013     506    1013 |    0.1   17.4    0.8
113  |   255 |    4326 |    7094     508    7094 |    1017     508    1017 |    0.1   23.7    0.9
114  |   255 |    4318 |    7086     507    7086 |    1014     507    1014 |    0.1   24.1    0.9
115  |   255 |    3030 |    6074     507    6074 |    1014     507    1014 |    0.1   17.2    0.8
116  |   255 |    4321 |    6083     508    6083 |    1016     508    1016 |    0.1   17.1    0.8
117  |   255 |    4320 |    7082     507    7082 |    1015     507    1015 |    0.1   23.2    0.9
118  |   255 |    4319 |    7088     509    7088 |    1019     509    1019 |    0.2   17.8    0.8
119  |   253 |    4277 |    6050     506    6050 |    1011     506    1011 |    0.1   17.1    0.8
120  |   255 |    2780 |    7079     507    7079 |    1014     507    1014 |    0.1   23.7    0.9
121  |   255 |    4316 |    7072     508    7072 |    1016     508    1016 |    0.2   22.8    0.9
122  |   255 |    4315 |    7083     507    7083 |    1013     507    1013 |    0.1   23.6    0.9
123  |   254 |    3498 |    6985     508    6985 |    1016     508    1016 |    0.2   16.8    0.8
124  |   255 |    4320 |    7090     507    7090 |    1015     508    1015 |    0.1   23.5    0.9
125  |   255 |    4327 |    7086     508    7086 |    1017     508    1017 |    0.1   23.8    1.0
126  |   255 |    4310 |    7083     507    7083 |    1014     507    1014 |    0.2   23.9    0.9
127  |   255 |    4310 |    7080     507    7080 |    1014     507    1014 |    0.2   23.7    0.9
128  |   255 |    4317 |    6081     507    6081 |    1014     507    1014 |    0.1   17.0    0.8
129  |   255 |    4321 |    7090     507    7090 |    1015     507    1015 |    0.1   24.5    0.9
130  |   255 |    4316 |    7089     508    7089 |    1015     508    1015 |    0.1   23.8    0.9
131  |   255 |    4321 |    7092     507    7092 |    1016     507    1016 |    0.2   24.3    1.0
132  |   255 |    4281 |    7029     507    7029 |    1015     507    1015 |    0.2   23.1    0.9
133  |   255 |    4314 |    7085     507    7085 |    1015     508    1015 |    0.1   22.7    0.9
134  |   255 |    4311 |    7082     507    7082 |    1015     507    1015 |    0.1   23.1    0.9
135  |   255 |    4324 |    7093     508    7093 |    1015     508    1015 |    0.1   23.7    0.9
136  |   255 |    4310 |    7078     506    7078 |    1013     506    1013 |    0.1   24.1    0.9
137  |   254 |    4298 |    7078     507    7078 |    1013     507    1013 |    0.2   22.9    0.9
138  |   255 |    4321 |    7086     507    7086 |    1015     507    1015 |    0.1   23.8    0.9
139  |   255 |    4322 |    7095     507    7095 |    1016     507    1016 |    0.2   23.4    0.9
140  |   255 |    4318 |    7083     507    7083 |    1014     507    1014 |    0.1   23.0    0.9
141  |   255 |    4257 |    7028     507    7028 |    1015     507    1015 |    0.2   17.1    0.8
142  |   255 |    4323 |    7092     508    7092 |    1016     508    1016 |    0.1   24.5    0.9
143  |   255 |    4309 |    7076     507    7076 |    1013     507    1013 |    0.2   22.9    0.9
144  |   254 |    4301 |    7070     506    7070 |    1013     506    1013 |    0.2   23.9    1.0
145  |   255 |    4272 |    6051     507    6051 |    1013     506    1013 |    0.1   17.9    0.8
146  |   253 |    4284 |    7057     506    7057 |    1013     506    1013 |    0.2   23.9    0.9
147  |   253 |    4282 |    6054     505    6054 |    1010     505    1010 |    0.1   16.3    0.8
148  |   255 |    4315 |    7080     507    7080 |    1016     507    1016 |    0.1   23.7    1.0
149  |   255 |    4317 |    7086     507    7086 |    1015     507    1015 |    0.1   23.6    0.9
150  |   255 |    4320 |    7082     507    7082 |    1015     507    1015 |    0.2   23.7    0.9
151  |   255 |    3027 |    7087     507    7087 |    1014     507    1014 |    0.1   24.2    0.9
152  |   255 |    4296 |    7060     506    7060 |    1012     506    1012 |    0.1   23.1    0.9
153  |   255 |    4316 |    7085     507    7085 |    1015     507    1015 |    0.1   24.6    0.9
154  |   255 |    4311 |    7079     507    7079 |    1013     507    1013 |    0.1   23.4    0.9
155  |   255 |    4302 |    7086     507    7086 |    1015     508    1015 |    0.1   23.6    0.9
156  |   255 |    4290 |    7032     506    7032 |    1013     506    1013 |    0.1   22.8    0.9
157  |   255 |    4324 |    7095     508    7095 |    1016     508    1016 |    0.1   23.0    0.9
158  |   255 |    4326 |    7096     508    7096 |    1016     508    1016 |    0.2   24.3    0.9
159  |   255 |    4285 |    6065     506    6065 |    1013     506    1013 |    0.1   17.7    0.8
160  |   254 |    4288 |    7047     506    7047 |    1014     506    1014 |    0.2   22.8    0.9
161  |   255 |    4325 |    7097     508    7097 |    1016     508    1016 |    0.2   24.4    1.0
162  |   255 |    3290 |    7081     508    7081 |    1017     508    1017 |    0.1   18.2    0.8
163  |   255 |    4326 |    7092     508    7092 |    1015     508    1015 |    0.1   23.2    0.9
164  |   255 |    3025 |    6071     507    6071 |    1013     507    1013 |    0.1   17.1    0.8
165  |   255 |    4313 |    7086     508    7086 |    1016     508    1016 |    0.1   24.0    0.9
166  |   254 |    3761 |    6995     509    6995 |    1019     509    1019 |    0.2   17.5    0.8
167  |   255 |    4316 |    7081     507    7081 |    1014     507    1014 |    0.1   24.0    1.0
168  |   255 |    4315 |    7084     508    7084 |    1015     508    1015 |    0.2   23.2    0.9
169  |   255 |    4298 |    7077     506    7077 |    1013     506    1013 |    0.1   23.4    0.9
170  |   255 |    4263 |    6989     506    6989 |    1013     506    1013 |    0.1   23.5    0.9
171  |   255 |    4311 |    7072     507    7072 |    1014     507    1014 |    0.1   23.8    0.9
172  |   255 |    4318 |    7085     507    7085 |    1014     507    1014 |    0.1   23.1    0.9
173  |   253 |    4267 |    6043     506    6043 |    1011     506    1011 |    0.1   16.9    0.8
174  |   254 |    3275 |    7053     507    7053 |    1014     507    1014 |    0.1   17.8    0.8
175  |   255 |    3019 |    6057     506    6057 |    1012     506    1012 |    0.1   17.5    0.8
176  |   255 |    4321 |    7086     507    7086 |    1015     507    1015 |    0.1   23.9    0.9
177  |   254 |    4305 |    7076     507    7076 |    1013     507    1013 |    0.1   23.7    0.9
178  |   255 |    2776 |    7080     506    7080 |    1013     506    1013 |    0.1   23.5    0.9
179  |   255 |    3807 |    7084     507    7084 |    1014     507    1014 |    0.1   23.2    0.9
180  |   253 |    4277 |    6052     505    6052 |    1011     505    1011 |    0.1   17.1    0.8
181  |   254 |    4303 |    7070     507    7070 |    1013     507    1013 |    0.1   24.3    0.9
182  |   255 |    4315 |    7085     507    7085 |    1014     507    1014 |    0.1   23.8    0.9
183  |   253 |    4281 |    7055     505    7055 |    1011     505    1011 |    0.1   23.1    0.9
184  |   255 |    4296 |    7034     506    7034 |    1014     506    1014 |    0.2   22.7    0.9
185  |   255 |    3261 |    6047     506    6047 |    1013     506    1013 |    0.2   16.9    0.8
186  |   255 |    4321 |    7089     508    7089 |    1016     508    1016 |    0.1   23.1    0.9
187  |   255 |    4312 |    7073     508    7073 |    1017     508    1017 |    0.2   24.5    0.9
188  |   255 |    4317 |    7087     507    7087 |    1015     507    1015 |    0.1   23.9    0.9
189  |   255 |    4317 |    7085     507    7085 |    1015     507    1015 |    0.1   24.3    0.9
190  |   255 |    4307 |    7085     507    7085 |    1014     507    1014 |    0.1   23.5    0.9
191  |   255 |    3291 |    7069     506    7069 |    1013     506    1013 |    0.2   17.4    0.8
192  |   254 |    4296 |    6069     506    6069 |    1013     506    1013 |    0.1   17.7    0.8
193  |   255 |    4287 |    6064     506    6064 |    1013     506    1013 |    0.1   17.0    0.8
194  |   255 |    4311 |    7080     507    7080 |    1014     507    1014 |    0.1   24.4    0.9
195  |   254 |    4299 |    7071     506    7071 |    1012     506    1012 |    0.2   23.7    0.9
196  |   255 |    4325 |    7083     509    7083 |    1018     509    1018 |    0.1   23.6    0.9
197  |   255 |    2764 |    6047     506    6047 |    1013     506    1013 |    0.2   17.3    0.8
198  |   255 |    4319 |    6087     507    6087 |    1015     507    1015 |    0.1   17.2    0.8
199  |   255 |    4311 |    7079     506    7079 |    1014     507    1014 |    0.2   17.7    0.8
200  |   255 |    4304 |    7068     506    7068 |    1013     506    1013 |    0.1   23.7    0.9
201  |   255 |    3030 |    7084     507    7084 |    1014     507    1014 |    0.2   23.4    0.9
202  |   255 |    4306 |    7072     507    7072 |    1014     507    1014 |    0.2   23.6    0.9
203  |   255 |    4320 |    7081     508    7081 |    1016     508    1016 |    0.2   23.6    0.9
204  |   252 |    4276 |    6050     505    6050 |    1010     505    1010 |    0.1   17.1    0.8
205  |   255 |    3300 |    7066     508    7066 |    1017     508    1017 |    0.2   17.6    0.8
206  |   255 |    4318 |    7093     508    7093 |    1015     508    1015 |    0.2   23.3    0.9
207  |   254 |    4296 |    7056     505    7056 |    1013     505    1013 |    0.1   23.6    0.9
208  |   254 |    3271 |    6064     506    6064 |    1012     506    1012 |    0.1   17.2    0.8
209  |   255 |    4305 |    7059     506    7059 |    1013     506    1013 |    0.1   23.7    0.9
210  |   255 |    4298 |    7062     507    7062 |    1015     507    1015 |    0.2   23.5    0.9
211  |   255 |    4319 |    7085     507    7085 |    1015     507    1015 |    0.2   23.8    0.9
212  |   255 |    4290 |    6065     506    6065 |    1013     506    1013 |    0.1   18.2    0.8
213  |   253 |    4284 |    7056     505    7056 |    1010     505    1010 |    0.1   23.8    0.9
214  |   255 |    4301 |    6076     506    6076 |    1013     506    1013 |    0.1   17.0    0.8
215  |   255 |    4319 |    7089     507    7089 |    1016     508    1016 |    0.2   22.8    0.9
216  |   254 |    4272 |    6048     506    6048 |    1013     506    1013 |    0.2   17.4    0.8
217  |   254 |    4247 |    6024     505    6024 |    1011     505    1011 |    0.1   16.9    0.8
218  |   255 |    4308 |    7061     506    7061 |    1014     506    1014 |    0.2   22.7    0.9
219  |   255 |    4310 |    7086     507    7086 |    1014     507    1014 |    0.1   24.1    0.9
220  |   255 |    4310 |    7084     507    7084 |    1014     507    1014 |    0.1   23.6    0.9
221  |   255 |    4317 |    6082     507    6082 |    1015     507    1015 |    0.2   16.9    0.8
222  |   255 |    4317 |    7088     509    7088 |    1017     509    1017 |    0.2   17.6    0.8
223  |   255 |    4317 |    7080     508    7080 |    1016     508    1016 |    0.1   23.5    0.9
224  |   255 |    4321 |    7089     507    7089 |    1015     507    1015 |    0.1   23.7    0.9
225  |   255 |    4325 |    7088     508    7088 |    1016     508    1016 |    0.2   23.3    0.9
226  |   253 |    4286 |    6060     505    6060 |    1011     506    1011 |    0.1   17.1    0.8
227  |   254 |    4302 |    7078     506    7078 |    1013     506    1013 |    0.1   23.5    0.9
228  |   255 |    4307 |    7083     507    7083 |    1014     507    1014 |    0.2   23.8    0.9
229  |   255 |    4317 |    7081     507    7081 |    1015     507    1015 |    0.1   23.6    0.9
230  |   253 |    3256 |    6042     505    6042 |    1010     505    1010 |    0.1   17.7    0.8
231  |   251 |    4230 |    5983     505    5983 |    1010     505    1010 |    0.2   16.6    0.8
232  |   255 |    4302 |    7078     507    7078 |    1014     507    1014 |    0.1   24.0    0.9
233  |   254 |    4291 |    7062     505    7062 |    1012     505    1012 |    0.1   23.4    0.9
234  |   255 |    4316 |    7080     508    7080 |    1016     508    1016 |    0.2   23.0    0.9
235  |   255 |    4275 |    6052     507    6052 |    1013     507    1013 |    0.1   17.0    0.8
236  |   255 |    4324 |    7084     507    7084 |    1015     507    1015 |    0.1   24.4    0.9
237  |   255 |    4321 |    7090     507    7090 |    1015     507    1015 |    0.1   24.1    0.9
238  |   254 |    4288 |    6064     506    6064 |    1012     506    1012 |    0.1   17.7    0.8
239  |   255 |    4317 |    7088     508    7088 |    1016     508    1016 |    0.1   23.7    0.9
240  |   255 |    4230 |    6006     507    6006 |    1014     507    1014 |    0.1   16.1    0.8
241  |   255 |    4322 |    7097     507    7097 |    1015     507    1015 |    0.1   23.2    0.9
242  |   254 |    4306 |    7077     506    7077 |    1013     506    1013 |    0.1   23.5    1.0
243  |   255 |    3025 |    7074     507    7074 |    1014     507    1014 |    0.1   23.1    0.9
244  |   255 |    4303 |    7066     506    7066 |    1012     506    1012 |    0.1   23.5    0.9
245  |   255 |    4315 |    7086     507    7086 |    1014     507    1014 |    0.1   23.3    0.9
246  |   255 |    4310 |    7083     507    7083 |    1014     507    1014 |    0.1   24.1    0.9
247  |   255 |    4315 |    7076     507    7076 |    1014     507    1014 |    0.2   22.8    0.9
248  |   255 |    4278 |    6052     506    6052 |    1013     506    1013 |    0.2   17.2    0.8
249  |   251 |    4224 |    5995     505    5995 |    1010     505    1010 |    0.1   16.0    0.8
250  |   255 |    4312 |    7078     508    7078 |    1016     508    1016 |    0.2   23.7    0.9
251  |   255 |    4318 |    7082     508    7082 |    1017     508    1017 |    0.1   23.2    0.9
252  |   255 |    4306 |    7069     507    7069 |    1014     507    1014 |    0.2   17.4    0.8
253  |   253 |    4276 |    6045     506    6045 |    1013     506    1013 |    0.1   17.0    0.8
254  |   255 |    4315 |    7082     507    7082 |    1014     507    1014 |    0.1   23.1    0.9
255  |   255 |    3780 |    7080     507    7080 |    1013     507    1013 |    0.1   23.6    0.9
256  |   255 |    4233 |    7009     506    7009 |    1013     506    1013 |    0.1   17.4    0.8
257  |   255 |    4311 |    7082     507    7082 |    1013     507    1013 |    0.1   23.9    0.9
258  |   255 |    4322 |    7080     508    7080 |    1017     508    1017 |    0.1   23.6    0.9
259  |   255 |    4317 |    7084     507    7084 |    1014     507    1014 |    0.2   23.7    0.9
260  |   255 |    4313 |    7089     507    7089 |    1014     507    1014 |    0.1   24.4    0.9
261  |   255 |    3536 |    7081     507    7081 |    1015     507    1015 |    0.1   23.6    0.9
262  |   255 |    4311 |    7084     507    7084 |    1014     507    1014 |    0.1   23.3    0.9
263  |   255 |    4325 |    7096     508    7096 |    1015     508    1015 |    0.1   23.0    0.9
264  |   255 |    4268 |    6047     508    6047 |    1017     508    1017 |    0.2   17.6    0.8
265  |   255 |    2795 |    7086     509    7086 |    1017     509    1017 |    0.2   24.3    0.9
266  |   254 |    4302 |    7077     507    7077 |    1014     507    1014 |    0.1   23.5    0.9
267  |   255 |    4243 |    6019     506    6019 |    1013     506    1013 |    0.1   17.1    0.8
268  |   255 |    4315 |    7080     507    7080 |    1014     507    1014 |    0.1   23.9    0.9
269  |   255 |    4317 |    7093     507    7093 |    1015     507    1015 |    0.1   24.1    0.9
270  |   255 |    4329 |    7096     508    7096 |    1016     508    1016 |    0.1   23.2    0.9
271  |   254 |    4304 |    7075     506    7075 |    1013     506    1013 |    0.1   24.9    1.0
272  |   254 |    4295 |    7071     506    7071 |    1012     506    1012 |    0.1   23.3    0.9
273  |   255 |    4321 |    7095     508    7095 |    1015     508    1015 |    0.2   22.9    0.9
274  |   254 |    4293 |    7057     505    7057 |    1012     505    1012 |    0.2   23.2    0.9
275  |   255 |    4309 |    7086     508    7086 |    1016     508    1016 |    0.1   23.1    0.9
276  |   255 |    4315 |    7082     507    7082 |    1014     507    1014 |    0.1   23.9    0.9
277  |   254 |    4297 |    6068     506    6068 |    1012     506    1012 |    0.1   18.1    0.8
278  |   254 |    4301 |    7080     507    7080 |    1013     507    1013 |    0.1   23.2    0.9
279  |   255 |    4304 |    7080     507    7080 |    1014     507    1014 |    0.1   24.0    0.9
280  |   255 |    4322 |    7098     507    7098 |    1016     508    1016 |    0.1   23.5    0.9
281  |   254 |    3256 |    6032     506    6032 |    1012     506    1012 |    0.2   16.9    0.8
282  |   253 |    4287 |    6061     506    6061 |    1011     506    1011 |    0.1   17.4    0.8
283  |   255 |    4295 |    7055     508    7055 |    1016     508    1016 |    0.2   24.1    0.9
284  |   255 |    4310 |    7087     508    7087 |    1016     508    1016 |    0.2   22.7    0.9
285  |   255 |    4302 |    7055     506    7055 |    1013     506    1013 |    0.1   23.7    0.9
286  |   255 |    3018 |    6051     506    6051 |    1014     506    1014 |    0.2   17.0    0.8
287  |   252 |    4236 |    6996     506    6996 |    1012     506    1012 |    0.2   17.8    0.8
288  |   255 |    4319 |    7081     508    7081 |    1017     508    1017 |    0.2   23.1    0.9
289  |   255 |    3281 |    7080     506    7080 |    1013     507    1013 |    0.1   22.8    0.9
290  |   255 |    4293 |    6070     506    6070 |    1012     506    1012 |    0.1   17.5    0.8
291  |   255 |    4323 |    7082     507    7082 |    1015     508    1015 |    0.2   23.5    0.9
292  |   254 |    4283 |    6061     506    6061 |    1012     506    1012 |    0.1   16.8    0.8
293  |   255 |    3022 |    6069     507    6069 |    1014     507    1014 |    0.1   17.6    0.8
294  |   255 |    2789 |    6086     508    6086 |    1016     508    1016 |    0.1   17.0    0.8
295  |   255 |    4310 |    7071     506    7071 |    1013     506    1013 |    0.1   23.8    0.9
296  |   255 |    4319 |    7088     507    7088 |    1014     507    1014 |    0.1   23.5    0.9
297  |   255 |    3029 |    7082     508    7082 |    1017     508    1017 |    0.1   23.3    0.9
298  |   255 |    4310 |    7077     507    7077 |    1013     507    1013 |    0.1   23.4    0.9
299  |   255 |    4300 |    7079     507    7079 |    1014     507    1014 |    0.1   23.7    0.9
300  |   254 |    4302 |    7068     506    7068 |    1012     506    1012 |    0.1   23.3    0.9
301  |   254 |    4307 |    7074     507    7074 |    1014     507    1014 |    0.1   24.0    0.9
302  |   255 |    3552 |    7091     508    7091 |    1016     508    1016 |    0.1   23.1    0.9
303  |   255 |    3541 |    7081     507    7081 |    1014     507    1014 |    0.2   17.7    0.8
304  |   255 |    4322 |    7069     508    7069 |    1017     508    1017 |    0.1   23.9    1.0
305  |   254 |    4290 |    7057     506    7057 |    1012     506    1012 |    0.1   23.3    0.9
306  |   254 |    4305 |    7074     507    7074 |    1016     507    1016 |    0.2   23.2    0.9
307  |   254 |    3285 |    7038     508    7038 |    1015     508    1015 |    0.2   18.6    0.8
308  |   255 |    4322 |    7087     508    7087 |    1016     508    1016 |    0.2   23.7    0.9
309  |   254 |    2773 |    6067     506    6067 |    1012     506    1012 |    0.1   17.1    0.8
310  |   254 |    3013 |    6059     506    6059 |    1012     506    1012 |    0.1   16.8    0.8
311  |   255 |    4316 |    7079     507    7079 |    1013     507    1013 |    0.2   23.5    0.9
312  |   255 |    4318 |    7088     507    7088 |    1015     507    1015 |    0.1   22.1    0.9
313  |   255 |    4321 |    7089     507    7089 |    1015     507    1015 |    0.1   22.7    0.9
314  |   255 |    3271 |    6067     506    6067 |    1013     506    1013 |    0.1   17.4    0.8
315  |   255 |    4316 |    7077     507    7077 |    1015     507    1015 |    0.1   23.7    0.9
316  |   255 |    4291 |    7074     506    7074 |    1013     506    1013 |    0.1   17.4    0.8
317  |   255 |    4323 |    7091     508    7091 |    1016     508    1016 |    0.1   23.9    0.9
318  |   255 |    4316 |    7082     509    7082 |    1017     509    1017 |    0.1   23.2    0.9
319  |   255 |    4310 |    7086     507    7086 |    1014     507    1014 |    0.1   23.3    0.9
320  |   255 |    4308 |    7082     507    7082 |    1014     507    1014 |    0.1   23.5    0.9
321  |   255 |    2771 |    6067     506    6067 |    1013     506    1013 |    0.2   17.2    0.8
322  |   254 |    4295 |    7071     506    7071 |    1012     506    1012 |    0.1   23.3    0.9
323  |   255 |    4318 |    7088     507    7088 |    1015     507    1015 |    0.1   23.4    0.9
324  |   255 |    4311 |    7080     507    7080 |    1015     507    1015 |    0.1   23.2    0.9
325  |   255 |    3269 |    6054     506    6054 |    1013     506    1013 |    0.1   17.0    0.8
326  |   255 |    4322 |    7090     508    7090 |    1016     508    1016 |    0.1   23.8    0.9
327  |   255 |    4299 |    7055     506    7055 |    1013     506    1013 |    0.1   23.7    0.9
328  |   255 |    4325 |    7087     508    7087 |    1018     508    1018 |    0.1   23.1    0.9
329  |   255 |    4300 |    7052     506    7052 |    1014     506    1014 |    0.1   22.3    0.9
330  |   255 |    4303 |    7075     507    7075 |    1014     507    1014 |    0.1   22.9    0.9
331  |   255 |    4311 |    7078     507    7078 |    1013     507    1013 |    0.1   23.5    0.9
332  |   255 |    4315 |    7071     506    7071 |    1013     506    1013 |    0.1   23.2    0.9
333  |   252 |    4264 |    6035     505    6035 |    1010     505    1010 |    0.1   16.4    0.8
334  |   255 |    4317 |    7086     507    7086 |    1015     508    1015 |    0.1   23.0    0.9
335  |   255 |    4314 |    7089     507    7089 |    1015     507    1015 |    0.1   23.2    0.9
336  |   255 |    4311 |    7076     506    7076 |    1013     506    1013 |    0.1   22.8    0.9
337  |   255 |    3805 |    7072     507    7072 |    1015     507    1015 |    0.1   17.4    0.8
338  |   254 |    4303 |    7068     507    7068 |    1013     507    1013 |    0.1   22.6    0.9
339  |   255 |    4323 |    7091     508    7091 |    1016     508    1016 |    0.2   22.5    0.9
340  |   255 |    3297 |    7090     507    7090 |    1015     507    1015 |    0.1   22.4    0.9
341  |   255 |    4301 |    7079     506    7079 |    1014     506    1014 |    0.1   23.2    0.9
342  |   255 |    4284 |    6059     506    6059 |    1013     506    1013 |    0.1   17.1    0.8
343  |   255 |    2774 |    6062     507    6062 |    1014     507    1014 |    0.1   17.7    0.8
344  |   255 |    4315 |    7079     508    7079 |    1015     508    1015 |    0.1   22.8    0.9
345  |   254 |    3017 |    6062     506    6062 |    1013     506    1013 |    0.1   17.3    0.8
346  |   255 |    3305 |    7098     508    7098 |    1016     508    1016 |    0.1   17.7    0.8
347  |   255 |    4306 |    7072     507    7072 |    1013     507    1013 |    0.2   23.2    0.9
348  |   255 |    3272 |    6054     506    6054 |    1013     506    1013 |    0.1   17.1    0.8
349  |   255 |    4324 |    7093     508    7093 |    1016     508    1016 |    0.1   23.5    0.9
350  |   253 |    4287 |    7055     508    7055 |    1016     508    1016 |    0.1   23.9    0.9
351  |   254 |    4302 |    7074     506    7074 |    1013     506    1013 |    0.2   23.6    0.9
352  |   255 |    4300 |    7078     506    7078 |    1014     507    1014 |    0.1   16.8    0.8
353  |   254 |    2766 |    6060     506    6060 |    1012     506    1012 |    0.1   17.3    0.8
354  |   255 |    4311 |    7074     507    7074 |    1014     507    1014 |    0.1   22.1    0.9
355  |   255 |    4320 |    7085     508    7085 |    1017     508    1017 |    0.1   23.2    0.9
356  |   255 |    4315 |    7087     507    7087 |    1014     507    1014 |    0.1   22.9    0.9
357  |   255 |    4311 |    7086     508    7086 |    1015     508    1015 |    0.1   23.2    0.9
358  |   255 |    2986 |    6013     506    6013 |    1012     506    1012 |    0.1   17.2    0.8
359  |   255 |    3528 |    6072     508    6072 |    1015     508    1015 |    0.1   17.1    0.8
360  |   255 |    4303 |    7060     506    7060 |    1013     506    1013 |    0.1   22.7    0.9
361  |   254 |    4311 |    7081     507    7081 |    1014     507    1014 |    0.1   23.6    0.9
362  |   254 |    3001 |    6039     505    6039 |    1011     505    1011 |    0.1   17.0    0.8
363  |   255 |    3295 |    7071     508    7071 |    1016     508    1016 |    0.2   17.5    0.8
364  |   255 |    4321 |    7092     507    7092 |    1014     507    1014 |    0.1   23.3    0.9
365  |   255 |    4320 |    7092     508    7092 |    1016     508    1016 |    0.1   23.0    1.5
366  |   255 |    4318 |    7082     507    7082 |    1015     507    1015 |    0.1   23.5    0.9
367  |   255 |    4299 |    7076     506    7076 |    1013     506    1013 |    0.1   23.4    0.9
368  |   255 |    4314 |    7074     507    7074 |    1014     507    1014 |    0.1   22.9    0.9
369  |   254 |    4307 |    7084     507    7084 |    1013     507    1013 |    0.1   23.1    0.9
370  |   255 |    4319 |    7089     507    7089 |    1015     507    1015 |    0.1   24.2    0.9
371  |   255 |    2765 |    6057     507    6057 |    1013     507    1013 |    0.1   17.6    0.8
372  |   254 |    4304 |    7074     506    7074 |    1012     506    1012 |    0.3   23.4    0.9
373  |   254 |    4279 |    7044     505    7044 |    1012     505    1012 |    0.1   23.8    0.9
374  |   255 |    3472 |    6003     506    6003 |    1013     506    1013 |    0.1   16.6    0.7
375  |   255 |    4308 |    7075     506    7075 |    1012     506    1012 |    0.1   24.3    0.9
376  |   255 |    4311 |    7083     508    7083 |    1015     508    1015 |    0.1   23.6    0.9
377  |   254 |    4251 |    6025     505    6025 |    1012     505    1012 |    0.1   17.1    0.8
378  |   255 |    4327 |    7099     508    7099 |    1015     508    1015 |    0.1   23.4    0.9
379  |   255 |    3541 |    7005     510    7005 |    1022     510    1022 |    0.2   17.4    0.8
380  |   255 |    3809 |    7097     508    7097 |    1017     508    1017 |    0.2   17.9    0.8
381  |   255 |    4318 |    7092     507    7092 |    1015     507    1015 |    0.1   23.4    0.9
382  |   255 |    4324 |    7083     508    7083 |    1017     508    1017 |    0.1   23.6    0.9
383  |   255 |    2761 |    6030     506    6030 |    1013     506    1013 |    0.1   17.0    0.8
384  |   255 |    3297 |    7084     508    7084 |    1016     508    1016 |    0.1   23.9    1.0
385  |   255 |    4300 |    7044     507    7044 |    1014     507    1014 |    0.1   23.2    0.9
386  |   255 |    4309 |    7082     508    7082 |    1015     508    1015 |    0.1   23.5    0.9
387  |   255 |    4322 |    7091     508    7091 |    1015     508    1015 |    0.1   24.7    0.9
388  |   253 |    4283 |    6056     505    6056 |    1010     505    1010 |    0.2   17.4    0.8
389  |   254 |    4292 |    7059     506    7059 |    1012     506    1012 |    0.1   23.2    0.9
390  |   253 |    2761 |    7051     505    7051 |    1011     505    1011 |    0.1   17.1    0.7
391  |   254 |    4289 |    7058     505    7058 |    1011     505    1011 |    0.2   23.6    0.9
392  |   255 |    4310 |    7079     507    7079 |    1015     507    1015 |    0.1   23.3    0.9
393  |   255 |    4316 |    7091     508    7091 |    1015     508    1015 |    0.1   23.5    0.9
394  |   255 |    4327 |    7097     507    7097 |    1015     508    1015 |    0.1   23.0    0.9
395  |   255 |    4322 |    7096     508    7096 |    1016     508    1016 |    0.1   25.5    1.0
396  |   255 |    4312 |    7078     507    7078 |    1013     507    1013 |    0.2   24.9    1.0
397  |   255 |    4270 |    6047     507    6047 |    1014     507    1014 |    0.2   17.7    0.8
398  |   254 |    4309 |    7077     507    7077 |    1014     507    1014 |    0.1   23.8    0.9
399  |   255 |    4309 |    7064     506    7064 |    1013     506    1013 |    0.1   24.1    0.9
400  |   255 |    4323 |    7093     508    7093 |    1015     508    1015 |    0.2   24.1    0.9
401  |   255 |    4318 |    7089     507    7089 |    1014     507    1014 |    0.2   24.8    0.9
402  |   255 |    4295 |    7057     506    7057 |    1012     506    1012 |    0.1   23.6    0.9
403  |   255 |    4304 |    7063     506    7063 |    1013     506    1013 |    0.2   23.7    0.9
404  |   254 |    4306 |    7079     507    7079 |    1014     507    1014 |    0.2   23.9    0.9
405  |   254 |    4304 |    7075     506    7075 |    1012     506    1012 |    0.2   24.4    0.9
406  |   255 |    2737 |    5966     506    5966 |    1013     506    1013 |    0.2   16.8    0.8
407  |   255 |    3553 |    7081     508    7081 |    1017     508    1017 |    0.2   18.0    0.8
408  |   255 |    4311 |    7089     508    7089 |    1015     508    1015 |    0.2   23.7    0.9
409  |   255 |    4303 |    7079     507    7079 |    1014     507    1014 |    0.2   24.7    1.0
410  |   255 |    4300 |    7067     506    7067 |    1012     506    1012 |    0.1   23.5    0.9
411  |   255 |    4325 |    7087     507    7087 |    1015     507    1015 |    0.2   23.3    0.9
412  |   255 |    4317 |    7087     507    7087 |    1015     508    1015 |    0.1   24.9    1.0
413  |   254 |    4274 |    7029     505    7029 |    1011     505    1011 |    0.2   23.8    1.0
414  |   254 |    3284 |    7066     507    7066 |    1013     507    1013 |    0.2   18.1    0.8
415  |   255 |    4320 |    7086     507    7086 |    1015     507    1015 |    0.1   24.6    0.9
416  |   255 |    4321 |    7089     507    7089 |    1015     507    1015 |    0.1   24.6    0.9
417  |   253 |    4258 |    6018     505    6018 |    1010     505    1010 |    0.1   17.6    0.8
418  |   255 |    4322 |    7085     507    7085 |    1015     507    1015 |    0.1   23.0    0.9
419  |   254 |    4298 |    7066     506    7066 |    1012     506    1012 |    0.2   24.3    0.9
420  |   255 |    4310 |    7073     506    7073 |    1013     506    1013 |    0.2   23.6    1.0
421  |   255 |    4286 |    7038     507    7038 |    1013     507    1013 |    0.2   22.8    0.9
422  |   255 |    3278 |    6068     506    6068 |    1013     506    1013 |    0.2   16.8    0.8
423  |   255 |    4322 |    7091     508    7091 |    1016     508    1016 |    0.1   24.2    0.9
424  |   255 |    4318 |    7089     507    7089 |    1015     507    1015 |    0.2   24.7    1.0
425  |   255 |    4325 |    7091     508    7091 |    1016     508    1016 |    0.2   22.7    1.0
426  |   253 |    3265 |    7034     507    7034 |    1015     507    1015 |    0.2   17.7    0.8
427  |   255 |    4264 |    6039     506    6039 |    1013     506    1013 |    0.1   18.4    0.8
428  |   254 |    4271 |    6047     506    6047 |    1013     507    1013 |    0.2   17.0    0.8
429  |   255 |    4307 |    7079     506    7079 |    1013     506    1013 |    0.1   25.5    0.9
430  |   255 |    3787 |    7081     507    7081 |    1015     507    1015 |    0.2   18.2    0.8
431  |   254 |    4302 |    7073     506    7073 |    1012     506    1012 |    0.1   23.4    0.9
432  |   254 |    4308 |    7078     507    7078 |    1013     507    1013 |    0.2   24.9    0.9
433  |   254 |    4288 |    7056     507    7056 |    1014     507    1014 |    0.2   23.1    0.9
434  |   254 |    4289 |    6066     507    6066 |    1013     506    1013 |    0.2   17.5    0.8
435  |   255 |    4317 |    7086     507    7086 |    1014     507    1014 |    0.2   23.3    0.9
436  |   252 |    4272 |    6049     505    6049 |    1010     505    1010 |    0.2   17.0    0.8
437  |   255 |    4285 |    6062     506    6062 |    1013     506    1013 |    0.1   17.7    0.8
438  |   254 |    4302 |    7076     507    7076 |    1014     507    1014 |    0.1   22.6    1.1
439  |   255 |    2777 |    7074     506    7074 |    1014     507    1014 |    0.2   24.9    0.9
440  |   255 |    3287 |    7083     508    7083 |    1015     508    1015 |    0.2   23.5    0.9
441  |   253 |    4277 |    6053     506    6053 |    1011     506    1011 |    0.2   16.5    0.8
442  |   255 |    3029 |    7074     509    7074 |    1018     509    1018 |    0.1   23.4    1.0
443  |   255 |    4272 |    7058     506    7058 |    1013     506    1013 |    0.2   17.5    0.8
444  |   252 |    4268 |    6037     505    6037 |    1010     505    1010 |    0.1   17.5    0.8
445  |   255 |    2781 |    7084     507    7084 |    1015     507    1015 |    0.1   24.2    1.0
446  |   255 |    4324 |    7093     508    7093 |    1015     508    1015 |    0.2   17.2    0.8
447  |   255 |    4317 |    7071     507    7071 |    1014     507    1014 |    0.1   23.1    1.0
448  |   255 |    4322 |    7088     508    7088 |    1016     508    1016 |    0.1   24.7    0.9
449  |   255 |    3289 |    7083     507    7083 |    1014     507    1014 |    0.1   23.8    1.0
450  |   255 |    4317 |    7087     508    7087 |    1015     508    1015 |    0.1   23.3    0.9
451  |   255 |    4321 |    7083     508    7083 |    1015     508    1015 |    0.1   24.6    0.9
452  |   255 |    4311 |    7077     508    7077 |    1016     508    1016 |    0.2   23.2    0.9
453  |   255 |    4320 |    7092     507    7092 |    1015     507    1015 |    0.2   24.6    1.0
454  |   255 |    4315 |    7079     507    7079 |    1015     507    1015 |    0.2   24.2    0.9
455  |   255 |    4292 |    7036     506    7036 |    1013     506    1013 |    0.2   22.7    0.9
456  |   255 |    4326 |    7089     508    7089 |    1016     508    1016 |    0.2   23.6    1.0
457  |   255 |    4298 |    7061     506    7061 |    1013     506    1013 |    0.2   23.2    0.9
458  |   252 |    4268 |    6037     505    6037 |    1010     505    1010 |    0.2   17.7    0.8
459  |   255 |    4297 |    6072     506    6072 |    1013     507    1013 |    0.2   17.9    0.8
460  |   255 |    4303 |    7085     507    7085 |    1014     507    1014 |    0.1   23.6    0.9
461  |   255 |    4316 |    7078     507    7078 |    1015     507    1015 |    0.2   24.0    1.0
462  |   255 |    4321 |    7087     508    7087 |    1016     508    1016 |    0.2   23.5    1.0
463  |   254 |    4304 |    7073     506    7073 |    1013     506    1013 |    0.2   24.3    0.9
464  |   254 |    4287 |    7068     506    7068 |    1011     505    1011 |    0.1   23.4    0.9
465  |   254 |    4299 |    7080     506    7080 |    1014     506    1014 |    0.1   23.2    0.9
466  |   254 |    4283 |    7046     506    7046 |    1011     506    1011 |    0.2   24.0    0.9
467  |   255 |    2772 |    6065     507    6065 |    1014     507    1014 |    0.1   16.7    0.8
468  |   254 |    4293 |    7065     506    7065 |    1012     506    1012 |    0.2   24.5    1.0
469  |   255 |    4297 |    7052     506    7052 |    1013     506    1013 |    0.2   16.5    0.8
470  |   255 |    4317 |    7077     507    7077 |    1015     507    1015 |    0.1   23.9    0.9
471  |   255 |    4306 |    7067     506    7067 |    1013     506    1013 |    0.1   23.2    0.9
472  |   255 |    4307 |    7081     507    7081 |    1015     508    1015 |    0.2   23.2    0.9
473  |   255 |    4322 |    7092     508    7092 |    1016     508    1016 |    0.2   26.0    1.0
474  |   254 |    4291 |    7072     506    7072 |    1013     507    1013 |    0.2   24.3    0.9
475  |   254 |    4301 |    7072     506    7072 |    1012     506    1012 |    0.1   24.4    0.9
476  |   255 |    4309 |    7071     506    7071 |    1013     506    1013 |    0.1   24.5    0.9
477  |   254 |    4297 |    7066     506    7066 |    1011     506    1011 |    0.1   24.0    0.9
478  |   254 |    4302 |    7069     506    7069 |    1013     506    1013 |    0.2   17.4    0.8
479  |   255 |    4300 |    7076     506    7076 |    1014     507    1014 |    0.2   23.1    0.9
480  |   255 |    4307 |    7080     507    7080 |    1014     507    1014 |    0.2   23.6    0.9
481  |   255 |    4314 |    7080     507    7080 |    1014     507    1014 |    0.2   24.9    1.0
482  |   255 |    4312 |    7073     507    7073 |    1015     507    1015 |    0.2   23.8    0.9
483  |   255 |    4315 |    7083     508    7083 |    1015     508    1015 |    0.2   23.1    0.9
484  |   255 |    4317 |    7078     507    7078 |    1015     507    1015 |    0.2   24.0    0.9
485  |   255 |    4314 |    7083     507    7083 |    1014     507    1014 |    0.2   23.6    0.9
486  |   255 |    4313 |    7081     507    7081 |    1014     507    1014 |    0.2   24.5    0.9
487  |   254 |    4297 |    7064     506    7064 |    1012     506    1012 |    0.2   24.8    1.0
488  |   255 |    4316 |    7086     506    7086 |    1014     506    1014 |    0.2   23.3    0.9
489  |   255 |    4319 |    7093     507    7093 |    1015     507    1015 |    0.1   23.7    0.9
490  |   255 |    4313 |    7081     507    7081 |    1015     507    1015 |    0.2   18.0    0.8
491  |   255 |    4286 |    6064     506    6064 |    1013     506    1013 |    0.2   17.4    0.8
492  |   254 |    4275 |    6053     506    6053 |    1013     506    1013 |    0.2   16.7    0.8
493  |   255 |    4303 |    7071     507    7071 |    1013     507    1013 |    0.2   23.3    0.9
494  |   254 |    4299 |    7066     505    7066 |    1011     505    1011 |    0.2   23.9    0.9
495  |   255 |    3030 |    7086     508    7086 |    1016     508    1016 |    0.1   24.1    0.9
496  |   255 |    3541 |    7076     507    7076 |    1014     507    1014 |    0.2   16.8    0.8
497  |   254 |    4308 |    7074     507    7074 |    1014     507    1014 |    0.2   24.0    0.9
498  |   255 |    4309 |    7077     507    7077 |    1014     507    1014 |    0.2   23.4    0.9
499  |   255 |    4320 |    7089     508    7089 |    1015     508    1015 |    0.1   22.6    0.9
500  |   255 |    4308 |    7074     506    7074 |    1013     506    1013 |    0.1   24.2    0.9
501  |   255 |    4306 |    7081     507    7081 |    1014     507    1014 |    0.1   23.0    0.9
502  |   255 |    4313 |    7083     508    7083 |    1016     508    1016 |    0.1   23.5    0.9
503  |   253 |    4283 |    6062     506    6062 |    1011     506    1011 |    0.1   17.5    0.8
504  |   255 |    3021 |    7080     507    7080 |    1015     507    1015 |    0.1   23.5    0.9
505  |   255 |    4322 |    7086     508    7086 |    1016     508    1016 |    0.2   23.1    0.9
506  |   255 |    2772 |    6058     507    6058 |    1014     507    1014 |    0.1   17.9    0.8
507  |   254 |    4299 |    7077     506    7077 |    1013     506    1013 |    0.2   23.1    0.9
508  |   254 |    4310 |    7078     506    7078 |    1014     507    1014 |    0.1   23.7    1.0
509  |   255 |    2789 |    7080     508    7080 |    1016     508    1016 |    0.1   23.2    0.9
510  |   255 |    2784 |    7084     507    7084 |    1014     507    1014 |    0.1   22.8    0.9
511  |   255 |    3297 |    7087     508    7087 |    1016     508    1016 |    0.1   17.1    0.8
512  |   255 |    4321 |    7082     507    7082 |    1015     507    1015 |    0.1   22.9    0.9
513  |   255 |    4298 |    6074     507    6074 |    1014     507    1014 |    0.1   18.0    0.8
514  |   254 |    4301 |    7077     506    7077 |    1013     506    1013 |    0.1   23.4    0.9
515  |   255 |    2783 |    7084     507    7084 |    1015     507    1015 |    0.1   23.0    0.9
516  |   255 |    4323 |    7096     508    7096 |    1016     508    1016 |    0.1   23.3    0.9
517  |   255 |    4303 |    6076     507    6076 |    1015     507    1015 |    0.1   16.9    0.8
518  |   254 |    4295 |    7061     506    7061 |    1012     506    1012 |    0.1   23.3    0.9
519  |   254 |    4301 |    7075     506    7075 |    1013     507    1013 |    0.1   24.4    0.9
520  |   255 |    4321 |    7090     508    7090 |    1016     508    1016 |    0.1   23.1    0.9
521  |   255 |    4311 |    7081     508    7081 |    1016     508    1016 |    0.1   23.5    0.9
522  |   254 |    4292 |    7069     506    7069 |    1012     506    1012 |    0.1   24.2    1.0
523  |   255 |    4310 |    7088     507    7088 |    1014     507    1014 |    0.1   17.4    0.8
524  |   254 |    4305 |    7079     506    7079 |    1014     506    1014 |    0.1   23.2    0.9
525  |   255 |    4300 |    7079     506    7079 |    1013     506    1013 |    0.1   23.2    0.9
526  |   255 |    4316 |    7082     509    7082 |    1017     509    1017 |    0.2   22.6    0.9
527  |   255 |    4314 |    7081     507    7081 |    1015     507    1015 |    0.1   23.3    0.9
528  |   253 |    4280 |    6054     505    6054 |    1010     505    1010 |    0.1   16.8    0.7
529  |   255 |    4306 |    7062     506    7062 |    1013     506    1013 |    0.1   24.2    1.0
530  |   255 |    4295 |    6071     506    6071 |    1013     506    1013 |    0.1   17.5    0.8
531  |   253 |    4244 |    6018     505    6018 |    1011     506    1011 |    0.2   16.9    0.8
532  |   251 |    3242 |    6981     507    6981 |    1014     507    1014 |    0.1   16.9    0.8
533  |   255 |    4277 |    6056     507    6056 |    1013     507    1013 |    0.1   16.5    0.8
534  |   255 |    4316 |    7081     507    7081 |    1014     507    1014 |    0.1   24.2    0.9
535  |   254 |    2774 |    7076     506    7076 |    1013     507    1013 |    0.1   23.4    0.9
536  |   254 |    4277 |    6050     505    6050 |    1012     505    1012 |    0.1   17.1    0.7
537  |   254 |    4297 |    7064     505    7064 |    1012     505    1012 |    0.1   23.0    0.9
538  |   255 |    2767 |    6052     506    6052 |    1012     506    1012 |    0.1   17.9    0.8
539  |   255 |    3530 |    7071     506    7071 |    1013     506    1013 |    0.2   17.0    0.8
540  |   255 |    3036 |    7074     507    7074 |    1015     507    1015 |    0.2   17.1    0.8
541  |   255 |    4309 |    7078     507    7078 |    1015     507    1015 |    0.2   23.2    0.9
542  |   255 |    3284 |    7068     507    7068 |    1015     507    1015 |    0.1   18.3    0.8
543  |   255 |    4314 |    7090     508    7090 |    1016     508    1016 |    0.1   23.6    1.0
544  |   255 |    4314 |    7080     507    7080 |    1016     507    1016 |    0.1   23.3    0.9
545  |   255 |    4305 |    7050     509    7050 |    1018     509    1018 |    0.2   23.6    0.9
546  |   255 |    4314 |    7083     507    7083 |    1014     507    1014 |    0.1   23.0    0.9
547  |   255 |    4300 |    7063     506    7063 |    1012     506    1012 |    0.1   23.8    0.9
548  |   255 |    4310 |    7075     507    7075 |    1014     507    1014 |    0.2   23.9    0.9
549  |   255 |    4307 |    7079     507    7079 |    1014     507    1014 |    0.1   23.0    0.9
550  |   255 |    4314 |    7072     508    7072 |    1017     508    1017 |    0.2   24.2    0.9
551  |   255 |    2773 |    6066     507    6066 |    1014     507    1014 |    0.1   16.9    0.7
552  |   255 |    4303 |    7079     507    7079 |    1014     507    1014 |    0.2   24.3    0.9
553  |   254 |    4291 |    7061     507    7061 |    1014     507    1014 |    0.1   18.1    0.8
554  |   255 |    4309 |    7079     507    7079 |    1014     507    1014 |    0.1   23.5    0.9
555  |   255 |    2775 |    7079     507    7079 |    1014     507    1014 |    0.1   22.8    0.9
556  |   254 |    4278 |    6053     506    6053 |    1012     506    1012 |    0.1   17.3    0.8
557  |   255 |    4317 |    7091     507    7091 |    1015     507    1015 |    0.2   17.9    0.8
558  |   255 |    4315 |    7085     507    7085 |    1015     508    1015 |    0.1   23.4    0.9
559  |   255 |    2776 |    6075     507    6075 |    1013     507    1013 |    0.2   17.3    0.8
560  |   255 |    4308 |    7084     508    7084 |    1015     508    1015 |    0.2   22.8    0.9
561  |   255 |    4319 |    7084     508    7084 |    1016     508    1016 |    0.1   24.1    0.9
562  |   255 |    4276 |    6050     507    6050 |    1014     507    1014 |    0.2   17.5    0.8
563  |   255 |    4319 |    7083     508    7083 |    1017     508    1017 |    0.1   23.1    0.9
564  |   255 |    4326 |    7089     508    7089 |    1017     508    1017 |    0.1   23.2    0.9
565  |   255 |    4311 |    7079     508    7079 |    1016     508    1016 |    0.2   23.2    0.9
566  |   255 |    4267 |    6046     506    6046 |    1013     506    1013 |    0.1   17.5    0.8
567  |   254 |    2769 |    6062     506    6062 |    1013     506    1013 |    0.1   17.7    0.8
568  |   255 |    4315 |    7090     508    7090 |    1015     508    1015 |    0.2   23.9    0.9
569  |   254 |    4294 |    6070     507    6070 |    1013     507    1013 |    0.2   17.4    0.8
570  |   255 |    4315 |    7082     506    7082 |    1013     506    1013 |    0.1   24.0    0.9
571  |   255 |    2807 |    7073     510    7073 |    1019     510    1019 |    0.2   18.1    0.8
572  |   255 |    4322 |    7091     508    7091 |    1015     508    1015 |    0.1   17.4    0.8
573  |   255 |    4319 |    7095     508    7095 |    1016     508    1016 |    0.1   23.2    0.9
574  |   255 |    4312 |    7076     507    7076 |    1014     507    1014 |    0.1   23.7    0.9
575  |   255 |    2782 |    7082     507    7082 |    1014     507    1014 |    0.1   23.0    0.9
576  |   255 |    4311 |    7083     507    7083 |    1014     507    1014 |    0.1   23.1    0.9
577  |   255 |    2777 |    7079     507    7079 |    1014     507    1014 |    0.2   23.4    0.9
578  |   255 |    3805 |    7069     507    7069 |    1016     508    1016 |    0.2   17.7    0.8
579  |   255 |    4313 |    7067     508    7067 |    1018     508    1018 |    0.2   23.7    0.9
580  |   254 |    4306 |    7074     506    7074 |    1013     506    1013 |    0.1   24.1    1.0
581  |   255 |    4318 |    7088     507    7088 |    1015     507    1015 |    0.1   23.2    0.9
582  |   255 |    4325 |    7084     509    7084 |    1017     509    1017 |    0.2   23.1    0.9
583  |   255 |    4314 |    7082     508    7082 |    1016     508    1016 |    0.1   24.4    0.9
584  |   254 |    4301 |    7069     506    7069 |    1012     506    1012 |    0.1   23.0    0.9
585  |   255 |    4309 |    7087     507    7087 |    1014     507    1014 |    0.1   23.8    0.9
586  |   255 |    4315 |    7078     508    7078 |    1016     508    1016 |    0.1   23.3    0.9
587  |   255 |    4312 |    7079     508    7079 |    1015     508    1015 |    0.1   23.9    0.9
588  |   255 |    4320 |    7089     508    7089 |    1015     508    1015 |    0.2   23.3    0.9
589  |   255 |    3546 |    7086     508    7086 |    1015     508    1015 |    0.2   17.3    0.8
590  |   255 |    3529 |    7057     507    7057 |    1015     507    1015 |    0.2   17.6    0.8
591  |   255 |    4307 |    7083     507    7083 |    1014     507    1014 |    0.1   22.4    0.9
592  |   249 |    4214 |    5977     505    5977 |    1010     505    1010 |    0.1   16.6    0.8
593  |   255 |    4316 |    7078     508    7078 |    1015     508    1015 |    0.1   23.6    0.9
594  |   255 |    4318 |    7091     507    7091 |    1015     507    1015 |    0.2   24.7    1.0
595  |   255 |    2760 |    6050     506    6050 |    1013     506    1013 |    0.1   16.9    0.8
596  |   255 |    4305 |    7070     506    7070 |    1012     506    1012 |    0.1   23.3    0.9
597  |   255 |    4319 |    7081     507    7081 |    1014     507    1014 |    0.1   23.1    0.9
598  |   255 |    4302 |    7085     507    7085 |    1014     507    1014 |    0.1   22.9    0.9
599  |   255 |    4309 |    7073     507    7073 |    1015     507    1015 |    0.2   23.4    0.9
600  |   255 |    4320 |    7085     508    7085 |    1017     508    1017 |    0.1   22.7    0.9
601  |   254 |    2766 |    6056     506    6056 |    1012     506    1012 |    0.1   17.8    0.8
602  |   252 |    4222 |    5995     505    5995 |    1010     505    1010 |    0.1   16.6    0.8
603  |   255 |    4309 |    7081     507    7081 |    1015     507    1015 |    0.2   23.6    0.9
604  |   255 |    4304 |    7081     507    7081 |    1014     507    1014 |    0.1   23.8    0.9
605  |   255 |    4300 |    7084     507    7084 |    1014     507    1014 |    0.1   22.9    0.9
606  |   255 |    4310 |    7074     506    7074 |    1013     506    1013 |    0.2   23.2    0.9
607  |   255 |    4326 |    7096     508    7096 |    1015     508    1015 |    0.1   23.3    0.9
608  |   255 |    2772 |    6069     506    6069 |    1013     507    1013 |    0.1   16.3    0.7
609  |   255 |    4317 |    7079     507    7079 |    1013     507    1013 |    0.2   24.1    0.9
610  |   255 |    3026 |    7089     508    7089 |    1015     508    1015 |    0.1   18.3    0.8
611  |   255 |    4320 |    7085     508    7085 |    1016     508    1016 |    0.2   23.0    0.9
612  |   255 |    4312 |    7080     507    7080 |    1015     507    1015 |    0.1   22.9    0.9
613  |   255 |    4308 |    7079     507    7079 |    1013     507    1013 |    0.1   23.4    0.9
614  |   254 |    4270 |    6044     505    6044 |    1012     505    1012 |    0.1   16.5    0.7
615  |   255 |    4310 |    7083     507    7083 |    1015     507    1015 |    0.2   23.0    0.9
616  |   254 |    4295 |    6063     506    6063 |    1012     506    1012 |    0.2   16.6    0.8
617  |   255 |    4315 |    7083     507    7083 |    1016     507    1016 |    0.2   22.8    0.9
618  |   255 |    4329 |    7091     508    7091 |    1017     508    1017 |    0.1   22.3    0.9
619  |   255 |    2791 |    7092     508    7092 |    1016     508    1016 |    0.1   23.4    0.9
620  |   255 |    4316 |    7081     506    7081 |    1014     506    1014 |    0.1   23.7    0.9
621  |   254 |    4281 |    7037     505    7037 |    1012     505    1012 |    0.1   22.2    0.9
622  |   255 |    3292 |    7090     508    7090 |    1015     508    1015 |    0.1   23.2    0.9
623  |   255 |    4324 |    7097     508    7097 |    1015     508    1015 |    0.2   24.3    0.9
624  |   255 |    4311 |    7084     507    7084 |    1015     508    1015 |    0.1   23.7    0.9
625  |   254 |    2781 |    7081     507    7081 |    1013     507    1013 |    0.1   23.2    0.9
626  |   254 |    4307 |    7081     506    7081 |    1013     507    1013 |    0.1   22.4    0.9
627  |   255 |    4313 |    7077     507    7077 |    1014     507    1014 |    0.2   22.8    0.9
628  |   254 |    4304 |    7072     508    7072 |    1015     508    1015 |    0.1   23.8    0.9
629  |   255 |    2791 |    7089     507    7089 |    1015     507    1015 |    0.1   23.4    0.9
630  |   254 |    4300 |    7082     506    7082 |    1013     506    1013 |    0.2   23.5    0.9
631  |   255 |    4316 |    7076     508    7076 |    1016     508    1016 |    0.2   22.8    0.9
632  |   255 |    4322 |    7086     508    7086 |    1017     508    1017 |    0.1   24.3    0.9
633  |   255 |    4313 |    7082     507    7082 |    1013     507    1013 |    0.1   23.3    0.9
634  |   255 |    4327 |    7096     508    7096 |    1015     508    1015 |    0.2   24.8    0.9
635  |   254 |    4296 |    6068     506    6068 |    1012     506    1012 |    0.2   17.8    0.8
636  |   255 |    4316 |    7086     507    7086 |    1014     507    1014 |    0.2   23.9    0.9
637  |   255 |    4316 |    7084     507    7084 |    1016     507    1016 |    0.1   22.9    0.9
638  |   255 |    4323 |    7092     508    7092 |    1016     508    1016 |    0.1   23.6    0.9
639  |   255 |    4328 |    7095     508    7095 |    1016     508    1016 |    0.2   23.8    1.0
640  |   255 |    4304 |    7077     507    7077 |    1015     507    1015 |    0.2   23.7    0.9
641  |   255 |    4311 |    7078     507    7078 |    1013     507    1013 |    0.2   24.0    0.9
642  |   255 |    4307 |    7086     507    7086 |    1014     507    1014 |    0.2   24.3    0.9
643  |   255 |    4319 |    7089     508    7089 |    1015     508    1015 |    0.2   23.3    0.9
644  |   254 |    4310 |    7078     507    7078 |    1014     507    1014 |    0.1   23.5    0.9
645  |   255 |    4325 |    7098     508    7098 |    1016     508    1016 |    0.1   23.8    0.9
646  |   254 |    4301 |    7077     506    7077 |    1012     506    1012 |    0.1   22.4    0.9
647  |   255 |    4314 |    7072     507    7072 |    1015     507    1015 |    0.2   23.5    0.9
648  |   255 |    4314 |    7087     507    7087 |    1015     508    1015 |    0.1   24.0    0.9
649  |   255 |    4317 |    7088     508    7088 |    1015     508    1015 |    0.1   23.8    0.9
650  |   255 |    4326 |    7088     508    7088 |    1017     508    1017 |    0.1   23.7    0.9
651  |   254 |    4299 |    7069     506    7069 |    1012     506    1012 |    0.1   23.2    0.9
652  |   254 |    4238 |    6014     506    6014 |    1012     505    1012 |    0.2   17.1    0.8
653  |   255 |    4287 |    6062     507    6062 |    1014     507    1014 |    0.1   16.9    0.8
654  |   255 |    3298 |    7086     508    7086 |    1015     508    1015 |    0.2   18.6    0.8
655  |   253 |    4286 |    7064     505    7064 |    1011     505    1011 |    0.1   24.3    0.9
656  |   255 |    4312 |    7089     507    7089 |    1014     507    1014 |    0.2   23.9    0.9
657  |   254 |    4308 |    7076     507    7076 |    1014     507    1014 |    0.1   24.4    0.9
658  |   255 |    4311 |    7085     507    7085 |    1015     507    1015 |    0.2   23.1    0.9
659  |   255 |    4311 |    7073     507    7073 |    1013     507    1013 |    0.2   25.1    0.9
660  |   254 |    4288 |    6056     505    6056 |    1011     506    1011 |    0.2   17.1    0.8
661  |   255 |    3298 |    7090     508    7090 |    1016     508    1016 |    0.2   18.2    0.8
662  |   255 |    4309 |    7073     506    7073 |    1014     507    1014 |    0.2   23.0    0.9
663  |   255 |    4324 |    7096     508    7096 |    1015     507    1015 |    0.1   23.2    0.9
664  |   255 |    4324 |    7090     508    7090 |    1015     508    1015 |    0.1   23.0    0.9
665  |   255 |    4299 |    7082     507    7082 |    1014     507    1014 |    0.3   23.8    0.9
666  |   255 |    4300 |    7067     507    7067 |    1015     507    1015 |    0.2   22.3    0.9
667  |   255 |    4320 |    7073     508    7073 |    1016     508    1016 |    0.2   23.6    0.9
668  |   255 |    4317 |    7082     507    7082 |    1015     507    1015 |    0.2   23.6    0.9
669  |   255 |    4327 |    7096     508    7096 |    1016     508    1016 |    0.2   23.3    0.9
670  |   254 |    4284 |    7048     506    7048 |    1014     506    1014 |    0.2   22.5    0.9
671  |   255 |    4319 |    7091     507    7091 |    1015     507    1015 |    0.2   24.4    0.9
672  |   254 |    4304 |    7075     506    7075 |    1013     506    1013 |    0.2   24.2    0.9
673  |   255 |    3303 |    7095     508    7095 |    1016     508    1016 |    0.2   17.8    0.8
674  |   254 |    4293 |    7050     507    7050 |    1014     507    1014 |    0.2   23.8    0.9
675  |   254 |    4298 |    7069     506    7069 |    1012     506    1012 |    0.2   23.3    0.9
676  |   254 |    4304 |    7076     506    7076 |    1012     506    1012 |    0.1   24.4    0.9
677  |   254 |    4264 |    7008     505    7008 |    1011     505    1011 |    0.1   22.5    0.9
678  |   255 |    4313 |    7084     507    7084 |    1014     507    1014 |    0.2   24.1    1.0
679  |   253 |    4287 |    7067     506    7067 |    1011     506    1011 |    0.1   23.8    0.9
680  |   255 |    4312 |    7079     507    7079 |    1014     507    1014 |    0.2   23.5    0.9
681  |   255 |    4312 |    7080     507    7080 |    1014     507    1014 |    0.1   23.8    0.9
682  |   255 |    4314 |    7083     508    7083 |    1016     508    1016 |    0.2   22.8    0.9
683  |   255 |    3291 |    7070     508    7070 |    1015     508    1015 |    0.2   18.9    0.8
684  |   255 |    4317 |    7090     507    7090 |    1014     507    1014 |    0.2   23.6    0.9
685  |   255 |    4292 |    6066     506    6066 |    1014     506    1014 |    0.1   17.5    0.8
686  |   255 |    2781 |    7081     507    7081 |    1014     507    1014 |    0.1   24.1    0.9
687  |   255 |    4326 |    7086     509    7086 |    1017     509    1017 |    0.1   24.2    0.9
688  |   255 |    4308 |    7078     506    7078 |    1014     507    1014 |    0.2   24.1    0.9
689  |   255 |    4301 |    7079     506    7079 |    1013     506    1013 |    0.2   23.4    0.9
690  |   255 |    4314 |    7087     507    7087 |    1014     507    1014 |    0.1   24.5    0.9
691  |   255 |    2789 |    7085     509    7085 |    1017     509    1017 |    0.2   24.2    0.9
692  |   255 |    4317 |    7086     508    7086 |    1015     507    1015 |    0.2   24.5    1.0
693  |   255 |    4326 |    7099     508    7099 |    1016     508    1016 |    0.2   24.5    0.9
694  |   255 |    4308 |    7069     507    7069 |    1014     507    1014 |    0.1   24.1    0.9
695  |   253 |    4256 |    6031     505    6031 |    1010     505    1010 |    0.1   16.7    0.8
696  |   255 |    4309 |    7087     507    7087 |    1014     507    1014 |    0.1   23.5    0.9
697  |   255 |    4319 |    7081     507    7081 |    1015     507    1015 |    0.1   24.8    0.9
698  |   255 |    4297 |    7052     506    7052 |    1013     506    1013 |    0.2   17.3    0.8
699  |   255 |    4320 |    7097     508    7097 |    1016     508    1016 |    0.2   24.8    0.9
700  |   255 |    3043 |    7074     508    7074 |    1015     508    1015 |    0.2   17.4    0.8
701  |   255 |    4316 |    7083     507    7083 |    1015     507    1015 |    0.1   24.4    1.0
702  |   255 |    4315 |    7075     508    7075 |    1015     508    1015 |    0.2   25.0    1.0
703  |   255 |    3519 |    6056     506    6056 |    1013     506    1013 |    0.2   17.2    0.8
704  |   255 |    4317 |    7079     508    7079 |    1016     508    1016 |    0.2   23.4    0.9
705  |   255 |    4316 |    7079     507    7079 |    1014     507    1014 |    0.1   24.0    0.9
706  |   254 |    4247 |    6024     506    6024 |    1012     505    1012 |    0.3   17.7    0.8
707  |   255 |    4316 |    7092     507    7092 |    1015     507    1015 |    0.1   22.1    0.9
708  |   255 |    3276 |    6072     506    6072 |    1012     506    1012 |    0.2   17.1    0.8
709  |   255 |    4321 |    7093     509    7093 |    1017     509    1017 |    0.2   24.1    0.9
710  |   255 |    4305 |    7076     507    7076 |    1015     508    1015 |    0.1   17.7    0.8
711  |   254 |    4298 |    7061     506    7061 |    1012     506    1012 |    0.1   23.7    0.9
712  |   254 |    3022 |    7072     506    7072 |    1014     507    1014 |    0.1   23.5    0.9
713  |   254 |    4310 |    7085     506    7085 |    1014     507    1014 |    0.1   24.5    0.9
714  |   255 |    4311 |    7066     505    7066 |    1015     508    1015 |    0.1   23.4    0.9
715  |   255 |    3035 |    7098     508    7098 |    1016     508    1016 |    0.2   23.5    0.9
716  |   255 |    4315 |    7077     508    7077 |    1015     508    1015 |    0.2   22.6    0.9
717  |   255 |    4329 |    7099     508    7099 |    1016     508    1016 |    0.2   23.8    0.9
718  |   255 |    2777 |    7084     507    7084 |    1014     507    1014 |    0.2   17.9    0.8
719  |   255 |    2766 |    6050     506    6050 |    1013     506    1013 |    0.1   17.5    0.8
720  |   255 |    4294 |    7054     506    7054 |    1013     506    1013 |    0.2   24.0    0.9
721  |   255 |    4307 |    7081     507    7081 |    1015     507    1015 |    0.2   22.7    0.9
722  |   255 |    3038 |    7090     508    7090 |    1016     508    1016 |    0.1   23.8    1.0
723  |   255 |    2773 |    6067     506    6067 |    1013     506    1013 |    0.2   16.9    0.8
724  |   255 |    4313 |    7078     508    7078 |    1016     508    1016 |    0.2   25.1    0.9
725  |   255 |    4325 |    7084     508    7084 |    1016     508    1016 |    0.2   23.0    0.9
726  |   253 |    2757 |    6047     505    6047 |    1010     505    1010 |    0.1   17.4    0.8
727  |   254 |    4310 |    7077     507    7077 |    1014     507    1014 |    0.2   23.3    0.9
728  |   255 |    4315 |    7085     507    7085 |    1014     507    1014 |    0.2   17.8    0.8
729  |   255 |    4316 |    7082     507    7082 |    1015     508    1015 |    0.2   24.2    1.0
730  |   255 |    4308 |    7078     507    7078 |    1013     506    1013 |    0.2   24.2    0.9
731  |   255 |    4316 |    7090     507    7090 |    1015     508    1015 |    0.2   24.3    0.9
732  |   255 |    4316 |    7085     507    7085 |    1015     507    1015 |    0.2   23.5    0.9
733  |   255 |    3034 |    7089     508    7089 |    1016     508    1016 |    0.1   24.4    0.9
734  |   255 |    4327 |    7092     508    7092 |    1017     508    1017 |    0.1   24.6    0.9
735  |   254 |    4308 |    7081     507    7081 |    1014     507    1014 |    0.2   23.0    0.9
736  |   255 |    4311 |    7069     509    7069 |    1020     509    1020 |    0.2   22.9    0.9
737  |   252 |    4257 |    6029     505    6029 |    1010     505    1010 |    0.2   17.7    0.8
738  |   255 |    4315 |    7081     508    7081 |    1016     508    1016 |    0.2   23.4    0.9
739  |   255 |    4323 |    7087     508    7087 |    1016     508    1016 |    0.2   24.3    0.9
740  |   255 |    2781 |    6071     507    6071 |    1015     507    1015 |    0.2   18.0    0.8
741  |   254 |    2777 |    7079     506    7079 |    1013     506    1013 |    0.1   24.3    0.9
742  |   255 |    3288 |    7072     507    7072 |    1014     507    1014 |    0.2   23.1    0.9
743  |   255 |    4307 |    7083     507    7083 |    1014     507    1014 |    0.2   23.7    0.9
744  |   255 |    3034 |    7087     508    7087 |    1017     508    1017 |    0.1   23.1    0.9
745  |   255 |    3550 |    7084     507    7084 |    1014     507    1014 |    0.2   18.9    0.8
746  |   254 |    4301 |    7073     506    7073 |    1012     506    1012 |    0.2   23.4    0.9
747  |   255 |    4325 |    7088     508    7088 |    1016     508    1016 |    0.2   23.4    0.9
748  |   254 |    4303 |    7077     508    7077 |    1016     508    1016 |    0.2   23.9    0.9
749  |   255 |    4318 |    7080     508    7080 |    1017     508    1017 |    0.1   23.6    0.9
750  |   255 |    3032 |    7081     507    7081 |    1014     507    1014 |    0.1   23.3    0.9
751  |   255 |    4314 |    6079     507    6079 |    1014     507    1014 |    0.2   17.4    0.8
752  |   255 |    4302 |    7075     507    7075 |    1013     507    1013 |    0.1   24.1    0.9
753  |   255 |    4326 |    7096     508    7096 |    1016     508    1016 |    0.2   24.8    0.9
754  |   255 |    4313 |    7091     508    7091 |    1015     508    1015 |    0.2   23.0    0.9
755  |   255 |    4315 |    7090     507    7090 |    1015     507    1015 |    0.1   24.4    0.9
756  |   255 |    4319 |    7085     508    7085 |    1015     508    1015 |    0.2   22.9    0.9
757  |   255 |    4322 |    7099     508    7099 |    1016     508    1016 |    0.2   24.1    1.0
758  |   255 |    4297 |    6075     506    6075 |    1013     507    1013 |    0.2   17.6    0.8
759  |   255 |    4310 |    7072     506    7072 |    1013     506    1013 |    0.1   23.1    1.2
760  |   253 |    3784 |    7006     508    7006 |    1018     509    1018 |    0.2   17.6    0.8
761  |   255 |    4305 |    7070     506    7070 |    1013     506    1013 |    0.2   18.4    0.8
762  |   255 |    4320 |    7084     507    7084 |    1015     508    1015 |    0.1   23.9    0.9
763  |   255 |    3285 |    6072     507    6072 |    1014     507    1014 |    0.1   16.7    0.7
764  |   255 |    2792 |    7073     509    7073 |    1017     509    1017 |    0.1   22.7    0.9
765  |   253 |    4296 |    7072     506    7072 |    1012     506    1012 |    0.1   24.3    1.0
766  |   253 |    4224 |    5999     505    5999 |    1011     505    1011 |    0.1   16.7    0.7
767  |   255 |    4313 |    7083     508    7083 |    1016     508    1016 |    0.1   22.9    0.9
768  |   255 |    4295 |    7046     505    7046 |    1013     505    1013 |    0.1   22.8    0.9
769  |   254 |    4297 |    7076     506    7076 |    1012     506    1012 |    0.1   23.0    0.9
770  |   254 |    4309 |    7075     507    7075 |    1014     507    1014 |    0.1   22.6    0.9
771  |   255 |    3297 |    7085     507    7085 |    1015     507    1015 |    0.1   17.9    0.8
772  |   254 |    4283 |    7066     505    7066 |    1011     506    1011 |    0.1   17.4    0.8
773  |   255 |    4306 |    7072     507    7072 |    1014     507    1014 |    0.1   22.8    0.9
774  |   255 |    4313 |    7077     507    7077 |    1014     507    1014 |    0.1   23.3    0.9
775  |   254 |    4308 |    7069     506    7069 |    1014     507    1014 |    0.1   23.1    0.9
776  |   255 |    3760 |    7024     508    7024 |    1015     508    1015 |    0.2   17.1    0.8
777  |   255 |    3024 |    6078     507    6078 |    1014     507    1014 |    0.1   17.8    0.8
778  |   255 |    4315 |    7079     507    7079 |    1013     507    1013 |    0.1   22.6    0.9
779  |   255 |    4320 |    7081     508    7081 |    1016     508    1016 |    0.1   24.4    0.9
780  |   255 |    4311 |    7091     507    7091 |    1015     507    1015 |    0.2   24.4    0.9
781  |   255 |    2777 |    7079     507    7079 |    1013     507    1013 |    0.1   17.2    0.8
782  |   255 |    4302 |    7060     506    7060 |    1013     506    1013 |    0.1   23.4    0.9
783  |   255 |    4314 |    7082     507    7082 |    1015     507    1015 |    0.1   23.1    0.9
784  |   255 |    4301 |    7048     506    7048 |    1013     506    1013 |    0.1   23.3    1.0
785  |   255 |    4322 |    7084     508    7084 |    1017     509    1017 |    0.1   23.2    1.0
786  |   255 |    4317 |    7082     508    7082 |    1016     508    1016 |    0.1   23.9    0.9
787  |   255 |    4322 |    7093     508    7093 |    1016     508    1016 |    0.1   23.4    0.9
788  |   255 |    4323 |    7090     507    7090 |    1015     507    1015 |    0.1   22.7    0.9
789  |   255 |    4323 |    7081     508    7081 |    1017     508    1017 |    0.1   24.1    0.9
790  |   255 |    4319 |    7089     508    7089 |    1016     508    1016 |    0.2   23.7    0.9
791  |   254 |    4295 |    7069     506    7069 |    1012     506    1012 |    0.1   23.1    0.9
792  |   254 |    4284 |    6058     506    6058 |    1013     506    1013 |    0.1   16.5    0.8
793  |   255 |    2795 |    7093     508    7093 |    1017     508    1017 |    0.1   23.7    0.9
794  |   254 |    4298 |    7064     506    7064 |    1012     506    1012 |    0.1   22.9    0.9
795  |   254 |    4275 |    6051     506    6051 |    1012     506    1012 |    0.1   17.5    0.8
796  |   255 |    4327 |    7092     508    7092 |    1016     508    1016 |    0.1   22.3    0.9
797  |   255 |    3541 |    7082     507    7082 |    1015     507    1015 |    0.1   23.5    1.0
798  |   255 |    2786 |    7089     507    7089 |    1014     507    1014 |    0.1   23.2    0.9
799  |   253 |    4294 |    7072     506    7072 |    1012     506    1012 |    0.1   22.5    0.9
800  |   255 |    4317 |    7080     509    7080 |    1019     509    1019 |    0.2   22.9    0.9
801  |   255 |    4316 |    7085     508    7085 |    1016     508    1016 |    0.1   22.1    0.9
802  |   255 |    4322 |    7093     507    7093 |    1015     507    1015 |    0.1   22.6    0.9
803  |   255 |    4318 |    7089     507    7089 |    1014     507    1014 |    0.2   23.4    0.9
804  |   255 |    4326 |    7099     508    7099 |    1016     508    1016 |    0.1   23.3    0.9
805  |   255 |    4316 |    7072     510    7072 |    1022     510    1022 |    0.2   23.0    0.9
806  |   255 |    4299 |    7082     507    7082 |    1014     507    1014 |    0.1   23.2    0.9
807  |   254 |    4298 |    7076     507    7076 |    1014     507    1014 |    0.2   22.8    0.9
808  |   255 |    4318 |    7084     508    7084 |    1016     508    1016 |    0.1   23.7    0.9
809  |   254 |    4286 |    7043     506    7043 |    1012     506    1012 |    0.2   16.6    0.7
810  |   255 |    4319 |    7089     507    7089 |    1015     507    1015 |    0.2   24.1    0.9
811  |   253 |    3278 |    7056     507    7056 |    1013     507    1013 |    0.1   17.1    0.8
812  |   255 |    4319 |    7088     507    7088 |    1016     507    1016 |    0.2   24.3    0.9
813  |   255 |    4321 |    7087     508    7087 |    1016     508    1016 |    0.1   23.4    0.9
814  |   255 |    3808 |    7067     508    7067 |    1016     508    1016 |    0.2   17.5    0.8
815  |   255 |    4313 |    6086     507    6086 |    1015     507    1015 |    0.2   18.6    0.8
816  |   253 |    4275 |    6045     505    6045 |    1011     505    1011 |    0.1   17.1    0.8
817  |   254 |    4306 |    7076     506    7076 |    1013     506    1013 |    0.1   23.8    0.9
818  |   255 |    3259 |    6050     506    6050 |    1013     506    1013 |    0.1   16.9    0.7
819  |   255 |    3515 |    6060     507    6060 |    1013     507    1013 |    0.2   17.8    0.8
820  |   254 |    4280 |    6053     506    6053 |    1012     506    1012 |    0.2   17.2    0.8
821  |   255 |    4326 |    7091     508    7091 |    1016     508    1016 |    0.1   23.6    0.9
822  |   255 |    4311 |    7080     507    7080 |    1015     507    1015 |    0.2   23.1    0.9
823  |   254 |    3285 |    7077     507    7077 |    1014     507    1014 |    0.2   18.0    0.8
824  |   255 |    3052 |    7027     509    7027 |    1019     509    1019 |    0.1   17.0    0.8
825  |   255 |    4315 |    7080     507    7080 |    1015     507    1015 |    0.1   23.2    0.9
826  |   255 |    3019 |    7078     506    7078 |    1014     506    1014 |    0.1   23.1    0.9
827  |   255 |    4315 |    7085     507    7085 |    1014     507    1014 |    0.2   23.1    0.9
828  |   255 |    3292 |    7092     508    7092 |    1016     508    1016 |    0.1   23.3    0.9
829  |   255 |    4295 |    6063     506    6063 |    1012     506    1012 |    0.1   17.3    0.8
830  |   254 |    4310 |    7077     507    7077 |    1014     506    1014 |    0.1   23.7    0.9
831  |   253 |    4288 |    7062     505    7062 |    1011     506    1011 |    0.1   23.1    0.9
832  |   255 |    3283 |    6075     506    6075 |    1013     506    1013 |    0.1   16.9    0.8
833  |   255 |    4307 |    7083     507    7083 |    1014     507    1014 |    0.1   23.5    0.9
834  |   253 |    4265 |    6042     505    6042 |    1011     505    1011 |    0.1   17.0    0.8
835  |   255 |    4315 |    7077     507    7077 |    1014     507    1014 |    0.1   24.1    0.9
836  |   255 |    4325 |    7088     508    7088 |    1017     508    1017 |    0.1   23.0    0.9
837  |   255 |    4293 |    6075     507    6075 |    1013     507    1013 |    0.1   17.4    0.8
838  |   255 |    4268 |    6048     507    6048 |    1013     507    1013 |    0.2   16.6    0.8
839  |   255 |    4318 |    7088     508    7088 |    1015     508    1015 |    0.1   23.4    0.9
840  |   254 |    4306 |    7080     507    7080 |    1013     507    1013 |    0.2   22.7    0.9
841  |   253 |    4290 |    6063     506    6063 |    1011     506    1011 |    0.1   16.5    0.8
842  |   255 |    4292 |    6068     507    6068 |    1013     506    1013 |    0.1   16.7    0.8
843  |   255 |    4323 |    7093     508    7093 |    1015     508    1015 |    0.1   23.9    0.9
844  |   255 |    4275 |    6051     506    6051 |    1013     506    1013 |    0.1   16.6    0.7
845  |   254 |    4286 |    6062     506    6062 |    1012     506    1012 |    0.2   17.1    0.8
846  |   255 |    4292 |    6065     507    6065 |    1013     507    1013 |    0.2   16.6    0.8
847  |   255 |    4293 |    6072     506    6072 |    1013     506    1013 |    0.2   17.3    0.8
848  |   255 |    4309 |    7083     507    7083 |    1015     507    1015 |    0.2   23.1    0.9
849  |   254 |    4306 |    7077     506    7077 |    1013     506    1013 |    0.1   23.6    0.9
850  |   255 |    3026 |    7072     507    7072 |    1014     507    1014 |    0.1   23.0    0.9
851  |   255 |    4324 |    7094     508    7094 |    1016     508    1016 |    0.1   23.8    0.9
852  |   255 |    2792 |    7093     508    7093 |    1015     508    1015 |    0.1   23.8    0.9
853  |   255 |    4303 |    7079     506    7079 |    1014     507    1014 |    0.1   22.6    0.9
854  |   255 |    2769 |    6063     506    6063 |    1013     506    1013 |    0.1   17.3    0.8
855  |   253 |    4284 |    6055     505    6055 |    1011     505    1011 |    0.1   17.3    0.8
856  |   255 |    4309 |    7074     508    7074 |    1018     508    1018 |    0.2   23.6    0.9
857  |   255 |    4325 |    7090     507    7090 |    1015     508    1015 |    0.1   23.6    0.9
858  |   255 |    4312 |    7087     507    7087 |    1015     507    1015 |    0.2   22.9    0.9
859  |   255 |    4318 |    7082     507    7082 |    1014     507    1014 |    0.1   22.9    0.9
860  |   255 |    4311 |    7083     507    7083 |    1015     507    1015 |    0.2   23.6    0.9
861  |   255 |    4305 |    7064     507    7064 |    1014     507    1014 |    0.1   23.6    0.9
862  |   255 |    2790 |    7097     508    7097 |    1016     508    1016 |    0.1   23.7    0.9
863  |   254 |    4302 |    7071     506    7071 |    1013     506    1013 |    0.2   23.5    0.9
864  |   254 |    4308 |    7073     506    7073 |    1014     507    1014 |    0.1   23.8    0.9
865  |   255 |    3025 |    7082     507    7082 |    1014     507    1014 |    0.1   23.3    0.9
866  |   254 |    4304 |    7074     506    7074 |    1013     506    1013 |    0.1   23.7    0.9
867  |   255 |    4317 |    7085     508    7085 |    1016     508    1016 |    0.2   24.1    0.9
868  |   255 |    4318 |    7090     507    7090 |    1015     507    1015 |    0.1   22.7    0.9
869  |   255 |    4311 |    7084     507    7084 |    1014     507    1014 |    0.1   24.0    0.9
870  |   255 |    4323 |    7077     509    7077 |    1017     509    1017 |    0.2   23.6    0.9
871  |   255 |    4315 |    7076     508    7076 |    1016     508    1016 |    0.1   23.6    0.9
872  |   255 |    4307 |    7071     507    7071 |    1013     507    1013 |    0.1   23.6    0.9
873  |   255 |    3791 |    7059     506    7059 |    1012     506    1012 |    0.2   17.8    0.8
874  |   255 |    3266 |    6054     506    6054 |    1013     506    1013 |    0.1   16.9    0.8
875  |   255 |    4316 |    7085     508    7085 |    1016     508    1016 |    0.1   23.4    0.9
876  |   255 |    4311 |    7079     507    7079 |    1014     507    1014 |    0.2   23.2    0.9
877  |   254 |    4308 |    7075     507    7075 |    1014     507    1014 |    0.1   23.2    0.9
878  |   254 |    4307 |    7081     507    7081 |    1014     507    1014 |    0.1   24.3    0.9
879  |   254 |    4307 |    7078     506    7078 |    1013     507    1013 |    0.1   24.5    0.9
880  |   255 |    2776 |    6067     506    6067 |    1013     507    1013 |    0.2   17.0    0.8
881  |   255 |    4317 |    7081     508    7081 |    1015     508    1015 |    0.1   22.8    0.9
882  |   255 |    4314 |    7081     507    7081 |    1014     507    1014 |    0.1   23.9    1.0
883  |   255 |    4308 |    7072     506    7072 |    1013     507    1013 |    0.1   23.1    0.9
884  |   255 |    3009 |    6039     506    6039 |    1013     506    1013 |    0.1   17.3    0.8
885  |   255 |    4309 |    7089     507    7089 |    1014     507    1014 |    0.1   24.2    1.0
886  |   252 |    4262 |    6034     505    6034 |    1010     505    1010 |    0.1   16.0    0.7
887  |   255 |    4309 |    7072     506    7072 |    1013     506    1013 |    0.1   23.6    0.9
888  |   255 |    4321 |    7097     508    7097 |    1016     508    1016 |    0.1   23.0    0.9
889  |   255 |    4303 |    7084     507    7084 |    1014     507    1014 |    0.1   23.1    0.9
890  |   255 |    4316 |    7085     508    7085 |    1015     508    1015 |    0.1   22.5    0.9
891  |   255 |    3306 |    7066     509    7066 |    1018     509    1018 |    0.2   18.2    0.8
892  |   255 |    2759 |    6024     507    6024 |    1013     506    1013 |    0.1   16.3    0.7
893  |   254 |    4294 |    7070     506    7070 |    1012     506    1012 |    0.1   23.4    0.9
894  |   255 |    3031 |    7088     508    7088 |    1015     508    1015 |    0.2   24.0    0.9
895  |   255 |    4313 |    7084     508    7084 |    1015     508    1015 |    0.1   23.9    0.9
896  |   255 |    4320 |    7086     507    7086 |    1015     507    1015 |    0.1   23.8    0.9
897  |   255 |    4312 |    7077     507    7077 |    1014     507    1014 |    0.1   23.7    0.9
898  |   255 |    4316 |    7086     507    7086 |    1014     507    1014 |    0.1   23.2    0.9
899  |   255 |    3298 |    7084     508    7084 |    1015     508    1015 |    0.1   17.9    0.8
900  |   254 |    4305 |    7079     507    7079 |    1014     507    1014 |    0.1   23.0    0.9
901  |   255 |    4328 |    7099     508    7099 |    1016     508    1016 |    0.1   23.8    0.9
902  |   255 |    4317 |    7084     507    7084 |    1013     507    1013 |    0.1   23.2    0.9
903  |   255 |    4314 |    7083     507    7083 |    1014     507    1014 |    0.1   23.0    0.9
904  |   255 |    3052 |    7084     508    7084 |    1017     509    1017 |    0.1   18.0    0.8
905  |   255 |    4321 |    7086     507    7086 |    1015     507    1015 |    0.1   23.7    0.9
906  |   254 |    4287 |    6062     505    6062 |    1012     506    1012 |    0.1   17.5    0.8
907  |   255 |    4302 |    7052     506    7052 |    1016     506    1016 |    0.2   22.0    0.9
908  |   255 |    4323 |    7089     508    7089 |    1015     508    1015 |    0.1   22.8    0.9
909  |   255 |    4298 |    7084     507    7084 |    1014     507    1014 |    0.1   23.3    0.9
910  |   255 |    4314 |    7085     508    7085 |    1016     508    1016 |    0.1   23.6    0.9
911  |   255 |    4323 |    7065     509    7065 |    1020     509    1020 |    0.2   17.9    0.8
912  |   255 |    3552 |    7088     508    7088 |    1016     508    1016 |    0.2   17.7    0.8
913  |   255 |    4310 |    7075     506    7075 |    1013     506    1013 |    0.1   23.5    0.9
914  |   254 |    4305 |    7080     507    7080 |    1014     507    1014 |    0.2   23.9    0.9
915  |   255 |    4325 |    7095     509    7095 |    1017     509    1017 |    0.1   23.0    0.9
916  |   254 |    4305 |    7084     507    7084 |    1014     507    1014 |    0.1   23.4    0.9
917  |   254 |    4293 |    7062     505    7062 |    1012     506    1012 |    0.1   24.4    1.0
918  |   255 |    3040 |    7093     508    7093 |    1017     508    1017 |    0.1   23.7    0.9
919  |   254 |    4300 |    7073     506    7073 |    1013     506    1013 |    0.1   23.1    0.9
920  |   255 |    4318 |    7092     507    7092 |    1015     507    1015 |    0.1   23.4    0.9
921  |   255 |    4323 |    7085     507    7085 |    1015     507    1015 |    0.1   23.0    0.9
922  |   255 |    4312 |    7085     507    7085 |    1015     507    1015 |    0.1   23.9    1.0
923  |   254 |    4308 |    7077     507    7077 |    1015     507    1015 |    0.2   17.8    0.8
924  |   255 |    4325 |    7097     507    7097 |    1016     507    1016 |    0.1   22.9    0.9
925  |   255 |    4320 |    7096     508    7096 |    1016     508    1016 |    0.1   23.3    0.9
926  |   255 |    4301 |    7079     506    7079 |    1013     506    1013 |    0.1   23.4    0.9
927  |   255 |    4307 |    7075     507    7075 |    1016     507    1016 |    0.1   23.2    0.9
928  |   255 |    4314 |    7077     508    7077 |    1015     508    1015 |    0.1   22.6    0.9
929  |   255 |    4310 |    7078     507    7078 |    1013     507    1013 |    0.1   22.8    0.9
930  |   255 |    4296 |    7036     509    7036 |    1018     509    1018 |    0.1   23.2    0.9
931  |   255 |    4323 |    7091     508    7091 |    1016     508    1016 |    0.1   23.9    0.9
932  |   255 |    4326 |    7090     508    7090 |    1017     508    1017 |    0.1   23.3    0.9
933  |   255 |    4314 |    7086     507    7086 |    1014     507    1014 |    0.1   22.8    0.9
934  |   255 |    4311 |    7071     507    7071 |    1015     507    1015 |    0.1   22.0    0.9
935  |   255 |    4310 |    7084     508    7084 |    1015     508    1015 |    0.1   17.6    0.8
936  |   255 |    4299 |    7073     506    7073 |    1014     507    1014 |    0.2   22.9    0.9
937  |   255 |    4309 |    7084     507    7084 |    1014     507    1014 |    0.1   22.9    0.9
938  |   255 |    4316 |    7081     507    7081 |    1015     507    1015 |    0.1   23.6    0.9
939  |   253 |    3750 |    6044     505    6044 |    1010     505    1010 |    0.1   17.1    0.8
940  |   255 |    4315 |    7086     507    7086 |    1015     507    1015 |    0.1   23.9    0.9
941  |   254 |    4305 |    7066     507    7066 |    1014     507    1014 |    0.1   22.6    0.9
942  |   255 |    2791 |    7096     508    7096 |    1016     508    1016 |    0.1   23.4    0.9
943  |   255 |    4323 |    7096     507    7096 |    1015     508    1015 |    0.2   17.7    0.8
944  |   255 |    4319 |    7077     508    7077 |    1016     508    1016 |    0.2   24.1    0.9
945  |   255 |    3295 |    7091     508    7091 |    1016     508    1016 |    0.1   23.7    0.9
946  |   255 |    2768 |    6056     506    6056 |    1013     506    1013 |    0.1   17.2    0.8
947  |   255 |    4316 |    7084     507    7084 |    1014     507    1014 |    0.1   23.9    0.9
948  |   255 |    4307 |    7066     507    7066 |    1015     507    1015 |    0.2   23.3    0.9
949  |   255 |    3303 |    7072     509    7072 |    1019     509    1019 |    0.2   17.0    0.8
950  |   255 |    4322 |    7093     508    7093 |    1015     508    1015 |    0.1   23.6    0.9
951  |   254 |    4287 |    6060     506    6060 |    1012     506    1012 |    0.1   17.4    0.8
952  |   255 |    4323 |    7091     508    7091 |    1015     508    1015 |    0.1   23.4    0.9
953  |   255 |    4323 |    7097     508    7097 |    1016     508    1016 |    0.2   23.2    0.9
954  |   255 |    4319 |    7084     506    7084 |    1014     507    1014 |    0.2   23.3    0.9
955  |   255 |    4327 |    7084     508    7084 |    1017     508    1017 |    0.1   23.1    0.9
956  |   255 |    4312 |    7086     507    7086 |    1015     507    1015 |    0.1   23.3    0.9
957  |   255 |    4308 |    7082     508    7082 |    1015     508    1015 |    0.1   24.0    0.9
958  |   255 |    4274 |    6051     506    6051 |    1013     506    1013 |    0.1   16.7    0.7
959  |   254 |    4290 |    7066     507    7066 |    1013     507    1013 |    0.2   22.8    0.9
960  |   255 |    4324 |    7095     508    7095 |    1015     508    1015 |    0.1   23.5    0.9
961  |   255 |    4254 |    6037     506    6037 |    1013     506    1013 |    0.1   17.1    0.8
962  |   254 |    4288 |    6067     506    6067 |    1012     506    1012 |    0.1   16.5    0.8
963  |   255 |    4308 |    7078     507    7078 |    1013     507    1013 |    0.1   23.3    0.9
964  |   253 |    4246 |    7021     505    7021 |    1011     505    1011 |    0.1   17.5    0.8
965  |   255 |    4304 |    7057     506    7057 |    1013     506    1013 |    0.1   22.7    0.9
966  |   255 |    4311 |    7074     507    7074 |    1015     507    1015 |    0.1   22.4    0.9
967  |   255 |    2787 |    7086     507    7086 |    1015     507    1015 |    0.1   24.3    0.9
968  |   255 |    4306 |    7084     507    7084 |    1015     507    1015 |    0.1   22.3    0.9
969  |   255 |    4312 |    7087     507    7087 |    1015     507    1015 |    0.2   23.9    0.9
970  |   255 |    4315 |    7084     507    7084 |    1015     507    1015 |    0.1   23.1    0.9
971  |   255 |    4316 |    7065     507    7065 |    1015     507    1015 |    0.1   23.5    0.9
972  |   255 |    4327 |    7097     508    7097 |    1016     508    1016 |    0.2   22.8    0.9
973  |   255 |    4313 |    7074     508    7074 |    1016     508    1016 |    0.1   24.5    1.0
974  |   255 |    2791 |    7082     508    7082 |    1017     508    1017 |    0.1   22.8    0.9
975  |   255 |    3537 |    7086     507    7086 |    1014     507    1014 |    0.1   23.5    0.9
976  |   255 |    4318 |    7095     508    7095 |    1016     508    1016 |    0.2   22.9    0.9
977  |   255 |    4309 |    7084     507    7084 |    1015     507    1015 |    0.1   22.5    0.9
978  |   255 |    4306 |    7086     507    7086 |    1014     507    1014 |    0.1   23.6    0.9
979  |   254 |    4287 |    6064     506    6064 |    1012     506    1012 |    0.2   17.5    0.8
980  |   255 |    4304 |    7084     507    7084 |    1013     507    1013 |    0.1   23.2    0.9
981  |   254 |    4288 |    7052     507    7052 |    1015     507    1015 |    0.2   23.5    0.9
982  |   252 |    4261 |    6030     505    6030 |    1010     505    1010 |    0.1   16.4    0.8
983  |   255 |    4280 |    6062     506    6062 |    1013     506    1013 |    0.1   17.5    0.8
984  |   255 |    3279 |    7056     506    7056 |    1013     506    1013 |    0.2   16.7    0.8
985  |   255 |    4327 |    7097     508    7097 |    1016     508    1016 |    0.1   23.0    0.9
986  |   253 |    4283 |    7064     505    7064 |    1011     506    1011 |    0.1   17.5    0.8
987  |   255 |    4321 |    7082     508    7082 |    1015     508    1015 |    0.2   23.5    0.9
988  |   255 |    4298 |    7075     507    7075 |    1013     507    1013 |    0.1   22.2    0.9
989  |   255 |    4310 |    7080     507    7080 |    1014     507    1014 |    0.1   23.3    0.9
990  |   254 |    4302 |    7067     508    7067 |    1016     508    1016 |    0.2   22.4    0.9
991  |   255 |    4309 |    7078     507    7078 |    1015     507    1015 |    0.2   18.0    0.8
992  |   255 |    4311 |    7069     508    7069 |    1015     508    1015 |    0.1   22.5    0.9
993  |   255 |    4310 |    7074     507    7074 |    1015     507    1015 |    0.1   23.3    0.9
994  |   255 |    4327 |    7095     508    7095 |    1015     508    1015 |    0.1   22.5    0.9
995  |   255 |    3270 |    7040     507    7040 |    1015     507    1015 |    0.2   17.1    0.8
996  |   254 |    2773 |    7051     507    7051 |    1014     507    1014 |    0.2   17.6    0.8
997  |   255 |    4304 |    7086     507    7086 |    1014     507    1014 |    0.1   23.2    0.9
998  |   253 |    4255 |    6032     505    6032 |    1010     505    1010 |    0.2   16.3    0.8
999  |   254 |    4298 |    7066     506    7066 |    1012     505    1012 |    0.1   23.0    0.9
-----+-------+---------+-------------------------+-------------------------+--------------------

=== Summary ===
HNF  intermediate:  avg=4081  max=4329
MLLL total:         avg=6896  max=7101
MLLL vec coords:    avg=506  max=510  (Lemma 1 bounded)
MLLL GSO coeffs:    avg=6896  max=7101  (integral GSO overhead)
GRAM total:         avg=1014  max=1022
GRAM vec coords:    avg=506  max=510  (Lemma 1 bounded)
GRAM Gram entries:  avg=1014  max=1022  (Lemma 3 bound target)
Output bits:        HNF avg=254 max=255  MLLL avg=253 max=255  GRAM avg=253 max=255
Total time:         HNF=149.46ms  MLLL=21784.94ms  GRAM=882.27ms  (GRAM/MLLL=0.04)
	Command being timed: "./src/quaternion/ref/generic/test/sqisign_bm_mlll --level=5 --iterations=1000 --mode=alg2 --prealloc"
	User time (seconds): 38.81
	System time (seconds): 0.54
	Percent of CPU this job got: 100%
	Elapsed (wall clock) time (h:mm:ss or m:ss): 0:39.33
	Average shared text size (kbytes): 0
	Average unshared data size (kbytes): 0
	Average stack size (kbytes): 0
	Average total size (kbytes): 0
	Maximum resident set size (kbytes): 7300
	Average resident set size (kbytes): 0
	Major (requiring I/O) page faults: 3
	Minor (reclaiming a frame) page faults: 1388
	Voluntary context switches: 80
	Involuntary context switches: 20
	Swaps: 0
	File system inputs: 224
	File system outputs: 0
	Socket messages sent: 0
	Socket messages received: 0
	Signals delivered: 0
	Page size (bytes): 4096
	Exit status: 0
